2026-10-08 17:10:51,900 INFO o.a.j.u.JMeterUtils: Setting Locale to en_EN
2026-10-08 17:10:51,911 INFO o.a.j.JMeter: Loading user properties from: C:\apache-jmeter-5.6.3\bin\user.properties
2026-10-08 17:10:51,912 INFO o.a.j.JMeter: Loading system properties from: C:\apache-jmeter-5.6.3\bin\system.properties
2026-10-08 17:10:51,912 INFO o.a.j.JMeter: Setting JMeter property: host=192.168.50.104
2026-10-08 17:10:51,912 INFO o.a.j.JMeter: Setting JMeter property: ticket_rate=50
2026-10-08 17:10:51,912 INFO o.a.j.JMeter: Setting JMeter property: search_rate=214
2026-10-08 17:10:51,912 INFO o.a.j.JMeter: Setting JMeter property: stats_rate=60
2026-10-08 17:10:51,912 INFO o.a.j.JMeter: Setting JMeter property: duration=20
2026-10-08 17:10:51,913 INFO o.a.j.JMeter: Setting JMeter property: run_id=gemma3_4b-50-r3
2026-10-08 17:10:51,913 INFO o.a.j.JMeter: Setting JMeter property: jmeter.save.saveservice.output_format=csv
2026-10-08 17:10:51,917 INFO o.a.j.JMeter: Copyright (c) 1998-2024 The Apache Software Foundation
2026-10-08 17:10:51,917 INFO o.a.j.JMeter: Version 5.6.3
2026-10-08 17:10:51,917 INFO o.a.j.JMeter: java.version=17
2026-10-08 17:10:51,917 INFO o.a.j.JMeter: java.vm.name=Java HotSpot(TM) 64-Bit Server VM
2026-10-08 17:10:51,917 INFO o.a.j.JMeter: os.name=Windows 10
2026-10-08 17:10:51,917 INFO o.a.j.JMeter: os.arch=amd64
2026-10-08 17:10:51,917 INFO o.a.j.JMeter: os.version=10.0
2026-10-08 17:10:51,917 INFO o.a.j.JMeter: file.encoding=Cp1252
2026-10-08 17:10:51,917 INFO o.a.j.JMeter: java.awt.headless=true
2026-10-08 17:10:51,917 INFO o.a.j.JMeter: Max memory     =1073741824
2026-10-08 17:10:51,917 INFO o.a.j.JMeter: Available Processors =20
2026-10-08 17:10:51,922 INFO o.a.j.JMeter: Default Locale=English (EN)
2026-10-08 17:10:51,923 INFO o.a.j.JMeter: JMeter  Locale=English (EN)
2026-10-08 17:10:51,923 INFO o.a.j.JMeter: JMeterHome=C:\apache-jmeter-5.6.3
2026-10-08 17:10:51,923 INFO o.a.j.JMeter: user.dir  =C:\Users\Ashley\Documents\GitHub\ICT3113_P2-3
2026-10-08 17:10:51,923 INFO o.a.j.JMeter: PWD       =C:\Users\Ashley\Documents\GitHub\ICT3113_P2-3
2026-10-08 17:10:51,925 INFO o.a.j.JMeter: IP: 192.168.50.172 Name: DESKTOP-FE7GKLN FullName: DESKTOP-FE7GKLN
2026-10-08 17:10:51,934 INFO o.a.j.s.FileServer: Default base='C:\Users\Ashley\Documents\GitHub\ICT3113_P2-3'
2026-10-08 17:10:51,935 INFO o.a.j.s.FileServer: Set new base='C:\Users\Ashley\Documents\GitHub\ICT3113_P2-3\jmeter'
2026-10-08 17:10:52,011 INFO o.a.j.s.SaveService: Testplan (JMX) version: 2.2. Testlog (JTL) version: 2.2
2026-10-08 17:10:52,023 INFO o.a.j.s.SaveService: Using SaveService properties version 5.0
2026-10-08 17:10:52,024 INFO o.a.j.s.SaveService: Using SaveService properties file encoding UTF-8
2026-10-08 17:10:52,026 INFO o.a.j.s.SaveService: Loading file: C:\Users\Ashley\Documents\GitHub\ICT3113_P2-3\jmeter\load_test.jmx
2026-10-08 17:10:52,054 INFO o.a.j.p.h.s.HTTPSamplerBase: Parser for text/html is org.apache.jmeter.protocol.http.parser.LagartoBasedHtmlParser
2026-10-08 17:10:52,054 INFO o.a.j.p.h.s.HTTPSamplerBase: Parser for application/xhtml+xml is org.apache.jmeter.protocol.http.parser.LagartoBasedHtmlParser
2026-10-08 17:10:52,054 INFO o.a.j.p.h.s.HTTPSamplerBase: Parser for application/xml is org.apache.jmeter.protocol.http.parser.LagartoBasedHtmlParser
2026-10-08 17:10:52,054 INFO o.a.j.p.h.s.HTTPSamplerBase: Parser for text/xml is org.apache.jmeter.protocol.http.parser.LagartoBasedHtmlParser
2026-10-08 17:10:52,054 INFO o.a.j.p.h.s.HTTPSamplerBase: Parser for text/vnd.wap.wml is org.apache.jmeter.protocol.http.parser.RegexpHTMLParser
2026-10-08 17:10:52,054 INFO o.a.j.p.h.s.HTTPSamplerBase: Parser for text/css is org.apache.jmeter.protocol.http.parser.CssParser
2026-10-08 17:10:52,064 INFO o.a.j.JMeter: Creating summariser <summary>
2026-10-08 17:10:52,073 INFO o.a.j.e.StandardJMeterEngine: Running the test!
2026-10-08 17:10:52,073 INFO o.a.j.s.SampleEvent: List of sample_variables: []
2026-10-08 17:10:52,073 INFO o.a.j.s.SampleEvent: List of sample_variables: []
2026-10-08 17:10:52,076 INFO o.a.j.e.u.CompoundVariable: Note: Function class names must contain the string: '.functions.'
2026-10-08 17:10:52,076 INFO o.a.j.e.u.CompoundVariable: Note: Function class names must not contain the string: '.gui.'
2026-10-08 17:10:52,113 INFO o.a.j.JMeter: Running test (1791450652113)
2026-10-08 17:10:52,121 INFO o.a.j.e.StandardJMeterEngine: Starting ThreadGroup: 1 : Intake
2026-10-08 17:10:52,121 INFO o.a.j.e.StandardJMeterEngine: Starting 0 threads for group Intake.
2026-10-08 17:10:52,121 INFO o.a.j.e.StandardJMeterEngine: Thread will continue on error
2026-10-08 17:10:52,121 INFO o.a.j.t.o.OpenModelThreadGroup: Starting OpenModelThreadGroup#1 with schedule rate(50/hour) random_arrivals(20 min)
2026-10-08 17:10:52,138 INFO o.a.j.e.StandardJMeterEngine: Starting ThreadGroup: 2 : Agent search
2026-10-08 17:10:52,138 INFO o.a.j.e.StandardJMeterEngine: Starting 0 threads for group Agent search.
2026-10-08 17:10:52,138 INFO o.a.j.e.StandardJMeterEngine: Thread will continue on error
2026-10-08 17:10:52,138 INFO o.a.j.t.o.OpenModelThreadGroup: Starting OpenModelThreadGroup#2 with schedule rate(214/hour) random_arrivals(20 min)
2026-10-08 17:10:52,138 INFO o.a.j.t.o.OpenModelThreadGroup: Thread starting init
2026-10-08 17:10:52,138 INFO o.a.j.e.StandardJMeterEngine: Starting ThreadGroup: 3 : Dashboard
2026-10-08 17:10:52,138 INFO o.a.j.e.StandardJMeterEngine: Starting 0 threads for group Dashboard.
2026-10-08 17:10:52,138 INFO o.a.j.e.StandardJMeterEngine: Thread will continue on error
2026-10-08 17:10:52,138 INFO o.a.j.t.o.OpenModelThreadGroup: Starting OpenModelThreadGroup#3 with schedule rate(60/hour) random_arrivals(20 min)
2026-10-08 17:10:52,138 INFO o.a.j.t.o.OpenModelThreadGroup: Thread starting init
2026-10-08 17:10:52,138 INFO o.a.j.e.StandardJMeterEngine: All thread groups have been started
2026-10-08 17:10:52,138 INFO o.a.j.t.o.OpenModelThreadGroup: Thread starting init
2026-10-08 17:10:52,142 INFO o.a.j.t.o.PoissonArrivalsRamp: Generating 71 events, beginRate = 0.059444444444444446 / sec, endRate = 0.059444444444444446 / sec, duration = 1200.0 sec
2026-10-08 17:10:52,142 INFO o.a.j.t.o.PoissonArrivalsRamp: Generating 16 events, beginRate = 0.013888888888888888 / sec, endRate = 0.013888888888888888 / sec, duration = 1200.0 sec
2026-10-08 17:10:52,142 INFO o.a.j.t.o.PoissonArrivalsRamp: Generating 20 events, beginRate = 0.016666666666666666 / sec, endRate = 0.016666666666666666 / sec, duration = 1200.0 sec
2026-10-08 17:11:01,318 INFO o.a.j.t.JMeterThread: Thread started: Intake 1-1
2026-10-08 17:11:01,318 INFO o.a.j.s.FileServer: Stored: narratives.txt
2026-10-08 17:11:01,330 INFO o.a.j.p.h.s.HTTPHCAbstractImpl: Local host = DESKTOP-FE7GKLN
2026-10-08 17:11:01,332 INFO o.a.j.p.h.s.HTTPHC4Impl: HTTP request retry count = 0
2026-10-08 17:11:01,332 INFO o.a.j.s.SampleResult: Note: Sample TimeStamps are START times
2026-10-08 17:11:01,332 INFO o.a.j.s.SampleResult: sampleresult.default.encoding is set to UTF-8
2026-10-08 17:11:01,332 INFO o.a.j.s.SampleResult: sampleresult.useNanoTime=true
2026-10-08 17:11:01,332 INFO o.a.j.s.SampleResult: sampleresult.nanoThreadSleep=5000
2026-10-08 17:11:02,010 INFO o.a.j.r.Summariser: summary +      1 in 00:00:10 =    0.1/s Avg:   640 Min:   640 Max:   640 Err:     0 (0.00%) Active: 1 Started: 1 Finished: 0
2026-10-08 17:11:02,010 INFO o.a.j.t.JMeterThread: Thread is done: Intake 1-1
2026-10-08 17:11:02,010 INFO o.a.j.t.JMeterThread: Thread finished: Intake 1-1
2026-10-08 17:11:06,558 INFO o.a.j.t.JMeterThread: Thread started: Dashboard 3-1
2026-10-08 17:11:06,575 INFO o.a.j.t.JMeterThread: Thread is done: Dashboard 3-1
2026-10-08 17:11:06,575 INFO o.a.j.t.JMeterThread: Thread finished: Dashboard 3-1
2026-10-08 17:11:07,326 INFO o.a.j.t.JMeterThread: Thread started: Dashboard 3-2
2026-10-08 17:11:07,343 INFO o.a.j.t.JMeterThread: Thread is done: Dashboard 3-2
2026-10-08 17:11:07,343 INFO o.a.j.t.JMeterThread: Thread finished: Dashboard 3-2
2026-10-08 17:11:21,701 INFO o.a.j.t.JMeterThread: Thread started: Agent search 2-1
2026-10-08 17:11:21,702 INFO o.a.j.s.FileServer: Stored: search_terms.csv
2026-10-08 17:11:21,719 INFO o.a.j.t.JMeterThread: Thread is done: Agent search 2-1
2026-10-08 17:11:21,720 INFO o.a.j.t.JMeterThread: Thread finished: Agent search 2-1
2026-10-08 17:11:39,747 INFO o.a.j.t.JMeterThread: Thread started: Agent search 2-2
2026-10-08 17:11:39,765 INFO o.a.j.t.JMeterThread: Thread is done: Agent search 2-2
2026-10-08 17:11:39,765 INFO o.a.j.t.JMeterThread: Thread finished: Agent search 2-2
2026-10-08 17:11:52,961 INFO o.a.j.t.JMeterThread: Thread started: Agent search 2-3
2026-10-08 17:11:52,992 INFO o.a.j.t.JMeterThread: Thread is done: Agent search 2-3
2026-10-08 17:11:52,992 INFO o.a.j.t.JMeterThread: Thread finished: Agent search 2-3
2026-10-08 17:12:01,721 INFO o.a.j.t.JMeterThread: Thread started: Agent search 2-4
2026-10-08 17:12:01,737 INFO o.a.j.r.Summariser: summary +      6 in 00:01:00 =    0.1/s Avg:    16 Min:    13 Max:    27 Err:     0 (0.00%) Active: 1 Started: 7 Finished: 6
2026-10-08 17:12:01,738 INFO o.a.j.r.Summariser: summary =      7 in 00:01:10 =    0.1/s Avg:   105 Min:    13 Max:   640 Err:     0 (0.00%)
2026-10-08 17:12:01,738 INFO o.a.j.t.JMeterThread: Thread is done: Agent search 2-4
2026-10-08 17:12:01,738 INFO o.a.j.t.JMeterThread: Thread finished: Agent search 2-4
2026-10-08 17:12:13,388 INFO o.a.j.t.JMeterThread: Thread started: Intake 1-2
2026-10-08 17:12:14,779 INFO o.a.j.t.JMeterThread: Thread started: Agent search 2-5
2026-10-08 17:12:14,794 INFO o.a.j.t.JMeterThread: Thread is done: Agent search 2-5
2026-10-08 17:12:14,795 INFO o.a.j.t.JMeterThread: Thread finished: Agent search 2-5
2026-10-08 17:12:15,056 INFO o.a.j.t.JMeterThread: Thread is done: Intake 1-2
2026-10-08 17:12:15,056 INFO o.a.j.t.JMeterThread: Thread finished: Intake 1-2
2026-10-08 17:12:22,059 INFO o.a.j.t.JMeterThread: Thread started: Dashboard 3-3
2026-10-08 17:12:22,073 INFO o.a.j.t.JMeterThread: Thread is done: Dashboard 3-3
2026-10-08 17:12:22,073 INFO o.a.j.t.JMeterThread: Thread finished: Dashboard 3-3
2026-10-08 17:12:22,697 INFO o.a.j.t.JMeterThread: Thread started: Agent search 2-6
2026-10-08 17:12:22,712 INFO o.a.j.t.JMeterThread: Thread is done: Agent search 2-6
2026-10-08 17:12:22,712 INFO o.a.j.t.JMeterThread: Thread finished: Agent search 2-6
2026-10-08 17:12:34,522 INFO o.a.j.t.JMeterThread: Thread started: Agent search 2-7
2026-10-08 17:12:34,536 INFO o.a.j.r.Summariser: summary +      5 in 00:00:33 =    0.2/s Avg:   343 Min:    11 Max:  1665 Err:     0 (0.00%) Active: 1 Started: 12 Finished: 11
2026-10-08 17:12:34,537 INFO o.a.j.r.Summariser: summary =     12 in 00:01:42 =    0.1/s Avg:   204 Min:    11 Max:  1665 Err:     0 (0.00%)
2026-10-08 17:12:34,537 INFO o.a.j.t.JMeterThread: Thread is done: Agent search 2-7
2026-10-08 17:12:34,537 INFO o.a.j.t.JMeterThread: Thread finished: Agent search 2-7
2026-10-08 17:13:00,851 INFO o.a.j.t.JMeterThread: Thread started: Intake 1-3
2026-10-08 17:13:03,595 INFO o.a.j.r.Summariser: summary +      1 in 00:00:29 =    0.0/s Avg:  2742 Min:  2742 Max:  2742 Err:     0 (0.00%) Active: 1 Started: 13 Finished: 12
2026-10-08 17:13:03,596 INFO o.a.j.r.Summariser: summary =     13 in 00:02:11 =    0.1/s Avg:   399 Min:    11 Max:  2742 Err:     0 (0.00%)
2026-10-08 17:13:03,597 INFO o.a.j.t.JMeterThread: Thread is done: Intake 1-3
2026-10-08 17:13:03,597 INFO o.a.j.t.JMeterThread: Thread finished: Intake 1-3
2026-10-08 17:13:15,695 INFO o.a.j.t.JMeterThread: Thread started: Agent search 2-8
2026-10-08 17:13:15,712 INFO o.a.j.t.JMeterThread: Thread is done: Agent search 2-8
2026-10-08 17:13:15,712 INFO o.a.j.t.JMeterThread: Thread finished: Agent search 2-8
2026-10-08 17:13:19,827 INFO o.a.j.t.JMeterThread: Thread started: Agent search 2-9
2026-10-08 17:13:19,843 INFO o.a.j.t.JMeterThread: Thread is done: Agent search 2-9
2026-10-08 17:13:19,843 INFO o.a.j.t.JMeterThread: Thread finished: Agent search 2-9
2026-10-08 17:13:21,330 INFO o.a.j.t.JMeterThread: Thread started: Agent search 2-10
2026-10-08 17:13:21,341 INFO o.a.j.t.JMeterThread: Thread is done: Agent search 2-10
2026-10-08 17:13:21,341 INFO o.a.j.t.JMeterThread: Thread finished: Agent search 2-10
2026-10-08 17:14:03,403 INFO o.a.j.t.JMeterThread: Thread started: Dashboard 3-4
2026-10-08 17:14:03,420 INFO o.a.j.r.Summariser: summary +      4 in 00:01:00 =    0.1/s Avg:    12 Min:     8 Max:    15 Err:     0 (0.00%) Active: 1 Started: 17 Finished: 16
2026-10-08 17:14:03,421 INFO o.a.j.r.Summariser: summary =     17 in 00:03:11 =    0.1/s Avg:   308 Min:     8 Max:  2742 Err:     0 (0.00%)
2026-10-08 17:14:03,421 INFO o.a.j.t.JMeterThread: Thread is done: Dashboard 3-4
2026-10-08 17:14:03,422 INFO o.a.j.t.JMeterThread: Thread finished: Dashboard 3-4
2026-10-08 17:14:32,533 INFO o.a.j.t.JMeterThread: Thread started: Intake 1-4
2026-10-08 17:14:34,130 INFO o.a.j.r.Summariser: summary +      1 in 00:00:31 =    0.0/s Avg:  1594 Min:  1594 Max:  1594 Err:     0 (0.00%) Active: 1 Started: 18 Finished: 17
2026-10-08 17:14:34,130 INFO o.a.j.r.Summariser: summary =     18 in 00:03:42 =    0.1/s Avg:   380 Min:     8 Max:  2742 Err:     0 (0.00%)
2026-10-08 17:14:34,130 INFO o.a.j.t.JMeterThread: Thread is done: Intake 1-4
2026-10-08 17:14:34,130 INFO o.a.j.t.JMeterThread: Thread finished: Intake 1-4
2026-10-08 17:14:40,848 INFO o.a.j.t.JMeterThread: Thread started: Intake 1-5
2026-10-08 17:14:43,239 INFO o.a.j.t.JMeterThread: Thread is done: Intake 1-5
2026-10-08 17:14:43,239 INFO o.a.j.t.JMeterThread: Thread finished: Intake 1-5
2026-10-08 17:14:55,416 INFO o.a.j.t.JMeterThread: Thread started: Dashboard 3-5
2026-10-08 17:14:55,426 INFO o.a.j.t.JMeterThread: Thread is done: Dashboard 3-5
2026-10-08 17:14:55,426 INFO o.a.j.t.JMeterThread: Thread finished: Dashboard 3-5
2026-10-08 17:15:07,248 INFO o.a.j.t.JMeterThread: Thread started: Dashboard 3-6
2026-10-08 17:15:07,259 INFO o.a.j.t.JMeterThread: Thread is done: Dashboard 3-6
2026-10-08 17:15:07,259 INFO o.a.j.t.JMeterThread: Thread finished: Dashboard 3-6
2026-10-08 17:15:22,878 INFO o.a.j.t.JMeterThread: Thread started: Dashboard 3-7
2026-10-08 17:15:22,891 INFO o.a.j.t.JMeterThread: Thread is done: Dashboard 3-7
2026-10-08 17:15:22,891 INFO o.a.j.t.JMeterThread: Thread finished: Dashboard 3-7
2026-10-08 17:15:32,587 INFO o.a.j.t.JMeterThread: Thread started: Agent search 2-11
2026-10-08 17:15:32,604 INFO o.a.j.r.Summariser: summary +      5 in 00:00:58 =    0.1/s Avg:   486 Min:     8 Max:  2387 Err:     0 (0.00%) Active: 1 Started: 23 Finished: 22
2026-10-08 17:15:32,605 INFO o.a.j.r.Summariser: summary =     23 in 00:04:40 =    0.1/s Avg:   403 Min:     8 Max:  2742 Err:     0 (0.00%)
2026-10-08 17:15:32,606 INFO o.a.j.t.JMeterThread: Thread is done: Agent search 2-11
2026-10-08 17:15:32,606 INFO o.a.j.t.JMeterThread: Thread finished: Agent search 2-11
2026-10-08 17:15:33,204 INFO o.a.j.t.JMeterThread: Thread started: Agent search 2-12
2026-10-08 17:15:33,222 INFO o.a.j.t.JMeterThread: Thread is done: Agent search 2-12
2026-10-08 17:15:33,222 INFO o.a.j.t.JMeterThread: Thread finished: Agent search 2-12
2026-10-08 17:15:38,484 INFO o.a.j.t.JMeterThread: Thread started: Agent search 2-13
2026-10-08 17:15:38,500 INFO o.a.j.t.JMeterThread: Thread is done: Agent search 2-13
2026-10-08 17:15:38,500 INFO o.a.j.t.JMeterThread: Thread finished: Agent search 2-13
2026-10-08 17:15:39,693 INFO o.a.j.t.JMeterThread: Thread started: Dashboard 3-8
2026-10-08 17:15:39,707 INFO o.a.j.t.JMeterThread: Thread is done: Dashboard 3-8
2026-10-08 17:15:39,707 INFO o.a.j.t.JMeterThread: Thread finished: Dashboard 3-8
2026-10-08 17:15:47,877 INFO o.a.j.t.JMeterThread: Thread started: Intake 1-6
2026-10-08 17:15:48,315 INFO o.a.j.t.JMeterThread: Thread is done: Intake 1-6
2026-10-08 17:15:48,315 INFO o.a.j.t.JMeterThread: Thread finished: Intake 1-6
2026-10-08 17:15:58,204 INFO o.a.j.t.JMeterThread: Thread started: Dashboard 3-9
2026-10-08 17:15:58,220 INFO o.a.j.t.JMeterThread: Thread is done: Dashboard 3-9
2026-10-08 17:15:58,220 INFO o.a.j.t.JMeterThread: Thread finished: Dashboard 3-9
2026-10-08 17:16:08,362 INFO o.a.j.t.JMeterThread: Thread started: Agent search 2-14
2026-10-08 17:16:08,372 INFO o.a.j.t.JMeterThread: Thread is done: Agent search 2-14
2026-10-08 17:16:08,372 INFO o.a.j.t.JMeterThread: Thread finished: Agent search 2-14
2026-10-08 17:16:33,033 INFO o.a.j.t.JMeterThread: Thread started: Agent search 2-15
2026-10-08 17:16:33,044 INFO o.a.j.r.Summariser: summary +      7 in 00:01:00 =    0.1/s Avg:    72 Min:     9 Max:   437 Err:     0 (0.00%) Active: 1 Started: 30 Finished: 29
2026-10-08 17:16:33,044 INFO o.a.j.r.Summariser: summary =     30 in 00:05:41 =    0.1/s Avg:   326 Min:     8 Max:  2742 Err:     0 (0.00%)
2026-10-08 17:16:33,045 INFO o.a.j.t.JMeterThread: Thread is done: Agent search 2-15
2026-10-08 17:16:33,045 INFO o.a.j.t.JMeterThread: Thread finished: Agent search 2-15
2026-10-08 17:16:35,279 INFO o.a.j.t.JMeterThread: Thread started: Dashboard 3-10
2026-10-08 17:16:35,295 INFO o.a.j.t.JMeterThread: Thread is done: Dashboard 3-10
2026-10-08 17:16:35,295 INFO o.a.j.t.JMeterThread: Thread finished: Dashboard 3-10
2026-10-08 17:16:46,176 INFO o.a.j.t.JMeterThread: Thread started: Intake 1-7
2026-10-08 17:16:46,799 INFO o.a.j.t.JMeterThread: Thread is done: Intake 1-7
2026-10-08 17:16:46,799 INFO o.a.j.t.JMeterThread: Thread finished: Intake 1-7
2026-10-08 17:17:05,247 INFO o.a.j.t.JMeterThread: Thread started: Agent search 2-16
2026-10-08 17:17:05,265 INFO o.a.j.r.Summariser: summary +      3 in 00:00:32 =    0.1/s Avg:   216 Min:    13 Max:   622 Err:     0 (0.00%) Active: 1 Started: 33 Finished: 32
2026-10-08 17:17:05,266 INFO o.a.j.r.Summariser: summary =     33 in 00:06:13 =    0.1/s Avg:   316 Min:     8 Max:  2742 Err:     0 (0.00%)
2026-10-08 17:17:05,266 INFO o.a.j.t.JMeterThread: Thread is done: Agent search 2-16
2026-10-08 17:17:05,266 INFO o.a.j.t.JMeterThread: Thread finished: Agent search 2-16
2026-10-08 17:17:14,021 INFO o.a.j.t.JMeterThread: Thread started: Agent search 2-17
2026-10-08 17:17:14,041 INFO o.a.j.t.JMeterThread: Thread is done: Agent search 2-17
2026-10-08 17:17:14,042 INFO o.a.j.t.JMeterThread: Thread finished: Agent search 2-17
2026-10-08 17:17:31,589 INFO o.a.j.t.JMeterThread: Thread started: Agent search 2-18
2026-10-08 17:17:31,604 INFO o.a.j.r.Summariser: summary +      2 in 00:00:26 =    0.1/s Avg:    14 Min:    13 Max:    16 Err:     0 (0.00%) Active: 1 Started: 35 Finished: 34
2026-10-08 17:17:31,605 INFO o.a.j.r.Summariser: summary =     35 in 00:06:39 =    0.1/s Avg:   298 Min:     8 Max:  2742 Err:     0 (0.00%)
2026-10-08 17:17:31,605 INFO o.a.j.t.JMeterThread: Thread is done: Agent search 2-18
2026-10-08 17:17:31,605 INFO o.a.j.t.JMeterThread: Thread finished: Agent search 2-18
2026-10-08 17:17:32,918 INFO o.a.j.t.JMeterThread: Thread started: Intake 1-8
2026-10-08 17:17:34,784 INFO o.a.j.t.JMeterThread: Thread is done: Intake 1-8
2026-10-08 17:17:34,784 INFO o.a.j.t.JMeterThread: Thread finished: Intake 1-8
2026-10-08 17:17:37,448 INFO o.a.j.t.JMeterThread: Thread started: Agent search 2-19
2026-10-08 17:17:37,463 INFO o.a.j.t.JMeterThread: Thread is done: Agent search 2-19
2026-10-08 17:17:37,464 INFO o.a.j.t.JMeterThread: Thread finished: Agent search 2-19
2026-10-08 17:17:52,328 INFO o.a.j.t.JMeterThread: Thread started: Agent search 2-20
2026-10-08 17:17:52,343 INFO o.a.j.t.JMeterThread: Thread is done: Agent search 2-20
2026-10-08 17:17:52,344 INFO o.a.j.t.JMeterThread: Thread finished: Agent search 2-20
2026-10-08 17:18:00,773 INFO o.a.j.t.JMeterThread: Thread started: Dashboard 3-11
2026-10-08 17:18:00,788 INFO o.a.j.r.Summariser: summary +      4 in 00:00:29 =    0.1/s Avg:   475 Min:    12 Max:  1863 Err:     0 (0.00%) Active: 1 Started: 39 Finished: 38
2026-10-08 17:18:00,789 INFO o.a.j.r.Summariser: summary =     39 in 00:07:09 =    0.1/s Avg:   317 Min:     8 Max:  2742 Err:     0 (0.00%)
2026-10-08 17:18:00,790 INFO o.a.j.t.JMeterThread: Thread is done: Dashboard 3-11
2026-10-08 17:18:00,790 INFO o.a.j.t.JMeterThread: Thread finished: Dashboard 3-11
2026-10-08 17:18:09,537 INFO o.a.j.t.JMeterThread: Thread started: Agent search 2-21
2026-10-08 17:18:09,556 INFO o.a.j.t.JMeterThread: Thread is done: Agent search 2-21
2026-10-08 17:18:09,556 INFO o.a.j.t.JMeterThread: Thread finished: Agent search 2-21
2026-10-08 17:18:14,403 INFO o.a.j.t.JMeterThread: Thread started: Agent search 2-22
2026-10-08 17:18:14,420 INFO o.a.j.t.JMeterThread: Thread is done: Agent search 2-22
2026-10-08 17:18:14,420 INFO o.a.j.t.JMeterThread: Thread finished: Agent search 2-22
2026-10-08 17:18:25,956 INFO o.a.j.t.JMeterThread: Thread started: Agent search 2-23
2026-10-08 17:18:25,972 INFO o.a.j.t.JMeterThread: Thread is done: Agent search 2-23
2026-10-08 17:18:25,972 INFO o.a.j.t.JMeterThread: Thread finished: Agent search 2-23
2026-10-08 17:18:35,814 INFO o.a.j.t.JMeterThread: Thread started: Agent search 2-24
2026-10-08 17:18:35,829 INFO o.a.j.r.Summariser: summary +      4 in 00:00:35 =    0.1/s Avg:    13 Min:    11 Max:    15 Err:     0 (0.00%) Active: 1 Started: 43 Finished: 42
2026-10-08 17:18:35,830 INFO o.a.j.r.Summariser: summary =     43 in 00:07:44 =    0.1/s Avg:   288 Min:     8 Max:  2742 Err:     0 (0.00%)
2026-10-08 17:18:35,830 INFO o.a.j.t.JMeterThread: Thread is done: Agent search 2-24
2026-10-08 17:18:35,830 INFO o.a.j.t.JMeterThread: Thread finished: Agent search 2-24
2026-10-08 17:18:37,873 INFO o.a.j.t.JMeterThread: Thread started: Agent search 2-25
2026-10-08 17:18:37,887 INFO o.a.j.t.JMeterThread: Thread is done: Agent search 2-25
2026-10-08 17:18:37,887 INFO o.a.j.t.JMeterThread: Thread finished: Agent search 2-25
2026-10-08 17:18:42,276 INFO o.a.j.t.JMeterThread: Thread started: Agent search 2-26
2026-10-08 17:18:42,292 INFO o.a.j.t.JMeterThread: Thread is done: Agent search 2-26
2026-10-08 17:18:42,292 INFO o.a.j.t.JMeterThread: Thread finished: Agent search 2-26
2026-10-08 17:19:44,541 INFO o.a.j.t.JMeterThread: Thread started: Agent search 2-27
2026-10-08 17:19:44,556 INFO o.a.j.t.JMeterThread: Thread is done: Agent search 2-27
2026-10-08 17:19:44,556 INFO o.a.j.t.JMeterThread: Thread finished: Agent search 2-27
2026-10-08 17:19:45,877 INFO o.a.j.t.JMeterThread: Thread started: Agent search 2-28
2026-10-08 17:19:45,889 INFO o.a.j.t.JMeterThread: Thread is done: Agent search 2-28
2026-10-08 17:19:45,889 INFO o.a.j.t.JMeterThread: Thread finished: Agent search 2-28
2026-10-08 17:19:55,803 INFO o.a.j.t.JMeterThread: Thread started: Intake 1-9
2026-10-08 17:19:56,387 INFO o.a.j.t.JMeterThread: Thread started: Dashboard 3-12
2026-10-08 17:19:56,399 INFO o.a.j.t.JMeterThread: Thread is done: Dashboard 3-12
2026-10-08 17:19:56,399 INFO o.a.j.t.JMeterThread: Thread finished: Dashboard 3-12
2026-10-08 17:19:57,113 INFO o.a.j.t.JMeterThread: Thread is done: Intake 1-9
2026-10-08 17:19:57,113 INFO o.a.j.t.JMeterThread: Thread finished: Intake 1-9
2026-10-08 17:19:58,579 INFO o.a.j.t.JMeterThread: Thread started: Agent search 2-29
2026-10-08 17:19:58,598 INFO o.a.j.t.JMeterThread: Thread is done: Agent search 2-29
2026-10-08 17:19:58,598 INFO o.a.j.t.JMeterThread: Thread finished: Agent search 2-29
2026-10-08 17:20:10,390 INFO o.a.j.t.JMeterThread: Thread started: Agent search 2-30
2026-10-08 17:20:10,407 INFO o.a.j.t.JMeterThread: Thread is done: Agent search 2-30
2026-10-08 17:20:10,407 INFO o.a.j.t.JMeterThread: Thread finished: Agent search 2-30
2026-10-08 17:20:23,091 INFO o.a.j.t.JMeterThread: Thread started: Agent search 2-31
2026-10-08 17:20:23,102 INFO o.a.j.t.JMeterThread: Thread is done: Agent search 2-31
2026-10-08 17:20:23,102 INFO o.a.j.t.JMeterThread: Thread finished: Agent search 2-31
2026-10-08 17:20:51,660 INFO o.a.j.t.JMeterThread: Thread started: Agent search 2-32
2026-10-08 17:20:51,674 INFO o.a.j.t.JMeterThread: Thread is done: Agent search 2-32
2026-10-08 17:20:51,674 INFO o.a.j.t.JMeterThread: Thread finished: Agent search 2-32
2026-10-08 17:20:59,593 INFO o.a.j.t.JMeterThread: Thread started: Agent search 2-33
2026-10-08 17:20:59,602 INFO o.a.j.t.JMeterThread: Thread is done: Agent search 2-33
2026-10-08 17:20:59,602 INFO o.a.j.t.JMeterThread: Thread finished: Agent search 2-33
2026-10-08 17:20:59,718 INFO o.a.j.t.JMeterThread: Thread started: Agent search 2-34
2026-10-08 17:20:59,726 INFO o.a.j.t.JMeterThread: Thread is done: Agent search 2-34
2026-10-08 17:20:59,726 INFO o.a.j.t.JMeterThread: Thread finished: Agent search 2-34
2026-10-08 17:21:11,013 INFO o.a.j.t.JMeterThread: Thread started: Agent search 2-35
2026-10-08 17:21:11,027 INFO o.a.j.t.JMeterThread: Thread is done: Agent search 2-35
2026-10-08 17:21:11,028 INFO o.a.j.t.JMeterThread: Thread finished: Agent search 2-35
2026-10-08 17:21:44,287 INFO o.a.j.t.JMeterThread: Thread started: Intake 1-10
2026-10-08 17:21:46,256 INFO o.a.j.t.JMeterThread: Thread is done: Intake 1-10
2026-10-08 17:21:46,256 INFO o.a.j.t.JMeterThread: Thread finished: Intake 1-10
2026-10-08 17:22:03,341 INFO o.a.j.t.JMeterThread: Thread started: Agent search 2-36
2026-10-08 17:22:03,357 INFO o.a.j.r.Summariser: summary +     15 in 00:03:28 =    0.1/s Avg:   228 Min:     7 Max:  1967 Err:     0 (0.00%) Active: 1 Started: 58 Finished: 57
2026-10-08 17:22:03,359 INFO o.a.j.r.Summariser: summary =     58 in 00:11:11 =    0.1/s Avg:   273 Min:     7 Max:  2742 Err:     0 (0.00%)
2026-10-08 17:22:03,359 INFO o.a.j.t.JMeterThread: Thread is done: Agent search 2-36
2026-10-08 17:22:03,359 INFO o.a.j.t.JMeterThread: Thread finished: Agent search 2-36
2026-10-08 17:22:09,062 INFO o.a.j.t.JMeterThread: Thread started: Agent search 2-37
2026-10-08 17:22:09,076 INFO o.a.j.t.JMeterThread: Thread is done: Agent search 2-37
2026-10-08 17:22:09,076 INFO o.a.j.t.JMeterThread: Thread finished: Agent search 2-37
2026-10-08 17:22:14,006 INFO o.a.j.t.JMeterThread: Thread started: Agent search 2-38
2026-10-08 17:22:14,022 INFO o.a.j.t.JMeterThread: Thread is done: Agent search 2-38
2026-10-08 17:22:14,022 INFO o.a.j.t.JMeterThread: Thread finished: Agent search 2-38
2026-10-08 17:22:20,961 INFO o.a.j.t.JMeterThread: Thread started: Agent search 2-39
2026-10-08 17:22:20,972 INFO o.a.j.t.JMeterThread: Thread is done: Agent search 2-39
2026-10-08 17:22:20,972 INFO o.a.j.t.JMeterThread: Thread finished: Agent search 2-39
2026-10-08 17:22:27,768 INFO o.a.j.t.JMeterThread: Thread started: Agent search 2-40
2026-10-08 17:22:27,782 INFO o.a.j.t.JMeterThread: Thread is done: Agent search 2-40
2026-10-08 17:22:27,782 INFO o.a.j.t.JMeterThread: Thread finished: Agent search 2-40
2026-10-08 17:22:29,931 INFO o.a.j.t.JMeterThread: Thread started: Intake 1-11
2026-10-08 17:22:30,406 INFO o.a.j.r.Summariser: summary +      5 in 00:00:27 =    0.2/s Avg:   104 Min:     8 Max:   472 Err:     0 (0.00%) Active: 1 Started: 63 Finished: 62
2026-10-08 17:22:30,408 INFO o.a.j.r.Summariser: summary =     63 in 00:11:38 =    0.1/s Avg:   259 Min:     7 Max:  2742 Err:     0 (0.00%)
2026-10-08 17:22:30,408 INFO o.a.j.t.JMeterThread: Thread is done: Intake 1-11
2026-10-08 17:22:30,408 INFO o.a.j.t.JMeterThread: Thread finished: Intake 1-11
2026-10-08 17:22:33,488 INFO o.a.j.t.JMeterThread: Thread started: Intake 1-12
2026-10-08 17:22:34,068 INFO o.a.j.t.JMeterThread: Thread is done: Intake 1-12
2026-10-08 17:22:34,068 INFO o.a.j.t.JMeterThread: Thread finished: Intake 1-12
2026-10-08 17:22:38,630 INFO o.a.j.t.JMeterThread: Thread started: Agent search 2-41
2026-10-08 17:22:38,648 INFO o.a.j.t.JMeterThread: Thread is done: Agent search 2-41
2026-10-08 17:22:38,648 INFO o.a.j.t.JMeterThread: Thread finished: Agent search 2-41
2026-10-08 17:22:41,129 INFO o.a.j.t.JMeterThread: Thread started: Agent search 2-42
2026-10-08 17:22:41,148 INFO o.a.j.t.JMeterThread: Thread is done: Agent search 2-42
2026-10-08 17:22:41,148 INFO o.a.j.t.JMeterThread: Thread finished: Agent search 2-42
2026-10-08 17:23:02,055 INFO o.a.j.t.JMeterThread: Thread started: Intake 1-13
2026-10-08 17:23:03,956 INFO o.a.j.r.Summariser: summary +      4 in 00:00:34 =    0.1/s Avg:   626 Min:    14 Max:  1897 Err:     0 (0.00%) Active: 1 Started: 67 Finished: 66
2026-10-08 17:23:03,958 INFO o.a.j.r.Summariser: summary =     67 in 00:12:12 =    0.1/s Avg:   281 Min:     7 Max:  2742 Err:     0 (0.00%)
2026-10-08 17:23:03,958 INFO o.a.j.t.JMeterThread: Thread is done: Intake 1-13
2026-10-08 17:23:03,958 INFO o.a.j.t.JMeterThread: Thread finished: Intake 1-13
2026-10-08 17:23:08,901 INFO o.a.j.t.JMeterThread: Thread started: Dashboard 3-13
2026-10-08 17:23:08,916 INFO o.a.j.t.JMeterThread: Thread is done: Dashboard 3-13
2026-10-08 17:23:08,916 INFO o.a.j.t.JMeterThread: Thread finished: Dashboard 3-13
2026-10-08 17:24:20,186 INFO o.a.j.t.JMeterThread: Thread started: Agent search 2-43
2026-10-08 17:24:20,205 INFO o.a.j.t.JMeterThread: Thread is done: Agent search 2-43
2026-10-08 17:24:20,205 INFO o.a.j.t.JMeterThread: Thread finished: Agent search 2-43
2026-10-08 17:24:35,852 INFO o.a.j.t.JMeterThread: Thread started: Agent search 2-44
2026-10-08 17:24:35,863 INFO o.a.j.r.Summariser: summary +      3 in 00:01:32 =    0.0/s Avg:    12 Min:     9 Max:    15 Err:     0 (0.00%) Active: 1 Started: 70 Finished: 69
2026-10-08 17:24:35,865 INFO o.a.j.r.Summariser: summary =     70 in 00:13:44 =    0.1/s Avg:   270 Min:     7 Max:  2742 Err:     0 (0.00%)
2026-10-08 17:24:35,865 INFO o.a.j.t.JMeterThread: Thread is done: Agent search 2-44
2026-10-08 17:24:35,865 INFO o.a.j.t.JMeterThread: Thread finished: Agent search 2-44
2026-10-08 17:24:54,567 INFO o.a.j.t.JMeterThread: Thread started: Agent search 2-45
2026-10-08 17:24:54,582 INFO o.a.j.t.JMeterThread: Thread is done: Agent search 2-45
2026-10-08 17:24:54,582 INFO o.a.j.t.JMeterThread: Thread finished: Agent search 2-45
2026-10-08 17:24:58,753 INFO o.a.j.t.JMeterThread: Thread started: Agent search 2-46
2026-10-08 17:24:58,768 INFO o.a.j.t.JMeterThread: Thread is done: Agent search 2-46
2026-10-08 17:24:58,768 INFO o.a.j.t.JMeterThread: Thread finished: Agent search 2-46
2026-10-08 17:25:07,710 INFO o.a.j.t.JMeterThread: Thread started: Agent search 2-47
2026-10-08 17:25:07,725 INFO o.a.j.t.JMeterThread: Thread is done: Agent search 2-47
2026-10-08 17:25:07,725 INFO o.a.j.t.JMeterThread: Thread finished: Agent search 2-47
2026-10-08 17:25:13,356 INFO o.a.j.t.JMeterThread: Thread started: Agent search 2-48
2026-10-08 17:25:13,371 INFO o.a.j.t.JMeterThread: Thread is done: Agent search 2-48
2026-10-08 17:25:13,371 INFO o.a.j.t.JMeterThread: Thread finished: Agent search 2-48
2026-10-08 17:25:16,921 INFO o.a.j.t.JMeterThread: Thread started: Agent search 2-49
2026-10-08 17:25:16,937 INFO o.a.j.t.JMeterThread: Thread is done: Agent search 2-49
2026-10-08 17:25:16,937 INFO o.a.j.t.JMeterThread: Thread finished: Agent search 2-49
2026-10-08 17:25:21,456 INFO o.a.j.t.JMeterThread: Thread started: Agent search 2-50
2026-10-08 17:25:21,466 INFO o.a.j.t.JMeterThread: Thread is done: Agent search 2-50
2026-10-08 17:25:21,467 INFO o.a.j.t.JMeterThread: Thread finished: Agent search 2-50
2026-10-08 17:25:22,274 INFO o.a.j.t.JMeterThread: Thread started: Agent search 2-51
2026-10-08 17:25:22,290 INFO o.a.j.t.JMeterThread: Thread is done: Agent search 2-51
2026-10-08 17:25:22,290 INFO o.a.j.t.JMeterThread: Thread finished: Agent search 2-51
2026-10-08 17:25:39,922 INFO o.a.j.t.JMeterThread: Thread started: Agent search 2-52
2026-10-08 17:25:39,937 INFO o.a.j.t.JMeterThread: Thread is done: Agent search 2-52
2026-10-08 17:25:39,937 INFO o.a.j.t.JMeterThread: Thread finished: Agent search 2-52
2026-10-08 17:25:52,133 INFO o.a.j.t.JMeterThread: Thread started: Dashboard 3-14
2026-10-08 17:25:52,147 INFO o.a.j.t.JMeterThread: Thread is done: Dashboard 3-14
2026-10-08 17:25:52,147 INFO o.a.j.t.JMeterThread: Thread finished: Dashboard 3-14
2026-10-08 17:26:06,946 INFO o.a.j.t.JMeterThread: Thread started: Dashboard 3-15
2026-10-08 17:26:06,959 INFO o.a.j.t.JMeterThread: Thread is done: Dashboard 3-15
2026-10-08 17:26:06,959 INFO o.a.j.t.JMeterThread: Thread finished: Dashboard 3-15
2026-10-08 17:26:17,641 INFO o.a.j.t.JMeterThread: Thread started: Dashboard 3-16
2026-10-08 17:26:17,644 INFO o.a.j.t.JMeterThread: Thread started: Dashboard 3-17
2026-10-08 17:26:17,653 INFO o.a.j.t.JMeterThread: Thread is done: Dashboard 3-16
2026-10-08 17:26:17,653 INFO o.a.j.t.JMeterThread: Thread finished: Dashboard 3-16
2026-10-08 17:26:17,654 INFO o.a.j.t.JMeterThread: Thread is done: Dashboard 3-17
2026-10-08 17:26:17,654 INFO o.a.j.t.JMeterThread: Thread finished: Dashboard 3-17
2026-10-08 17:26:35,892 INFO o.a.j.t.JMeterThread: Thread started: Agent search 2-53
2026-10-08 17:26:35,904 INFO o.a.j.r.Summariser: summary +     13 in 00:02:00 =    0.1/s Avg:    11 Min:     8 Max:    13 Err:     0 (0.00%) Active: 1 Started: 83 Finished: 82
2026-10-08 17:26:35,905 INFO o.a.j.r.Summariser: summary =     83 in 00:15:44 =    0.1/s Avg:   229 Min:     7 Max:  2742 Err:     0 (0.00%)
2026-10-08 17:26:35,906 INFO o.a.j.t.JMeterThread: Thread is done: Agent search 2-53
2026-10-08 17:26:35,906 INFO o.a.j.t.JMeterThread: Thread finished: Agent search 2-53
2026-10-08 17:26:36,372 INFO o.a.j.t.JMeterThread: Thread started: Agent search 2-54
2026-10-08 17:26:36,386 INFO o.a.j.t.JMeterThread: Thread is done: Agent search 2-54
2026-10-08 17:26:36,386 INFO o.a.j.t.JMeterThread: Thread finished: Agent search 2-54
2026-10-08 17:26:47,276 INFO o.a.j.t.JMeterThread: Thread started: Agent search 2-55
2026-10-08 17:26:47,293 INFO o.a.j.t.JMeterThread: Thread is done: Agent search 2-55
2026-10-08 17:26:47,293 INFO o.a.j.t.JMeterThread: Thread finished: Agent search 2-55
2026-10-08 17:26:50,639 INFO o.a.j.t.JMeterThread: Thread started: Agent search 2-56
2026-10-08 17:26:50,655 INFO o.a.j.t.JMeterThread: Thread is done: Agent search 2-56
2026-10-08 17:26:50,655 INFO o.a.j.t.JMeterThread: Thread finished: Agent search 2-56
2026-10-08 17:26:57,105 INFO o.a.j.t.JMeterThread: Thread started: Agent search 2-57
2026-10-08 17:26:57,115 INFO o.a.j.t.JMeterThread: Thread is done: Agent search 2-57
2026-10-08 17:26:57,116 INFO o.a.j.t.JMeterThread: Thread finished: Agent search 2-57
2026-10-08 17:27:49,796 INFO o.a.j.t.JMeterThread: Thread started: Agent search 2-58
2026-10-08 17:27:49,807 INFO o.a.j.t.JMeterThread: Thread is done: Agent search 2-58
2026-10-08 17:27:49,808 INFO o.a.j.t.JMeterThread: Thread finished: Agent search 2-58
2026-10-08 17:28:08,214 INFO o.a.j.t.JMeterThread: Thread started: Agent search 2-59
2026-10-08 17:28:08,230 INFO o.a.j.t.JMeterThread: Thread is done: Agent search 2-59
2026-10-08 17:28:08,230 INFO o.a.j.t.JMeterThread: Thread finished: Agent search 2-59
2026-10-08 17:28:13,438 INFO o.a.j.t.JMeterThread: Thread started: Intake 1-14
2026-10-08 17:28:13,622 INFO o.a.j.t.JMeterThread: Thread started: Intake 1-15
2026-10-08 17:28:14,859 INFO o.a.j.t.JMeterThread: Thread is done: Intake 1-14
2026-10-08 17:28:14,859 INFO o.a.j.t.JMeterThread: Thread finished: Intake 1-14
2026-10-08 17:28:16,898 INFO o.a.j.t.JMeterThread: Thread is done: Intake 1-15
2026-10-08 17:28:16,898 INFO o.a.j.t.JMeterThread: Thread finished: Intake 1-15
2026-10-08 17:28:24,963 INFO o.a.j.t.JMeterThread: Thread started: Agent search 2-60
2026-10-08 17:28:24,975 INFO o.a.j.t.JMeterThread: Thread is done: Agent search 2-60
2026-10-08 17:28:24,975 INFO o.a.j.t.JMeterThread: Thread finished: Agent search 2-60
2026-10-08 17:28:27,019 INFO o.a.j.t.JMeterThread: Thread started: Dashboard 3-18
2026-10-08 17:28:27,029 INFO o.a.j.t.JMeterThread: Thread is done: Dashboard 3-18
2026-10-08 17:28:27,029 INFO o.a.j.t.JMeterThread: Thread finished: Dashboard 3-18
2026-10-08 17:28:55,928 INFO o.a.j.t.JMeterThread: Thread started: Agent search 2-61
2026-10-08 17:28:55,945 INFO o.a.j.t.JMeterThread: Thread is done: Agent search 2-61
2026-10-08 17:28:55,945 INFO o.a.j.t.JMeterThread: Thread finished: Agent search 2-61
2026-10-08 17:28:57,255 INFO o.a.j.t.o.OpenModelThreadGroup: There will be no more events, so will wait for 114 sec till the end of the schedule
2026-10-08 17:28:57,256 INFO o.a.j.t.JMeterThread: Thread started: Intake 1-16
2026-10-08 17:28:57,720 INFO o.a.j.t.JMeterThread: Thread is done: Intake 1-16
2026-10-08 17:28:57,720 INFO o.a.j.t.JMeterThread: Thread finished: Intake 1-16
2026-10-08 17:29:00,573 INFO o.a.j.t.JMeterThread: Thread started: Agent search 2-62
2026-10-08 17:29:00,587 INFO o.a.j.r.Summariser: summary +     13 in 00:02:25 =    0.1/s Avg:   405 Min:     8 Max:  3273 Err:     0 (0.00%) Active: 1 Started: 96 Finished: 95
2026-10-08 17:29:00,589 INFO o.a.j.r.Summariser: summary =     96 in 00:18:08 =    0.1/s Avg:   253 Min:     7 Max:  3273 Err:     0 (0.00%)
2026-10-08 17:29:00,590 INFO o.a.j.t.JMeterThread: Thread is done: Agent search 2-62
2026-10-08 17:29:00,590 INFO o.a.j.t.JMeterThread: Thread finished: Agent search 2-62
2026-10-08 17:29:04,638 INFO o.a.j.t.JMeterThread: Thread started: Dashboard 3-19
2026-10-08 17:29:04,655 INFO o.a.j.t.JMeterThread: Thread is done: Dashboard 3-19
2026-10-08 17:29:04,655 INFO o.a.j.t.JMeterThread: Thread finished: Dashboard 3-19
2026-10-08 17:29:05,972 INFO o.a.j.t.JMeterThread: Thread started: Agent search 2-63
2026-10-08 17:29:05,987 INFO o.a.j.t.JMeterThread: Thread is done: Agent search 2-63
2026-10-08 17:29:05,987 INFO o.a.j.t.JMeterThread: Thread finished: Agent search 2-63
2026-10-08 17:29:23,631 INFO o.a.j.t.JMeterThread: Thread started: Agent search 2-64
2026-10-08 17:29:23,647 INFO o.a.j.t.JMeterThread: Thread is done: Agent search 2-64
2026-10-08 17:29:23,648 INFO o.a.j.t.JMeterThread: Thread finished: Agent search 2-64
2026-10-08 17:29:30,846 INFO o.a.j.t.JMeterThread: Thread started: Agent search 2-65
2026-10-08 17:29:30,858 INFO o.a.j.r.Summariser: summary +      4 in 00:00:30 =    0.1/s Avg:    13 Min:    11 Max:    15 Err:     0 (0.00%) Active: 1 Started: 100 Finished: 99
2026-10-08 17:29:30,859 INFO o.a.j.r.Summariser: summary =    100 in 00:18:39 =    0.1/s Avg:   243 Min:     7 Max:  3273 Err:     0 (0.00%)
2026-10-08 17:29:30,860 INFO o.a.j.t.JMeterThread: Thread is done: Agent search 2-65
2026-10-08 17:29:30,860 INFO o.a.j.t.JMeterThread: Thread finished: Agent search 2-65
2026-10-08 17:29:46,133 INFO o.a.j.t.o.OpenModelThreadGroup: There will be no more events, so will wait for 65 sec till the end of the schedule
2026-10-08 17:29:46,133 INFO o.a.j.t.JMeterThread: Thread started: Dashboard 3-20
2026-10-08 17:29:46,141 INFO o.a.j.t.JMeterThread: Thread is done: Dashboard 3-20
2026-10-08 17:29:46,141 INFO o.a.j.t.JMeterThread: Thread finished: Dashboard 3-20
2026-10-08 17:29:46,526 INFO o.a.j.t.JMeterThread: Thread started: Agent search 2-66
2026-10-08 17:29:46,541 INFO o.a.j.t.JMeterThread: Thread is done: Agent search 2-66
2026-10-08 17:29:46,542 INFO o.a.j.t.JMeterThread: Thread finished: Agent search 2-66
2026-10-08 17:29:53,273 INFO o.a.j.t.JMeterThread: Thread started: Agent search 2-67
2026-10-08 17:29:53,280 INFO o.a.j.t.JMeterThread: Thread is done: Agent search 2-67
2026-10-08 17:29:53,280 INFO o.a.j.t.JMeterThread: Thread finished: Agent search 2-67
2026-10-08 17:30:19,062 INFO o.a.j.t.JMeterThread: Thread started: Agent search 2-68
2026-10-08 17:30:19,075 INFO o.a.j.t.JMeterThread: Thread is done: Agent search 2-68
2026-10-08 17:30:19,075 INFO o.a.j.t.JMeterThread: Thread finished: Agent search 2-68
2026-10-08 17:30:30,749 INFO o.a.j.t.JMeterThread: Thread started: Agent search 2-69
2026-10-08 17:30:30,763 INFO o.a.j.r.Summariser: summary +      5 in 00:01:00 =    0.1/s Avg:    10 Min:     7 Max:    14 Err:     0 (0.00%) Active: 1 Started: 105 Finished: 104
2026-10-08 17:30:30,764 INFO o.a.j.r.Summariser: summary =    105 in 00:19:39 =    0.1/s Avg:   232 Min:     7 Max:  3273 Err:     0 (0.00%)
2026-10-08 17:30:30,765 INFO o.a.j.t.JMeterThread: Thread is done: Agent search 2-69
2026-10-08 17:30:30,765 INFO o.a.j.t.JMeterThread: Thread finished: Agent search 2-69
2026-10-08 17:30:31,978 INFO o.a.j.t.JMeterThread: Thread started: Agent search 2-70
2026-10-08 17:30:31,993 INFO o.a.j.t.JMeterThread: Thread is done: Agent search 2-70
2026-10-08 17:30:31,995 INFO o.a.j.t.JMeterThread: Thread finished: Agent search 2-70
2026-10-08 17:30:34,663 INFO o.a.j.t.o.OpenModelThreadGroup: There will be no more events, so will wait for 17 sec till the end of the schedule
2026-10-08 17:30:34,664 INFO o.a.j.t.JMeterThread: Thread started: Agent search 2-71
2026-10-08 17:30:34,676 INFO o.a.j.t.JMeterThread: Thread is done: Agent search 2-71
2026-10-08 17:30:34,676 INFO o.a.j.t.JMeterThread: Thread finished: Agent search 2-71
2026-10-08 17:30:52,075 INFO o.a.j.t.o.OpenModelThreadGroup: There will be no more events, will shutdown the thread pool
2026-10-08 17:30:52,075 INFO o.a.j.t.o.OpenModelThreadGroup: There will be no more events, will shutdown the thread pool
2026-10-08 17:30:52,075 INFO o.a.j.t.o.OpenModelThreadGroup: Thread starting done
2026-10-08 17:30:52,076 INFO o.a.j.t.o.OpenModelThreadGroup: There will be no more events, will shutdown the thread pool
2026-10-08 17:30:52,076 INFO o.a.j.t.o.OpenModelThreadGroup: Thread starting done
2026-10-08 17:30:52,077 INFO o.a.j.t.o.OpenModelThreadGroup: Thread starting done
2026-10-08 17:30:52,077 INFO o.a.j.e.StandardJMeterEngine: Notifying test listeners of end of test
2026-10-08 17:30:52,078 INFO o.a.j.s.FileServer: Close: narratives.txt
2026-10-08 17:30:52,078 INFO o.a.j.s.FileServer: Close: search_terms.csv
2026-10-08 17:30:52,079 INFO o.a.j.r.Summariser: summary +      2 in 00:00:21 =    0.1/s Avg:    12 Min:    10 Max:    14 Err:     0 (0.00%) Active: 0 Started: 107 Finished: 107
2026-10-08 17:30:52,080 INFO o.a.j.r.Summariser: summary =    107 in 00:20:00 =    0.1/s Avg:   228 Min:     7 Max:  3273 Err:     0 (0.00%)
