2026-10-08 13:43:21,094 INFO o.a.j.u.JMeterUtils: Setting Locale to en_EN
2026-10-08 13:43:21,105 INFO o.a.j.JMeter: Loading user properties from: C:\apache-jmeter-5.6.3\bin\user.properties
2026-10-08 13:43:21,106 INFO o.a.j.JMeter: Loading system properties from: C:\apache-jmeter-5.6.3\bin\system.properties
2026-10-08 13:43:21,106 INFO o.a.j.JMeter: Setting JMeter property: host=192.168.50.104
2026-10-08 13:43:21,106 INFO o.a.j.JMeter: Setting JMeter property: ticket_rate=50
2026-10-08 13:43:21,106 INFO o.a.j.JMeter: Setting JMeter property: search_rate=214
2026-10-08 13:43:21,106 INFO o.a.j.JMeter: Setting JMeter property: stats_rate=60
2026-10-08 13:43:21,106 INFO o.a.j.JMeter: Setting JMeter property: duration=20
2026-10-08 13:43:21,107 INFO o.a.j.JMeter: Setting JMeter property: run_id=qwen3_4b-50-r1
2026-10-08 13:43:21,107 INFO o.a.j.JMeter: Setting JMeter property: jmeter.save.saveservice.output_format=csv
2026-10-08 13:43:21,110 INFO o.a.j.JMeter: Copyright (c) 1998-2024 The Apache Software Foundation
2026-10-08 13:43:21,110 INFO o.a.j.JMeter: Version 5.6.3
2026-10-08 13:43:21,110 INFO o.a.j.JMeter: java.version=17
2026-10-08 13:43:21,110 INFO o.a.j.JMeter: java.vm.name=Java HotSpot(TM) 64-Bit Server VM
2026-10-08 13:43:21,110 INFO o.a.j.JMeter: os.name=Windows 10
2026-10-08 13:43:21,110 INFO o.a.j.JMeter: os.arch=amd64
2026-10-08 13:43:21,110 INFO o.a.j.JMeter: os.version=10.0
2026-10-08 13:43:21,110 INFO o.a.j.JMeter: file.encoding=Cp1252
2026-10-08 13:43:21,111 INFO o.a.j.JMeter: java.awt.headless=true
2026-10-08 13:43:21,111 INFO o.a.j.JMeter: Max memory     =1073741824
2026-10-08 13:43:21,111 INFO o.a.j.JMeter: Available Processors =20
2026-10-08 13:43:21,115 INFO o.a.j.JMeter: Default Locale=English (EN)
2026-10-08 13:43:21,116 INFO o.a.j.JMeter: JMeter  Locale=English (EN)
2026-10-08 13:43:21,116 INFO o.a.j.JMeter: JMeterHome=C:\apache-jmeter-5.6.3
2026-10-08 13:43:21,116 INFO o.a.j.JMeter: user.dir  =C:\Users\Ashley\Documents\GitHub\ICT3113_P2-3
2026-10-08 13:43:21,116 INFO o.a.j.JMeter: PWD       =C:\Users\Ashley\Documents\GitHub\ICT3113_P2-3
2026-10-08 13:43:21,118 INFO o.a.j.JMeter: IP: 192.168.50.172 Name: DESKTOP-FE7GKLN FullName: DESKTOP-FE7GKLN
2026-10-08 13:43:21,126 INFO o.a.j.s.FileServer: Default base='C:\Users\Ashley\Documents\GitHub\ICT3113_P2-3'
2026-10-08 13:43:21,127 INFO o.a.j.s.FileServer: Set new base='C:\Users\Ashley\Documents\GitHub\ICT3113_P2-3\jmeter'
2026-10-08 13:43:21,210 INFO o.a.j.s.SaveService: Testplan (JMX) version: 2.2. Testlog (JTL) version: 2.2
2026-10-08 13:43:21,220 INFO o.a.j.s.SaveService: Using SaveService properties version 5.0
2026-10-08 13:43:21,222 INFO o.a.j.s.SaveService: Using SaveService properties file encoding UTF-8
2026-10-08 13:43:21,223 INFO o.a.j.s.SaveService: Loading file: C:\Users\Ashley\Documents\GitHub\ICT3113_P2-3\jmeter\load_test.jmx
2026-10-08 13:43:21,253 INFO o.a.j.p.h.s.HTTPSamplerBase: Parser for text/html is org.apache.jmeter.protocol.http.parser.LagartoBasedHtmlParser
2026-10-08 13:43:21,253 INFO o.a.j.p.h.s.HTTPSamplerBase: Parser for application/xhtml+xml is org.apache.jmeter.protocol.http.parser.LagartoBasedHtmlParser
2026-10-08 13:43:21,253 INFO o.a.j.p.h.s.HTTPSamplerBase: Parser for application/xml is org.apache.jmeter.protocol.http.parser.LagartoBasedHtmlParser
2026-10-08 13:43:21,253 INFO o.a.j.p.h.s.HTTPSamplerBase: Parser for text/xml is org.apache.jmeter.protocol.http.parser.LagartoBasedHtmlParser
2026-10-08 13:43:21,253 INFO o.a.j.p.h.s.HTTPSamplerBase: Parser for text/vnd.wap.wml is org.apache.jmeter.protocol.http.parser.RegexpHTMLParser
2026-10-08 13:43:21,253 INFO o.a.j.p.h.s.HTTPSamplerBase: Parser for text/css is org.apache.jmeter.protocol.http.parser.CssParser
2026-10-08 13:43:21,263 INFO o.a.j.JMeter: Creating summariser <summary>
2026-10-08 13:43:21,271 INFO o.a.j.e.StandardJMeterEngine: Running the test!
2026-10-08 13:43:21,272 INFO o.a.j.s.SampleEvent: List of sample_variables: []
2026-10-08 13:43:21,272 INFO o.a.j.s.SampleEvent: List of sample_variables: []
2026-10-08 13:43:21,274 INFO o.a.j.e.u.CompoundVariable: Note: Function class names must contain the string: '.functions.'
2026-10-08 13:43:21,274 INFO o.a.j.e.u.CompoundVariable: Note: Function class names must not contain the string: '.gui.'
2026-10-08 13:43:21,311 INFO o.a.j.JMeter: Running test (1791438201311)
2026-10-08 13:43:21,318 INFO o.a.j.e.StandardJMeterEngine: Starting ThreadGroup: 1 : Intake
2026-10-08 13:43:21,319 INFO o.a.j.e.StandardJMeterEngine: Starting 0 threads for group Intake.
2026-10-08 13:43:21,319 INFO o.a.j.e.StandardJMeterEngine: Thread will continue on error
2026-10-08 13:43:21,319 INFO o.a.j.t.o.OpenModelThreadGroup: Starting OpenModelThreadGroup#1 with schedule rate(50/hour) random_arrivals(20 min)
2026-10-08 13:43:21,335 INFO o.a.j.e.StandardJMeterEngine: Starting ThreadGroup: 2 : Agent search
2026-10-08 13:43:21,335 INFO o.a.j.e.StandardJMeterEngine: Starting 0 threads for group Agent search.
2026-10-08 13:43:21,335 INFO o.a.j.e.StandardJMeterEngine: Thread will continue on error
2026-10-08 13:43:21,335 INFO o.a.j.t.o.OpenModelThreadGroup: Starting OpenModelThreadGroup#2 with schedule rate(214/hour) random_arrivals(20 min)
2026-10-08 13:43:21,335 INFO o.a.j.t.o.OpenModelThreadGroup: Thread starting init
2026-10-08 13:43:21,335 INFO o.a.j.e.StandardJMeterEngine: Starting ThreadGroup: 3 : Dashboard
2026-10-08 13:43:21,335 INFO o.a.j.e.StandardJMeterEngine: Starting 0 threads for group Dashboard.
2026-10-08 13:43:21,335 INFO o.a.j.e.StandardJMeterEngine: Thread will continue on error
2026-10-08 13:43:21,336 INFO o.a.j.t.o.OpenModelThreadGroup: Starting OpenModelThreadGroup#3 with schedule rate(60/hour) random_arrivals(20 min)
2026-10-08 13:43:21,336 INFO o.a.j.t.o.OpenModelThreadGroup: Thread starting init
2026-10-08 13:43:21,336 INFO o.a.j.e.StandardJMeterEngine: All thread groups have been started
2026-10-08 13:43:21,336 INFO o.a.j.t.o.OpenModelThreadGroup: Thread starting init
2026-10-08 13:43:21,339 INFO o.a.j.t.o.PoissonArrivalsRamp: Generating 71 events, beginRate = 0.059444444444444446 / sec, endRate = 0.059444444444444446 / sec, duration = 1200.0 sec
2026-10-08 13:43:21,339 INFO o.a.j.t.o.PoissonArrivalsRamp: Generating 16 events, beginRate = 0.013888888888888888 / sec, endRate = 0.013888888888888888 / sec, duration = 1200.0 sec
2026-10-08 13:43:21,339 INFO o.a.j.t.o.PoissonArrivalsRamp: Generating 20 events, beginRate = 0.016666666666666666 / sec, endRate = 0.016666666666666666 / sec, duration = 1200.0 sec
2026-10-08 13:43:49,058 INFO o.a.j.t.JMeterThread: Thread started: Dashboard 3-1
2026-10-08 13:43:49,067 INFO o.a.j.p.h.s.HTTPHCAbstractImpl: Local host = DESKTOP-FE7GKLN
2026-10-08 13:43:49,069 INFO o.a.j.p.h.s.HTTPHC4Impl: HTTP request retry count = 0
2026-10-08 13:43:49,070 INFO o.a.j.s.SampleResult: Note: Sample TimeStamps are START times
2026-10-08 13:43:49,070 INFO o.a.j.s.SampleResult: sampleresult.default.encoding is set to UTF-8
2026-10-08 13:43:49,070 INFO o.a.j.s.SampleResult: sampleresult.useNanoTime=true
2026-10-08 13:43:49,070 INFO o.a.j.s.SampleResult: sampleresult.nanoThreadSleep=5000
2026-10-08 13:43:49,125 INFO o.a.j.t.JMeterThread: Thread is done: Dashboard 3-1
2026-10-08 13:43:49,125 INFO o.a.j.t.JMeterThread: Thread finished: Dashboard 3-1
2026-10-08 13:43:50,163 INFO o.a.j.t.JMeterThread: Thread started: Intake 1-1
2026-10-08 13:43:50,163 INFO o.a.j.s.FileServer: Stored: narratives.txt
2026-10-08 13:43:52,624 INFO o.a.j.t.JMeterThread: Thread is done: Intake 1-1
2026-10-08 13:43:52,624 INFO o.a.j.t.JMeterThread: Thread finished: Intake 1-1
2026-10-08 13:43:57,173 INFO o.a.j.t.JMeterThread: Thread started: Agent search 2-1
2026-10-08 13:43:57,174 INFO o.a.j.s.FileServer: Stored: search_terms.csv
2026-10-08 13:43:57,188 INFO o.a.j.t.JMeterThread: Thread is done: Agent search 2-1
2026-10-08 13:43:57,188 INFO o.a.j.t.JMeterThread: Thread finished: Agent search 2-1
2026-10-08 13:44:08,695 INFO o.a.j.t.JMeterThread: Thread started: Dashboard 3-2
2026-10-08 13:44:08,708 INFO o.a.j.t.JMeterThread: Thread is done: Dashboard 3-2
2026-10-08 13:44:08,708 INFO o.a.j.t.JMeterThread: Thread finished: Dashboard 3-2
2026-10-08 13:44:23,384 INFO o.a.j.t.JMeterThread: Thread started: Agent search 2-2
2026-10-08 13:44:23,397 INFO o.a.j.t.JMeterThread: Thread is done: Agent search 2-2
2026-10-08 13:44:23,397 INFO o.a.j.t.JMeterThread: Thread finished: Agent search 2-2
2026-10-08 13:44:24,978 INFO o.a.j.t.JMeterThread: Thread started: Agent search 2-3
2026-10-08 13:44:24,996 INFO o.a.j.t.JMeterThread: Thread is done: Agent search 2-3
2026-10-08 13:44:24,997 INFO o.a.j.t.JMeterThread: Thread finished: Agent search 2-3
2026-10-08 13:44:35,433 INFO o.a.j.t.JMeterThread: Thread started: Dashboard 3-3
2026-10-08 13:44:35,448 INFO o.a.j.r.Summariser: summary +      7 in 00:01:14 =    0.1/s Avg:   362 Min:     9 Max:  2456 Err:     0 (0.00%) Active: 1 Started: 7 Finished: 6
2026-10-08 13:44:35,449 INFO o.a.j.t.JMeterThread: Thread is done: Dashboard 3-3
2026-10-08 13:44:35,449 INFO o.a.j.t.JMeterThread: Thread finished: Dashboard 3-3
2026-10-08 13:44:39,425 INFO o.a.j.t.JMeterThread: Thread started: Agent search 2-4
2026-10-08 13:44:39,437 INFO o.a.j.t.JMeterThread: Thread is done: Agent search 2-4
2026-10-08 13:44:39,437 INFO o.a.j.t.JMeterThread: Thread finished: Agent search 2-4
2026-10-08 13:44:48,908 INFO o.a.j.t.JMeterThread: Thread started: Agent search 2-5
2026-10-08 13:44:48,922 INFO o.a.j.t.JMeterThread: Thread is done: Agent search 2-5
2026-10-08 13:44:48,923 INFO o.a.j.t.JMeterThread: Thread finished: Agent search 2-5
2026-10-08 13:44:49,483 INFO o.a.j.t.JMeterThread: Thread started: Intake 1-2
2026-10-08 13:44:50,663 INFO o.a.j.t.JMeterThread: Thread is done: Intake 1-2
2026-10-08 13:44:50,663 INFO o.a.j.t.JMeterThread: Thread finished: Intake 1-2
2026-10-08 13:45:07,758 INFO o.a.j.t.JMeterThread: Thread started: Agent search 2-6
2026-10-08 13:45:07,774 INFO o.a.j.t.JMeterThread: Thread is done: Agent search 2-6
2026-10-08 13:45:07,774 INFO o.a.j.t.JMeterThread: Thread finished: Agent search 2-6
2026-10-08 13:45:11,094 INFO o.a.j.t.JMeterThread: Thread started: Agent search 2-7
2026-10-08 13:45:11,105 INFO o.a.j.t.JMeterThread: Thread is done: Agent search 2-7
2026-10-08 13:45:11,105 INFO o.a.j.t.JMeterThread: Thread finished: Agent search 2-7
2026-10-08 13:45:21,550 INFO o.a.j.t.JMeterThread: Thread started: Agent search 2-8
2026-10-08 13:45:21,564 INFO o.a.j.t.JMeterThread: Thread is done: Agent search 2-8
2026-10-08 13:45:21,564 INFO o.a.j.t.JMeterThread: Thread finished: Agent search 2-8
2026-10-08 13:45:24,081 INFO o.a.j.t.JMeterThread: Thread started: Agent search 2-9
2026-10-08 13:45:24,096 INFO o.a.j.t.JMeterThread: Thread is done: Agent search 2-9
2026-10-08 13:45:24,096 INFO o.a.j.t.JMeterThread: Thread finished: Agent search 2-9
2026-10-08 13:45:25,315 INFO o.a.j.t.JMeterThread: Thread started: Agent search 2-10
2026-10-08 13:45:25,328 INFO o.a.j.t.JMeterThread: Thread is done: Agent search 2-10
2026-10-08 13:45:25,329 INFO o.a.j.t.JMeterThread: Thread finished: Agent search 2-10
2026-10-08 13:45:43,755 INFO o.a.j.t.JMeterThread: Thread started: Agent search 2-11
2026-10-08 13:45:43,772 INFO o.a.j.t.JMeterThread: Thread is done: Agent search 2-11
2026-10-08 13:45:43,772 INFO o.a.j.t.JMeterThread: Thread finished: Agent search 2-11
2026-10-08 13:45:45,637 INFO o.a.j.t.JMeterThread: Thread started: Dashboard 3-4
2026-10-08 13:45:45,652 INFO o.a.j.t.JMeterThread: Thread is done: Dashboard 3-4
2026-10-08 13:45:45,652 INFO o.a.j.t.JMeterThread: Thread finished: Dashboard 3-4
2026-10-08 13:45:58,483 INFO o.a.j.t.JMeterThread: Thread started: Agent search 2-12
2026-10-08 13:45:58,498 INFO o.a.j.t.JMeterThread: Thread is done: Agent search 2-12
2026-10-08 13:45:58,498 INFO o.a.j.t.JMeterThread: Thread finished: Agent search 2-12
2026-10-08 13:46:10,568 INFO o.a.j.t.JMeterThread: Thread started: Dashboard 3-5
2026-10-08 13:46:10,579 INFO o.a.j.t.JMeterThread: Thread is done: Dashboard 3-5
2026-10-08 13:46:10,579 INFO o.a.j.t.JMeterThread: Thread finished: Dashboard 3-5
2026-10-08 13:46:25,265 INFO o.a.j.t.JMeterThread: Thread started: Agent search 2-13
2026-10-08 13:46:25,279 INFO o.a.j.t.JMeterThread: Thread is done: Agent search 2-13
2026-10-08 13:46:25,279 INFO o.a.j.t.JMeterThread: Thread finished: Agent search 2-13
2026-10-08 13:46:27,668 INFO o.a.j.t.JMeterThread: Thread started: Agent search 2-14
2026-10-08 13:46:27,680 INFO o.a.j.t.JMeterThread: Thread is done: Agent search 2-14
2026-10-08 13:46:27,681 INFO o.a.j.t.JMeterThread: Thread finished: Agent search 2-14
2026-10-08 13:46:36,645 INFO o.a.j.t.JMeterThread: Thread started: Agent search 2-15
2026-10-08 13:46:36,661 INFO o.a.j.t.JMeterThread: Thread is done: Agent search 2-15
2026-10-08 13:46:36,661 INFO o.a.j.t.JMeterThread: Thread finished: Agent search 2-15
2026-10-08 13:46:42,502 INFO o.a.j.t.JMeterThread: Thread started: Agent search 2-16
2026-10-08 13:46:42,520 INFO o.a.j.t.JMeterThread: Thread is done: Agent search 2-16
2026-10-08 13:46:42,520 INFO o.a.j.t.JMeterThread: Thread finished: Agent search 2-16
2026-10-08 13:46:59,108 INFO o.a.j.t.JMeterThread: Thread started: Agent search 2-17
2026-10-08 13:46:59,120 INFO o.a.j.t.JMeterThread: Thread is done: Agent search 2-17
2026-10-08 13:46:59,120 INFO o.a.j.t.JMeterThread: Thread finished: Agent search 2-17
2026-10-08 13:47:18,661 INFO o.a.j.t.JMeterThread: Thread started: Agent search 2-18
2026-10-08 13:47:18,672 INFO o.a.j.t.JMeterThread: Thread is done: Agent search 2-18
2026-10-08 13:47:18,672 INFO o.a.j.t.JMeterThread: Thread finished: Agent search 2-18
2026-10-08 13:47:22,863 INFO o.a.j.t.JMeterThread: Thread started: Agent search 2-19
2026-10-08 13:47:22,875 INFO o.a.j.t.JMeterThread: Thread is done: Agent search 2-19
2026-10-08 13:47:22,875 INFO o.a.j.t.JMeterThread: Thread finished: Agent search 2-19
2026-10-08 13:47:39,267 INFO o.a.j.t.JMeterThread: Thread started: Agent search 2-20
2026-10-08 13:47:39,279 INFO o.a.j.t.JMeterThread: Thread is done: Agent search 2-20
2026-10-08 13:47:39,279 INFO o.a.j.t.JMeterThread: Thread finished: Agent search 2-20
2026-10-08 13:47:39,669 INFO o.a.j.t.JMeterThread: Thread started: Intake 1-3
2026-10-08 13:47:39,907 INFO o.a.j.t.JMeterThread: Thread started: Agent search 2-21
2026-10-08 13:47:39,924 INFO o.a.j.t.JMeterThread: Thread is done: Agent search 2-21
2026-10-08 13:47:39,924 INFO o.a.j.t.JMeterThread: Thread finished: Agent search 2-21
2026-10-08 13:47:42,026 INFO o.a.j.t.JMeterThread: Thread is done: Intake 1-3
2026-10-08 13:47:42,026 INFO o.a.j.t.JMeterThread: Thread finished: Intake 1-3
2026-10-08 13:47:58,365 INFO o.a.j.t.JMeterThread: Thread started: Intake 1-4
2026-10-08 13:47:59,599 INFO o.a.j.t.JMeterThread: Thread is done: Intake 1-4
2026-10-08 13:47:59,599 INFO o.a.j.t.JMeterThread: Thread finished: Intake 1-4
2026-10-08 13:48:15,024 INFO o.a.j.t.JMeterThread: Thread started: Agent search 2-22
2026-10-08 13:48:15,036 INFO o.a.j.t.JMeterThread: Thread is done: Agent search 2-22
2026-10-08 13:48:15,037 INFO o.a.j.t.JMeterThread: Thread finished: Agent search 2-22
2026-10-08 13:48:23,532 INFO o.a.j.t.JMeterThread: Thread started: Intake 1-5
2026-10-08 13:48:25,511 INFO o.a.j.t.JMeterThread: Thread is done: Intake 1-5
2026-10-08 13:48:25,511 INFO o.a.j.t.JMeterThread: Thread finished: Intake 1-5
2026-10-08 13:48:44,900 INFO o.a.j.t.JMeterThread: Thread started: Agent search 2-23
2026-10-08 13:48:44,913 INFO o.a.j.t.JMeterThread: Thread is done: Agent search 2-23
2026-10-08 13:48:44,914 INFO o.a.j.t.JMeterThread: Thread finished: Agent search 2-23
2026-10-08 13:49:03,209 INFO o.a.j.t.JMeterThread: Thread started: Agent search 2-24
2026-10-08 13:49:03,221 INFO o.a.j.r.Summariser: summary +     27 in 00:04:28 =    0.1/s Avg:   259 Min:     9 Max:  2355 Err:     0 (0.00%) Active: 1 Started: 34 Finished: 33
2026-10-08 13:49:03,222 INFO o.a.j.r.Summariser: summary =     34 in 00:05:42 =    0.1/s Avg:   280 Min:     9 Max:  2456 Err:     0 (0.00%)
2026-10-08 13:49:03,223 INFO o.a.j.t.JMeterThread: Thread is done: Agent search 2-24
2026-10-08 13:49:03,223 INFO o.a.j.t.JMeterThread: Thread finished: Agent search 2-24
2026-10-08 13:49:40,998 INFO o.a.j.t.JMeterThread: Thread started: Intake 1-6
2026-10-08 13:49:42,909 INFO o.a.j.t.JMeterThread: Thread is done: Intake 1-6
2026-10-08 13:49:42,909 INFO o.a.j.t.JMeterThread: Thread finished: Intake 1-6
2026-10-08 13:49:47,623 INFO o.a.j.t.JMeterThread: Thread started: Agent search 2-25
2026-10-08 13:49:47,636 INFO o.a.j.t.JMeterThread: Thread is done: Agent search 2-25
2026-10-08 13:49:47,637 INFO o.a.j.t.JMeterThread: Thread finished: Agent search 2-25
2026-10-08 13:49:49,357 INFO o.a.j.t.JMeterThread: Thread started: Agent search 2-26
2026-10-08 13:49:49,376 INFO o.a.j.t.JMeterThread: Thread is done: Agent search 2-26
2026-10-08 13:49:49,377 INFO o.a.j.t.JMeterThread: Thread finished: Agent search 2-26
2026-10-08 13:49:51,855 INFO o.a.j.t.JMeterThread: Thread started: Agent search 2-27
2026-10-08 13:49:51,869 INFO o.a.j.t.JMeterThread: Thread is done: Agent search 2-27
2026-10-08 13:49:51,870 INFO o.a.j.t.JMeterThread: Thread finished: Agent search 2-27
2026-10-08 13:49:56,080 INFO o.a.j.t.JMeterThread: Thread started: Agent search 2-28
2026-10-08 13:49:56,096 INFO o.a.j.t.JMeterThread: Thread is done: Agent search 2-28
2026-10-08 13:49:56,096 INFO o.a.j.t.JMeterThread: Thread finished: Agent search 2-28
2026-10-08 13:50:29,999 INFO o.a.j.t.JMeterThread: Thread started: Dashboard 3-6
2026-10-08 13:50:30,016 INFO o.a.j.r.Summariser: summary +      6 in 00:01:27 =    0.1/s Avg:   329 Min:     9 Max:  1908 Err:     0 (0.00%) Active: 1 Started: 40 Finished: 39
2026-10-08 13:50:30,018 INFO o.a.j.r.Summariser: summary =     40 in 00:07:09 =    0.1/s Avg:   287 Min:     9 Max:  2456 Err:     0 (0.00%)
2026-10-08 13:50:30,018 INFO o.a.j.t.JMeterThread: Thread is done: Dashboard 3-6
2026-10-08 13:50:30,018 INFO o.a.j.t.JMeterThread: Thread finished: Dashboard 3-6
2026-10-08 13:50:35,620 INFO o.a.j.t.JMeterThread: Thread started: Agent search 2-29
2026-10-08 13:50:35,636 INFO o.a.j.t.JMeterThread: Thread is done: Agent search 2-29
2026-10-08 13:50:35,637 INFO o.a.j.t.JMeterThread: Thread finished: Agent search 2-29
2026-10-08 13:50:43,103 INFO o.a.j.t.JMeterThread: Thread started: Agent search 2-30
2026-10-08 13:50:43,119 INFO o.a.j.t.JMeterThread: Thread is done: Agent search 2-30
2026-10-08 13:50:43,120 INFO o.a.j.t.JMeterThread: Thread finished: Agent search 2-30
2026-10-08 13:50:55,668 INFO o.a.j.t.JMeterThread: Thread started: Intake 1-7
2026-10-08 13:50:57,330 INFO o.a.j.t.JMeterThread: Thread is done: Intake 1-7
2026-10-08 13:50:57,330 INFO o.a.j.t.JMeterThread: Thread finished: Intake 1-7
2026-10-08 13:51:14,644 INFO o.a.j.t.JMeterThread: Thread started: Intake 1-8
2026-10-08 13:51:16,083 INFO o.a.j.t.JMeterThread: Thread is done: Intake 1-8
2026-10-08 13:51:16,084 INFO o.a.j.t.JMeterThread: Thread finished: Intake 1-8
2026-10-08 13:52:01,820 INFO o.a.j.t.JMeterThread: Thread started: Agent search 2-31
2026-10-08 13:52:01,836 INFO o.a.j.r.Summariser: summary +      5 in 00:01:32 =    0.1/s Avg:   627 Min:    13 Max:  1657 Err:     0 (0.00%) Active: 1 Started: 45 Finished: 44
2026-10-08 13:52:01,837 INFO o.a.j.r.Summariser: summary =     45 in 00:08:41 =    0.1/s Avg:   325 Min:     9 Max:  2456 Err:     0 (0.00%)
2026-10-08 13:52:01,837 INFO o.a.j.t.JMeterThread: Thread is done: Agent search 2-31
2026-10-08 13:52:01,837 INFO o.a.j.t.JMeterThread: Thread finished: Agent search 2-31
2026-10-08 13:52:07,457 INFO o.a.j.t.JMeterThread: Thread started: Agent search 2-32
2026-10-08 13:52:07,470 INFO o.a.j.t.JMeterThread: Thread is done: Agent search 2-32
2026-10-08 13:52:07,470 INFO o.a.j.t.JMeterThread: Thread finished: Agent search 2-32
2026-10-08 13:52:35,328 INFO o.a.j.t.JMeterThread: Thread started: Dashboard 3-7
2026-10-08 13:52:35,342 INFO o.a.j.r.Summariser: summary +      2 in 00:00:34 =    0.1/s Avg:    10 Min:    10 Max:    11 Err:     0 (0.00%) Active: 1 Started: 47 Finished: 46
2026-10-08 13:52:35,344 INFO o.a.j.r.Summariser: summary =     47 in 00:09:14 =    0.1/s Avg:   312 Min:     9 Max:  2456 Err:     0 (0.00%)
2026-10-08 13:52:35,344 INFO o.a.j.t.JMeterThread: Thread is done: Dashboard 3-7
2026-10-08 13:52:35,344 INFO o.a.j.t.JMeterThread: Thread finished: Dashboard 3-7
2026-10-08 13:52:36,365 INFO o.a.j.t.JMeterThread: Thread started: Agent search 2-33
2026-10-08 13:52:36,374 INFO o.a.j.t.JMeterThread: Thread is done: Agent search 2-33
2026-10-08 13:52:36,375 INFO o.a.j.t.JMeterThread: Thread finished: Agent search 2-33
2026-10-08 13:52:53,199 INFO o.a.j.t.JMeterThread: Thread started: Agent search 2-34
2026-10-08 13:52:53,213 INFO o.a.j.t.JMeterThread: Thread is done: Agent search 2-34
2026-10-08 13:52:53,213 INFO o.a.j.t.JMeterThread: Thread finished: Agent search 2-34
2026-10-08 13:53:03,596 INFO o.a.j.t.JMeterThread: Thread started: Agent search 2-35
2026-10-08 13:53:03,615 INFO o.a.j.r.Summariser: summary +      3 in 00:00:28 =    0.1/s Avg:    11 Min:     7 Max:    15 Err:     0 (0.00%) Active: 1 Started: 50 Finished: 49
2026-10-08 13:53:03,617 INFO o.a.j.r.Summariser: summary =     50 in 00:09:42 =    0.1/s Avg:   294 Min:     7 Max:  2456 Err:     0 (0.00%)
2026-10-08 13:53:03,617 INFO o.a.j.t.JMeterThread: Thread is done: Agent search 2-35
2026-10-08 13:53:03,618 INFO o.a.j.t.JMeterThread: Thread finished: Agent search 2-35
2026-10-08 13:53:04,230 INFO o.a.j.t.JMeterThread: Thread started: Agent search 2-36
2026-10-08 13:53:04,245 INFO o.a.j.t.JMeterThread: Thread is done: Agent search 2-36
2026-10-08 13:53:04,246 INFO o.a.j.t.JMeterThread: Thread finished: Agent search 2-36
2026-10-08 13:53:11,141 INFO o.a.j.t.JMeterThread: Thread started: Dashboard 3-8
2026-10-08 13:53:11,157 INFO o.a.j.t.JMeterThread: Thread is done: Dashboard 3-8
2026-10-08 13:53:11,157 INFO o.a.j.t.JMeterThread: Thread finished: Dashboard 3-8
2026-10-08 13:53:24,598 INFO o.a.j.t.JMeterThread: Thread started: Intake 1-9
2026-10-08 13:53:25,648 INFO o.a.j.t.JMeterThread: Thread is done: Intake 1-9
2026-10-08 13:53:25,648 INFO o.a.j.t.JMeterThread: Thread finished: Intake 1-9
2026-10-08 13:53:44,442 INFO o.a.j.t.JMeterThread: Thread started: Dashboard 3-9
2026-10-08 13:53:44,455 INFO o.a.j.t.JMeterThread: Thread is done: Dashboard 3-9
2026-10-08 13:53:44,455 INFO o.a.j.t.JMeterThread: Thread finished: Dashboard 3-9
2026-10-08 13:54:00,060 INFO o.a.j.t.JMeterThread: Thread started: Agent search 2-37
2026-10-08 13:54:00,072 INFO o.a.j.r.Summariser: summary +      5 in 00:00:56 =    0.1/s Avg:   218 Min:     9 Max:  1047 Err:     0 (0.00%) Active: 1 Started: 55 Finished: 54
2026-10-08 13:54:00,072 INFO o.a.j.r.Summariser: summary =     55 in 00:10:39 =    0.1/s Avg:   287 Min:     7 Max:  2456 Err:     0 (0.00%)
2026-10-08 13:54:00,073 INFO o.a.j.t.JMeterThread: Thread is done: Agent search 2-37
2026-10-08 13:54:00,073 INFO o.a.j.t.JMeterThread: Thread finished: Agent search 2-37
2026-10-08 13:54:06,562 INFO o.a.j.t.JMeterThread: Thread started: Agent search 2-38
2026-10-08 13:54:06,578 INFO o.a.j.t.JMeterThread: Thread is done: Agent search 2-38
2026-10-08 13:54:06,578 INFO o.a.j.t.JMeterThread: Thread finished: Agent search 2-38
2026-10-08 13:54:19,979 INFO o.a.j.t.JMeterThread: Thread started: Agent search 2-39
2026-10-08 13:54:19,991 INFO o.a.j.t.JMeterThread: Thread is done: Agent search 2-39
2026-10-08 13:54:19,991 INFO o.a.j.t.JMeterThread: Thread finished: Agent search 2-39
2026-10-08 13:54:24,624 INFO o.a.j.t.JMeterThread: Thread started: Agent search 2-40
2026-10-08 13:54:24,635 INFO o.a.j.t.JMeterThread: Thread is done: Agent search 2-40
2026-10-08 13:54:24,635 INFO o.a.j.t.JMeterThread: Thread finished: Agent search 2-40
2026-10-08 13:54:29,374 INFO o.a.j.t.JMeterThread: Thread started: Intake 1-10
2026-10-08 13:54:31,026 INFO o.a.j.r.Summariser: summary +      4 in 00:00:31 =    0.1/s Avg:   420 Min:     9 Max:  1649 Err:     0 (0.00%) Active: 1 Started: 59 Finished: 58
2026-10-08 13:54:31,027 INFO o.a.j.r.Summariser: summary =     59 in 00:11:10 =    0.1/s Avg:   296 Min:     7 Max:  2456 Err:     0 (0.00%)
2026-10-08 13:54:31,028 INFO o.a.j.t.JMeterThread: Thread is done: Intake 1-10
2026-10-08 13:54:31,028 INFO o.a.j.t.JMeterThread: Thread finished: Intake 1-10
2026-10-08 13:54:41,886 INFO o.a.j.t.JMeterThread: Thread started: Dashboard 3-10
2026-10-08 13:54:41,900 INFO o.a.j.t.JMeterThread: Thread is done: Dashboard 3-10
2026-10-08 13:54:41,900 INFO o.a.j.t.JMeterThread: Thread finished: Dashboard 3-10
2026-10-08 13:55:02,491 INFO o.a.j.t.JMeterThread: Thread started: Agent search 2-41
2026-10-08 13:55:02,508 INFO o.a.j.r.Summariser: summary +      2 in 00:00:31 =    0.1/s Avg:    11 Min:    10 Max:    12 Err:     0 (0.00%) Active: 1 Started: 61 Finished: 60
2026-10-08 13:55:02,509 INFO o.a.j.r.Summariser: summary =     61 in 00:11:41 =    0.1/s Avg:   286 Min:     7 Max:  2456 Err:     0 (0.00%)
2026-10-08 13:55:02,510 INFO o.a.j.t.JMeterThread: Thread is done: Agent search 2-41
2026-10-08 13:55:02,510 INFO o.a.j.t.JMeterThread: Thread finished: Agent search 2-41
2026-10-08 13:55:07,237 INFO o.a.j.t.JMeterThread: Thread started: Dashboard 3-11
2026-10-08 13:55:07,249 INFO o.a.j.t.JMeterThread: Thread is done: Dashboard 3-11
2026-10-08 13:55:07,249 INFO o.a.j.t.JMeterThread: Thread finished: Dashboard 3-11
2026-10-08 13:55:10,893 INFO o.a.j.t.JMeterThread: Thread started: Dashboard 3-12
2026-10-08 13:55:10,906 INFO o.a.j.t.JMeterThread: Thread is done: Dashboard 3-12
2026-10-08 13:55:10,906 INFO o.a.j.t.JMeterThread: Thread finished: Dashboard 3-12
2026-10-08 13:55:55,486 INFO o.a.j.t.JMeterThread: Thread started: Agent search 2-42
2026-10-08 13:55:55,500 INFO o.a.j.t.JMeterThread: Thread is done: Agent search 2-42
2026-10-08 13:55:55,500 INFO o.a.j.t.JMeterThread: Thread finished: Agent search 2-42
2026-10-08 13:56:04,199 INFO o.a.j.t.JMeterThread: Thread started: Agent search 2-43
2026-10-08 13:56:04,211 INFO o.a.j.r.Summariser: summary +      4 in 00:01:02 =    0.1/s Avg:    10 Min:     9 Max:    11 Err:     0 (0.00%) Active: 1 Started: 65 Finished: 64
2026-10-08 13:56:04,212 INFO o.a.j.r.Summariser: summary =     65 in 00:12:43 =    0.1/s Avg:   269 Min:     7 Max:  2456 Err:     0 (0.00%)
2026-10-08 13:56:04,213 INFO o.a.j.t.JMeterThread: Thread is done: Agent search 2-43
2026-10-08 13:56:04,213 INFO o.a.j.t.JMeterThread: Thread finished: Agent search 2-43
2026-10-08 13:56:13,345 INFO o.a.j.t.JMeterThread: Thread started: Agent search 2-44
2026-10-08 13:56:13,358 INFO o.a.j.t.JMeterThread: Thread is done: Agent search 2-44
2026-10-08 13:56:13,358 INFO o.a.j.t.JMeterThread: Thread finished: Agent search 2-44
2026-10-08 13:56:32,015 INFO o.a.j.t.JMeterThread: Thread started: Intake 1-11
2026-10-08 13:56:34,360 INFO o.a.j.r.Summariser: summary +      2 in 00:00:30 =    0.1/s Avg:  1177 Min:    13 Max:  2341 Err:     0 (0.00%) Active: 1 Started: 67 Finished: 66
2026-10-08 13:56:34,361 INFO o.a.j.r.Summariser: summary =     67 in 00:13:13 =    0.1/s Avg:   297 Min:     7 Max:  2456 Err:     0 (0.00%)
2026-10-08 13:56:34,362 INFO o.a.j.t.JMeterThread: Thread is done: Intake 1-11
2026-10-08 13:56:34,362 INFO o.a.j.t.JMeterThread: Thread finished: Intake 1-11
2026-10-08 13:56:38,344 INFO o.a.j.t.JMeterThread: Thread started: Agent search 2-45
2026-10-08 13:56:38,357 INFO o.a.j.t.JMeterThread: Thread is done: Agent search 2-45
2026-10-08 13:56:38,357 INFO o.a.j.t.JMeterThread: Thread finished: Agent search 2-45
2026-10-08 13:57:12,739 INFO o.a.j.t.JMeterThread: Thread started: Agent search 2-46
2026-10-08 13:57:12,757 INFO o.a.j.t.JMeterThread: Thread is done: Agent search 2-46
2026-10-08 13:57:12,757 INFO o.a.j.t.JMeterThread: Thread finished: Agent search 2-46
2026-10-08 13:57:18,048 INFO o.a.j.t.JMeterThread: Thread started: Agent search 2-47
2026-10-08 13:57:18,061 INFO o.a.j.t.JMeterThread: Thread is done: Agent search 2-47
2026-10-08 13:57:18,061 INFO o.a.j.t.JMeterThread: Thread finished: Agent search 2-47
2026-10-08 13:57:19,016 INFO o.a.j.t.JMeterThread: Thread started: Dashboard 3-13
2026-10-08 13:57:19,032 INFO o.a.j.t.JMeterThread: Thread is done: Dashboard 3-13
2026-10-08 13:57:19,032 INFO o.a.j.t.JMeterThread: Thread finished: Dashboard 3-13
2026-10-08 13:57:38,249 INFO o.a.j.t.JMeterThread: Thread started: Intake 1-12
2026-10-08 13:57:40,114 INFO o.a.j.t.JMeterThread: Thread is done: Intake 1-12
2026-10-08 13:57:40,114 INFO o.a.j.t.JMeterThread: Thread finished: Intake 1-12
2026-10-08 13:57:59,672 INFO o.a.j.t.JMeterThread: Thread started: Agent search 2-48
2026-10-08 13:57:59,684 INFO o.a.j.t.JMeterThread: Thread is done: Agent search 2-48
2026-10-08 13:57:59,684 INFO o.a.j.t.JMeterThread: Thread finished: Agent search 2-48
2026-10-08 13:58:10,526 INFO o.a.j.t.JMeterThread: Thread started: Dashboard 3-14
2026-10-08 13:58:10,538 INFO o.a.j.t.JMeterThread: Thread is done: Dashboard 3-14
2026-10-08 13:58:10,538 INFO o.a.j.t.JMeterThread: Thread finished: Dashboard 3-14
2026-10-08 13:58:32,231 INFO o.a.j.t.JMeterThread: Thread started: Agent search 2-49
2026-10-08 13:58:32,249 INFO o.a.j.r.Summariser: summary +      8 in 00:01:58 =    0.1/s Avg:   244 Min:    10 Max:  1864 Err:     0 (0.00%) Active: 1 Started: 75 Finished: 74
2026-10-08 13:58:32,249 INFO o.a.j.r.Summariser: summary =     75 in 00:15:11 =    0.1/s Avg:   291 Min:     7 Max:  2456 Err:     0 (0.00%)
2026-10-08 13:58:32,250 INFO o.a.j.t.JMeterThread: Thread is done: Agent search 2-49
2026-10-08 13:58:32,250 INFO o.a.j.t.JMeterThread: Thread finished: Agent search 2-49
2026-10-08 13:58:45,072 INFO o.a.j.t.JMeterThread: Thread started: Agent search 2-50
2026-10-08 13:58:45,084 INFO o.a.j.t.JMeterThread: Thread is done: Agent search 2-50
2026-10-08 13:58:45,084 INFO o.a.j.t.JMeterThread: Thread finished: Agent search 2-50
2026-10-08 13:58:54,809 INFO o.a.j.t.JMeterThread: Thread started: Agent search 2-51
2026-10-08 13:58:54,822 INFO o.a.j.t.JMeterThread: Thread is done: Agent search 2-51
2026-10-08 13:58:54,822 INFO o.a.j.t.JMeterThread: Thread finished: Agent search 2-51
2026-10-08 13:58:58,655 INFO o.a.j.t.JMeterThread: Thread started: Agent search 2-52
2026-10-08 13:58:58,669 INFO o.a.j.t.JMeterThread: Thread is done: Agent search 2-52
2026-10-08 13:58:58,669 INFO o.a.j.t.JMeterThread: Thread finished: Agent search 2-52
2026-10-08 13:59:13,890 INFO o.a.j.t.JMeterThread: Thread started: Agent search 2-53
2026-10-08 13:59:13,903 INFO o.a.j.t.JMeterThread: Thread is done: Agent search 2-53
2026-10-08 13:59:13,903 INFO o.a.j.t.JMeterThread: Thread finished: Agent search 2-53
2026-10-08 13:59:15,113 INFO o.a.j.t.JMeterThread: Thread started: Intake 1-13
2026-10-08 13:59:16,609 INFO o.a.j.t.JMeterThread: Thread is done: Intake 1-13
2026-10-08 13:59:16,609 INFO o.a.j.t.JMeterThread: Thread finished: Intake 1-13
2026-10-08 13:59:30,540 INFO o.a.j.t.JMeterThread: Thread started: Dashboard 3-15
2026-10-08 13:59:30,553 INFO o.a.j.r.Summariser: summary +      6 in 00:00:58 =    0.1/s Avg:   258 Min:    10 Max:  1494 Err:     0 (0.00%) Active: 1 Started: 81 Finished: 80
2026-10-08 13:59:30,554 INFO o.a.j.r.Summariser: summary =     81 in 00:16:09 =    0.1/s Avg:   288 Min:     7 Max:  2456 Err:     0 (0.00%)
2026-10-08 13:59:30,554 INFO o.a.j.t.JMeterThread: Thread is done: Dashboard 3-15
2026-10-08 13:59:30,554 INFO o.a.j.t.JMeterThread: Thread finished: Dashboard 3-15
2026-10-08 13:59:34,982 INFO o.a.j.t.JMeterThread: Thread started: Dashboard 3-16
2026-10-08 13:59:34,995 INFO o.a.j.t.JMeterThread: Thread is done: Dashboard 3-16
2026-10-08 13:59:34,995 INFO o.a.j.t.JMeterThread: Thread finished: Dashboard 3-16
2026-10-08 13:59:35,466 INFO o.a.j.t.JMeterThread: Thread started: Intake 1-14
2026-10-08 13:59:36,505 INFO o.a.j.t.JMeterThread: Thread is done: Intake 1-14
2026-10-08 13:59:36,505 INFO o.a.j.t.JMeterThread: Thread finished: Intake 1-14
2026-10-08 13:59:36,822 INFO o.a.j.t.JMeterThread: Thread started: Agent search 2-54
2026-10-08 13:59:36,837 INFO o.a.j.t.JMeterThread: Thread is done: Agent search 2-54
2026-10-08 13:59:36,837 INFO o.a.j.t.JMeterThread: Thread finished: Agent search 2-54
2026-10-08 13:59:43,711 INFO o.a.j.t.JMeterThread: Thread started: Intake 1-15
2026-10-08 13:59:43,904 INFO o.a.j.t.JMeterThread: Thread started: Agent search 2-55
2026-10-08 13:59:43,919 INFO o.a.j.t.JMeterThread: Thread is done: Agent search 2-55
2026-10-08 13:59:43,919 INFO o.a.j.t.JMeterThread: Thread finished: Agent search 2-55
2026-10-08 13:59:45,570 INFO o.a.j.t.JMeterThread: Thread is done: Intake 1-15
2026-10-08 13:59:45,570 INFO o.a.j.t.JMeterThread: Thread finished: Intake 1-15
2026-10-08 13:59:55,897 INFO o.a.j.t.JMeterThread: Thread started: Agent search 2-56
2026-10-08 13:59:55,909 INFO o.a.j.t.JMeterThread: Thread is done: Agent search 2-56
2026-10-08 13:59:55,910 INFO o.a.j.t.JMeterThread: Thread finished: Agent search 2-56
2026-10-08 14:00:04,107 INFO o.a.j.t.JMeterThread: Thread started: Agent search 2-57
2026-10-08 14:00:04,122 INFO o.a.j.r.Summariser: summary +      7 in 00:00:34 =    0.2/s Avg:   422 Min:    11 Max:  1855 Err:     0 (0.00%) Active: 1 Started: 88 Finished: 87
2026-10-08 14:00:04,122 INFO o.a.j.r.Summariser: summary =     88 in 00:16:43 =    0.1/s Avg:   299 Min:     7 Max:  2456 Err:     0 (0.00%)
2026-10-08 14:00:04,122 INFO o.a.j.t.JMeterThread: Thread is done: Agent search 2-57
2026-10-08 14:00:04,122 INFO o.a.j.t.JMeterThread: Thread finished: Agent search 2-57
2026-10-08 14:00:17,779 INFO o.a.j.t.JMeterThread: Thread started: Agent search 2-58
2026-10-08 14:00:17,792 INFO o.a.j.t.JMeterThread: Thread is done: Agent search 2-58
2026-10-08 14:00:17,792 INFO o.a.j.t.JMeterThread: Thread finished: Agent search 2-58
2026-10-08 14:00:26,781 INFO o.a.j.t.JMeterThread: Thread started: Dashboard 3-17
2026-10-08 14:00:26,792 INFO o.a.j.t.JMeterThread: Thread is done: Dashboard 3-17
2026-10-08 14:00:26,792 INFO o.a.j.t.JMeterThread: Thread finished: Dashboard 3-17
2026-10-08 14:00:35,574 INFO o.a.j.t.JMeterThread: Thread started: Dashboard 3-18
2026-10-08 14:00:35,586 INFO o.a.j.r.Summariser: summary +      3 in 00:00:31 =    0.1/s Avg:    10 Min:    10 Max:    11 Err:     0 (0.00%) Active: 1 Started: 91 Finished: 90
2026-10-08 14:00:35,586 INFO o.a.j.r.Summariser: summary =     91 in 00:17:14 =    0.1/s Avg:   290 Min:     7 Max:  2456 Err:     0 (0.00%)
2026-10-08 14:00:35,586 INFO o.a.j.t.JMeterThread: Thread is done: Dashboard 3-18
2026-10-08 14:00:35,586 INFO o.a.j.t.JMeterThread: Thread finished: Dashboard 3-18
2026-10-08 14:00:53,203 INFO o.a.j.t.JMeterThread: Thread started: Agent search 2-59
2026-10-08 14:00:53,217 INFO o.a.j.t.JMeterThread: Thread is done: Agent search 2-59
2026-10-08 14:00:53,218 INFO o.a.j.t.JMeterThread: Thread finished: Agent search 2-59
2026-10-08 14:01:21,980 INFO o.a.j.t.JMeterThread: Thread started: Agent search 2-60
2026-10-08 14:01:21,989 INFO o.a.j.t.JMeterThread: Thread is done: Agent search 2-60
2026-10-08 14:01:21,989 INFO o.a.j.t.JMeterThread: Thread finished: Agent search 2-60
2026-10-08 14:01:29,214 INFO o.a.j.t.JMeterThread: Thread started: Agent search 2-61
2026-10-08 14:01:29,228 INFO o.a.j.t.JMeterThread: Thread is done: Agent search 2-61
2026-10-08 14:01:29,229 INFO o.a.j.t.JMeterThread: Thread finished: Agent search 2-61
2026-10-08 14:01:34,650 INFO o.a.j.t.o.OpenModelThreadGroup: There will be no more events, so will wait for 106 sec till the end of the schedule
2026-10-08 14:01:34,651 INFO o.a.j.t.JMeterThread: Thread started: Intake 1-16
2026-10-08 14:01:37,045 INFO o.a.j.t.JMeterThread: Thread is done: Intake 1-16
2026-10-08 14:01:37,045 INFO o.a.j.t.JMeterThread: Thread finished: Intake 1-16
2026-10-08 14:01:53,342 INFO o.a.j.t.JMeterThread: Thread started: Agent search 2-62
2026-10-08 14:01:53,358 INFO o.a.j.t.JMeterThread: Thread is done: Agent search 2-62
2026-10-08 14:01:53,358 INFO o.a.j.t.JMeterThread: Thread finished: Agent search 2-62
2026-10-08 14:02:05,276 INFO o.a.j.t.JMeterThread: Thread started: Dashboard 3-19
2026-10-08 14:02:05,292 INFO o.a.j.r.Summariser: summary +      6 in 00:01:30 =    0.1/s Avg:   407 Min:     8 Max:  2390 Err:     0 (0.00%) Active: 1 Started: 97 Finished: 96
2026-10-08 14:02:05,295 INFO o.a.j.r.Summariser: summary =     97 in 00:18:44 =    0.1/s Avg:   297 Min:     7 Max:  2456 Err:     0 (0.00%)
2026-10-08 14:02:05,295 INFO o.a.j.t.JMeterThread: Thread is done: Dashboard 3-19
2026-10-08 14:02:05,295 INFO o.a.j.t.JMeterThread: Thread finished: Dashboard 3-19
2026-10-08 14:02:13,227 INFO o.a.j.t.JMeterThread: Thread started: Agent search 2-63
2026-10-08 14:02:13,243 INFO o.a.j.t.JMeterThread: Thread is done: Agent search 2-63
2026-10-08 14:02:13,243 INFO o.a.j.t.JMeterThread: Thread finished: Agent search 2-63
2026-10-08 14:02:23,730 INFO o.a.j.t.JMeterThread: Thread started: Agent search 2-64
2026-10-08 14:02:23,747 INFO o.a.j.t.JMeterThread: Thread is done: Agent search 2-64
2026-10-08 14:02:23,747 INFO o.a.j.t.JMeterThread: Thread finished: Agent search 2-64
2026-10-08 14:02:24,332 INFO o.a.j.t.JMeterThread: Thread started: Agent search 2-65
2026-10-08 14:02:24,348 INFO o.a.j.t.JMeterThread: Thread is done: Agent search 2-65
2026-10-08 14:02:24,348 INFO o.a.j.t.JMeterThread: Thread finished: Agent search 2-65
2026-10-08 14:02:27,735 INFO o.a.j.t.JMeterThread: Thread started: Agent search 2-66
2026-10-08 14:02:27,750 INFO o.a.j.t.JMeterThread: Thread is done: Agent search 2-66
2026-10-08 14:02:27,750 INFO o.a.j.t.JMeterThread: Thread finished: Agent search 2-66
2026-10-08 14:02:48,408 INFO o.a.j.t.JMeterThread: Thread started: Agent search 2-67
2026-10-08 14:02:48,424 INFO o.a.j.t.JMeterThread: Thread is done: Agent search 2-67
2026-10-08 14:02:48,424 INFO o.a.j.t.JMeterThread: Thread finished: Agent search 2-67
2026-10-08 14:02:53,449 INFO o.a.j.t.o.OpenModelThreadGroup: There will be no more events, so will wait for 27 sec till the end of the schedule
2026-10-08 14:02:53,449 INFO o.a.j.t.JMeterThread: Thread started: Dashboard 3-20
2026-10-08 14:02:53,461 INFO o.a.j.t.JMeterThread: Thread is done: Dashboard 3-20
2026-10-08 14:02:53,462 INFO o.a.j.t.JMeterThread: Thread finished: Dashboard 3-20
2026-10-08 14:03:03,403 INFO o.a.j.t.JMeterThread: Thread started: Agent search 2-68
2026-10-08 14:03:03,417 INFO o.a.j.r.Summariser: summary +      7 in 00:00:58 =    0.1/s Avg:    13 Min:    10 Max:    15 Err:     0 (0.00%) Active: 1 Started: 104 Finished: 103
2026-10-08 14:03:03,418 INFO o.a.j.r.Summariser: summary =    104 in 00:19:42 =    0.1/s Avg:   278 Min:     7 Max:  2456 Err:     0 (0.00%)
2026-10-08 14:03:03,418 INFO o.a.j.t.JMeterThread: Thread is done: Agent search 2-68
2026-10-08 14:03:03,418 INFO o.a.j.t.JMeterThread: Thread finished: Agent search 2-68
2026-10-08 14:03:11,586 INFO o.a.j.t.JMeterThread: Thread started: Agent search 2-69
2026-10-08 14:03:11,604 INFO o.a.j.t.JMeterThread: Thread is done: Agent search 2-69
2026-10-08 14:03:11,605 INFO o.a.j.t.JMeterThread: Thread finished: Agent search 2-69
2026-10-08 14:03:11,997 INFO o.a.j.t.JMeterThread: Thread started: Agent search 2-70
2026-10-08 14:03:12,006 INFO o.a.j.t.JMeterThread: Thread is done: Agent search 2-70
2026-10-08 14:03:12,007 INFO o.a.j.t.JMeterThread: Thread finished: Agent search 2-70
2026-10-08 14:03:15,693 INFO o.a.j.t.o.OpenModelThreadGroup: There will be no more events, so will wait for 5 sec till the end of the schedule
2026-10-08 14:03:15,693 INFO o.a.j.t.JMeterThread: Thread started: Agent search 2-71
2026-10-08 14:03:15,706 INFO o.a.j.t.JMeterThread: Thread is done: Agent search 2-71
2026-10-08 14:03:15,706 INFO o.a.j.t.JMeterThread: Thread finished: Agent search 2-71
2026-10-08 14:03:21,274 INFO o.a.j.t.o.OpenModelThreadGroup: There will be no more events, will shutdown the thread pool
2026-10-08 14:03:21,274 INFO o.a.j.t.o.OpenModelThreadGroup: Thread starting done
2026-10-08 14:03:21,275 INFO o.a.j.t.o.OpenModelThreadGroup: There will be no more events, will shutdown the thread pool
2026-10-08 14:03:21,275 INFO o.a.j.t.o.OpenModelThreadGroup: Thread starting done
2026-10-08 14:03:21,276 INFO o.a.j.t.o.OpenModelThreadGroup: There will be no more events, will shutdown the thread pool
2026-10-08 14:03:21,276 INFO o.a.j.t.o.OpenModelThreadGroup: Thread starting done
2026-10-08 14:03:21,276 INFO o.a.j.e.StandardJMeterEngine: Notifying test listeners of end of test
2026-10-08 14:03:21,276 INFO o.a.j.s.FileServer: Close: narratives.txt
2026-10-08 14:03:21,276 INFO o.a.j.s.FileServer: Close: search_terms.csv
2026-10-08 14:03:21,277 INFO o.a.j.r.Summariser: summary +      3 in 00:00:18 =    0.2/s Avg:    12 Min:    10 Max:    16 Err:     0 (0.00%) Active: 0 Started: 107 Finished: 107
2026-10-08 14:03:21,277 INFO o.a.j.r.Summariser: summary =    107 in 00:20:00 =    0.1/s Avg:   270 Min:     7 Max:  2456 Err:     0 (0.00%)
