2026-10-08 21:14:02,904 INFO o.a.j.u.JMeterUtils: Setting Locale to en_EN
2026-10-08 21:14:02,915 INFO o.a.j.JMeter: Loading user properties from: C:\apache-jmeter-5.6.3\bin\user.properties
2026-10-08 21:14:02,915 INFO o.a.j.JMeter: Loading system properties from: C:\apache-jmeter-5.6.3\bin\system.properties
2026-10-08 21:14:02,916 INFO o.a.j.JMeter: Setting JMeter property: host=192.168.50.104
2026-10-08 21:14:02,916 INFO o.a.j.JMeter: Setting JMeter property: ticket_rate=100
2026-10-08 21:14:02,916 INFO o.a.j.JMeter: Setting JMeter property: search_rate=214
2026-10-08 21:14:02,916 INFO o.a.j.JMeter: Setting JMeter property: stats_rate=60
2026-10-08 21:14:02,916 INFO o.a.j.JMeter: Setting JMeter property: duration=20
2026-10-08 21:14:02,917 INFO o.a.j.JMeter: Setting JMeter property: run_id=llama3_1_8b-100-r3
2026-10-08 21:14:02,917 INFO o.a.j.JMeter: Setting JMeter property: jmeter.save.saveservice.output_format=csv
2026-10-08 21:14:02,920 INFO o.a.j.JMeter: Copyright (c) 1998-2024 The Apache Software Foundation
2026-10-08 21:14:02,921 INFO o.a.j.JMeter: Version 5.6.3
2026-10-08 21:14:02,921 INFO o.a.j.JMeter: java.version=17
2026-10-08 21:14:02,921 INFO o.a.j.JMeter: java.vm.name=Java HotSpot(TM) 64-Bit Server VM
2026-10-08 21:14:02,921 INFO o.a.j.JMeter: os.name=Windows 10
2026-10-08 21:14:02,921 INFO o.a.j.JMeter: os.arch=amd64
2026-10-08 21:14:02,921 INFO o.a.j.JMeter: os.version=10.0
2026-10-08 21:14:02,921 INFO o.a.j.JMeter: file.encoding=Cp1252
2026-10-08 21:14:02,921 INFO o.a.j.JMeter: java.awt.headless=true
2026-10-08 21:14:02,921 INFO o.a.j.JMeter: Max memory     =1073741824
2026-10-08 21:14:02,921 INFO o.a.j.JMeter: Available Processors =20
2026-10-08 21:14:02,926 INFO o.a.j.JMeter: Default Locale=English (EN)
2026-10-08 21:14:02,926 INFO o.a.j.JMeter: JMeter  Locale=English (EN)
2026-10-08 21:14:02,926 INFO o.a.j.JMeter: JMeterHome=C:\apache-jmeter-5.6.3
2026-10-08 21:14:02,926 INFO o.a.j.JMeter: user.dir  =C:\Users\Ashley\Documents\GitHub\ICT3113_P2-3
2026-10-08 21:14:02,927 INFO o.a.j.JMeter: PWD       =C:\Users\Ashley\Documents\GitHub\ICT3113_P2-3
2026-10-08 21:14:02,929 INFO o.a.j.JMeter: IP: 192.168.50.172 Name: DESKTOP-FE7GKLN FullName: DESKTOP-FE7GKLN
2026-10-08 21:14:02,937 INFO o.a.j.s.FileServer: Default base='C:\Users\Ashley\Documents\GitHub\ICT3113_P2-3'
2026-10-08 21:14:02,938 INFO o.a.j.s.FileServer: Set new base='C:\Users\Ashley\Documents\GitHub\ICT3113_P2-3\jmeter'
2026-10-08 21:14:03,015 INFO o.a.j.s.SaveService: Testplan (JMX) version: 2.2. Testlog (JTL) version: 2.2
2026-10-08 21:14:03,028 INFO o.a.j.s.SaveService: Using SaveService properties version 5.0
2026-10-08 21:14:03,029 INFO o.a.j.s.SaveService: Using SaveService properties file encoding UTF-8
2026-10-08 21:14:03,031 INFO o.a.j.s.SaveService: Loading file: C:\Users\Ashley\Documents\GitHub\ICT3113_P2-3\jmeter\load_test.jmx
2026-10-08 21:14:03,059 INFO o.a.j.p.h.s.HTTPSamplerBase: Parser for text/html is org.apache.jmeter.protocol.http.parser.LagartoBasedHtmlParser
2026-10-08 21:14:03,060 INFO o.a.j.p.h.s.HTTPSamplerBase: Parser for application/xhtml+xml is org.apache.jmeter.protocol.http.parser.LagartoBasedHtmlParser
2026-10-08 21:14:03,060 INFO o.a.j.p.h.s.HTTPSamplerBase: Parser for application/xml is org.apache.jmeter.protocol.http.parser.LagartoBasedHtmlParser
2026-10-08 21:14:03,060 INFO o.a.j.p.h.s.HTTPSamplerBase: Parser for text/xml is org.apache.jmeter.protocol.http.parser.LagartoBasedHtmlParser
2026-10-08 21:14:03,060 INFO o.a.j.p.h.s.HTTPSamplerBase: Parser for text/vnd.wap.wml is org.apache.jmeter.protocol.http.parser.RegexpHTMLParser
2026-10-08 21:14:03,060 INFO o.a.j.p.h.s.HTTPSamplerBase: Parser for text/css is org.apache.jmeter.protocol.http.parser.CssParser
2026-10-08 21:14:03,069 INFO o.a.j.JMeter: Creating summariser <summary>
2026-10-08 21:14:03,077 INFO o.a.j.e.StandardJMeterEngine: Running the test!
2026-10-08 21:14:03,078 INFO o.a.j.s.SampleEvent: List of sample_variables: []
2026-10-08 21:14:03,078 INFO o.a.j.s.SampleEvent: List of sample_variables: []
2026-10-08 21:14:03,080 INFO o.a.j.e.u.CompoundVariable: Note: Function class names must contain the string: '.functions.'
2026-10-08 21:14:03,080 INFO o.a.j.e.u.CompoundVariable: Note: Function class names must not contain the string: '.gui.'
2026-10-08 21:14:03,117 INFO o.a.j.JMeter: Running test (1791465243117)
2026-10-08 21:14:03,124 INFO o.a.j.e.StandardJMeterEngine: Starting ThreadGroup: 1 : Intake
2026-10-08 21:14:03,124 INFO o.a.j.e.StandardJMeterEngine: Starting 0 threads for group Intake.
2026-10-08 21:14:03,124 INFO o.a.j.e.StandardJMeterEngine: Thread will continue on error
2026-10-08 21:14:03,124 INFO o.a.j.t.o.OpenModelThreadGroup: Starting OpenModelThreadGroup#1 with schedule rate(100/hour) random_arrivals(20 min)
2026-10-08 21:14:03,141 INFO o.a.j.e.StandardJMeterEngine: Starting ThreadGroup: 2 : Agent search
2026-10-08 21:14:03,141 INFO o.a.j.e.StandardJMeterEngine: Starting 0 threads for group Agent search.
2026-10-08 21:14:03,141 INFO o.a.j.e.StandardJMeterEngine: Thread will continue on error
2026-10-08 21:14:03,141 INFO o.a.j.t.o.OpenModelThreadGroup: Starting OpenModelThreadGroup#2 with schedule rate(214/hour) random_arrivals(20 min)
2026-10-08 21:14:03,141 INFO o.a.j.t.o.OpenModelThreadGroup: Thread starting init
2026-10-08 21:14:03,142 INFO o.a.j.e.StandardJMeterEngine: Starting ThreadGroup: 3 : Dashboard
2026-10-08 21:14:03,142 INFO o.a.j.e.StandardJMeterEngine: Starting 0 threads for group Dashboard.
2026-10-08 21:14:03,142 INFO o.a.j.e.StandardJMeterEngine: Thread will continue on error
2026-10-08 21:14:03,142 INFO o.a.j.t.o.OpenModelThreadGroup: Starting OpenModelThreadGroup#3 with schedule rate(60/hour) random_arrivals(20 min)
2026-10-08 21:14:03,142 INFO o.a.j.t.o.OpenModelThreadGroup: Thread starting init
2026-10-08 21:14:03,142 INFO o.a.j.e.StandardJMeterEngine: All thread groups have been started
2026-10-08 21:14:03,142 INFO o.a.j.t.o.OpenModelThreadGroup: Thread starting init
2026-10-08 21:14:03,146 INFO o.a.j.t.o.PoissonArrivalsRamp: Generating 33 events, beginRate = 0.027777777777777776 / sec, endRate = 0.027777777777777776 / sec, duration = 1200.0 sec
2026-10-08 21:14:03,146 INFO o.a.j.t.o.PoissonArrivalsRamp: Generating 71 events, beginRate = 0.059444444444444446 / sec, endRate = 0.059444444444444446 / sec, duration = 1200.0 sec
2026-10-08 21:14:03,146 INFO o.a.j.t.o.PoissonArrivalsRamp: Generating 20 events, beginRate = 0.016666666666666666 / sec, endRate = 0.016666666666666666 / sec, duration = 1200.0 sec
2026-10-08 21:14:10,873 INFO o.a.j.t.JMeterThread: Thread started: Dashboard 3-1
2026-10-08 21:14:10,882 INFO o.a.j.p.h.s.HTTPHCAbstractImpl: Local host = DESKTOP-FE7GKLN
2026-10-08 21:14:10,885 INFO o.a.j.p.h.s.HTTPHC4Impl: HTTP request retry count = 0
2026-10-08 21:14:10,885 INFO o.a.j.s.SampleResult: Note: Sample TimeStamps are START times
2026-10-08 21:14:10,885 INFO o.a.j.s.SampleResult: sampleresult.default.encoding is set to UTF-8
2026-10-08 21:14:10,885 INFO o.a.j.s.SampleResult: sampleresult.useNanoTime=true
2026-10-08 21:14:10,885 INFO o.a.j.s.SampleResult: sampleresult.nanoThreadSleep=5000
2026-10-08 21:14:10,943 INFO o.a.j.t.JMeterThread: Thread is done: Dashboard 3-1
2026-10-08 21:14:10,943 INFO o.a.j.t.JMeterThread: Thread finished: Dashboard 3-1
2026-10-08 21:14:29,142 INFO o.a.j.t.JMeterThread: Thread started: Intake 1-1
2026-10-08 21:14:29,142 INFO o.a.j.s.FileServer: Stored: narratives.txt
2026-10-08 21:14:29,851 INFO o.a.j.t.JMeterThread: Thread is done: Intake 1-1
2026-10-08 21:14:29,851 INFO o.a.j.t.JMeterThread: Thread finished: Intake 1-1
2026-10-08 21:14:30,623 INFO o.a.j.t.JMeterThread: Thread started: Intake 1-2
2026-10-08 21:14:32,257 INFO o.a.j.r.Summariser: summary +      3 in 00:00:29 =    0.1/s Avg:   785 Min:    23 Max:  1630 Err:     0 (0.00%) Active: 1 Started: 3 Finished: 2
2026-10-08 21:14:32,258 INFO o.a.j.t.JMeterThread: Thread is done: Intake 1-2
2026-10-08 21:14:32,258 INFO o.a.j.t.JMeterThread: Thread finished: Intake 1-2
2026-10-08 21:14:43,757 INFO o.a.j.t.JMeterThread: Thread started: Agent search 2-1
2026-10-08 21:14:43,758 INFO o.a.j.s.FileServer: Stored: search_terms.csv
2026-10-08 21:14:43,777 INFO o.a.j.t.JMeterThread: Thread is done: Agent search 2-1
2026-10-08 21:14:43,777 INFO o.a.j.t.JMeterThread: Thread finished: Agent search 2-1
2026-10-08 21:14:48,398 INFO o.a.j.t.JMeterThread: Thread started: Dashboard 3-2
2026-10-08 21:14:48,412 INFO o.a.j.t.JMeterThread: Thread is done: Dashboard 3-2
2026-10-08 21:14:48,413 INFO o.a.j.t.JMeterThread: Thread finished: Dashboard 3-2
2026-10-08 21:14:50,483 INFO o.a.j.t.JMeterThread: Thread started: Agent search 2-2
2026-10-08 21:14:50,500 INFO o.a.j.t.JMeterThread: Thread is done: Agent search 2-2
2026-10-08 21:14:50,500 INFO o.a.j.t.JMeterThread: Thread finished: Agent search 2-2
2026-10-08 21:14:53,583 INFO o.a.j.t.JMeterThread: Thread started: Dashboard 3-3
2026-10-08 21:14:53,597 INFO o.a.j.t.JMeterThread: Thread is done: Dashboard 3-3
2026-10-08 21:14:53,597 INFO o.a.j.t.JMeterThread: Thread finished: Dashboard 3-3
2026-10-08 21:15:06,409 INFO o.a.j.t.JMeterThread: Thread started: Agent search 2-3
2026-10-08 21:15:06,421 INFO o.a.j.t.JMeterThread: Thread is done: Agent search 2-3
2026-10-08 21:15:06,422 INFO o.a.j.t.JMeterThread: Thread finished: Agent search 2-3
2026-10-08 21:15:09,716 INFO o.a.j.t.JMeterThread: Thread started: Agent search 2-4
2026-10-08 21:15:09,734 INFO o.a.j.t.JMeterThread: Thread is done: Agent search 2-4
2026-10-08 21:15:09,734 INFO o.a.j.t.JMeterThread: Thread finished: Agent search 2-4
2026-10-08 21:15:37,892 INFO o.a.j.t.JMeterThread: Thread started: Agent search 2-5
2026-10-08 21:15:37,907 INFO o.a.j.t.JMeterThread: Thread is done: Agent search 2-5
2026-10-08 21:15:37,907 INFO o.a.j.t.JMeterThread: Thread finished: Agent search 2-5
2026-10-08 21:15:43,796 INFO o.a.j.t.JMeterThread: Thread started: Dashboard 3-4
2026-10-08 21:15:43,812 INFO o.a.j.t.JMeterThread: Thread is done: Dashboard 3-4
2026-10-08 21:15:43,813 INFO o.a.j.t.JMeterThread: Thread finished: Dashboard 3-4
2026-10-08 21:15:44,794 INFO o.a.j.t.JMeterThread: Thread started: Dashboard 3-5
2026-10-08 21:15:44,801 INFO o.a.j.t.JMeterThread: Thread is done: Dashboard 3-5
2026-10-08 21:15:44,801 INFO o.a.j.t.JMeterThread: Thread finished: Dashboard 3-5
2026-10-08 21:15:54,404 INFO o.a.j.t.JMeterThread: Thread started: Intake 1-3
2026-10-08 21:15:58,420 INFO o.a.j.t.JMeterThread: Thread is done: Intake 1-3
2026-10-08 21:15:58,420 INFO o.a.j.t.JMeterThread: Thread finished: Intake 1-3
2026-10-08 21:15:58,798 INFO o.a.j.t.JMeterThread: Thread started: Intake 1-4
2026-10-08 21:16:00,538 INFO o.a.j.r.Summariser: summary +     11 in 00:01:28 =    0.1/s Avg:   533 Min:     7 Max:  4012 Err:     0 (0.00%) Active: 1 Started: 14 Finished: 13
2026-10-08 21:16:00,539 INFO o.a.j.r.Summariser: summary =     14 in 00:01:57 =    0.1/s Avg:   587 Min:     7 Max:  4012 Err:     0 (0.00%)
2026-10-08 21:16:00,540 INFO o.a.j.t.JMeterThread: Thread is done: Intake 1-4
2026-10-08 21:16:00,540 INFO o.a.j.t.JMeterThread: Thread finished: Intake 1-4
2026-10-08 21:16:05,273 INFO o.a.j.t.JMeterThread: Thread started: Intake 1-5
2026-10-08 21:16:08,501 INFO o.a.j.t.JMeterThread: Thread is done: Intake 1-5
2026-10-08 21:16:08,501 INFO o.a.j.t.JMeterThread: Thread finished: Intake 1-5
2026-10-08 21:16:08,574 INFO o.a.j.t.JMeterThread: Thread started: Agent search 2-6
2026-10-08 21:16:08,587 INFO o.a.j.t.JMeterThread: Thread is done: Agent search 2-6
2026-10-08 21:16:08,587 INFO o.a.j.t.JMeterThread: Thread finished: Agent search 2-6
2026-10-08 21:16:22,553 INFO o.a.j.t.JMeterThread: Thread started: Dashboard 3-6
2026-10-08 21:16:22,563 INFO o.a.j.t.JMeterThread: Thread is done: Dashboard 3-6
2026-10-08 21:16:22,563 INFO o.a.j.t.JMeterThread: Thread finished: Dashboard 3-6
2026-10-08 21:16:33,695 INFO o.a.j.t.JMeterThread: Thread started: Dashboard 3-7
2026-10-08 21:16:33,710 INFO o.a.j.r.Summariser: summary +      4 in 00:00:33 =    0.1/s Avg:   814 Min:     8 Max:  3225 Err:     0 (0.00%) Active: 1 Started: 18 Finished: 17
2026-10-08 21:16:33,710 INFO o.a.j.r.Summariser: summary =     18 in 00:02:31 =    0.1/s Avg:   637 Min:     7 Max:  4012 Err:     0 (0.00%)
2026-10-08 21:16:33,710 INFO o.a.j.t.JMeterThread: Thread is done: Dashboard 3-7
2026-10-08 21:16:33,710 INFO o.a.j.t.JMeterThread: Thread finished: Dashboard 3-7
2026-10-08 21:16:42,758 INFO o.a.j.t.JMeterThread: Thread started: Intake 1-6
2026-10-08 21:16:43,367 INFO o.a.j.t.JMeterThread: Thread is done: Intake 1-6
2026-10-08 21:16:43,368 INFO o.a.j.t.JMeterThread: Thread finished: Intake 1-6
2026-10-08 21:16:55,282 INFO o.a.j.t.JMeterThread: Thread started: Agent search 2-7
2026-10-08 21:16:55,296 INFO o.a.j.t.JMeterThread: Thread is done: Agent search 2-7
2026-10-08 21:16:55,296 INFO o.a.j.t.JMeterThread: Thread finished: Agent search 2-7
2026-10-08 21:16:56,390 INFO o.a.j.t.JMeterThread: Thread started: Agent search 2-8
2026-10-08 21:16:56,408 INFO o.a.j.t.JMeterThread: Thread is done: Agent search 2-8
2026-10-08 21:16:56,408 INFO o.a.j.t.JMeterThread: Thread finished: Agent search 2-8
2026-10-08 21:16:56,715 INFO o.a.j.t.JMeterThread: Thread started: Dashboard 3-8
2026-10-08 21:16:56,731 INFO o.a.j.t.JMeterThread: Thread is done: Dashboard 3-8
2026-10-08 21:16:56,731 INFO o.a.j.t.JMeterThread: Thread finished: Dashboard 3-8
2026-10-08 21:17:03,618 INFO o.a.j.t.JMeterThread: Thread started: Dashboard 3-9
2026-10-08 21:17:03,629 INFO o.a.j.r.Summariser: summary +      5 in 00:00:30 =    0.2/s Avg:   131 Min:     9 Max:   607 Err:     0 (0.00%) Active: 1 Started: 23 Finished: 22
2026-10-08 21:17:03,630 INFO o.a.j.r.Summariser: summary =     23 in 00:03:01 =    0.1/s Avg:   527 Min:     7 Max:  4012 Err:     0 (0.00%)
2026-10-08 21:17:03,630 INFO o.a.j.t.JMeterThread: Thread is done: Dashboard 3-9
2026-10-08 21:17:03,630 INFO o.a.j.t.JMeterThread: Thread finished: Dashboard 3-9
2026-10-08 21:17:14,972 INFO o.a.j.t.JMeterThread: Thread started: Agent search 2-9
2026-10-08 21:17:14,983 INFO o.a.j.t.JMeterThread: Thread is done: Agent search 2-9
2026-10-08 21:17:14,983 INFO o.a.j.t.JMeterThread: Thread finished: Agent search 2-9
2026-10-08 21:17:38,146 INFO o.a.j.t.JMeterThread: Thread started: Agent search 2-10
2026-10-08 21:17:38,163 INFO o.a.j.t.JMeterThread: Thread is done: Agent search 2-10
2026-10-08 21:17:38,163 INFO o.a.j.t.JMeterThread: Thread finished: Agent search 2-10
2026-10-08 21:17:51,350 INFO o.a.j.t.JMeterThread: Thread started: Agent search 2-11
2026-10-08 21:17:51,364 INFO o.a.j.t.JMeterThread: Thread is done: Agent search 2-11
2026-10-08 21:17:51,364 INFO o.a.j.t.JMeterThread: Thread finished: Agent search 2-11
2026-10-08 21:17:52,872 INFO o.a.j.t.JMeterThread: Thread started: Agent search 2-12
2026-10-08 21:17:52,885 INFO o.a.j.t.JMeterThread: Thread is done: Agent search 2-12
2026-10-08 21:17:52,885 INFO o.a.j.t.JMeterThread: Thread finished: Agent search 2-12
2026-10-08 21:18:03,161 INFO o.a.j.t.JMeterThread: Thread started: Agent search 2-13
2026-10-08 21:18:03,179 INFO o.a.j.r.Summariser: summary +      5 in 00:01:00 =    0.1/s Avg:    12 Min:    10 Max:    15 Err:     0 (0.00%) Active: 1 Started: 28 Finished: 27
2026-10-08 21:18:03,180 INFO o.a.j.r.Summariser: summary =     28 in 00:04:00 =    0.1/s Avg:   435 Min:     7 Max:  4012 Err:     0 (0.00%)
2026-10-08 21:18:03,180 INFO o.a.j.t.JMeterThread: Thread is done: Agent search 2-13
2026-10-08 21:18:03,180 INFO o.a.j.t.JMeterThread: Thread finished: Agent search 2-13
2026-10-08 21:18:29,107 INFO o.a.j.t.JMeterThread: Thread started: Dashboard 3-10
2026-10-08 21:18:29,124 INFO o.a.j.t.JMeterThread: Thread is done: Dashboard 3-10
2026-10-08 21:18:29,124 INFO o.a.j.t.JMeterThread: Thread finished: Dashboard 3-10
2026-10-08 21:18:34,253 INFO o.a.j.t.JMeterThread: Thread started: Agent search 2-14
2026-10-08 21:18:34,269 INFO o.a.j.r.Summariser: summary +      2 in 00:00:31 =    0.1/s Avg:    13 Min:    12 Max:    14 Err:     0 (0.00%) Active: 1 Started: 30 Finished: 29
2026-10-08 21:18:34,270 INFO o.a.j.r.Summariser: summary =     30 in 00:04:31 =    0.1/s Avg:   407 Min:     7 Max:  4012 Err:     0 (0.00%)
2026-10-08 21:18:34,271 INFO o.a.j.t.JMeterThread: Thread is done: Agent search 2-14
2026-10-08 21:18:34,271 INFO o.a.j.t.JMeterThread: Thread finished: Agent search 2-14
2026-10-08 21:18:34,731 INFO o.a.j.t.JMeterThread: Thread started: Agent search 2-15
2026-10-08 21:18:34,742 INFO o.a.j.t.JMeterThread: Thread is done: Agent search 2-15
2026-10-08 21:18:34,743 INFO o.a.j.t.JMeterThread: Thread finished: Agent search 2-15
2026-10-08 21:18:40,215 INFO o.a.j.t.JMeterThread: Thread started: Intake 1-7
2026-10-08 21:18:40,934 INFO o.a.j.t.JMeterThread: Thread is done: Intake 1-7
2026-10-08 21:18:40,935 INFO o.a.j.t.JMeterThread: Thread finished: Intake 1-7
2026-10-08 21:19:14,316 INFO o.a.j.t.JMeterThread: Thread started: Agent search 2-16
2026-10-08 21:19:14,330 INFO o.a.j.t.JMeterThread: Thread is done: Agent search 2-16
2026-10-08 21:19:14,330 INFO o.a.j.t.JMeterThread: Thread finished: Agent search 2-16
2026-10-08 21:19:19,569 INFO o.a.j.t.JMeterThread: Thread started: Agent search 2-17
2026-10-08 21:19:19,576 INFO o.a.j.t.JMeterThread: Thread is done: Agent search 2-17
2026-10-08 21:19:19,576 INFO o.a.j.t.JMeterThread: Thread finished: Agent search 2-17
2026-10-08 21:19:20,924 INFO o.a.j.t.JMeterThread: Thread started: Agent search 2-18
2026-10-08 21:19:20,936 INFO o.a.j.t.JMeterThread: Thread is done: Agent search 2-18
2026-10-08 21:19:20,936 INFO o.a.j.t.JMeterThread: Thread finished: Agent search 2-18
2026-10-08 21:19:30,082 INFO o.a.j.t.JMeterThread: Thread started: Agent search 2-19
2026-10-08 21:19:30,091 INFO o.a.j.r.Summariser: summary +      6 in 00:00:56 =    0.1/s Avg:   127 Min:     8 Max:   716 Err:     0 (0.00%) Active: 1 Started: 36 Finished: 35
2026-10-08 21:19:30,092 INFO o.a.j.r.Summariser: summary =     36 in 00:05:27 =    0.1/s Avg:   360 Min:     7 Max:  4012 Err:     0 (0.00%)
2026-10-08 21:19:30,092 INFO o.a.j.t.JMeterThread: Thread is done: Agent search 2-19
2026-10-08 21:19:30,092 INFO o.a.j.t.JMeterThread: Thread finished: Agent search 2-19
2026-10-08 21:19:36,301 INFO o.a.j.t.JMeterThread: Thread started: Agent search 2-20
2026-10-08 21:19:36,315 INFO o.a.j.t.JMeterThread: Thread is done: Agent search 2-20
2026-10-08 21:19:36,316 INFO o.a.j.t.JMeterThread: Thread finished: Agent search 2-20
2026-10-08 21:19:40,516 INFO o.a.j.t.JMeterThread: Thread started: Agent search 2-21
2026-10-08 21:19:40,529 INFO o.a.j.t.JMeterThread: Thread is done: Agent search 2-21
2026-10-08 21:19:40,529 INFO o.a.j.t.JMeterThread: Thread finished: Agent search 2-21
2026-10-08 21:20:07,293 INFO o.a.j.t.JMeterThread: Thread started: Agent search 2-22
2026-10-08 21:20:07,308 INFO o.a.j.t.JMeterThread: Thread is done: Agent search 2-22
2026-10-08 21:20:07,308 INFO o.a.j.t.JMeterThread: Thread finished: Agent search 2-22
2026-10-08 21:20:37,095 INFO o.a.j.t.JMeterThread: Thread started: Intake 1-8
2026-10-08 21:20:39,026 INFO o.a.j.t.JMeterThread: Thread started: Agent search 2-23
2026-10-08 21:20:39,047 INFO o.a.j.t.JMeterThread: Thread is done: Agent search 2-23
2026-10-08 21:20:39,047 INFO o.a.j.t.JMeterThread: Thread finished: Agent search 2-23
2026-10-08 21:20:39,316 INFO o.a.j.t.JMeterThread: Thread is done: Intake 1-8
2026-10-08 21:20:39,316 INFO o.a.j.t.JMeterThread: Thread finished: Intake 1-8
2026-10-08 21:20:43,632 INFO o.a.j.t.JMeterThread: Thread started: Agent search 2-24
2026-10-08 21:20:43,649 INFO o.a.j.t.JMeterThread: Thread is done: Agent search 2-24
2026-10-08 21:20:43,650 INFO o.a.j.t.JMeterThread: Thread finished: Agent search 2-24
2026-10-08 21:20:47,744 INFO o.a.j.t.JMeterThread: Thread started: Intake 1-9
2026-10-08 21:20:49,165 INFO o.a.j.t.JMeterThread: Thread is done: Intake 1-9
2026-10-08 21:20:49,165 INFO o.a.j.t.JMeterThread: Thread finished: Intake 1-9
2026-10-08 21:21:12,447 INFO o.a.j.t.JMeterThread: Thread started: Agent search 2-25
2026-10-08 21:21:12,465 INFO o.a.j.t.JMeterThread: Thread is done: Agent search 2-25
2026-10-08 21:21:12,466 INFO o.a.j.t.JMeterThread: Thread finished: Agent search 2-25
2026-10-08 21:21:22,413 INFO o.a.j.t.JMeterThread: Thread started: Agent search 2-26
2026-10-08 21:21:22,432 INFO o.a.j.t.JMeterThread: Thread is done: Agent search 2-26
2026-10-08 21:21:22,432 INFO o.a.j.t.JMeterThread: Thread finished: Agent search 2-26
2026-10-08 21:21:32,021 INFO o.a.j.t.JMeterThread: Thread started: Dashboard 3-11
2026-10-08 21:21:32,033 INFO o.a.j.r.Summariser: summary +     10 in 00:02:02 =    0.1/s Avg:   374 Min:    10 Max:  2218 Err:     0 (0.00%) Active: 1 Started: 46 Finished: 45
2026-10-08 21:21:32,034 INFO o.a.j.r.Summariser: summary =     46 in 00:07:29 =    0.1/s Avg:   363 Min:     7 Max:  4012 Err:     0 (0.00%)
2026-10-08 21:21:32,034 INFO o.a.j.t.JMeterThread: Thread is done: Dashboard 3-11
2026-10-08 21:21:32,034 INFO o.a.j.t.JMeterThread: Thread finished: Dashboard 3-11
2026-10-08 21:21:32,258 INFO o.a.j.t.JMeterThread: Thread started: Agent search 2-27
2026-10-08 21:21:32,271 INFO o.a.j.t.JMeterThread: Thread is done: Agent search 2-27
2026-10-08 21:21:32,272 INFO o.a.j.t.JMeterThread: Thread finished: Agent search 2-27
2026-10-08 21:21:35,788 INFO o.a.j.t.JMeterThread: Thread started: Agent search 2-28
2026-10-08 21:21:35,807 INFO o.a.j.t.JMeterThread: Thread is done: Agent search 2-28
2026-10-08 21:21:35,807 INFO o.a.j.t.JMeterThread: Thread finished: Agent search 2-28
2026-10-08 21:21:57,831 INFO o.a.j.t.JMeterThread: Thread started: Agent search 2-29
2026-10-08 21:21:57,845 INFO o.a.j.t.JMeterThread: Thread is done: Agent search 2-29
2026-10-08 21:21:57,845 INFO o.a.j.t.JMeterThread: Thread finished: Agent search 2-29
2026-10-08 21:22:22,418 INFO o.a.j.t.JMeterThread: Thread started: Intake 1-10
2026-10-08 21:22:25,147 INFO o.a.j.t.JMeterThread: Thread is done: Intake 1-10
2026-10-08 21:22:25,147 INFO o.a.j.t.JMeterThread: Thread finished: Intake 1-10
2026-10-08 21:22:35,542 INFO o.a.j.t.JMeterThread: Thread started: Dashboard 3-12
2026-10-08 21:22:35,557 INFO o.a.j.r.Summariser: summary +      5 in 00:01:04 =    0.1/s Avg:   555 Min:    11 Max:  2725 Err:     0 (0.00%) Active: 1 Started: 51 Finished: 50
2026-10-08 21:22:35,558 INFO o.a.j.r.Summariser: summary =     51 in 00:08:32 =    0.1/s Avg:   382 Min:     7 Max:  4012 Err:     0 (0.00%)
2026-10-08 21:22:35,558 INFO o.a.j.t.JMeterThread: Thread is done: Dashboard 3-12
2026-10-08 21:22:35,558 INFO o.a.j.t.JMeterThread: Thread finished: Dashboard 3-12
2026-10-08 21:22:40,773 INFO o.a.j.t.JMeterThread: Thread started: Intake 1-11
2026-10-08 21:22:41,320 INFO o.a.j.t.JMeterThread: Thread is done: Intake 1-11
2026-10-08 21:22:41,320 INFO o.a.j.t.JMeterThread: Thread finished: Intake 1-11
2026-10-08 21:22:53,280 INFO o.a.j.t.JMeterThread: Thread started: Agent search 2-30
2026-10-08 21:22:53,290 INFO o.a.j.t.JMeterThread: Thread is done: Agent search 2-30
2026-10-08 21:22:53,290 INFO o.a.j.t.JMeterThread: Thread finished: Agent search 2-30
2026-10-08 21:22:54,129 INFO o.a.j.t.JMeterThread: Thread started: Agent search 2-31
2026-10-08 21:22:54,142 INFO o.a.j.t.JMeterThread: Thread is done: Agent search 2-31
2026-10-08 21:22:54,142 INFO o.a.j.t.JMeterThread: Thread finished: Agent search 2-31
2026-10-08 21:23:12,135 INFO o.a.j.t.JMeterThread: Thread started: Intake 1-12
2026-10-08 21:23:12,773 INFO o.a.j.t.JMeterThread: Thread is done: Intake 1-12
2026-10-08 21:23:12,773 INFO o.a.j.t.JMeterThread: Thread finished: Intake 1-12
2026-10-08 21:23:16,144 INFO o.a.j.t.JMeterThread: Thread started: Agent search 2-32
2026-10-08 21:23:16,158 INFO o.a.j.t.JMeterThread: Thread is done: Agent search 2-32
2026-10-08 21:23:16,158 INFO o.a.j.t.JMeterThread: Thread finished: Agent search 2-32
2026-10-08 21:23:18,465 INFO o.a.j.t.JMeterThread: Thread started: Intake 1-13
2026-10-08 21:23:20,574 INFO o.a.j.t.JMeterThread: Thread is done: Intake 1-13
2026-10-08 21:23:20,575 INFO o.a.j.t.JMeterThread: Thread finished: Intake 1-13
2026-10-08 21:23:25,984 INFO o.a.j.t.JMeterThread: Thread started: Intake 1-14
2026-10-08 21:23:27,500 INFO o.a.j.t.JMeterThread: Thread is done: Intake 1-14
2026-10-08 21:23:27,501 INFO o.a.j.t.JMeterThread: Thread finished: Intake 1-14
2026-10-08 21:23:45,210 INFO o.a.j.t.JMeterThread: Thread started: Intake 1-15
2026-10-08 21:23:47,943 INFO o.a.j.t.JMeterThread: Thread is done: Intake 1-15
2026-10-08 21:23:47,943 INFO o.a.j.t.JMeterThread: Thread finished: Intake 1-15
2026-10-08 21:23:48,749 INFO o.a.j.t.JMeterThread: Thread started: Agent search 2-33
2026-10-08 21:23:48,762 INFO o.a.j.t.JMeterThread: Thread is done: Agent search 2-33
2026-10-08 21:23:48,762 INFO o.a.j.t.JMeterThread: Thread finished: Agent search 2-33
2026-10-08 21:24:02,996 INFO o.a.j.t.JMeterThread: Thread started: Intake 1-16
2026-10-08 21:24:03,544 INFO o.a.j.r.Summariser: summary +     10 in 00:01:28 =    0.1/s Avg:   812 Min:     8 Max:  2732 Err:     0 (0.00%) Active: 1 Started: 61 Finished: 60
2026-10-08 21:24:03,545 INFO o.a.j.r.Summariser: summary =     61 in 00:10:00 =    0.1/s Avg:   452 Min:     7 Max:  4012 Err:     0 (0.00%)
2026-10-08 21:24:03,545 INFO o.a.j.t.JMeterThread: Thread is done: Intake 1-16
2026-10-08 21:24:03,546 INFO o.a.j.t.JMeterThread: Thread finished: Intake 1-16
2026-10-08 21:24:04,923 INFO o.a.j.t.JMeterThread: Thread started: Intake 1-17
2026-10-08 21:24:05,568 INFO o.a.j.t.JMeterThread: Thread is done: Intake 1-17
2026-10-08 21:24:05,569 INFO o.a.j.t.JMeterThread: Thread finished: Intake 1-17
2026-10-08 21:24:35,208 INFO o.a.j.t.JMeterThread: Thread started: Agent search 2-34
2026-10-08 21:24:35,222 INFO o.a.j.r.Summariser: summary +      2 in 00:00:32 =    0.1/s Avg:   328 Min:    12 Max:   644 Err:     0 (0.00%) Active: 1 Started: 63 Finished: 62
2026-10-08 21:24:35,223 INFO o.a.j.r.Summariser: summary =     63 in 00:10:32 =    0.1/s Avg:   449 Min:     7 Max:  4012 Err:     0 (0.00%)
2026-10-08 21:24:35,223 INFO o.a.j.t.JMeterThread: Thread is done: Agent search 2-34
2026-10-08 21:24:35,224 INFO o.a.j.t.JMeterThread: Thread finished: Agent search 2-34
2026-10-08 21:24:41,751 INFO o.a.j.t.JMeterThread: Thread started: Intake 1-18
2026-10-08 21:24:43,287 INFO o.a.j.t.JMeterThread: Thread is done: Intake 1-18
2026-10-08 21:24:43,287 INFO o.a.j.t.JMeterThread: Thread finished: Intake 1-18
2026-10-08 21:24:47,272 INFO o.a.j.t.JMeterThread: Thread started: Agent search 2-35
2026-10-08 21:24:47,283 INFO o.a.j.t.JMeterThread: Thread is done: Agent search 2-35
2026-10-08 21:24:47,283 INFO o.a.j.t.JMeterThread: Thread finished: Agent search 2-35
2026-10-08 21:24:57,618 INFO o.a.j.t.JMeterThread: Thread started: Dashboard 3-13
2026-10-08 21:24:57,632 INFO o.a.j.t.JMeterThread: Thread is done: Dashboard 3-13
2026-10-08 21:24:57,632 INFO o.a.j.t.JMeterThread: Thread finished: Dashboard 3-13
2026-10-08 21:25:08,817 INFO o.a.j.t.JMeterThread: Thread started: Dashboard 3-14
2026-10-08 21:25:08,830 INFO o.a.j.t.JMeterThread: Thread is done: Dashboard 3-14
2026-10-08 21:25:08,830 INFO o.a.j.t.JMeterThread: Thread finished: Dashboard 3-14
2026-10-08 21:25:30,622 INFO o.a.j.t.JMeterThread: Thread started: Agent search 2-36
2026-10-08 21:25:30,640 INFO o.a.j.r.Summariser: summary +      5 in 00:00:55 =    0.1/s Avg:   316 Min:    10 Max:  1533 Err:     0 (0.00%) Active: 1 Started: 68 Finished: 67
2026-10-08 21:25:30,640 INFO o.a.j.r.Summariser: summary =     68 in 00:11:28 =    0.1/s Avg:   439 Min:     7 Max:  4012 Err:     0 (0.00%)
2026-10-08 21:25:30,640 INFO o.a.j.t.JMeterThread: Thread is done: Agent search 2-36
2026-10-08 21:25:30,640 INFO o.a.j.t.JMeterThread: Thread finished: Agent search 2-36
2026-10-08 21:25:33,340 INFO o.a.j.t.JMeterThread: Thread started: Agent search 2-37
2026-10-08 21:25:33,353 INFO o.a.j.t.JMeterThread: Thread is done: Agent search 2-37
2026-10-08 21:25:33,353 INFO o.a.j.t.JMeterThread: Thread finished: Agent search 2-37
2026-10-08 21:25:53,730 INFO o.a.j.t.JMeterThread: Thread started: Intake 1-19
2026-10-08 21:25:56,099 INFO o.a.j.t.JMeterThread: Thread is done: Intake 1-19
2026-10-08 21:25:56,100 INFO o.a.j.t.JMeterThread: Thread finished: Intake 1-19
2026-10-08 21:25:56,528 INFO o.a.j.t.JMeterThread: Thread started: Agent search 2-38
2026-10-08 21:25:56,543 INFO o.a.j.t.JMeterThread: Thread is done: Agent search 2-38
2026-10-08 21:25:56,543 INFO o.a.j.t.JMeterThread: Thread finished: Agent search 2-38
2026-10-08 21:25:56,860 INFO o.a.j.t.JMeterThread: Thread started: Agent search 2-39
2026-10-08 21:25:56,875 INFO o.a.j.t.JMeterThread: Thread is done: Agent search 2-39
2026-10-08 21:25:56,875 INFO o.a.j.t.JMeterThread: Thread finished: Agent search 2-39
2026-10-08 21:26:00,275 INFO o.a.j.t.JMeterThread: Thread started: Agent search 2-40
2026-10-08 21:26:00,287 INFO o.a.j.r.Summariser: summary +      5 in 00:00:30 =    0.2/s Avg:   483 Min:    10 Max:  2368 Err:     0 (0.00%) Active: 1 Started: 73 Finished: 72
2026-10-08 21:26:00,289 INFO o.a.j.r.Summariser: summary =     73 in 00:11:57 =    0.1/s Avg:   442 Min:     7 Max:  4012 Err:     0 (0.00%)
2026-10-08 21:26:00,290 INFO o.a.j.t.JMeterThread: Thread is done: Agent search 2-40
2026-10-08 21:26:00,290 INFO o.a.j.t.JMeterThread: Thread finished: Agent search 2-40
2026-10-08 21:26:08,891 INFO o.a.j.t.JMeterThread: Thread started: Agent search 2-41
2026-10-08 21:26:08,903 INFO o.a.j.t.JMeterThread: Thread is done: Agent search 2-41
2026-10-08 21:26:08,903 INFO o.a.j.t.JMeterThread: Thread finished: Agent search 2-41
2026-10-08 21:26:10,538 INFO o.a.j.t.JMeterThread: Thread started: Agent search 2-42
2026-10-08 21:26:10,550 INFO o.a.j.t.JMeterThread: Thread is done: Agent search 2-42
2026-10-08 21:26:10,550 INFO o.a.j.t.JMeterThread: Thread finished: Agent search 2-42
2026-10-08 21:26:12,989 INFO o.a.j.t.JMeterThread: Thread started: Intake 1-20
2026-10-08 21:26:13,148 INFO o.a.j.t.JMeterThread: Thread started: Dashboard 3-15
2026-10-08 21:26:13,159 INFO o.a.j.t.JMeterThread: Thread is done: Dashboard 3-15
2026-10-08 21:26:13,159 INFO o.a.j.t.JMeterThread: Thread finished: Dashboard 3-15
2026-10-08 21:26:14,123 INFO o.a.j.t.JMeterThread: Thread is done: Intake 1-20
2026-10-08 21:26:14,124 INFO o.a.j.t.JMeterThread: Thread finished: Intake 1-20
2026-10-08 21:26:15,337 INFO o.a.j.t.JMeterThread: Thread started: Agent search 2-43
2026-10-08 21:26:15,353 INFO o.a.j.t.JMeterThread: Thread is done: Agent search 2-43
2026-10-08 21:26:15,354 INFO o.a.j.t.JMeterThread: Thread finished: Agent search 2-43
2026-10-08 21:26:22,616 INFO o.a.j.t.JMeterThread: Thread started: Intake 1-21
2026-10-08 21:26:25,003 INFO o.a.j.t.JMeterThread: Thread is done: Intake 1-21
2026-10-08 21:26:25,003 INFO o.a.j.t.JMeterThread: Thread finished: Intake 1-21
2026-10-08 21:26:32,915 INFO o.a.j.t.JMeterThread: Thread started: Agent search 2-44
2026-10-08 21:26:32,929 INFO o.a.j.r.Summariser: summary +      7 in 00:00:33 =    0.2/s Avg:   510 Min:     8 Max:  2385 Err:     0 (0.00%) Active: 1 Started: 80 Finished: 79
2026-10-08 21:26:32,929 INFO o.a.j.r.Summariser: summary =     80 in 00:12:30 =    0.1/s Avg:   448 Min:     7 Max:  4012 Err:     0 (0.00%)
2026-10-08 21:26:32,929 INFO o.a.j.t.JMeterThread: Thread is done: Agent search 2-44
2026-10-08 21:26:32,930 INFO o.a.j.t.JMeterThread: Thread finished: Agent search 2-44
2026-10-08 21:26:39,564 INFO o.a.j.t.JMeterThread: Thread started: Intake 1-22
2026-10-08 21:26:40,129 INFO o.a.j.t.JMeterThread: Thread is done: Intake 1-22
2026-10-08 21:26:40,129 INFO o.a.j.t.JMeterThread: Thread finished: Intake 1-22
2026-10-08 21:26:50,969 INFO o.a.j.t.JMeterThread: Thread started: Intake 1-23
2026-10-08 21:26:52,023 INFO o.a.j.t.JMeterThread: Thread is done: Intake 1-23
2026-10-08 21:26:52,023 INFO o.a.j.t.JMeterThread: Thread finished: Intake 1-23
2026-10-08 21:27:15,209 INFO o.a.j.t.JMeterThread: Thread started: Agent search 2-45
2026-10-08 21:27:15,225 INFO o.a.j.t.JMeterThread: Thread is done: Agent search 2-45
2026-10-08 21:27:15,225 INFO o.a.j.t.JMeterThread: Thread finished: Agent search 2-45
2026-10-08 21:27:18,735 INFO o.a.j.t.JMeterThread: Thread started: Agent search 2-46
2026-10-08 21:27:18,749 INFO o.a.j.t.JMeterThread: Thread is done: Agent search 2-46
2026-10-08 21:27:18,750 INFO o.a.j.t.JMeterThread: Thread finished: Agent search 2-46
2026-10-08 21:27:42,936 INFO o.a.j.t.JMeterThread: Thread started: Intake 1-24
2026-10-08 21:27:43,136 INFO o.a.j.t.JMeterThread: Thread started: Agent search 2-47
2026-10-08 21:27:43,151 INFO o.a.j.t.JMeterThread: Thread is done: Agent search 2-47
2026-10-08 21:27:43,151 INFO o.a.j.t.JMeterThread: Thread finished: Agent search 2-47
2026-10-08 21:27:45,905 INFO o.a.j.t.JMeterThread: Thread is done: Intake 1-24
2026-10-08 21:27:45,905 INFO o.a.j.t.JMeterThread: Thread finished: Intake 1-24
2026-10-08 21:27:56,009 INFO o.a.j.t.JMeterThread: Thread started: Agent search 2-48
2026-10-08 21:27:56,023 INFO o.a.j.t.JMeterThread: Thread is done: Agent search 2-48
2026-10-08 21:27:56,023 INFO o.a.j.t.JMeterThread: Thread finished: Agent search 2-48
2026-10-08 21:27:57,449 INFO o.a.j.t.JMeterThread: Thread started: Agent search 2-49
2026-10-08 21:27:57,465 INFO o.a.j.t.JMeterThread: Thread is done: Agent search 2-49
2026-10-08 21:27:57,465 INFO o.a.j.t.JMeterThread: Thread finished: Agent search 2-49
2026-10-08 21:28:04,864 INFO o.a.j.t.JMeterThread: Thread started: Agent search 2-50
2026-10-08 21:28:04,879 INFO o.a.j.r.Summariser: summary +      9 in 00:01:32 =    0.1/s Avg:   517 Min:    11 Max:  2967 Err:     0 (0.00%) Active: 1 Started: 89 Finished: 88
2026-10-08 21:28:04,880 INFO o.a.j.r.Summariser: summary =     89 in 00:14:02 =    0.1/s Avg:   455 Min:     7 Max:  4012 Err:     0 (0.00%)
2026-10-08 21:28:04,881 INFO o.a.j.t.JMeterThread: Thread is done: Agent search 2-50
2026-10-08 21:28:04,881 INFO o.a.j.t.JMeterThread: Thread finished: Agent search 2-50
2026-10-08 21:28:23,788 INFO o.a.j.t.JMeterThread: Thread started: Agent search 2-51
2026-10-08 21:28:23,804 INFO o.a.j.t.JMeterThread: Thread is done: Agent search 2-51
2026-10-08 21:28:23,804 INFO o.a.j.t.JMeterThread: Thread finished: Agent search 2-51
2026-10-08 21:28:39,394 INFO o.a.j.t.JMeterThread: Thread started: Agent search 2-52
2026-10-08 21:28:39,410 INFO o.a.j.t.JMeterThread: Thread is done: Agent search 2-52
2026-10-08 21:28:39,410 INFO o.a.j.t.JMeterThread: Thread finished: Agent search 2-52
2026-10-08 21:28:41,797 INFO o.a.j.t.JMeterThread: Thread started: Agent search 2-53
2026-10-08 21:28:41,812 INFO o.a.j.t.JMeterThread: Thread is done: Agent search 2-53
2026-10-08 21:28:41,812 INFO o.a.j.t.JMeterThread: Thread finished: Agent search 2-53
2026-10-08 21:28:41,948 INFO o.a.j.t.JMeterThread: Thread started: Agent search 2-54
2026-10-08 21:28:41,963 INFO o.a.j.t.JMeterThread: Thread is done: Agent search 2-54
2026-10-08 21:28:41,963 INFO o.a.j.t.JMeterThread: Thread finished: Agent search 2-54
2026-10-08 21:28:51,904 INFO o.a.j.t.JMeterThread: Thread started: Intake 1-25
2026-10-08 21:28:52,467 INFO o.a.j.t.JMeterThread: Thread is done: Intake 1-25
2026-10-08 21:28:52,467 INFO o.a.j.t.JMeterThread: Thread finished: Intake 1-25
2026-10-08 21:28:59,845 INFO o.a.j.t.JMeterThread: Thread started: Agent search 2-55
2026-10-08 21:28:59,861 INFO o.a.j.t.JMeterThread: Thread is done: Agent search 2-55
2026-10-08 21:28:59,861 INFO o.a.j.t.JMeterThread: Thread finished: Agent search 2-55
2026-10-08 21:29:02,306 INFO o.a.j.t.JMeterThread: Thread started: Agent search 2-56
2026-10-08 21:29:02,324 INFO o.a.j.r.Summariser: summary +      7 in 00:00:57 =    0.1/s Avg:    91 Min:    12 Max:   560 Err:     0 (0.00%) Active: 1 Started: 96 Finished: 95
2026-10-08 21:29:02,325 INFO o.a.j.r.Summariser: summary =     96 in 00:14:59 =    0.1/s Avg:   428 Min:     7 Max:  4012 Err:     0 (0.00%)
2026-10-08 21:29:02,325 INFO o.a.j.t.JMeterThread: Thread is done: Agent search 2-56
2026-10-08 21:29:02,326 INFO o.a.j.t.JMeterThread: Thread finished: Agent search 2-56
2026-10-08 21:29:04,642 INFO o.a.j.t.JMeterThread: Thread started: Agent search 2-57
2026-10-08 21:29:04,652 INFO o.a.j.t.JMeterThread: Thread is done: Agent search 2-57
2026-10-08 21:29:04,652 INFO o.a.j.t.JMeterThread: Thread finished: Agent search 2-57
2026-10-08 21:29:08,094 INFO o.a.j.t.JMeterThread: Thread started: Intake 1-26
2026-10-08 21:29:09,860 INFO o.a.j.t.JMeterThread: Thread is done: Intake 1-26
2026-10-08 21:29:09,861 INFO o.a.j.t.JMeterThread: Thread finished: Intake 1-26
2026-10-08 21:29:20,418 INFO o.a.j.t.JMeterThread: Thread started: Intake 1-27
2026-10-08 21:29:24,458 INFO o.a.j.t.JMeterThread: Thread is done: Intake 1-27
2026-10-08 21:29:24,458 INFO o.a.j.t.JMeterThread: Thread finished: Intake 1-27
2026-10-08 21:29:30,999 INFO o.a.j.t.JMeterThread: Thread started: Dashboard 3-16
2026-10-08 21:29:31,014 INFO o.a.j.r.Summariser: summary +      4 in 00:00:29 =    0.1/s Avg:  1456 Min:     9 Max:  4040 Err:     0 (0.00%) Active: 1 Started: 100 Finished: 99
2026-10-08 21:29:31,015 INFO o.a.j.r.Summariser: summary =    100 in 00:15:28 =    0.1/s Avg:   469 Min:     7 Max:  4040 Err:     0 (0.00%)
2026-10-08 21:29:31,015 INFO o.a.j.t.JMeterThread: Thread is done: Dashboard 3-16
2026-10-08 21:29:31,015 INFO o.a.j.t.JMeterThread: Thread finished: Dashboard 3-16
2026-10-08 21:29:37,059 INFO o.a.j.t.JMeterThread: Thread started: Agent search 2-58
2026-10-08 21:29:37,073 INFO o.a.j.t.JMeterThread: Thread is done: Agent search 2-58
2026-10-08 21:29:37,073 INFO o.a.j.t.JMeterThread: Thread finished: Agent search 2-58
2026-10-08 21:29:37,513 INFO o.a.j.t.JMeterThread: Thread started: Agent search 2-59
2026-10-08 21:29:37,528 INFO o.a.j.t.JMeterThread: Thread is done: Agent search 2-59
2026-10-08 21:29:37,529 INFO o.a.j.t.JMeterThread: Thread finished: Agent search 2-59
2026-10-08 21:29:43,573 INFO o.a.j.t.JMeterThread: Thread started: Dashboard 3-17
2026-10-08 21:29:43,587 INFO o.a.j.t.JMeterThread: Thread is done: Dashboard 3-17
2026-10-08 21:29:43,587 INFO o.a.j.t.JMeterThread: Thread finished: Dashboard 3-17
2026-10-08 21:29:56,625 INFO o.a.j.t.JMeterThread: Thread started: Agent search 2-60
2026-10-08 21:29:56,640 INFO o.a.j.t.JMeterThread: Thread is done: Agent search 2-60
2026-10-08 21:29:56,640 INFO o.a.j.t.JMeterThread: Thread finished: Agent search 2-60
2026-10-08 21:30:11,622 INFO o.a.j.t.JMeterThread: Thread started: Dashboard 3-18
2026-10-08 21:30:11,637 INFO o.a.j.t.JMeterThread: Thread is done: Dashboard 3-18
2026-10-08 21:30:11,637 INFO o.a.j.t.JMeterThread: Thread finished: Dashboard 3-18
2026-10-08 21:30:21,628 INFO o.a.j.t.JMeterThread: Thread started: Agent search 2-61
2026-10-08 21:30:21,641 INFO o.a.j.t.JMeterThread: Thread is done: Agent search 2-61
2026-10-08 21:30:21,642 INFO o.a.j.t.JMeterThread: Thread finished: Agent search 2-61
2026-10-08 21:30:22,586 INFO o.a.j.t.JMeterThread: Thread started: Agent search 2-62
2026-10-08 21:30:22,601 INFO o.a.j.t.JMeterThread: Thread is done: Agent search 2-62
2026-10-08 21:30:22,601 INFO o.a.j.t.JMeterThread: Thread finished: Agent search 2-62
2026-10-08 21:30:30,499 INFO o.a.j.t.JMeterThread: Thread started: Agent search 2-63
2026-10-08 21:30:30,513 INFO o.a.j.r.Summariser: summary +      8 in 00:00:59 =    0.1/s Avg:    11 Min:    10 Max:    13 Err:     0 (0.00%) Active: 1 Started: 108 Finished: 107
2026-10-08 21:30:30,513 INFO o.a.j.r.Summariser: summary =    108 in 00:16:27 =    0.1/s Avg:   435 Min:     7 Max:  4040 Err:     0 (0.00%)
2026-10-08 21:30:30,514 INFO o.a.j.t.JMeterThread: Thread is done: Agent search 2-63
2026-10-08 21:30:30,514 INFO o.a.j.t.JMeterThread: Thread finished: Agent search 2-63
2026-10-08 21:30:34,422 INFO o.a.j.t.JMeterThread: Thread started: Agent search 2-64
2026-10-08 21:30:34,440 INFO o.a.j.t.JMeterThread: Thread is done: Agent search 2-64
2026-10-08 21:30:34,440 INFO o.a.j.t.JMeterThread: Thread finished: Agent search 2-64
2026-10-08 21:30:54,432 INFO o.a.j.t.JMeterThread: Thread started: Intake 1-28
2026-10-08 21:30:54,990 INFO o.a.j.t.JMeterThread: Thread is done: Intake 1-28
2026-10-08 21:30:54,990 INFO o.a.j.t.JMeterThread: Thread finished: Intake 1-28
2026-10-08 21:31:10,264 INFO o.a.j.t.JMeterThread: Thread started: Intake 1-29
2026-10-08 21:31:12,105 INFO o.a.j.t.JMeterThread: Thread is done: Intake 1-29
2026-10-08 21:31:12,105 INFO o.a.j.t.JMeterThread: Thread finished: Intake 1-29
2026-10-08 21:31:22,579 INFO o.a.j.t.JMeterThread: Thread started: Intake 1-30
2026-10-08 21:31:23,954 INFO o.a.j.t.JMeterThread: Thread started: Agent search 2-65
2026-10-08 21:31:23,972 INFO o.a.j.t.JMeterThread: Thread is done: Agent search 2-65
2026-10-08 21:31:23,972 INFO o.a.j.t.JMeterThread: Thread finished: Agent search 2-65
2026-10-08 21:31:26,318 INFO o.a.j.t.JMeterThread: Thread is done: Intake 1-30
2026-10-08 21:31:26,318 INFO o.a.j.t.JMeterThread: Thread finished: Intake 1-30
2026-10-08 21:31:33,160 INFO o.a.j.t.JMeterThread: Thread started: Dashboard 3-19
2026-10-08 21:31:33,175 INFO o.a.j.r.Summariser: summary +      6 in 00:01:03 =    0.1/s Avg:  1028 Min:    13 Max:  3736 Err:     0 (0.00%) Active: 1 Started: 114 Finished: 113
2026-10-08 21:31:33,176 INFO o.a.j.r.Summariser: summary =    114 in 00:17:30 =    0.1/s Avg:   467 Min:     7 Max:  4040 Err:     0 (0.00%)
2026-10-08 21:31:33,177 INFO o.a.j.t.JMeterThread: Thread is done: Dashboard 3-19
2026-10-08 21:31:33,177 INFO o.a.j.t.JMeterThread: Thread finished: Dashboard 3-19
2026-10-08 21:31:40,855 INFO o.a.j.t.JMeterThread: Thread started: Intake 1-31
2026-10-08 21:31:43,153 INFO o.a.j.t.JMeterThread: Thread is done: Intake 1-31
2026-10-08 21:31:43,153 INFO o.a.j.t.JMeterThread: Thread finished: Intake 1-31
2026-10-08 21:32:26,745 INFO o.a.j.t.JMeterThread: Thread started: Agent search 2-66
2026-10-08 21:32:26,761 INFO o.a.j.t.JMeterThread: Thread is done: Agent search 2-66
2026-10-08 21:32:26,761 INFO o.a.j.t.JMeterThread: Thread finished: Agent search 2-66
2026-10-08 21:32:47,679 INFO o.a.j.t.JMeterThread: Thread started: Agent search 2-67
2026-10-08 21:32:47,689 INFO o.a.j.t.JMeterThread: Thread is done: Agent search 2-67
2026-10-08 21:32:47,689 INFO o.a.j.t.JMeterThread: Thread finished: Agent search 2-67
2026-10-08 21:32:48,187 INFO o.a.j.t.JMeterThread: Thread started: Agent search 2-68
2026-10-08 21:32:48,201 INFO o.a.j.t.JMeterThread: Thread is done: Agent search 2-68
2026-10-08 21:32:48,202 INFO o.a.j.t.JMeterThread: Thread finished: Agent search 2-68
2026-10-08 21:32:57,824 INFO o.a.j.t.JMeterThread: Thread started: Agent search 2-69
2026-10-08 21:32:57,839 INFO o.a.j.t.JMeterThread: Thread is done: Agent search 2-69
2026-10-08 21:32:57,841 INFO o.a.j.t.JMeterThread: Thread finished: Agent search 2-69
2026-10-08 21:33:14,329 INFO o.a.j.t.JMeterThread: Thread started: Intake 1-32
2026-10-08 21:33:15,343 INFO o.a.j.t.JMeterThread: Thread started: Agent search 2-70
2026-10-08 21:33:15,356 INFO o.a.j.t.JMeterThread: Thread is done: Agent search 2-70
2026-10-08 21:33:15,356 INFO o.a.j.t.JMeterThread: Thread finished: Agent search 2-70
2026-10-08 21:33:16,130 INFO o.a.j.t.JMeterThread: Thread is done: Intake 1-32
2026-10-08 21:33:16,130 INFO o.a.j.t.JMeterThread: Thread finished: Intake 1-32
2026-10-08 21:33:35,584 INFO o.a.j.t.JMeterThread: Thread started: Agent search 2-71
2026-10-08 21:33:35,586 INFO o.a.j.t.o.OpenModelThreadGroup: There will be no more events, so will wait for 27 sec till the end of the schedule
2026-10-08 21:33:35,601 INFO o.a.j.r.Summariser: summary +      8 in 00:02:02 =    0.1/s Avg:   521 Min:    10 Max:  2295 Err:     0 (0.00%) Active: 1 Started: 122 Finished: 121
2026-10-08 21:33:35,602 INFO o.a.j.r.Summariser: summary =    122 in 00:19:32 =    0.1/s Avg:   470 Min:     7 Max:  4040 Err:     0 (0.00%)
2026-10-08 21:33:35,602 INFO o.a.j.t.JMeterThread: Thread is done: Agent search 2-71
2026-10-08 21:33:35,602 INFO o.a.j.t.JMeterThread: Thread finished: Agent search 2-71
2026-10-08 21:33:46,693 INFO o.a.j.t.o.OpenModelThreadGroup: There will be no more events, so will wait for 16 sec till the end of the schedule
2026-10-08 21:33:46,694 INFO o.a.j.t.JMeterThread: Thread started: Dashboard 3-20
2026-10-08 21:33:46,707 INFO o.a.j.t.JMeterThread: Thread is done: Dashboard 3-20
2026-10-08 21:33:46,707 INFO o.a.j.t.JMeterThread: Thread finished: Dashboard 3-20
2026-10-08 21:33:48,121 INFO o.a.j.t.JMeterThread: Thread started: Intake 1-33
2026-10-08 21:33:48,122 INFO o.a.j.t.o.OpenModelThreadGroup: There will be no more events, so will wait for 14 sec till the end of the schedule
2026-10-08 21:33:50,282 INFO o.a.j.t.JMeterThread: Thread is done: Intake 1-33
2026-10-08 21:33:50,282 INFO o.a.j.t.JMeterThread: Thread finished: Intake 1-33
2026-10-08 21:34:03,080 INFO o.a.j.t.o.OpenModelThreadGroup: There will be no more events, will shutdown the thread pool
2026-10-08 21:34:03,081 INFO o.a.j.t.o.OpenModelThreadGroup: There will be no more events, will shutdown the thread pool
2026-10-08 21:34:03,081 INFO o.a.j.t.o.OpenModelThreadGroup: Thread starting done
2026-10-08 21:34:03,081 INFO o.a.j.t.o.OpenModelThreadGroup: Thread starting done
2026-10-08 21:34:03,082 INFO o.a.j.t.o.OpenModelThreadGroup: There will be no more events, will shutdown the thread pool
2026-10-08 21:34:03,082 INFO o.a.j.t.o.OpenModelThreadGroup: Thread starting done
2026-10-08 21:34:03,082 INFO o.a.j.e.StandardJMeterEngine: Notifying test listeners of end of test
2026-10-08 21:34:03,082 INFO o.a.j.s.FileServer: Close: narratives.txt
2026-10-08 21:34:03,083 INFO o.a.j.s.FileServer: Close: search_terms.csv
2026-10-08 21:34:03,084 INFO o.a.j.r.Summariser: summary +      2 in 00:00:27 =    0.1/s Avg:  1085 Min:    12 Max:  2158 Err:     0 (0.00%) Active: 0 Started: 124 Finished: 124
2026-10-08 21:34:03,085 INFO o.a.j.r.Summariser: summary =    124 in 00:20:00 =    0.1/s Avg:   480 Min:     7 Max:  4040 Err:     0 (0.00%)
