2026-10-08 19:41:57,710 INFO o.a.j.u.JMeterUtils: Setting Locale to en_EN
2026-10-08 19:41:57,722 INFO o.a.j.JMeter: Loading user properties from: C:\apache-jmeter-5.6.3\bin\user.properties
2026-10-08 19:41:57,722 INFO o.a.j.JMeter: Loading system properties from: C:\apache-jmeter-5.6.3\bin\system.properties
2026-10-08 19:41:57,722 INFO o.a.j.JMeter: Setting JMeter property: host=192.168.50.104
2026-10-08 19:41:57,722 INFO o.a.j.JMeter: Setting JMeter property: ticket_rate=50
2026-10-08 19:41:57,722 INFO o.a.j.JMeter: Setting JMeter property: search_rate=214
2026-10-08 19:41:57,722 INFO o.a.j.JMeter: Setting JMeter property: stats_rate=60
2026-10-08 19:41:57,722 INFO o.a.j.JMeter: Setting JMeter property: duration=20
2026-10-08 19:41:57,722 INFO o.a.j.JMeter: Setting JMeter property: run_id=llama3_1_8b-50-r2
2026-10-08 19:41:57,723 INFO o.a.j.JMeter: Setting JMeter property: jmeter.save.saveservice.output_format=csv
2026-10-08 19:41:57,727 INFO o.a.j.JMeter: Copyright (c) 1998-2024 The Apache Software Foundation
2026-10-08 19:41:57,727 INFO o.a.j.JMeter: Version 5.6.3
2026-10-08 19:41:57,727 INFO o.a.j.JMeter: java.version=17
2026-10-08 19:41:57,727 INFO o.a.j.JMeter: java.vm.name=Java HotSpot(TM) 64-Bit Server VM
2026-10-08 19:41:57,727 INFO o.a.j.JMeter: os.name=Windows 10
2026-10-08 19:41:57,727 INFO o.a.j.JMeter: os.arch=amd64
2026-10-08 19:41:57,727 INFO o.a.j.JMeter: os.version=10.0
2026-10-08 19:41:57,727 INFO o.a.j.JMeter: file.encoding=Cp1252
2026-10-08 19:41:57,727 INFO o.a.j.JMeter: java.awt.headless=true
2026-10-08 19:41:57,727 INFO o.a.j.JMeter: Max memory     =1073741824
2026-10-08 19:41:57,727 INFO o.a.j.JMeter: Available Processors =20
2026-10-08 19:41:57,731 INFO o.a.j.JMeter: Default Locale=English (EN)
2026-10-08 19:41:57,731 INFO o.a.j.JMeter: JMeter  Locale=English (EN)
2026-10-08 19:41:57,731 INFO o.a.j.JMeter: JMeterHome=C:\apache-jmeter-5.6.3
2026-10-08 19:41:57,731 INFO o.a.j.JMeter: user.dir  =C:\Users\Ashley\Documents\GitHub\ICT3113_P2-3
2026-10-08 19:41:57,731 INFO o.a.j.JMeter: PWD       =C:\Users\Ashley\Documents\GitHub\ICT3113_P2-3
2026-10-08 19:41:57,732 INFO o.a.j.JMeter: IP: 192.168.50.172 Name: DESKTOP-FE7GKLN FullName: DESKTOP-FE7GKLN
2026-10-08 19:41:57,741 INFO o.a.j.s.FileServer: Default base='C:\Users\Ashley\Documents\GitHub\ICT3113_P2-3'
2026-10-08 19:41:57,742 INFO o.a.j.s.FileServer: Set new base='C:\Users\Ashley\Documents\GitHub\ICT3113_P2-3\jmeter'
2026-10-08 19:41:57,822 INFO o.a.j.s.SaveService: Testplan (JMX) version: 2.2. Testlog (JTL) version: 2.2
2026-10-08 19:41:57,833 INFO o.a.j.s.SaveService: Using SaveService properties version 5.0
2026-10-08 19:41:57,835 INFO o.a.j.s.SaveService: Using SaveService properties file encoding UTF-8
2026-10-08 19:41:57,837 INFO o.a.j.s.SaveService: Loading file: C:\Users\Ashley\Documents\GitHub\ICT3113_P2-3\jmeter\load_test.jmx
2026-10-08 19:41:57,864 INFO o.a.j.p.h.s.HTTPSamplerBase: Parser for text/html is org.apache.jmeter.protocol.http.parser.LagartoBasedHtmlParser
2026-10-08 19:41:57,864 INFO o.a.j.p.h.s.HTTPSamplerBase: Parser for application/xhtml+xml is org.apache.jmeter.protocol.http.parser.LagartoBasedHtmlParser
2026-10-08 19:41:57,864 INFO o.a.j.p.h.s.HTTPSamplerBase: Parser for application/xml is org.apache.jmeter.protocol.http.parser.LagartoBasedHtmlParser
2026-10-08 19:41:57,864 INFO o.a.j.p.h.s.HTTPSamplerBase: Parser for text/xml is org.apache.jmeter.protocol.http.parser.LagartoBasedHtmlParser
2026-10-08 19:41:57,864 INFO o.a.j.p.h.s.HTTPSamplerBase: Parser for text/vnd.wap.wml is org.apache.jmeter.protocol.http.parser.RegexpHTMLParser
2026-10-08 19:41:57,865 INFO o.a.j.p.h.s.HTTPSamplerBase: Parser for text/css is org.apache.jmeter.protocol.http.parser.CssParser
2026-10-08 19:41:57,874 INFO o.a.j.JMeter: Creating summariser <summary>
2026-10-08 19:41:57,883 INFO o.a.j.e.StandardJMeterEngine: Running the test!
2026-10-08 19:41:57,883 INFO o.a.j.s.SampleEvent: List of sample_variables: []
2026-10-08 19:41:57,883 INFO o.a.j.s.SampleEvent: List of sample_variables: []
2026-10-08 19:41:57,886 INFO o.a.j.e.u.CompoundVariable: Note: Function class names must contain the string: '.functions.'
2026-10-08 19:41:57,886 INFO o.a.j.e.u.CompoundVariable: Note: Function class names must not contain the string: '.gui.'
2026-10-08 19:41:57,922 INFO o.a.j.JMeter: Running test (1791459717922)
2026-10-08 19:41:57,929 INFO o.a.j.e.StandardJMeterEngine: Starting ThreadGroup: 1 : Intake
2026-10-08 19:41:57,929 INFO o.a.j.e.StandardJMeterEngine: Starting 0 threads for group Intake.
2026-10-08 19:41:57,929 INFO o.a.j.e.StandardJMeterEngine: Thread will continue on error
2026-10-08 19:41:57,930 INFO o.a.j.t.o.OpenModelThreadGroup: Starting OpenModelThreadGroup#1 with schedule rate(50/hour) random_arrivals(20 min)
2026-10-08 19:41:57,946 INFO o.a.j.e.StandardJMeterEngine: Starting ThreadGroup: 2 : Agent search
2026-10-08 19:41:57,946 INFO o.a.j.e.StandardJMeterEngine: Starting 0 threads for group Agent search.
2026-10-08 19:41:57,946 INFO o.a.j.e.StandardJMeterEngine: Thread will continue on error
2026-10-08 19:41:57,946 INFO o.a.j.t.o.OpenModelThreadGroup: Starting OpenModelThreadGroup#2 with schedule rate(214/hour) random_arrivals(20 min)
2026-10-08 19:41:57,946 INFO o.a.j.t.o.OpenModelThreadGroup: Thread starting init
2026-10-08 19:41:57,947 INFO o.a.j.e.StandardJMeterEngine: Starting ThreadGroup: 3 : Dashboard
2026-10-08 19:41:57,947 INFO o.a.j.e.StandardJMeterEngine: Starting 0 threads for group Dashboard.
2026-10-08 19:41:57,947 INFO o.a.j.e.StandardJMeterEngine: Thread will continue on error
2026-10-08 19:41:57,947 INFO o.a.j.t.o.OpenModelThreadGroup: Starting OpenModelThreadGroup#3 with schedule rate(60/hour) random_arrivals(20 min)
2026-10-08 19:41:57,947 INFO o.a.j.t.o.OpenModelThreadGroup: Thread starting init
2026-10-08 19:41:57,947 INFO o.a.j.e.StandardJMeterEngine: All thread groups have been started
2026-10-08 19:41:57,947 INFO o.a.j.t.o.OpenModelThreadGroup: Thread starting init
2026-10-08 19:41:57,951 INFO o.a.j.t.o.PoissonArrivalsRamp: Generating 16 events, beginRate = 0.013888888888888888 / sec, endRate = 0.013888888888888888 / sec, duration = 1200.0 sec
2026-10-08 19:41:57,951 INFO o.a.j.t.o.PoissonArrivalsRamp: Generating 71 events, beginRate = 0.059444444444444446 / sec, endRate = 0.059444444444444446 / sec, duration = 1200.0 sec
2026-10-08 19:41:57,951 INFO o.a.j.t.o.PoissonArrivalsRamp: Generating 20 events, beginRate = 0.016666666666666666 / sec, endRate = 0.016666666666666666 / sec, duration = 1200.0 sec
2026-10-08 19:42:05,093 INFO o.a.j.t.JMeterThread: Thread started: Dashboard 3-1
2026-10-08 19:42:05,100 INFO o.a.j.p.h.s.HTTPHCAbstractImpl: Local host = DESKTOP-FE7GKLN
2026-10-08 19:42:05,102 INFO o.a.j.p.h.s.HTTPHC4Impl: HTTP request retry count = 0
2026-10-08 19:42:05,103 INFO o.a.j.s.SampleResult: Note: Sample TimeStamps are START times
2026-10-08 19:42:05,103 INFO o.a.j.s.SampleResult: sampleresult.default.encoding is set to UTF-8
2026-10-08 19:42:05,103 INFO o.a.j.s.SampleResult: sampleresult.useNanoTime=true
2026-10-08 19:42:05,103 INFO o.a.j.s.SampleResult: sampleresult.nanoThreadSleep=5000
2026-10-08 19:42:05,161 INFO o.a.j.r.Summariser: summary +      1 in 00:00:07 =    0.1/s Avg:    22 Min:    22 Max:    22 Err:     0 (0.00%) Active: 1 Started: 1 Finished: 0
2026-10-08 19:42:05,161 INFO o.a.j.t.JMeterThread: Thread is done: Dashboard 3-1
2026-10-08 19:42:05,161 INFO o.a.j.t.JMeterThread: Thread finished: Dashboard 3-1
2026-10-08 19:42:17,749 INFO o.a.j.t.JMeterThread: Thread started: Dashboard 3-2
2026-10-08 19:42:17,765 INFO o.a.j.t.JMeterThread: Thread is done: Dashboard 3-2
2026-10-08 19:42:17,765 INFO o.a.j.t.JMeterThread: Thread finished: Dashboard 3-2
2026-10-08 19:42:27,115 INFO o.a.j.t.JMeterThread: Thread started: Intake 1-1
2026-10-08 19:42:27,116 INFO o.a.j.s.FileServer: Stored: narratives.txt
2026-10-08 19:42:27,851 INFO o.a.j.t.JMeterThread: Thread is done: Intake 1-1
2026-10-08 19:42:27,851 INFO o.a.j.t.JMeterThread: Thread finished: Intake 1-1
2026-10-08 19:42:27,994 INFO o.a.j.t.JMeterThread: Thread started: Agent search 2-1
2026-10-08 19:42:27,995 INFO o.a.j.s.FileServer: Stored: search_terms.csv
2026-10-08 19:42:28,007 INFO o.a.j.t.JMeterThread: Thread is done: Agent search 2-1
2026-10-08 19:42:28,007 INFO o.a.j.t.JMeterThread: Thread finished: Agent search 2-1
2026-10-08 19:42:32,138 INFO o.a.j.t.JMeterThread: Thread started: Agent search 2-2
2026-10-08 19:42:32,163 INFO o.a.j.r.Summariser: summary +      4 in 00:00:27 =    0.1/s Avg:   193 Min:    10 Max:   731 Err:     0 (0.00%) Active: 1 Started: 5 Finished: 4
2026-10-08 19:42:32,163 INFO o.a.j.r.Summariser: summary =      5 in 00:00:34 =    0.1/s Avg:   159 Min:    10 Max:   731 Err:     0 (0.00%)
2026-10-08 19:42:32,164 INFO o.a.j.t.JMeterThread: Thread is done: Agent search 2-2
2026-10-08 19:42:32,164 INFO o.a.j.t.JMeterThread: Thread finished: Agent search 2-2
2026-10-08 19:42:33,016 INFO o.a.j.t.JMeterThread: Thread started: Agent search 2-3
2026-10-08 19:42:33,031 INFO o.a.j.t.JMeterThread: Thread is done: Agent search 2-3
2026-10-08 19:42:33,031 INFO o.a.j.t.JMeterThread: Thread finished: Agent search 2-3
2026-10-08 19:42:45,001 INFO o.a.j.t.JMeterThread: Thread started: Dashboard 3-3
2026-10-08 19:42:45,010 INFO o.a.j.t.JMeterThread: Thread is done: Dashboard 3-3
2026-10-08 19:42:45,010 INFO o.a.j.t.JMeterThread: Thread finished: Dashboard 3-3
2026-10-08 19:42:57,529 INFO o.a.j.t.JMeterThread: Thread started: Agent search 2-4
2026-10-08 19:42:57,544 INFO o.a.j.t.JMeterThread: Thread is done: Agent search 2-4
2026-10-08 19:42:57,545 INFO o.a.j.t.JMeterThread: Thread finished: Agent search 2-4
2026-10-08 19:43:02,745 INFO o.a.j.t.JMeterThread: Thread started: Agent search 2-5
2026-10-08 19:43:02,756 INFO o.a.j.r.Summariser: summary +      4 in 00:00:31 =    0.1/s Avg:    11 Min:     8 Max:    15 Err:     0 (0.00%) Active: 1 Started: 9 Finished: 8
2026-10-08 19:43:02,756 INFO o.a.j.r.Summariser: summary =      9 in 00:01:05 =    0.1/s Avg:    93 Min:     8 Max:   731 Err:     0 (0.00%)
2026-10-08 19:43:02,756 INFO o.a.j.t.JMeterThread: Thread is done: Agent search 2-5
2026-10-08 19:43:02,756 INFO o.a.j.t.JMeterThread: Thread finished: Agent search 2-5
2026-10-08 19:43:06,122 INFO o.a.j.t.JMeterThread: Thread started: Dashboard 3-4
2026-10-08 19:43:06,136 INFO o.a.j.t.JMeterThread: Thread is done: Dashboard 3-4
2026-10-08 19:43:06,136 INFO o.a.j.t.JMeterThread: Thread finished: Dashboard 3-4
2026-10-08 19:43:26,136 INFO o.a.j.t.JMeterThread: Thread started: Dashboard 3-5
2026-10-08 19:43:26,150 INFO o.a.j.t.JMeterThread: Thread is done: Dashboard 3-5
2026-10-08 19:43:26,150 INFO o.a.j.t.JMeterThread: Thread finished: Dashboard 3-5
2026-10-08 19:43:46,263 INFO o.a.j.t.JMeterThread: Thread started: Agent search 2-6
2026-10-08 19:43:46,275 INFO o.a.j.t.JMeterThread: Thread is done: Agent search 2-6
2026-10-08 19:43:46,276 INFO o.a.j.t.JMeterThread: Thread finished: Agent search 2-6
2026-10-08 19:43:53,798 INFO o.a.j.t.JMeterThread: Thread started: Agent search 2-7
2026-10-08 19:43:53,812 INFO o.a.j.t.JMeterThread: Thread is done: Agent search 2-7
2026-10-08 19:43:53,812 INFO o.a.j.t.JMeterThread: Thread finished: Agent search 2-7
2026-10-08 19:44:03,100 INFO o.a.j.t.JMeterThread: Thread started: Dashboard 3-6
2026-10-08 19:44:03,116 INFO o.a.j.r.Summariser: summary +      5 in 00:01:00 =    0.1/s Avg:    12 Min:    11 Max:    13 Err:     0 (0.00%) Active: 1 Started: 14 Finished: 13
2026-10-08 19:44:03,117 INFO o.a.j.r.Summariser: summary =     14 in 00:02:05 =    0.1/s Avg:    64 Min:     8 Max:   731 Err:     0 (0.00%)
2026-10-08 19:44:03,117 INFO o.a.j.t.JMeterThread: Thread is done: Dashboard 3-6
2026-10-08 19:44:03,118 INFO o.a.j.t.JMeterThread: Thread finished: Dashboard 3-6
2026-10-08 19:44:31,904 INFO o.a.j.t.JMeterThread: Thread started: Agent search 2-8
2026-10-08 19:44:31,924 INFO o.a.j.r.Summariser: summary +      1 in 00:00:29 =    0.0/s Avg:    16 Min:    16 Max:    16 Err:     0 (0.00%) Active: 1 Started: 15 Finished: 14
2026-10-08 19:44:31,925 INFO o.a.j.r.Summariser: summary =     15 in 00:02:34 =    0.1/s Avg:    61 Min:     8 Max:   731 Err:     0 (0.00%)
2026-10-08 19:44:31,925 INFO o.a.j.t.JMeterThread: Thread is done: Agent search 2-8
2026-10-08 19:44:31,925 INFO o.a.j.t.JMeterThread: Thread finished: Agent search 2-8
2026-10-08 19:44:58,627 INFO o.a.j.t.JMeterThread: Thread started: Agent search 2-9
2026-10-08 19:44:58,644 INFO o.a.j.t.JMeterThread: Thread is done: Agent search 2-9
2026-10-08 19:44:58,644 INFO o.a.j.t.JMeterThread: Thread finished: Agent search 2-9
2026-10-08 19:45:07,323 INFO o.a.j.t.JMeterThread: Thread started: Agent search 2-10
2026-10-08 19:45:07,337 INFO o.a.j.t.JMeterThread: Thread is done: Agent search 2-10
2026-10-08 19:45:07,337 INFO o.a.j.t.JMeterThread: Thread finished: Agent search 2-10
2026-10-08 19:45:33,234 INFO o.a.j.t.JMeterThread: Thread started: Agent search 2-11
2026-10-08 19:45:33,251 INFO o.a.j.r.Summariser: summary +      3 in 00:01:01 =    0.0/s Avg:    14 Min:    12 Max:    15 Err:     0 (0.00%) Active: 1 Started: 18 Finished: 17
2026-10-08 19:45:33,251 INFO o.a.j.r.Summariser: summary =     18 in 00:03:35 =    0.1/s Avg:    53 Min:     8 Max:   731 Err:     0 (0.00%)
2026-10-08 19:45:33,251 INFO o.a.j.t.JMeterThread: Thread is done: Agent search 2-11
2026-10-08 19:45:33,251 INFO o.a.j.t.JMeterThread: Thread finished: Agent search 2-11
2026-10-08 19:45:43,933 INFO o.a.j.t.JMeterThread: Thread started: Intake 1-2
2026-10-08 19:45:45,579 INFO o.a.j.t.JMeterThread: Thread is done: Intake 1-2
2026-10-08 19:45:45,579 INFO o.a.j.t.JMeterThread: Thread finished: Intake 1-2
2026-10-08 19:46:27,438 INFO o.a.j.t.JMeterThread: Thread started: Agent search 2-12
2026-10-08 19:46:27,455 INFO o.a.j.t.JMeterThread: Thread is done: Agent search 2-12
2026-10-08 19:46:27,455 INFO o.a.j.t.JMeterThread: Thread finished: Agent search 2-12
2026-10-08 19:46:30,504 INFO o.a.j.t.JMeterThread: Thread started: Dashboard 3-7
2026-10-08 19:46:30,517 INFO o.a.j.r.Summariser: summary +      3 in 00:00:57 =    0.1/s Avg:   556 Min:    10 Max:  1644 Err:     0 (0.00%) Active: 1 Started: 21 Finished: 20
2026-10-08 19:46:30,517 INFO o.a.j.r.Summariser: summary =     21 in 00:04:33 =    0.1/s Avg:   125 Min:     8 Max:  1644 Err:     0 (0.00%)
2026-10-08 19:46:30,518 INFO o.a.j.t.JMeterThread: Thread is done: Dashboard 3-7
2026-10-08 19:46:30,518 INFO o.a.j.t.JMeterThread: Thread finished: Dashboard 3-7
2026-10-08 19:46:37,945 INFO o.a.j.t.JMeterThread: Thread started: Agent search 2-13
2026-10-08 19:46:37,961 INFO o.a.j.t.JMeterThread: Thread is done: Agent search 2-13
2026-10-08 19:46:37,961 INFO o.a.j.t.JMeterThread: Thread finished: Agent search 2-13
2026-10-08 19:46:49,677 INFO o.a.j.t.JMeterThread: Thread started: Agent search 2-14
2026-10-08 19:46:49,688 INFO o.a.j.t.JMeterThread: Thread is done: Agent search 2-14
2026-10-08 19:46:49,688 INFO o.a.j.t.JMeterThread: Thread finished: Agent search 2-14
2026-10-08 19:46:52,619 INFO o.a.j.t.JMeterThread: Thread started: Intake 1-3
2026-10-08 19:46:56,474 INFO o.a.j.t.JMeterThread: Thread is done: Intake 1-3
2026-10-08 19:46:56,474 INFO o.a.j.t.JMeterThread: Thread finished: Intake 1-3
2026-10-08 19:46:59,566 INFO o.a.j.t.JMeterThread: Thread started: Dashboard 3-8
2026-10-08 19:46:59,579 INFO o.a.j.t.JMeterThread: Thread is done: Dashboard 3-8
2026-10-08 19:46:59,579 INFO o.a.j.t.JMeterThread: Thread finished: Dashboard 3-8
2026-10-08 19:47:02,087 INFO o.a.j.t.JMeterThread: Thread started: Agent search 2-15
2026-10-08 19:47:02,106 INFO o.a.j.r.Summariser: summary +      5 in 00:00:32 =    0.2/s Avg:   780 Min:     8 Max:  3850 Err:     0 (0.00%) Active: 1 Started: 26 Finished: 25
2026-10-08 19:47:02,106 INFO o.a.j.r.Summariser: summary =     26 in 00:05:04 =    0.1/s Avg:   251 Min:     8 Max:  3850 Err:     0 (0.00%)
2026-10-08 19:47:02,107 INFO o.a.j.t.JMeterThread: Thread is done: Agent search 2-15
2026-10-08 19:47:02,107 INFO o.a.j.t.JMeterThread: Thread finished: Agent search 2-15
2026-10-08 19:47:05,457 INFO o.a.j.t.JMeterThread: Thread started: Dashboard 3-9
2026-10-08 19:47:05,469 INFO o.a.j.t.JMeterThread: Thread is done: Dashboard 3-9
2026-10-08 19:47:05,470 INFO o.a.j.t.JMeterThread: Thread finished: Dashboard 3-9
2026-10-08 19:47:28,292 INFO o.a.j.t.JMeterThread: Thread started: Agent search 2-16
2026-10-08 19:47:28,308 INFO o.a.j.t.JMeterThread: Thread is done: Agent search 2-16
2026-10-08 19:47:28,308 INFO o.a.j.t.JMeterThread: Thread finished: Agent search 2-16
2026-10-08 19:47:33,298 INFO o.a.j.t.JMeterThread: Thread started: Agent search 2-17
2026-10-08 19:47:33,314 INFO o.a.j.r.Summariser: summary +      3 in 00:00:31 =    0.1/s Avg:    12 Min:    10 Max:    13 Err:     0 (0.00%) Active: 1 Started: 29 Finished: 28
2026-10-08 19:47:33,315 INFO o.a.j.r.Summariser: summary =     29 in 00:05:35 =    0.1/s Avg:   226 Min:     8 Max:  3850 Err:     0 (0.00%)
2026-10-08 19:47:33,316 INFO o.a.j.t.JMeterThread: Thread is done: Agent search 2-17
2026-10-08 19:47:33,316 INFO o.a.j.t.JMeterThread: Thread finished: Agent search 2-17
2026-10-08 19:47:51,184 INFO o.a.j.t.JMeterThread: Thread started: Intake 1-4
2026-10-08 19:47:53,086 INFO o.a.j.t.JMeterThread: Thread is done: Intake 1-4
2026-10-08 19:47:53,086 INFO o.a.j.t.JMeterThread: Thread finished: Intake 1-4
2026-10-08 19:48:03,923 INFO o.a.j.t.JMeterThread: Thread started: Agent search 2-18
2026-10-08 19:48:03,937 INFO o.a.j.r.Summariser: summary +      2 in 00:00:31 =    0.1/s Avg:   955 Min:    11 Max:  1899 Err:     0 (0.00%) Active: 1 Started: 31 Finished: 30
2026-10-08 19:48:03,938 INFO o.a.j.r.Summariser: summary =     31 in 00:06:06 =    0.1/s Avg:   273 Min:     8 Max:  3850 Err:     0 (0.00%)
2026-10-08 19:48:03,938 INFO o.a.j.t.JMeterThread: Thread is done: Agent search 2-18
2026-10-08 19:48:03,938 INFO o.a.j.t.JMeterThread: Thread finished: Agent search 2-18
2026-10-08 19:48:13,712 INFO o.a.j.t.JMeterThread: Thread started: Agent search 2-19
2026-10-08 19:48:13,729 INFO o.a.j.t.JMeterThread: Thread is done: Agent search 2-19
2026-10-08 19:48:13,729 INFO o.a.j.t.JMeterThread: Thread finished: Agent search 2-19
2026-10-08 19:48:15,942 INFO o.a.j.t.JMeterThread: Thread started: Dashboard 3-10
2026-10-08 19:48:15,954 INFO o.a.j.t.JMeterThread: Thread is done: Dashboard 3-10
2026-10-08 19:48:15,954 INFO o.a.j.t.JMeterThread: Thread finished: Dashboard 3-10
2026-10-08 19:48:27,393 INFO o.a.j.t.JMeterThread: Thread started: Agent search 2-20
2026-10-08 19:48:27,410 INFO o.a.j.t.JMeterThread: Thread is done: Agent search 2-20
2026-10-08 19:48:27,410 INFO o.a.j.t.JMeterThread: Thread finished: Agent search 2-20
2026-10-08 19:48:48,537 INFO o.a.j.t.JMeterThread: Thread started: Agent search 2-21
2026-10-08 19:48:48,558 INFO o.a.j.t.JMeterThread: Thread is done: Agent search 2-21
2026-10-08 19:48:48,558 INFO o.a.j.t.JMeterThread: Thread finished: Agent search 2-21
2026-10-08 19:49:06,210 INFO o.a.j.t.JMeterThread: Thread started: Agent search 2-22
2026-10-08 19:49:06,225 INFO o.a.j.t.JMeterThread: Thread is done: Agent search 2-22
2026-10-08 19:49:06,225 INFO o.a.j.t.JMeterThread: Thread finished: Agent search 2-22
2026-10-08 19:49:29,348 INFO o.a.j.t.JMeterThread: Thread started: Intake 1-5
2026-10-08 19:49:32,548 INFO o.a.j.r.Summariser: summary +      6 in 00:01:29 =    0.1/s Avg:   544 Min:    11 Max:  3197 Err:     0 (0.00%) Active: 1 Started: 37 Finished: 36
2026-10-08 19:49:32,549 INFO o.a.j.r.Summariser: summary =     37 in 00:07:35 =    0.1/s Avg:   317 Min:     8 Max:  3850 Err:     0 (0.00%)
2026-10-08 19:49:32,550 INFO o.a.j.t.JMeterThread: Thread is done: Intake 1-5
2026-10-08 19:49:32,550 INFO o.a.j.t.JMeterThread: Thread finished: Intake 1-5
2026-10-08 19:49:35,141 INFO o.a.j.t.JMeterThread: Thread started: Agent search 2-23
2026-10-08 19:49:35,153 INFO o.a.j.t.JMeterThread: Thread is done: Agent search 2-23
2026-10-08 19:49:35,153 INFO o.a.j.t.JMeterThread: Thread finished: Agent search 2-23
2026-10-08 19:49:37,822 INFO o.a.j.t.JMeterThread: Thread started: Agent search 2-24
2026-10-08 19:49:37,836 INFO o.a.j.t.JMeterThread: Thread is done: Agent search 2-24
2026-10-08 19:49:37,836 INFO o.a.j.t.JMeterThread: Thread finished: Agent search 2-24
2026-10-08 19:49:43,833 INFO o.a.j.t.JMeterThread: Thread started: Agent search 2-25
2026-10-08 19:49:43,848 INFO o.a.j.t.JMeterThread: Thread is done: Agent search 2-25
2026-10-08 19:49:43,848 INFO o.a.j.t.JMeterThread: Thread finished: Agent search 2-25
2026-10-08 19:50:10,269 INFO o.a.j.t.JMeterThread: Thread started: Agent search 2-26
2026-10-08 19:50:10,283 INFO o.a.j.t.JMeterThread: Thread is done: Agent search 2-26
2026-10-08 19:50:10,283 INFO o.a.j.t.JMeterThread: Thread finished: Agent search 2-26
2026-10-08 19:50:28,189 INFO o.a.j.t.JMeterThread: Thread started: Agent search 2-27
2026-10-08 19:50:28,199 INFO o.a.j.t.JMeterThread: Thread is done: Agent search 2-27
2026-10-08 19:50:28,199 INFO o.a.j.t.JMeterThread: Thread finished: Agent search 2-27
2026-10-08 19:50:33,507 INFO o.a.j.t.JMeterThread: Thread started: Dashboard 3-11
2026-10-08 19:50:33,522 INFO o.a.j.r.Summariser: summary +      6 in 00:01:01 =    0.1/s Avg:    11 Min:     8 Max:    14 Err:     0 (0.00%) Active: 1 Started: 43 Finished: 42
2026-10-08 19:50:33,523 INFO o.a.j.r.Summariser: summary =     43 in 00:08:36 =    0.1/s Avg:   274 Min:     8 Max:  3850 Err:     0 (0.00%)
2026-10-08 19:50:33,523 INFO o.a.j.t.JMeterThread: Thread is done: Dashboard 3-11
2026-10-08 19:50:33,524 INFO o.a.j.t.JMeterThread: Thread finished: Dashboard 3-11
2026-10-08 19:50:43,372 INFO o.a.j.t.JMeterThread: Thread started: Agent search 2-28
2026-10-08 19:50:43,391 INFO o.a.j.t.JMeterThread: Thread is done: Agent search 2-28
2026-10-08 19:50:43,391 INFO o.a.j.t.JMeterThread: Thread finished: Agent search 2-28
2026-10-08 19:50:44,242 INFO o.a.j.t.JMeterThread: Thread started: Agent search 2-29
2026-10-08 19:50:44,256 INFO o.a.j.t.JMeterThread: Thread is done: Agent search 2-29
2026-10-08 19:50:44,256 INFO o.a.j.t.JMeterThread: Thread finished: Agent search 2-29
2026-10-08 19:50:54,037 INFO o.a.j.t.JMeterThread: Thread started: Intake 1-6
2026-10-08 19:50:54,643 INFO o.a.j.t.JMeterThread: Thread is done: Intake 1-6
2026-10-08 19:50:54,643 INFO o.a.j.t.JMeterThread: Thread finished: Intake 1-6
2026-10-08 19:51:12,202 INFO o.a.j.t.JMeterThread: Thread started: Agent search 2-30
2026-10-08 19:51:12,216 INFO o.a.j.t.JMeterThread: Thread is done: Agent search 2-30
2026-10-08 19:51:12,216 INFO o.a.j.t.JMeterThread: Thread finished: Agent search 2-30
2026-10-08 19:51:15,607 INFO o.a.j.t.JMeterThread: Thread started: Intake 1-7
2026-10-08 19:51:16,316 INFO o.a.j.t.JMeterThread: Thread is done: Intake 1-7
2026-10-08 19:51:16,316 INFO o.a.j.t.JMeterThread: Thread finished: Intake 1-7
2026-10-08 19:51:49,141 INFO o.a.j.t.JMeterThread: Thread started: Agent search 2-31
2026-10-08 19:51:49,155 INFO o.a.j.t.JMeterThread: Thread is done: Agent search 2-31
2026-10-08 19:51:49,155 INFO o.a.j.t.JMeterThread: Thread finished: Agent search 2-31
2026-10-08 19:51:52,754 INFO o.a.j.t.JMeterThread: Thread started: Agent search 2-32
2026-10-08 19:51:52,772 INFO o.a.j.t.JMeterThread: Thread is done: Agent search 2-32
2026-10-08 19:51:52,772 INFO o.a.j.t.JMeterThread: Thread finished: Agent search 2-32
2026-10-08 19:52:17,504 INFO o.a.j.t.JMeterThread: Thread started: Agent search 2-33
2026-10-08 19:52:17,514 INFO o.a.j.t.JMeterThread: Thread is done: Agent search 2-33
2026-10-08 19:52:17,514 INFO o.a.j.t.JMeterThread: Thread finished: Agent search 2-33
2026-10-08 19:52:17,615 INFO o.a.j.t.JMeterThread: Thread started: Agent search 2-34
2026-10-08 19:52:17,626 INFO o.a.j.t.JMeterThread: Thread is done: Agent search 2-34
2026-10-08 19:52:17,626 INFO o.a.j.t.JMeterThread: Thread finished: Agent search 2-34
2026-10-08 19:52:19,715 INFO o.a.j.t.JMeterThread: Thread started: Agent search 2-35
2026-10-08 19:52:19,729 INFO o.a.j.t.JMeterThread: Thread is done: Agent search 2-35
2026-10-08 19:52:19,729 INFO o.a.j.t.JMeterThread: Thread finished: Agent search 2-35
2026-10-08 19:52:22,983 INFO o.a.j.t.JMeterThread: Thread started: Agent search 2-36
2026-10-08 19:52:22,999 INFO o.a.j.t.JMeterThread: Thread is done: Agent search 2-36
2026-10-08 19:52:22,999 INFO o.a.j.t.JMeterThread: Thread finished: Agent search 2-36
2026-10-08 19:52:29,934 INFO o.a.j.t.JMeterThread: Thread started: Agent search 2-37
2026-10-08 19:52:29,946 INFO o.a.j.t.JMeterThread: Thread is done: Agent search 2-37
2026-10-08 19:52:29,946 INFO o.a.j.t.JMeterThread: Thread finished: Agent search 2-37
2026-10-08 19:52:30,698 INFO o.a.j.t.JMeterThread: Thread started: Dashboard 3-12
2026-10-08 19:52:30,713 INFO o.a.j.r.Summariser: summary +     13 in 00:01:57 =    0.1/s Avg:   111 Min:     8 Max:   707 Err:     0 (0.00%) Active: 1 Started: 56 Finished: 55
2026-10-08 19:52:30,714 INFO o.a.j.r.Summariser: summary =     56 in 00:10:33 =    0.1/s Avg:   236 Min:     8 Max:  3850 Err:     0 (0.00%)
2026-10-08 19:52:30,715 INFO o.a.j.t.JMeterThread: Thread is done: Dashboard 3-12
2026-10-08 19:52:30,715 INFO o.a.j.t.JMeterThread: Thread finished: Dashboard 3-12
2026-10-08 19:52:43,199 INFO o.a.j.t.JMeterThread: Thread started: Agent search 2-38
2026-10-08 19:52:43,212 INFO o.a.j.t.JMeterThread: Thread is done: Agent search 2-38
2026-10-08 19:52:43,212 INFO o.a.j.t.JMeterThread: Thread finished: Agent search 2-38
2026-10-08 19:52:49,327 INFO o.a.j.t.JMeterThread: Thread started: Agent search 2-39
2026-10-08 19:52:49,340 INFO o.a.j.t.JMeterThread: Thread is done: Agent search 2-39
2026-10-08 19:52:49,340 INFO o.a.j.t.JMeterThread: Thread finished: Agent search 2-39
2026-10-08 19:53:03,613 INFO o.a.j.t.JMeterThread: Thread started: Intake 1-8
2026-10-08 19:53:05,718 INFO o.a.j.r.Summariser: summary +      3 in 00:00:35 =    0.1/s Avg:   707 Min:    11 Max:  2101 Err:     0 (0.00%) Active: 1 Started: 59 Finished: 58
2026-10-08 19:53:05,720 INFO o.a.j.r.Summariser: summary =     59 in 00:11:08 =    0.1/s Avg:   260 Min:     8 Max:  3850 Err:     0 (0.00%)
2026-10-08 19:53:05,721 INFO o.a.j.t.JMeterThread: Thread is done: Intake 1-8
2026-10-08 19:53:05,721 INFO o.a.j.t.JMeterThread: Thread finished: Intake 1-8
2026-10-08 19:53:08,250 INFO o.a.j.t.JMeterThread: Thread started: Agent search 2-40
2026-10-08 19:53:08,263 INFO o.a.j.t.JMeterThread: Thread is done: Agent search 2-40
2026-10-08 19:53:08,263 INFO o.a.j.t.JMeterThread: Thread finished: Agent search 2-40
2026-10-08 19:53:41,738 INFO o.a.j.t.JMeterThread: Thread started: Agent search 2-41
2026-10-08 19:53:41,755 INFO o.a.j.t.JMeterThread: Thread is done: Agent search 2-41
2026-10-08 19:53:41,755 INFO o.a.j.t.JMeterThread: Thread finished: Agent search 2-41
2026-10-08 19:53:47,494 INFO o.a.j.t.JMeterThread: Thread started: Intake 1-9
2026-10-08 19:53:48,927 INFO o.a.j.t.JMeterThread: Thread is done: Intake 1-9
2026-10-08 19:53:48,928 INFO o.a.j.t.JMeterThread: Thread finished: Intake 1-9
2026-10-08 19:53:49,076 INFO o.a.j.t.JMeterThread: Thread started: Intake 1-10
2026-10-08 19:53:51,859 INFO o.a.j.t.JMeterThread: Thread is done: Intake 1-10
2026-10-08 19:53:51,859 INFO o.a.j.t.JMeterThread: Thread finished: Intake 1-10
2026-10-08 19:53:55,898 INFO o.a.j.t.JMeterThread: Thread started: Agent search 2-42
2026-10-08 19:53:55,913 INFO o.a.j.t.JMeterThread: Thread is done: Agent search 2-42
2026-10-08 19:53:55,913 INFO o.a.j.t.JMeterThread: Thread finished: Agent search 2-42
2026-10-08 19:53:58,987 INFO o.a.j.t.JMeterThread: Thread started: Dashboard 3-13
2026-10-08 19:53:59,004 INFO o.a.j.t.JMeterThread: Thread is done: Dashboard 3-13
2026-10-08 19:53:59,004 INFO o.a.j.t.JMeterThread: Thread finished: Dashboard 3-13
2026-10-08 19:54:05,651 INFO o.a.j.t.JMeterThread: Thread started: Agent search 2-43
2026-10-08 19:54:05,668 INFO o.a.j.r.Summariser: summary +      7 in 00:01:00 =    0.1/s Avg:   610 Min:    10 Max:  2779 Err:     0 (0.00%) Active: 1 Started: 66 Finished: 65
2026-10-08 19:54:05,668 INFO o.a.j.r.Summariser: summary =     66 in 00:12:08 =    0.1/s Avg:   297 Min:     8 Max:  3850 Err:     0 (0.00%)
2026-10-08 19:54:05,669 INFO o.a.j.t.JMeterThread: Thread is done: Agent search 2-43
2026-10-08 19:54:05,669 INFO o.a.j.t.JMeterThread: Thread finished: Agent search 2-43
2026-10-08 19:54:13,639 INFO o.a.j.t.JMeterThread: Thread started: Agent search 2-44
2026-10-08 19:54:13,655 INFO o.a.j.t.JMeterThread: Thread is done: Agent search 2-44
2026-10-08 19:54:13,655 INFO o.a.j.t.JMeterThread: Thread finished: Agent search 2-44
2026-10-08 19:54:22,273 INFO o.a.j.t.JMeterThread: Thread started: Agent search 2-45
2026-10-08 19:54:22,290 INFO o.a.j.t.JMeterThread: Thread is done: Agent search 2-45
2026-10-08 19:54:22,290 INFO o.a.j.t.JMeterThread: Thread finished: Agent search 2-45
2026-10-08 19:54:29,658 INFO o.a.j.t.JMeterThread: Thread started: Agent search 2-46
2026-10-08 19:54:29,668 INFO o.a.j.t.JMeterThread: Thread is done: Agent search 2-46
2026-10-08 19:54:29,668 INFO o.a.j.t.JMeterThread: Thread finished: Agent search 2-46
2026-10-08 19:54:57,202 INFO o.a.j.t.JMeterThread: Thread started: Agent search 2-47
2026-10-08 19:54:57,213 INFO o.a.j.t.JMeterThread: Thread is done: Agent search 2-47
2026-10-08 19:54:57,213 INFO o.a.j.t.JMeterThread: Thread finished: Agent search 2-47
2026-10-08 19:54:59,161 INFO o.a.j.t.JMeterThread: Thread started: Intake 1-11
2026-10-08 19:54:59,782 INFO o.a.j.t.JMeterThread: Thread is done: Intake 1-11
2026-10-08 19:54:59,782 INFO o.a.j.t.JMeterThread: Thread finished: Intake 1-11
2026-10-08 19:55:05,600 INFO o.a.j.t.JMeterThread: Thread started: Dashboard 3-14
2026-10-08 19:55:05,619 INFO o.a.j.r.Summariser: summary +      6 in 00:01:00 =    0.1/s Avg:   113 Min:     9 Max:   619 Err:     0 (0.00%) Active: 1 Started: 72 Finished: 71
2026-10-08 19:55:05,620 INFO o.a.j.r.Summariser: summary =     72 in 00:13:08 =    0.1/s Avg:   282 Min:     8 Max:  3850 Err:     0 (0.00%)
2026-10-08 19:55:05,620 INFO o.a.j.t.JMeterThread: Thread is done: Dashboard 3-14
2026-10-08 19:55:05,620 INFO o.a.j.t.JMeterThread: Thread finished: Dashboard 3-14
2026-10-08 19:55:31,297 INFO o.a.j.t.JMeterThread: Thread started: Agent search 2-48
2026-10-08 19:55:31,314 INFO o.a.j.r.Summariser: summary +      1 in 00:00:26 =    0.0/s Avg:    14 Min:    14 Max:    14 Err:     0 (0.00%) Active: 1 Started: 73 Finished: 72
2026-10-08 19:55:31,314 INFO o.a.j.r.Summariser: summary =     73 in 00:13:33 =    0.1/s Avg:   278 Min:     8 Max:  3850 Err:     0 (0.00%)
2026-10-08 19:55:31,316 INFO o.a.j.t.JMeterThread: Thread is done: Agent search 2-48
2026-10-08 19:55:31,316 INFO o.a.j.t.JMeterThread: Thread finished: Agent search 2-48
2026-10-08 19:55:49,486 INFO o.a.j.t.JMeterThread: Thread started: Agent search 2-49
2026-10-08 19:55:49,505 INFO o.a.j.t.JMeterThread: Thread is done: Agent search 2-49
2026-10-08 19:55:49,506 INFO o.a.j.t.JMeterThread: Thread finished: Agent search 2-49
2026-10-08 19:55:50,172 INFO o.a.j.t.JMeterThread: Thread started: Intake 1-12
2026-10-08 19:55:50,898 INFO o.a.j.t.JMeterThread: Thread is done: Intake 1-12
2026-10-08 19:55:50,898 INFO o.a.j.t.JMeterThread: Thread finished: Intake 1-12
2026-10-08 19:55:55,077 INFO o.a.j.t.JMeterThread: Thread started: Intake 1-13
2026-10-08 19:55:57,229 INFO o.a.j.t.JMeterThread: Thread is done: Intake 1-13
2026-10-08 19:55:57,229 INFO o.a.j.t.JMeterThread: Thread finished: Intake 1-13
2026-10-08 19:56:10,004 INFO o.a.j.t.JMeterThread: Thread started: Agent search 2-50
2026-10-08 19:56:10,022 INFO o.a.j.t.JMeterThread: Thread is done: Agent search 2-50
2026-10-08 19:56:10,022 INFO o.a.j.t.JMeterThread: Thread finished: Agent search 2-50
2026-10-08 19:56:36,213 INFO o.a.j.t.JMeterThread: Thread started: Agent search 2-51
2026-10-08 19:56:36,227 INFO o.a.j.t.JMeterThread: Thread is done: Agent search 2-51
2026-10-08 19:56:36,228 INFO o.a.j.t.JMeterThread: Thread finished: Agent search 2-51
2026-10-08 19:56:36,954 INFO o.a.j.t.JMeterThread: Thread started: Agent search 2-52
2026-10-08 19:56:36,966 INFO o.a.j.t.JMeterThread: Thread is done: Agent search 2-52
2026-10-08 19:56:36,967 INFO o.a.j.t.JMeterThread: Thread finished: Agent search 2-52
2026-10-08 19:56:53,028 INFO o.a.j.t.JMeterThread: Thread started: Dashboard 3-15
2026-10-08 19:56:53,041 INFO o.a.j.t.JMeterThread: Thread is done: Dashboard 3-15
2026-10-08 19:56:53,042 INFO o.a.j.t.JMeterThread: Thread finished: Dashboard 3-15
2026-10-08 19:56:53,708 INFO o.a.j.t.JMeterThread: Thread started: Agent search 2-53
2026-10-08 19:56:53,719 INFO o.a.j.t.JMeterThread: Thread is done: Agent search 2-53
2026-10-08 19:56:53,719 INFO o.a.j.t.JMeterThread: Thread finished: Agent search 2-53
2026-10-08 19:57:01,720 INFO o.a.j.t.JMeterThread: Thread started: Agent search 2-54
2026-10-08 19:57:01,731 INFO o.a.j.r.Summariser: summary +      9 in 00:01:30 =    0.1/s Avg:   328 Min:    10 Max:  2149 Err:     0 (0.00%) Active: 1 Started: 82 Finished: 81
2026-10-08 19:57:01,731 INFO o.a.j.r.Summariser: summary =     82 in 00:15:04 =    0.1/s Avg:   284 Min:     8 Max:  3850 Err:     0 (0.00%)
2026-10-08 19:57:01,731 INFO o.a.j.t.JMeterThread: Thread is done: Agent search 2-54
2026-10-08 19:57:01,731 INFO o.a.j.t.JMeterThread: Thread finished: Agent search 2-54
2026-10-08 19:57:05,419 INFO o.a.j.t.JMeterThread: Thread started: Agent search 2-55
2026-10-08 19:57:05,431 INFO o.a.j.t.JMeterThread: Thread is done: Agent search 2-55
2026-10-08 19:57:05,432 INFO o.a.j.t.JMeterThread: Thread finished: Agent search 2-55
2026-10-08 19:57:14,606 INFO o.a.j.t.JMeterThread: Thread started: Agent search 2-56
2026-10-08 19:57:14,628 INFO o.a.j.t.JMeterThread: Thread is done: Agent search 2-56
2026-10-08 19:57:14,628 INFO o.a.j.t.JMeterThread: Thread finished: Agent search 2-56
2026-10-08 19:57:19,507 INFO o.a.j.t.JMeterThread: Thread started: Agent search 2-57
2026-10-08 19:57:19,521 INFO o.a.j.t.JMeterThread: Thread is done: Agent search 2-57
2026-10-08 19:57:19,521 INFO o.a.j.t.JMeterThread: Thread finished: Agent search 2-57
2026-10-08 19:57:49,808 INFO o.a.j.t.JMeterThread: Thread started: Agent search 2-58
2026-10-08 19:57:49,826 INFO o.a.j.t.JMeterThread: Thread is done: Agent search 2-58
2026-10-08 19:57:49,826 INFO o.a.j.t.JMeterThread: Thread finished: Agent search 2-58
2026-10-08 19:57:50,546 INFO o.a.j.t.JMeterThread: Thread started: Agent search 2-59
2026-10-08 19:57:50,556 INFO o.a.j.t.JMeterThread: Thread is done: Agent search 2-59
2026-10-08 19:57:50,556 INFO o.a.j.t.JMeterThread: Thread finished: Agent search 2-59
2026-10-08 19:57:58,129 INFO o.a.j.t.JMeterThread: Thread started: Dashboard 3-16
2026-10-08 19:57:58,144 INFO o.a.j.t.JMeterThread: Thread is done: Dashboard 3-16
2026-10-08 19:57:58,144 INFO o.a.j.t.JMeterThread: Thread finished: Dashboard 3-16
2026-10-08 19:57:59,819 INFO o.a.j.t.JMeterThread: Thread started: Agent search 2-60
2026-10-08 19:57:59,835 INFO o.a.j.t.JMeterThread: Thread is done: Agent search 2-60
2026-10-08 19:57:59,836 INFO o.a.j.t.JMeterThread: Thread finished: Agent search 2-60
2026-10-08 19:58:07,805 INFO o.a.j.t.JMeterThread: Thread started: Agent search 2-61
2026-10-08 19:58:07,820 INFO o.a.j.t.JMeterThread: Thread is done: Agent search 2-61
2026-10-08 19:58:07,820 INFO o.a.j.t.JMeterThread: Thread finished: Agent search 2-61
2026-10-08 19:58:08,719 INFO o.a.j.t.JMeterThread: Thread started: Dashboard 3-17
2026-10-08 19:58:08,733 INFO o.a.j.t.JMeterThread: Thread is done: Dashboard 3-17
2026-10-08 19:58:08,733 INFO o.a.j.t.JMeterThread: Thread finished: Dashboard 3-17
2026-10-08 19:58:13,170 INFO o.a.j.t.JMeterThread: Thread started: Agent search 2-62
2026-10-08 19:58:13,181 INFO o.a.j.t.JMeterThread: Thread is done: Agent search 2-62
2026-10-08 19:58:13,181 INFO o.a.j.t.JMeterThread: Thread finished: Agent search 2-62
2026-10-08 19:58:32,691 INFO o.a.j.t.JMeterThread: Thread started: Intake 1-14
2026-10-08 19:58:34,226 INFO o.a.j.r.Summariser: summary +     11 in 00:01:32 =    0.1/s Avg:   150 Min:     7 Max:  1533 Err:     0 (0.00%) Active: 1 Started: 93 Finished: 92
2026-10-08 19:58:34,227 INFO o.a.j.r.Summariser: summary =     93 in 00:16:36 =    0.1/s Avg:   268 Min:     7 Max:  3850 Err:     0 (0.00%)
2026-10-08 19:58:34,228 INFO o.a.j.t.JMeterThread: Thread is done: Intake 1-14
2026-10-08 19:58:34,228 INFO o.a.j.t.JMeterThread: Thread finished: Intake 1-14
2026-10-08 19:58:54,901 INFO o.a.j.t.JMeterThread: Thread started: Agent search 2-63
2026-10-08 19:58:54,915 INFO o.a.j.t.JMeterThread: Thread is done: Agent search 2-63
2026-10-08 19:58:54,915 INFO o.a.j.t.JMeterThread: Thread finished: Agent search 2-63
2026-10-08 19:58:57,095 INFO o.a.j.t.JMeterThread: Thread started: Dashboard 3-18
2026-10-08 19:58:57,110 INFO o.a.j.t.JMeterThread: Thread is done: Dashboard 3-18
2026-10-08 19:58:57,110 INFO o.a.j.t.JMeterThread: Thread finished: Dashboard 3-18
2026-10-08 19:58:58,404 INFO o.a.j.t.JMeterThread: Thread started: Agent search 2-64
2026-10-08 19:58:58,420 INFO o.a.j.t.JMeterThread: Thread is done: Agent search 2-64
2026-10-08 19:58:58,420 INFO o.a.j.t.JMeterThread: Thread finished: Agent search 2-64
2026-10-08 19:59:08,563 INFO o.a.j.t.JMeterThread: Thread started: Agent search 2-65
2026-10-08 19:59:08,577 INFO o.a.j.t.JMeterThread: Thread is done: Agent search 2-65
2026-10-08 19:59:08,578 INFO o.a.j.t.JMeterThread: Thread finished: Agent search 2-65
2026-10-08 19:59:16,701 INFO o.a.j.t.JMeterThread: Thread started: Agent search 2-66
2026-10-08 19:59:16,717 INFO o.a.j.t.JMeterThread: Thread is done: Agent search 2-66
2026-10-08 19:59:16,717 INFO o.a.j.t.JMeterThread: Thread finished: Agent search 2-66
2026-10-08 19:59:45,090 INFO o.a.j.t.JMeterThread: Thread started: Intake 1-15
2026-10-08 19:59:45,462 INFO o.a.j.t.JMeterThread: Thread started: Agent search 2-67
2026-10-08 19:59:45,474 INFO o.a.j.t.JMeterThread: Thread is done: Agent search 2-67
2026-10-08 19:59:45,474 INFO o.a.j.t.JMeterThread: Thread finished: Agent search 2-67
2026-10-08 19:59:47,883 INFO o.a.j.t.JMeterThread: Thread is done: Intake 1-15
2026-10-08 19:59:47,883 INFO o.a.j.t.JMeterThread: Thread finished: Intake 1-15
2026-10-08 20:00:16,955 INFO o.a.j.t.JMeterThread: Thread started: Agent search 2-68
2026-10-08 20:00:16,973 INFO o.a.j.t.JMeterThread: Thread is done: Agent search 2-68
2026-10-08 20:00:16,973 INFO o.a.j.t.JMeterThread: Thread finished: Agent search 2-68
2026-10-08 20:00:28,118 INFO o.a.j.t.JMeterThread: Thread started: Dashboard 3-19
2026-10-08 20:00:28,132 INFO o.a.j.t.JMeterThread: Thread is done: Dashboard 3-19
2026-10-08 20:00:28,132 INFO o.a.j.t.JMeterThread: Thread finished: Dashboard 3-19
2026-10-08 20:00:29,785 INFO o.a.j.t.JMeterThread: Thread started: Agent search 2-69
2026-10-08 20:00:29,801 INFO o.a.j.t.JMeterThread: Thread is done: Agent search 2-69
2026-10-08 20:00:29,801 INFO o.a.j.t.JMeterThread: Thread finished: Agent search 2-69
2026-10-08 20:00:44,329 INFO o.a.j.t.o.OpenModelThreadGroup: There will be no more events, so will wait for 73 sec till the end of the schedule
2026-10-08 20:00:44,329 INFO o.a.j.t.JMeterThread: Thread started: Dashboard 3-20
2026-10-08 20:00:44,338 INFO o.a.j.t.JMeterThread: Thread is done: Dashboard 3-20
2026-10-08 20:00:44,338 INFO o.a.j.t.JMeterThread: Thread finished: Dashboard 3-20
2026-10-08 20:00:54,953 INFO o.a.j.t.JMeterThread: Thread started: Agent search 2-70
2026-10-08 20:00:54,972 INFO o.a.j.t.JMeterThread: Thread is done: Agent search 2-70
2026-10-08 20:00:54,972 INFO o.a.j.t.JMeterThread: Thread finished: Agent search 2-70
2026-10-08 20:01:06,759 INFO o.a.j.t.o.OpenModelThreadGroup: There will be no more events, so will wait for 51 sec till the end of the schedule
2026-10-08 20:01:06,759 INFO o.a.j.t.JMeterThread: Thread started: Intake 1-16
2026-10-08 20:01:07,374 INFO o.a.j.t.JMeterThread: Thread is done: Intake 1-16
2026-10-08 20:01:07,374 INFO o.a.j.t.JMeterThread: Thread finished: Intake 1-16
2026-10-08 20:01:41,677 INFO o.a.j.t.o.OpenModelThreadGroup: There will be no more events, so will wait for 16 sec till the end of the schedule
2026-10-08 20:01:41,678 INFO o.a.j.t.JMeterThread: Thread started: Agent search 2-71
2026-10-08 20:01:41,695 INFO o.a.j.t.JMeterThread: Thread is done: Agent search 2-71
2026-10-08 20:01:41,695 INFO o.a.j.t.JMeterThread: Thread finished: Agent search 2-71
2026-10-08 20:01:57,887 INFO o.a.j.t.o.OpenModelThreadGroup: There will be no more events, will shutdown the thread pool
2026-10-08 20:01:57,887 INFO o.a.j.t.o.OpenModelThreadGroup: There will be no more events, will shutdown the thread pool
2026-10-08 20:01:57,887 INFO o.a.j.t.o.OpenModelThreadGroup: There will be no more events, will shutdown the thread pool
2026-10-08 20:01:57,887 INFO o.a.j.t.o.OpenModelThreadGroup: Thread starting done
2026-10-08 20:01:57,887 INFO o.a.j.t.o.OpenModelThreadGroup: Thread starting done
2026-10-08 20:01:57,887 INFO o.a.j.t.o.OpenModelThreadGroup: Thread starting done
2026-10-08 20:01:57,887 INFO o.a.j.e.StandardJMeterEngine: Notifying test listeners of end of test
2026-10-08 20:01:57,887 INFO o.a.j.s.FileServer: Close: narratives.txt
2026-10-08 20:01:57,887 INFO o.a.j.s.FileServer: Close: search_terms.csv
2026-10-08 20:01:57,888 INFO o.a.j.r.Summariser: summary +     14 in 00:03:24 =    0.1/s Avg:   254 Min:     6 Max:  2791 Err:     0 (0.00%) Active: 0 Started: 107 Finished: 107
2026-10-08 20:01:57,888 INFO o.a.j.r.Summariser: summary =    107 in 00:20:00 =    0.1/s Avg:   266 Min:     6 Max:  3850 Err:     0 (0.00%)
