2026-10-08 15:15:26,312 INFO o.a.j.u.JMeterUtils: Setting Locale to en_EN
2026-10-08 15:15:26,322 INFO o.a.j.JMeter: Loading user properties from: C:\apache-jmeter-5.6.3\bin\user.properties
2026-10-08 15:15:26,323 INFO o.a.j.JMeter: Loading system properties from: C:\apache-jmeter-5.6.3\bin\system.properties
2026-10-08 15:15:26,323 INFO o.a.j.JMeter: Setting JMeter property: host=192.168.50.104
2026-10-08 15:15:26,323 INFO o.a.j.JMeter: Setting JMeter property: ticket_rate=100
2026-10-08 15:15:26,323 INFO o.a.j.JMeter: Setting JMeter property: search_rate=214
2026-10-08 15:15:26,323 INFO o.a.j.JMeter: Setting JMeter property: stats_rate=60
2026-10-08 15:15:26,323 INFO o.a.j.JMeter: Setting JMeter property: duration=20
2026-10-08 15:15:26,323 INFO o.a.j.JMeter: Setting JMeter property: run_id=qwen3_4b-100-r2
2026-10-08 15:15:26,323 INFO o.a.j.JMeter: Setting JMeter property: jmeter.save.saveservice.output_format=csv
2026-10-08 15:15:26,327 INFO o.a.j.JMeter: Copyright (c) 1998-2024 The Apache Software Foundation
2026-10-08 15:15:26,327 INFO o.a.j.JMeter: Version 5.6.3
2026-10-08 15:15:26,327 INFO o.a.j.JMeter: java.version=17
2026-10-08 15:15:26,327 INFO o.a.j.JMeter: java.vm.name=Java HotSpot(TM) 64-Bit Server VM
2026-10-08 15:15:26,327 INFO o.a.j.JMeter: os.name=Windows 10
2026-10-08 15:15:26,327 INFO o.a.j.JMeter: os.arch=amd64
2026-10-08 15:15:26,327 INFO o.a.j.JMeter: os.version=10.0
2026-10-08 15:15:26,327 INFO o.a.j.JMeter: file.encoding=Cp1252
2026-10-08 15:15:26,327 INFO o.a.j.JMeter: java.awt.headless=true
2026-10-08 15:15:26,327 INFO o.a.j.JMeter: Max memory     =1073741824
2026-10-08 15:15:26,327 INFO o.a.j.JMeter: Available Processors =20
2026-10-08 15:15:26,332 INFO o.a.j.JMeter: Default Locale=English (EN)
2026-10-08 15:15:26,332 INFO o.a.j.JMeter: JMeter  Locale=English (EN)
2026-10-08 15:15:26,332 INFO o.a.j.JMeter: JMeterHome=C:\apache-jmeter-5.6.3
2026-10-08 15:15:26,332 INFO o.a.j.JMeter: user.dir  =C:\Users\Ashley\Documents\GitHub\ICT3113_P2-3
2026-10-08 15:15:26,332 INFO o.a.j.JMeter: PWD       =C:\Users\Ashley\Documents\GitHub\ICT3113_P2-3
2026-10-08 15:15:26,335 INFO o.a.j.JMeter: IP: 192.168.50.172 Name: DESKTOP-FE7GKLN FullName: DESKTOP-FE7GKLN
2026-10-08 15:15:26,342 INFO o.a.j.s.FileServer: Default base='C:\Users\Ashley\Documents\GitHub\ICT3113_P2-3'
2026-10-08 15:15:26,344 INFO o.a.j.s.FileServer: Set new base='C:\Users\Ashley\Documents\GitHub\ICT3113_P2-3\jmeter'
2026-10-08 15:15:26,411 INFO o.a.j.s.SaveService: Testplan (JMX) version: 2.2. Testlog (JTL) version: 2.2
2026-10-08 15:15:26,422 INFO o.a.j.s.SaveService: Using SaveService properties version 5.0
2026-10-08 15:15:26,424 INFO o.a.j.s.SaveService: Using SaveService properties file encoding UTF-8
2026-10-08 15:15:26,426 INFO o.a.j.s.SaveService: Loading file: C:\Users\Ashley\Documents\GitHub\ICT3113_P2-3\jmeter\load_test.jmx
2026-10-08 15:15:26,453 INFO o.a.j.p.h.s.HTTPSamplerBase: Parser for text/html is org.apache.jmeter.protocol.http.parser.LagartoBasedHtmlParser
2026-10-08 15:15:26,453 INFO o.a.j.p.h.s.HTTPSamplerBase: Parser for application/xhtml+xml is org.apache.jmeter.protocol.http.parser.LagartoBasedHtmlParser
2026-10-08 15:15:26,453 INFO o.a.j.p.h.s.HTTPSamplerBase: Parser for application/xml is org.apache.jmeter.protocol.http.parser.LagartoBasedHtmlParser
2026-10-08 15:15:26,453 INFO o.a.j.p.h.s.HTTPSamplerBase: Parser for text/xml is org.apache.jmeter.protocol.http.parser.LagartoBasedHtmlParser
2026-10-08 15:15:26,453 INFO o.a.j.p.h.s.HTTPSamplerBase: Parser for text/vnd.wap.wml is org.apache.jmeter.protocol.http.parser.RegexpHTMLParser
2026-10-08 15:15:26,453 INFO o.a.j.p.h.s.HTTPSamplerBase: Parser for text/css is org.apache.jmeter.protocol.http.parser.CssParser
2026-10-08 15:15:26,463 INFO o.a.j.JMeter: Creating summariser <summary>
2026-10-08 15:15:26,471 INFO o.a.j.e.StandardJMeterEngine: Running the test!
2026-10-08 15:15:26,472 INFO o.a.j.s.SampleEvent: List of sample_variables: []
2026-10-08 15:15:26,472 INFO o.a.j.s.SampleEvent: List of sample_variables: []
2026-10-08 15:15:26,474 INFO o.a.j.e.u.CompoundVariable: Note: Function class names must contain the string: '.functions.'
2026-10-08 15:15:26,474 INFO o.a.j.e.u.CompoundVariable: Note: Function class names must not contain the string: '.gui.'
2026-10-08 15:15:26,512 INFO o.a.j.JMeter: Running test (1791443726512)
2026-10-08 15:15:26,519 INFO o.a.j.e.StandardJMeterEngine: Starting ThreadGroup: 1 : Intake
2026-10-08 15:15:26,520 INFO o.a.j.e.StandardJMeterEngine: Starting 0 threads for group Intake.
2026-10-08 15:15:26,520 INFO o.a.j.e.StandardJMeterEngine: Thread will continue on error
2026-10-08 15:15:26,520 INFO o.a.j.t.o.OpenModelThreadGroup: Starting OpenModelThreadGroup#1 with schedule rate(100/hour) random_arrivals(20 min)
2026-10-08 15:15:26,537 INFO o.a.j.e.StandardJMeterEngine: Starting ThreadGroup: 2 : Agent search
2026-10-08 15:15:26,537 INFO o.a.j.e.StandardJMeterEngine: Starting 0 threads for group Agent search.
2026-10-08 15:15:26,537 INFO o.a.j.e.StandardJMeterEngine: Thread will continue on error
2026-10-08 15:15:26,537 INFO o.a.j.t.o.OpenModelThreadGroup: Starting OpenModelThreadGroup#2 with schedule rate(214/hour) random_arrivals(20 min)
2026-10-08 15:15:26,537 INFO o.a.j.t.o.OpenModelThreadGroup: Thread starting init
2026-10-08 15:15:26,537 INFO o.a.j.e.StandardJMeterEngine: Starting ThreadGroup: 3 : Dashboard
2026-10-08 15:15:26,537 INFO o.a.j.e.StandardJMeterEngine: Starting 0 threads for group Dashboard.
2026-10-08 15:15:26,537 INFO o.a.j.e.StandardJMeterEngine: Thread will continue on error
2026-10-08 15:15:26,537 INFO o.a.j.t.o.OpenModelThreadGroup: Starting OpenModelThreadGroup#3 with schedule rate(60/hour) random_arrivals(20 min)
2026-10-08 15:15:26,537 INFO o.a.j.t.o.OpenModelThreadGroup: Thread starting init
2026-10-08 15:15:26,537 INFO o.a.j.e.StandardJMeterEngine: All thread groups have been started
2026-10-08 15:15:26,537 INFO o.a.j.t.o.OpenModelThreadGroup: Thread starting init
2026-10-08 15:15:26,540 INFO o.a.j.t.o.PoissonArrivalsRamp: Generating 33 events, beginRate = 0.027777777777777776 / sec, endRate = 0.027777777777777776 / sec, duration = 1200.0 sec
2026-10-08 15:15:26,540 INFO o.a.j.t.o.PoissonArrivalsRamp: Generating 20 events, beginRate = 0.016666666666666666 / sec, endRate = 0.016666666666666666 / sec, duration = 1200.0 sec
2026-10-08 15:15:26,540 INFO o.a.j.t.o.PoissonArrivalsRamp: Generating 71 events, beginRate = 0.059444444444444446 / sec, endRate = 0.059444444444444446 / sec, duration = 1200.0 sec
2026-10-08 15:15:43,711 INFO o.a.j.t.JMeterThread: Thread started: Agent search 2-1
2026-10-08 15:15:43,711 INFO o.a.j.s.FileServer: Stored: search_terms.csv
2026-10-08 15:15:43,723 INFO o.a.j.p.h.s.HTTPHCAbstractImpl: Local host = DESKTOP-FE7GKLN
2026-10-08 15:15:43,725 INFO o.a.j.p.h.s.HTTPHC4Impl: HTTP request retry count = 0
2026-10-08 15:15:43,726 INFO o.a.j.s.SampleResult: Note: Sample TimeStamps are START times
2026-10-08 15:15:43,726 INFO o.a.j.s.SampleResult: sampleresult.default.encoding is set to UTF-8
2026-10-08 15:15:43,726 INFO o.a.j.s.SampleResult: sampleresult.useNanoTime=true
2026-10-08 15:15:43,726 INFO o.a.j.s.SampleResult: sampleresult.nanoThreadSleep=5000
2026-10-08 15:15:43,781 INFO o.a.j.t.JMeterThread: Thread is done: Agent search 2-1
2026-10-08 15:15:43,781 INFO o.a.j.t.JMeterThread: Thread finished: Agent search 2-1
2026-10-08 15:15:58,366 INFO o.a.j.t.JMeterThread: Thread started: Intake 1-1
2026-10-08 15:15:58,368 INFO o.a.j.s.FileServer: Stored: narratives.txt
2026-10-08 15:15:58,986 INFO o.a.j.t.JMeterThread: Thread is done: Intake 1-1
2026-10-08 15:15:58,986 INFO o.a.j.t.JMeterThread: Thread finished: Intake 1-1
2026-10-08 15:16:07,250 INFO o.a.j.t.JMeterThread: Thread started: Intake 1-2
2026-10-08 15:16:08,427 INFO o.a.j.t.JMeterThread: Thread is done: Intake 1-2
2026-10-08 15:16:08,427 INFO o.a.j.t.JMeterThread: Thread finished: Intake 1-2
2026-10-08 15:16:16,173 INFO o.a.j.t.JMeterThread: Thread started: Agent search 2-2
2026-10-08 15:16:16,191 INFO o.a.j.t.JMeterThread: Thread is done: Agent search 2-2
2026-10-08 15:16:16,191 INFO o.a.j.t.JMeterThread: Thread finished: Agent search 2-2
2026-10-08 15:16:24,749 INFO o.a.j.t.JMeterThread: Thread started: Agent search 2-3
2026-10-08 15:16:24,762 INFO o.a.j.t.JMeterThread: Thread is done: Agent search 2-3
2026-10-08 15:16:24,763 INFO o.a.j.t.JMeterThread: Thread finished: Agent search 2-3
2026-10-08 15:16:34,106 INFO o.a.j.t.JMeterThread: Thread started: Agent search 2-4
2026-10-08 15:16:34,123 INFO o.a.j.r.Summariser: summary +      6 in 00:01:08 =    0.1/s Avg:   308 Min:    11 Max:  1176 Err:     0 (0.00%) Active: 1 Started: 6 Finished: 5
2026-10-08 15:16:34,124 INFO o.a.j.t.JMeterThread: Thread is done: Agent search 2-4
2026-10-08 15:16:34,124 INFO o.a.j.t.JMeterThread: Thread finished: Agent search 2-4
2026-10-08 15:16:45,264 INFO o.a.j.t.JMeterThread: Thread started: Agent search 2-5
2026-10-08 15:16:45,280 INFO o.a.j.t.JMeterThread: Thread is done: Agent search 2-5
2026-10-08 15:16:45,280 INFO o.a.j.t.JMeterThread: Thread finished: Agent search 2-5
2026-10-08 15:16:49,182 INFO o.a.j.t.JMeterThread: Thread started: Agent search 2-6
2026-10-08 15:16:49,199 INFO o.a.j.t.JMeterThread: Thread is done: Agent search 2-6
2026-10-08 15:16:49,199 INFO o.a.j.t.JMeterThread: Thread finished: Agent search 2-6
2026-10-08 15:16:56,335 INFO o.a.j.t.JMeterThread: Thread started: Agent search 2-7
2026-10-08 15:16:56,347 INFO o.a.j.t.JMeterThread: Thread is done: Agent search 2-7
2026-10-08 15:16:56,347 INFO o.a.j.t.JMeterThread: Thread finished: Agent search 2-7
2026-10-08 15:17:02,438 INFO o.a.j.t.JMeterThread: Thread started: Agent search 2-8
2026-10-08 15:17:02,457 INFO o.a.j.r.Summariser: summary +      4 in 00:00:28 =    0.1/s Avg:    13 Min:     9 Max:    16 Err:     0 (0.00%) Active: 1 Started: 10 Finished: 9
2026-10-08 15:17:02,459 INFO o.a.j.r.Summariser: summary =     10 in 00:01:36 =    0.1/s Avg:   190 Min:     9 Max:  1176 Err:     0 (0.00%)
2026-10-08 15:17:02,459 INFO o.a.j.t.JMeterThread: Thread is done: Agent search 2-8
2026-10-08 15:17:02,459 INFO o.a.j.t.JMeterThread: Thread finished: Agent search 2-8
2026-10-08 15:17:29,007 INFO o.a.j.t.JMeterThread: Thread started: Agent search 2-9
2026-10-08 15:17:29,022 INFO o.a.j.t.JMeterThread: Thread is done: Agent search 2-9
2026-10-08 15:17:29,022 INFO o.a.j.t.JMeterThread: Thread finished: Agent search 2-9
2026-10-08 15:17:49,754 INFO o.a.j.t.JMeterThread: Thread started: Intake 1-3
2026-10-08 15:17:51,503 INFO o.a.j.t.JMeterThread: Thread started: Agent search 2-10
2026-10-08 15:17:51,517 INFO o.a.j.t.JMeterThread: Thread is done: Agent search 2-10
2026-10-08 15:17:51,518 INFO o.a.j.t.JMeterThread: Thread finished: Agent search 2-10
2026-10-08 15:17:52,079 INFO o.a.j.t.JMeterThread: Thread is done: Intake 1-3
2026-10-08 15:17:52,079 INFO o.a.j.t.JMeterThread: Thread finished: Intake 1-3
2026-10-08 15:17:57,542 INFO o.a.j.t.JMeterThread: Thread started: Agent search 2-11
2026-10-08 15:17:57,554 INFO o.a.j.t.JMeterThread: Thread is done: Agent search 2-11
2026-10-08 15:17:57,554 INFO o.a.j.t.JMeterThread: Thread finished: Agent search 2-11
2026-10-08 15:18:36,648 INFO o.a.j.t.JMeterThread: Thread started: Agent search 2-12
2026-10-08 15:18:36,662 INFO o.a.j.t.JMeterThread: Thread is done: Agent search 2-12
2026-10-08 15:18:36,662 INFO o.a.j.t.JMeterThread: Thread finished: Agent search 2-12
2026-10-08 15:18:43,584 INFO o.a.j.t.JMeterThread: Thread started: Agent search 2-13
2026-10-08 15:18:43,599 INFO o.a.j.t.JMeterThread: Thread is done: Agent search 2-13
2026-10-08 15:18:43,599 INFO o.a.j.t.JMeterThread: Thread finished: Agent search 2-13
2026-10-08 15:18:54,434 INFO o.a.j.t.JMeterThread: Thread started: Dashboard 3-1
2026-10-08 15:18:54,441 INFO o.a.j.t.JMeterThread: Thread is done: Dashboard 3-1
2026-10-08 15:18:54,442 INFO o.a.j.t.JMeterThread: Thread finished: Dashboard 3-1
2026-10-08 15:19:06,944 INFO o.a.j.t.JMeterThread: Thread started: Agent search 2-14
2026-10-08 15:19:06,959 INFO o.a.j.t.JMeterThread: Thread is done: Agent search 2-14
2026-10-08 15:19:06,959 INFO o.a.j.t.JMeterThread: Thread finished: Agent search 2-14
2026-10-08 15:19:28,213 INFO o.a.j.t.JMeterThread: Thread started: Agent search 2-15
2026-10-08 15:19:28,226 INFO o.a.j.t.JMeterThread: Thread is done: Agent search 2-15
2026-10-08 15:19:28,226 INFO o.a.j.t.JMeterThread: Thread finished: Agent search 2-15
2026-10-08 15:19:29,497 INFO o.a.j.t.JMeterThread: Thread started: Dashboard 3-2
2026-10-08 15:19:29,510 INFO o.a.j.t.JMeterThread: Thread is done: Dashboard 3-2
2026-10-08 15:19:29,510 INFO o.a.j.t.JMeterThread: Thread finished: Dashboard 3-2
2026-10-08 15:19:36,578 INFO o.a.j.t.JMeterThread: Thread started: Intake 1-4
2026-10-08 15:19:37,842 INFO o.a.j.t.JMeterThread: Thread is done: Intake 1-4
2026-10-08 15:19:37,842 INFO o.a.j.t.JMeterThread: Thread finished: Intake 1-4
2026-10-08 15:19:45,165 INFO o.a.j.t.JMeterThread: Thread started: Dashboard 3-3
2026-10-08 15:19:45,177 INFO o.a.j.t.JMeterThread: Thread is done: Dashboard 3-3
2026-10-08 15:19:45,177 INFO o.a.j.t.JMeterThread: Thread finished: Dashboard 3-3
2026-10-08 15:19:46,058 INFO o.a.j.t.JMeterThread: Thread started: Agent search 2-16
2026-10-08 15:19:46,072 INFO o.a.j.t.JMeterThread: Thread is done: Agent search 2-16
2026-10-08 15:19:46,072 INFO o.a.j.t.JMeterThread: Thread finished: Agent search 2-16
2026-10-08 15:19:48,905 INFO o.a.j.t.JMeterThread: Thread started: Dashboard 3-4
2026-10-08 15:19:48,923 INFO o.a.j.t.JMeterThread: Thread is done: Dashboard 3-4
2026-10-08 15:19:48,923 INFO o.a.j.t.JMeterThread: Thread finished: Dashboard 3-4
2026-10-08 15:19:49,758 INFO o.a.j.t.JMeterThread: Thread started: Agent search 2-17
2026-10-08 15:19:49,775 INFO o.a.j.t.JMeterThread: Thread is done: Agent search 2-17
2026-10-08 15:19:49,775 INFO o.a.j.t.JMeterThread: Thread finished: Agent search 2-17
2026-10-08 15:19:58,330 INFO o.a.j.t.JMeterThread: Thread started: Agent search 2-18
2026-10-08 15:19:58,349 INFO o.a.j.t.JMeterThread: Thread is done: Agent search 2-18
2026-10-08 15:19:58,349 INFO o.a.j.t.JMeterThread: Thread finished: Agent search 2-18
2026-10-08 15:20:05,082 INFO o.a.j.t.JMeterThread: Thread started: Agent search 2-19
2026-10-08 15:20:05,094 INFO o.a.j.r.Summariser: summary +     17 in 00:03:03 =    0.1/s Avg:   221 Min:     7 Max:  2321 Err:     0 (0.00%) Active: 1 Started: 27 Finished: 26
2026-10-08 15:20:05,095 INFO o.a.j.r.Summariser: summary =     27 in 00:04:39 =    0.1/s Avg:   209 Min:     7 Max:  2321 Err:     0 (0.00%)
2026-10-08 15:20:05,096 INFO o.a.j.t.JMeterThread: Thread is done: Agent search 2-19
2026-10-08 15:20:05,096 INFO o.a.j.t.JMeterThread: Thread finished: Agent search 2-19
2026-10-08 15:20:11,326 INFO o.a.j.t.JMeterThread: Thread started: Agent search 2-20
2026-10-08 15:20:11,344 INFO o.a.j.t.JMeterThread: Thread is done: Agent search 2-20
2026-10-08 15:20:11,345 INFO o.a.j.t.JMeterThread: Thread finished: Agent search 2-20
2026-10-08 15:20:23,295 INFO o.a.j.t.JMeterThread: Thread started: Intake 1-5
2026-10-08 15:20:25,306 INFO o.a.j.t.JMeterThread: Thread is done: Intake 1-5
2026-10-08 15:20:25,306 INFO o.a.j.t.JMeterThread: Thread finished: Intake 1-5
2026-10-08 15:20:50,057 INFO o.a.j.t.JMeterThread: Thread started: Intake 1-6
2026-10-08 15:20:50,664 INFO o.a.j.t.JMeterThread: Thread is done: Intake 1-6
2026-10-08 15:20:50,664 INFO o.a.j.t.JMeterThread: Thread finished: Intake 1-6
2026-10-08 15:20:53,437 INFO o.a.j.t.JMeterThread: Thread started: Agent search 2-21
2026-10-08 15:20:53,456 INFO o.a.j.t.JMeterThread: Thread is done: Agent search 2-21
2026-10-08 15:20:53,456 INFO o.a.j.t.JMeterThread: Thread finished: Agent search 2-21
2026-10-08 15:20:55,587 INFO o.a.j.t.JMeterThread: Thread started: Agent search 2-22
2026-10-08 15:20:55,600 INFO o.a.j.t.JMeterThread: Thread is done: Agent search 2-22
2026-10-08 15:20:55,600 INFO o.a.j.t.JMeterThread: Thread finished: Agent search 2-22
2026-10-08 15:21:05,459 INFO o.a.j.t.JMeterThread: Thread started: Agent search 2-23
2026-10-08 15:21:05,473 INFO o.a.j.r.Summariser: summary +      6 in 00:01:00 =    0.1/s Avg:   443 Min:    10 Max:  2009 Err:     0 (0.00%) Active: 1 Started: 33 Finished: 32
2026-10-08 15:21:05,474 INFO o.a.j.r.Summariser: summary =     33 in 00:05:39 =    0.1/s Avg:   252 Min:     7 Max:  2321 Err:     0 (0.00%)
2026-10-08 15:21:05,475 INFO o.a.j.t.JMeterThread: Thread is done: Agent search 2-23
2026-10-08 15:21:05,475 INFO o.a.j.t.JMeterThread: Thread finished: Agent search 2-23
2026-10-08 15:21:20,081 INFO o.a.j.t.JMeterThread: Thread started: Intake 1-7
2026-10-08 15:21:20,592 INFO o.a.j.t.JMeterThread: Thread started: Agent search 2-24
2026-10-08 15:21:20,611 INFO o.a.j.t.JMeterThread: Thread is done: Agent search 2-24
2026-10-08 15:21:20,611 INFO o.a.j.t.JMeterThread: Thread finished: Agent search 2-24
2026-10-08 15:21:20,615 INFO o.a.j.t.JMeterThread: Thread is done: Intake 1-7
2026-10-08 15:21:20,616 INFO o.a.j.t.JMeterThread: Thread finished: Intake 1-7
2026-10-08 15:21:22,524 INFO o.a.j.t.JMeterThread: Thread started: Dashboard 3-5
2026-10-08 15:21:22,536 INFO o.a.j.t.JMeterThread: Thread is done: Dashboard 3-5
2026-10-08 15:21:22,536 INFO o.a.j.t.JMeterThread: Thread finished: Dashboard 3-5
2026-10-08 15:21:37,545 INFO o.a.j.t.JMeterThread: Thread started: Agent search 2-25
2026-10-08 15:21:37,560 INFO o.a.j.t.JMeterThread: Thread is done: Agent search 2-25
2026-10-08 15:21:37,561 INFO o.a.j.t.JMeterThread: Thread finished: Agent search 2-25
2026-10-08 15:21:43,014 INFO o.a.j.t.JMeterThread: Thread started: Agent search 2-26
2026-10-08 15:21:43,032 INFO o.a.j.t.JMeterThread: Thread is done: Agent search 2-26
2026-10-08 15:21:43,032 INFO o.a.j.t.JMeterThread: Thread finished: Agent search 2-26
2026-10-08 15:21:51,782 INFO o.a.j.t.JMeterThread: Thread started: Dashboard 3-6
2026-10-08 15:21:51,799 INFO o.a.j.t.JMeterThread: Thread is done: Dashboard 3-6
2026-10-08 15:21:51,799 INFO o.a.j.t.JMeterThread: Thread finished: Dashboard 3-6
2026-10-08 15:22:05,174 INFO o.a.j.t.JMeterThread: Thread started: Intake 1-8
2026-10-08 15:22:05,730 INFO o.a.j.r.Summariser: summary +      7 in 00:01:00 =    0.1/s Avg:   165 Min:    11 Max:   552 Err:     0 (0.00%) Active: 1 Started: 40 Finished: 39
2026-10-08 15:22:05,731 INFO o.a.j.r.Summariser: summary =     40 in 00:06:39 =    0.1/s Avg:   237 Min:     7 Max:  2321 Err:     0 (0.00%)
2026-10-08 15:22:05,732 INFO o.a.j.t.JMeterThread: Thread is done: Intake 1-8
2026-10-08 15:22:05,732 INFO o.a.j.t.JMeterThread: Thread finished: Intake 1-8
2026-10-08 15:22:10,841 INFO o.a.j.t.JMeterThread: Thread started: Agent search 2-27
2026-10-08 15:22:10,858 INFO o.a.j.t.JMeterThread: Thread is done: Agent search 2-27
2026-10-08 15:22:10,858 INFO o.a.j.t.JMeterThread: Thread finished: Agent search 2-27
2026-10-08 15:22:17,615 INFO o.a.j.t.JMeterThread: Thread started: Agent search 2-28
2026-10-08 15:22:17,630 INFO o.a.j.t.JMeterThread: Thread is done: Agent search 2-28
2026-10-08 15:22:17,631 INFO o.a.j.t.JMeterThread: Thread finished: Agent search 2-28
2026-10-08 15:22:34,851 INFO o.a.j.t.JMeterThread: Thread started: Agent search 2-29
2026-10-08 15:22:34,869 INFO o.a.j.r.Summariser: summary +      3 in 00:00:29 =    0.1/s Avg:    14 Min:    13 Max:    15 Err:     0 (0.00%) Active: 1 Started: 43 Finished: 42
2026-10-08 15:22:34,869 INFO o.a.j.r.Summariser: summary =     43 in 00:07:08 =    0.1/s Avg:   221 Min:     7 Max:  2321 Err:     0 (0.00%)
2026-10-08 15:22:34,869 INFO o.a.j.t.JMeterThread: Thread is done: Agent search 2-29
2026-10-08 15:22:34,870 INFO o.a.j.t.JMeterThread: Thread finished: Agent search 2-29
2026-10-08 15:22:52,946 INFO o.a.j.t.JMeterThread: Thread started: Intake 1-9
2026-10-08 15:22:54,001 INFO o.a.j.t.JMeterThread: Thread is done: Intake 1-9
2026-10-08 15:22:54,001 INFO o.a.j.t.JMeterThread: Thread finished: Intake 1-9
2026-10-08 15:22:56,781 INFO o.a.j.t.JMeterThread: Thread started: Intake 1-10
2026-10-08 15:22:58,369 INFO o.a.j.t.JMeterThread: Thread is done: Intake 1-10
2026-10-08 15:22:58,369 INFO o.a.j.t.JMeterThread: Thread finished: Intake 1-10
2026-10-08 15:23:13,558 INFO o.a.j.t.JMeterThread: Thread started: Intake 1-11
2026-10-08 15:23:14,114 INFO o.a.j.t.JMeterThread: Thread is done: Intake 1-11
2026-10-08 15:23:14,115 INFO o.a.j.t.JMeterThread: Thread finished: Intake 1-11
2026-10-08 15:23:26,621 INFO o.a.j.t.JMeterThread: Thread started: Intake 1-12
2026-10-08 15:23:27,204 INFO o.a.j.t.JMeterThread: Thread is done: Intake 1-12
2026-10-08 15:23:27,204 INFO o.a.j.t.JMeterThread: Thread finished: Intake 1-12
2026-10-08 15:23:40,122 INFO o.a.j.t.JMeterThread: Thread started: Agent search 2-30
2026-10-08 15:23:40,139 INFO o.a.j.t.JMeterThread: Thread is done: Agent search 2-30
2026-10-08 15:23:40,139 INFO o.a.j.t.JMeterThread: Thread finished: Agent search 2-30
2026-10-08 15:23:47,268 INFO o.a.j.t.JMeterThread: Thread started: Agent search 2-31
2026-10-08 15:23:47,281 INFO o.a.j.t.JMeterThread: Thread is done: Agent search 2-31
2026-10-08 15:23:47,281 INFO o.a.j.t.JMeterThread: Thread finished: Agent search 2-31
2026-10-08 15:23:53,986 INFO o.a.j.t.JMeterThread: Thread started: Intake 1-13
2026-10-08 15:23:55,455 INFO o.a.j.t.JMeterThread: Thread is done: Intake 1-13
2026-10-08 15:23:55,455 INFO o.a.j.t.JMeterThread: Thread finished: Intake 1-13
2026-10-08 15:24:03,999 INFO o.a.j.t.JMeterThread: Thread started: Dashboard 3-7
2026-10-08 15:24:04,013 INFO o.a.j.r.Summariser: summary +      8 in 00:01:29 =    0.1/s Avg:   659 Min:    10 Max:  1587 Err:     0 (0.00%) Active: 1 Started: 51 Finished: 50
2026-10-08 15:24:04,014 INFO o.a.j.r.Summariser: summary =     51 in 00:08:38 =    0.1/s Avg:   290 Min:     7 Max:  2321 Err:     0 (0.00%)
2026-10-08 15:24:04,014 INFO o.a.j.t.JMeterThread: Thread is done: Dashboard 3-7
2026-10-08 15:24:04,015 INFO o.a.j.t.JMeterThread: Thread finished: Dashboard 3-7
2026-10-08 15:24:08,588 INFO o.a.j.t.JMeterThread: Thread started: Intake 1-14
2026-10-08 15:24:08,687 INFO o.a.j.t.JMeterThread: Thread started: Agent search 2-32
2026-10-08 15:24:08,703 INFO o.a.j.t.JMeterThread: Thread is done: Agent search 2-32
2026-10-08 15:24:08,703 INFO o.a.j.t.JMeterThread: Thread finished: Agent search 2-32
2026-10-08 15:24:09,613 INFO o.a.j.t.JMeterThread: Thread is done: Intake 1-14
2026-10-08 15:24:09,614 INFO o.a.j.t.JMeterThread: Thread finished: Intake 1-14
2026-10-08 15:24:18,137 INFO o.a.j.t.JMeterThread: Thread started: Dashboard 3-8
2026-10-08 15:24:18,153 INFO o.a.j.t.JMeterThread: Thread is done: Dashboard 3-8
2026-10-08 15:24:18,154 INFO o.a.j.t.JMeterThread: Thread finished: Dashboard 3-8
2026-10-08 15:24:27,289 INFO o.a.j.t.JMeterThread: Thread started: Agent search 2-33
2026-10-08 15:24:27,303 INFO o.a.j.t.JMeterThread: Thread is done: Agent search 2-33
2026-10-08 15:24:27,303 INFO o.a.j.t.JMeterThread: Thread finished: Agent search 2-33
2026-10-08 15:24:32,461 INFO o.a.j.t.JMeterThread: Thread started: Agent search 2-34
2026-10-08 15:24:32,475 INFO o.a.j.r.Summariser: summary +      5 in 00:00:28 =    0.2/s Avg:   214 Min:    11 Max:  1023 Err:     0 (0.00%) Active: 1 Started: 56 Finished: 55
2026-10-08 15:24:32,476 INFO o.a.j.r.Summariser: summary =     56 in 00:09:06 =    0.1/s Avg:   283 Min:     7 Max:  2321 Err:     0 (0.00%)
2026-10-08 15:24:32,477 INFO o.a.j.t.JMeterThread: Thread is done: Agent search 2-34
2026-10-08 15:24:32,477 INFO o.a.j.t.JMeterThread: Thread finished: Agent search 2-34
2026-10-08 15:24:37,909 INFO o.a.j.t.JMeterThread: Thread started: Dashboard 3-9
2026-10-08 15:24:37,918 INFO o.a.j.t.JMeterThread: Thread is done: Dashboard 3-9
2026-10-08 15:24:37,918 INFO o.a.j.t.JMeterThread: Thread finished: Dashboard 3-9
2026-10-08 15:24:56,911 INFO o.a.j.t.JMeterThread: Thread started: Agent search 2-35
2026-10-08 15:24:56,927 INFO o.a.j.t.JMeterThread: Thread is done: Agent search 2-35
2026-10-08 15:24:56,927 INFO o.a.j.t.JMeterThread: Thread finished: Agent search 2-35
2026-10-08 15:25:32,479 INFO o.a.j.t.JMeterThread: Thread started: Dashboard 3-10
2026-10-08 15:25:32,494 INFO o.a.j.r.Summariser: summary +      3 in 00:01:00 =    0.0/s Avg:    11 Min:     8 Max:    14 Err:     0 (0.00%) Active: 1 Started: 59 Finished: 58
2026-10-08 15:25:32,496 INFO o.a.j.r.Summariser: summary =     59 in 00:10:06 =    0.1/s Avg:   269 Min:     7 Max:  2321 Err:     0 (0.00%)
2026-10-08 15:25:32,497 INFO o.a.j.t.JMeterThread: Thread is done: Dashboard 3-10
2026-10-08 15:25:32,497 INFO o.a.j.t.JMeterThread: Thread finished: Dashboard 3-10
2026-10-08 15:25:37,195 INFO o.a.j.t.JMeterThread: Thread started: Agent search 2-36
2026-10-08 15:25:37,209 INFO o.a.j.t.JMeterThread: Thread is done: Agent search 2-36
2026-10-08 15:25:37,209 INFO o.a.j.t.JMeterThread: Thread finished: Agent search 2-36
2026-10-08 15:25:38,259 INFO o.a.j.t.JMeterThread: Thread started: Intake 1-15
2026-10-08 15:25:40,051 INFO o.a.j.t.JMeterThread: Thread is done: Intake 1-15
2026-10-08 15:25:40,052 INFO o.a.j.t.JMeterThread: Thread finished: Intake 1-15
2026-10-08 15:25:50,737 INFO o.a.j.t.JMeterThread: Thread started: Intake 1-16
2026-10-08 15:25:51,252 INFO o.a.j.t.JMeterThread: Thread is done: Intake 1-16
2026-10-08 15:25:51,252 INFO o.a.j.t.JMeterThread: Thread finished: Intake 1-16
2026-10-08 15:26:17,326 INFO o.a.j.t.JMeterThread: Thread started: Agent search 2-37
2026-10-08 15:26:17,339 INFO o.a.j.t.JMeterThread: Thread is done: Agent search 2-37
2026-10-08 15:26:17,339 INFO o.a.j.t.JMeterThread: Thread finished: Agent search 2-37
2026-10-08 15:26:18,318 INFO o.a.j.t.JMeterThread: Thread started: Intake 1-17
2026-10-08 15:26:18,907 INFO o.a.j.t.JMeterThread: Thread is done: Intake 1-17
2026-10-08 15:26:18,907 INFO o.a.j.t.JMeterThread: Thread finished: Intake 1-17
2026-10-08 15:26:19,452 INFO o.a.j.t.JMeterThread: Thread started: Intake 1-18
2026-10-08 15:26:20,567 INFO o.a.j.t.JMeterThread: Thread is done: Intake 1-18
2026-10-08 15:26:20,568 INFO o.a.j.t.JMeterThread: Thread finished: Intake 1-18
2026-10-08 15:26:36,781 INFO o.a.j.t.JMeterThread: Thread started: Agent search 2-38
2026-10-08 15:26:36,798 INFO o.a.j.t.JMeterThread: Thread is done: Agent search 2-38
2026-10-08 15:26:36,798 INFO o.a.j.t.JMeterThread: Thread finished: Agent search 2-38
2026-10-08 15:26:44,464 INFO o.a.j.t.JMeterThread: Thread started: Dashboard 3-11
2026-10-08 15:26:44,475 INFO o.a.j.t.JMeterThread: Thread is done: Dashboard 3-11
2026-10-08 15:26:44,475 INFO o.a.j.t.JMeterThread: Thread finished: Dashboard 3-11
2026-10-08 15:27:28,109 INFO o.a.j.t.JMeterThread: Thread started: Intake 1-19
2026-10-08 15:27:29,736 INFO o.a.j.t.JMeterThread: Thread is done: Intake 1-19
2026-10-08 15:27:29,736 INFO o.a.j.t.JMeterThread: Thread finished: Intake 1-19
2026-10-08 15:27:45,975 INFO o.a.j.t.JMeterThread: Thread started: Agent search 2-39
2026-10-08 15:27:45,986 INFO o.a.j.t.JMeterThread: Thread is done: Agent search 2-39
2026-10-08 15:27:45,986 INFO o.a.j.t.JMeterThread: Thread finished: Agent search 2-39
2026-10-08 15:27:46,617 INFO o.a.j.t.JMeterThread: Thread started: Intake 1-20
2026-10-08 15:27:47,130 INFO o.a.j.t.JMeterThread: Thread started: Agent search 2-40
2026-10-08 15:27:47,152 INFO o.a.j.t.JMeterThread: Thread is done: Agent search 2-40
2026-10-08 15:27:47,152 INFO o.a.j.t.JMeterThread: Thread finished: Agent search 2-40
2026-10-08 15:27:47,566 INFO o.a.j.t.JMeterThread: Thread is done: Intake 1-20
2026-10-08 15:27:47,566 INFO o.a.j.t.JMeterThread: Thread finished: Intake 1-20
2026-10-08 15:28:10,713 INFO o.a.j.t.JMeterThread: Thread started: Agent search 2-41
2026-10-08 15:28:10,730 INFO o.a.j.t.JMeterThread: Thread is done: Agent search 2-41
2026-10-08 15:28:10,731 INFO o.a.j.t.JMeterThread: Thread finished: Agent search 2-41
2026-10-08 15:28:11,219 INFO o.a.j.t.JMeterThread: Thread started: Agent search 2-42
2026-10-08 15:28:11,232 INFO o.a.j.t.JMeterThread: Thread is done: Agent search 2-42
2026-10-08 15:28:11,232 INFO o.a.j.t.JMeterThread: Thread finished: Agent search 2-42
2026-10-08 15:28:24,652 INFO o.a.j.t.JMeterThread: Thread started: Intake 1-21
2026-10-08 15:28:26,203 INFO o.a.j.t.JMeterThread: Thread is done: Intake 1-21
2026-10-08 15:28:26,203 INFO o.a.j.t.JMeterThread: Thread finished: Intake 1-21
2026-10-08 15:28:31,198 INFO o.a.j.t.JMeterThread: Thread started: Agent search 2-43
2026-10-08 15:28:31,213 INFO o.a.j.r.Summariser: summary +     16 in 00:02:59 =    0.1/s Avg:   514 Min:    10 Max:  1789 Err:     0 (0.00%) Active: 1 Started: 75 Finished: 74
2026-10-08 15:28:31,215 INFO o.a.j.r.Summariser: summary =     75 in 00:13:05 =    0.1/s Avg:   322 Min:     7 Max:  2321 Err:     0 (0.00%)
2026-10-08 15:28:31,215 INFO o.a.j.t.JMeterThread: Thread is done: Agent search 2-43
2026-10-08 15:28:31,215 INFO o.a.j.t.JMeterThread: Thread finished: Agent search 2-43
2026-10-08 15:28:36,469 INFO o.a.j.t.JMeterThread: Thread started: Agent search 2-44
2026-10-08 15:28:36,483 INFO o.a.j.t.JMeterThread: Thread is done: Agent search 2-44
2026-10-08 15:28:36,483 INFO o.a.j.t.JMeterThread: Thread finished: Agent search 2-44
2026-10-08 15:28:57,020 INFO o.a.j.t.JMeterThread: Thread started: Dashboard 3-12
2026-10-08 15:28:57,033 INFO o.a.j.t.JMeterThread: Thread is done: Dashboard 3-12
2026-10-08 15:28:57,033 INFO o.a.j.t.JMeterThread: Thread finished: Dashboard 3-12
2026-10-08 15:28:57,347 INFO o.a.j.t.JMeterThread: Thread started: Agent search 2-45
2026-10-08 15:28:57,358 INFO o.a.j.t.JMeterThread: Thread is done: Agent search 2-45
2026-10-08 15:28:57,358 INFO o.a.j.t.JMeterThread: Thread finished: Agent search 2-45
2026-10-08 15:29:24,614 INFO o.a.j.t.JMeterThread: Thread started: Agent search 2-46
2026-10-08 15:29:24,625 INFO o.a.j.t.JMeterThread: Thread is done: Agent search 2-46
2026-10-08 15:29:24,625 INFO o.a.j.t.JMeterThread: Thread finished: Agent search 2-46
2026-10-08 15:29:33,595 INFO o.a.j.t.JMeterThread: Thread started: Intake 1-22
2026-10-08 15:29:34,113 INFO o.a.j.r.Summariser: summary +      5 in 00:01:03 =    0.1/s Avg:   111 Min:     9 Max:   514 Err:     0 (0.00%) Active: 1 Started: 80 Finished: 79
2026-10-08 15:29:34,113 INFO o.a.j.r.Summariser: summary =     80 in 00:14:08 =    0.1/s Avg:   308 Min:     7 Max:  2321 Err:     0 (0.00%)
2026-10-08 15:29:34,114 INFO o.a.j.t.JMeterThread: Thread is done: Intake 1-22
2026-10-08 15:29:34,114 INFO o.a.j.t.JMeterThread: Thread finished: Intake 1-22
2026-10-08 15:29:36,897 INFO o.a.j.t.JMeterThread: Thread started: Intake 1-23
2026-10-08 15:29:37,726 INFO o.a.j.t.JMeterThread: Thread is done: Intake 1-23
2026-10-08 15:29:37,726 INFO o.a.j.t.JMeterThread: Thread finished: Intake 1-23
2026-10-08 15:29:40,400 INFO o.a.j.t.JMeterThread: Thread started: Dashboard 3-13
2026-10-08 15:29:40,412 INFO o.a.j.t.JMeterThread: Thread is done: Dashboard 3-13
2026-10-08 15:29:40,413 INFO o.a.j.t.JMeterThread: Thread finished: Dashboard 3-13
2026-10-08 15:30:03,910 INFO o.a.j.t.JMeterThread: Thread started: Agent search 2-47
2026-10-08 15:30:03,923 INFO o.a.j.r.Summariser: summary +      3 in 00:00:30 =    0.1/s Avg:   282 Min:    11 Max:   826 Err:     0 (0.00%) Active: 1 Started: 83 Finished: 82
2026-10-08 15:30:03,923 INFO o.a.j.r.Summariser: summary =     83 in 00:14:37 =    0.1/s Avg:   307 Min:     7 Max:  2321 Err:     0 (0.00%)
2026-10-08 15:30:03,923 INFO o.a.j.t.JMeterThread: Thread is done: Agent search 2-47
2026-10-08 15:30:03,924 INFO o.a.j.t.JMeterThread: Thread finished: Agent search 2-47
2026-10-08 15:30:13,047 INFO o.a.j.t.JMeterThread: Thread started: Agent search 2-48
2026-10-08 15:30:13,062 INFO o.a.j.t.JMeterThread: Thread is done: Agent search 2-48
2026-10-08 15:30:13,062 INFO o.a.j.t.JMeterThread: Thread finished: Agent search 2-48
2026-10-08 15:30:33,271 INFO o.a.j.t.JMeterThread: Thread started: Intake 1-24
2026-10-08 15:30:35,175 INFO o.a.j.r.Summariser: summary +      2 in 00:00:31 =    0.1/s Avg:   957 Min:    13 Max:  1901 Err:     0 (0.00%) Active: 1 Started: 85 Finished: 84
2026-10-08 15:30:35,176 INFO o.a.j.r.Summariser: summary =     85 in 00:15:09 =    0.1/s Avg:   323 Min:     7 Max:  2321 Err:     0 (0.00%)
2026-10-08 15:30:35,176 INFO o.a.j.t.JMeterThread: Thread is done: Intake 1-24
2026-10-08 15:30:35,177 INFO o.a.j.t.JMeterThread: Thread finished: Intake 1-24
2026-10-08 15:31:05,945 INFO o.a.j.t.JMeterThread: Thread started: Agent search 2-49
2026-10-08 15:31:05,961 INFO o.a.j.r.Summariser: summary +      1 in 00:00:31 =    0.0/s Avg:    16 Min:    16 Max:    16 Err:     0 (0.00%) Active: 1 Started: 86 Finished: 85
2026-10-08 15:31:05,962 INFO o.a.j.r.Summariser: summary =     86 in 00:15:39 =    0.1/s Avg:   319 Min:     7 Max:  2321 Err:     0 (0.00%)
2026-10-08 15:31:05,962 INFO o.a.j.t.JMeterThread: Thread is done: Agent search 2-49
2026-10-08 15:31:05,962 INFO o.a.j.t.JMeterThread: Thread finished: Agent search 2-49
2026-10-08 15:31:09,361 INFO o.a.j.t.JMeterThread: Thread started: Agent search 2-50
2026-10-08 15:31:09,378 INFO o.a.j.t.JMeterThread: Thread is done: Agent search 2-50
2026-10-08 15:31:09,379 INFO o.a.j.t.JMeterThread: Thread finished: Agent search 2-50
2026-10-08 15:31:09,664 INFO o.a.j.t.JMeterThread: Thread started: Dashboard 3-14
2026-10-08 15:31:09,676 INFO o.a.j.t.JMeterThread: Thread is done: Dashboard 3-14
2026-10-08 15:31:09,677 INFO o.a.j.t.JMeterThread: Thread finished: Dashboard 3-14
2026-10-08 15:31:11,938 INFO o.a.j.t.JMeterThread: Thread started: Dashboard 3-15
2026-10-08 15:31:11,950 INFO o.a.j.t.JMeterThread: Thread is done: Dashboard 3-15
2026-10-08 15:31:11,950 INFO o.a.j.t.JMeterThread: Thread finished: Dashboard 3-15
2026-10-08 15:31:17,531 INFO o.a.j.t.JMeterThread: Thread started: Intake 1-25
2026-10-08 15:31:18,115 INFO o.a.j.t.JMeterThread: Thread is done: Intake 1-25
2026-10-08 15:31:18,115 INFO o.a.j.t.JMeterThread: Thread finished: Intake 1-25
2026-10-08 15:31:30,437 INFO o.a.j.t.JMeterThread: Thread started: Intake 1-26
2026-10-08 15:31:31,311 INFO o.a.j.t.JMeterThread: Thread started: Intake 1-27
2026-10-08 15:31:31,697 INFO o.a.j.r.Summariser: summary +      5 in 00:00:26 =    0.2/s Avg:   374 Min:     9 Max:  1256 Err:     0 (0.00%) Active: 2 Started: 92 Finished: 90
2026-10-08 15:31:31,698 INFO o.a.j.r.Summariser: summary =     91 in 00:16:05 =    0.1/s Avg:   322 Min:     7 Max:  2321 Err:     0 (0.00%)
2026-10-08 15:31:31,698 INFO o.a.j.t.JMeterThread: Thread is done: Intake 1-26
2026-10-08 15:31:31,698 INFO o.a.j.t.JMeterThread: Thread finished: Intake 1-26
2026-10-08 15:31:33,595 INFO o.a.j.t.JMeterThread: Thread started: Intake 1-28
2026-10-08 15:31:34,181 INFO o.a.j.t.JMeterThread: Thread is done: Intake 1-27
2026-10-08 15:31:34,181 INFO o.a.j.t.JMeterThread: Thread finished: Intake 1-27
2026-10-08 15:31:34,680 INFO o.a.j.t.JMeterThread: Thread is done: Intake 1-28
2026-10-08 15:31:34,680 INFO o.a.j.t.JMeterThread: Thread finished: Intake 1-28
2026-10-08 15:31:49,127 INFO o.a.j.t.JMeterThread: Thread started: Agent search 2-51
2026-10-08 15:31:49,145 INFO o.a.j.t.JMeterThread: Thread is done: Agent search 2-51
2026-10-08 15:31:49,145 INFO o.a.j.t.JMeterThread: Thread finished: Agent search 2-51
2026-10-08 15:31:51,879 INFO o.a.j.t.JMeterThread: Thread started: Agent search 2-52
2026-10-08 15:31:51,893 INFO o.a.j.t.JMeterThread: Thread is done: Agent search 2-52
2026-10-08 15:31:51,893 INFO o.a.j.t.JMeterThread: Thread finished: Agent search 2-52
2026-10-08 15:31:53,737 INFO o.a.j.t.JMeterThread: Thread started: Dashboard 3-16
2026-10-08 15:31:53,747 INFO o.a.j.t.JMeterThread: Thread is done: Dashboard 3-16
2026-10-08 15:31:53,747 INFO o.a.j.t.JMeterThread: Thread finished: Dashboard 3-16
2026-10-08 15:31:58,348 INFO o.a.j.t.JMeterThread: Thread started: Intake 1-29
2026-10-08 15:31:59,635 INFO o.a.j.t.JMeterThread: Thread is done: Intake 1-29
2026-10-08 15:31:59,635 INFO o.a.j.t.JMeterThread: Thread finished: Intake 1-29
2026-10-08 15:32:16,855 INFO o.a.j.t.JMeterThread: Thread started: Agent search 2-53
2026-10-08 15:32:16,868 INFO o.a.j.t.JMeterThread: Thread is done: Agent search 2-53
2026-10-08 15:32:16,868 INFO o.a.j.t.JMeterThread: Thread finished: Agent search 2-53
2026-10-08 15:32:17,646 INFO o.a.j.t.JMeterThread: Thread started: Intake 1-30
2026-10-08 15:32:19,896 INFO o.a.j.t.JMeterThread: Thread is done: Intake 1-30
2026-10-08 15:32:19,897 INFO o.a.j.t.JMeterThread: Thread finished: Intake 1-30
2026-10-08 15:32:21,971 INFO o.a.j.t.JMeterThread: Thread started: Agent search 2-54
2026-10-08 15:32:21,987 INFO o.a.j.t.JMeterThread: Thread is done: Agent search 2-54
2026-10-08 15:32:21,987 INFO o.a.j.t.JMeterThread: Thread finished: Agent search 2-54
2026-10-08 15:32:31,034 INFO o.a.j.t.JMeterThread: Thread started: Dashboard 3-17
2026-10-08 15:32:31,047 INFO o.a.j.r.Summariser: summary +     10 in 00:00:59 =    0.2/s Avg:   755 Min:     8 Max:  2868 Err:     0 (0.00%) Active: 1 Started: 101 Finished: 100
2026-10-08 15:32:31,048 INFO o.a.j.r.Summariser: summary =    101 in 00:17:05 =    0.1/s Avg:   365 Min:     7 Max:  2868 Err:     0 (0.00%)
2026-10-08 15:32:31,049 INFO o.a.j.t.JMeterThread: Thread is done: Dashboard 3-17
2026-10-08 15:32:31,049 INFO o.a.j.t.JMeterThread: Thread finished: Dashboard 3-17
2026-10-08 15:32:35,625 INFO o.a.j.t.JMeterThread: Thread started: Agent search 2-55
2026-10-08 15:32:35,637 INFO o.a.j.t.JMeterThread: Thread is done: Agent search 2-55
2026-10-08 15:32:35,637 INFO o.a.j.t.JMeterThread: Thread finished: Agent search 2-55
2026-10-08 15:32:49,914 INFO o.a.j.t.JMeterThread: Thread started: Agent search 2-56
2026-10-08 15:32:49,931 INFO o.a.j.t.JMeterThread: Thread is done: Agent search 2-56
2026-10-08 15:32:49,931 INFO o.a.j.t.JMeterThread: Thread finished: Agent search 2-56
2026-10-08 15:32:50,601 INFO o.a.j.t.JMeterThread: Thread started: Agent search 2-57
2026-10-08 15:32:50,616 INFO o.a.j.t.JMeterThread: Thread is done: Agent search 2-57
2026-10-08 15:32:50,616 INFO o.a.j.t.JMeterThread: Thread finished: Agent search 2-57
2026-10-08 15:32:55,896 INFO o.a.j.t.JMeterThread: Thread started: Intake 1-31
2026-10-08 15:32:57,396 INFO o.a.j.t.JMeterThread: Thread is done: Intake 1-31
2026-10-08 15:32:57,396 INFO o.a.j.t.JMeterThread: Thread finished: Intake 1-31
2026-10-08 15:33:04,401 INFO o.a.j.t.JMeterThread: Thread started: Agent search 2-58
2026-10-08 15:33:04,412 INFO o.a.j.r.Summariser: summary +      5 in 00:00:33 =    0.1/s Avg:   309 Min:     8 Max:  1498 Err:     0 (0.00%) Active: 1 Started: 106 Finished: 105
2026-10-08 15:33:04,413 INFO o.a.j.r.Summariser: summary =    106 in 00:17:38 =    0.1/s Avg:   362 Min:     7 Max:  2868 Err:     0 (0.00%)
2026-10-08 15:33:04,414 INFO o.a.j.t.JMeterThread: Thread is done: Agent search 2-58
2026-10-08 15:33:04,414 INFO o.a.j.t.JMeterThread: Thread finished: Agent search 2-58
2026-10-08 15:33:08,063 INFO o.a.j.t.JMeterThread: Thread started: Agent search 2-59
2026-10-08 15:33:08,079 INFO o.a.j.t.JMeterThread: Thread is done: Agent search 2-59
2026-10-08 15:33:08,080 INFO o.a.j.t.JMeterThread: Thread finished: Agent search 2-59
2026-10-08 15:33:10,858 INFO o.a.j.t.JMeterThread: Thread started: Agent search 2-60
2026-10-08 15:33:10,872 INFO o.a.j.t.JMeterThread: Thread is done: Agent search 2-60
2026-10-08 15:33:10,872 INFO o.a.j.t.JMeterThread: Thread finished: Agent search 2-60
2026-10-08 15:33:14,358 INFO o.a.j.t.JMeterThread: Thread started: Agent search 2-61
2026-10-08 15:33:14,374 INFO o.a.j.t.JMeterThread: Thread is done: Agent search 2-61
2026-10-08 15:33:14,374 INFO o.a.j.t.JMeterThread: Thread finished: Agent search 2-61
2026-10-08 15:33:31,389 INFO o.a.j.t.JMeterThread: Thread started: Agent search 2-62
2026-10-08 15:33:31,399 INFO o.a.j.r.Summariser: summary +      4 in 00:00:27 =    0.1/s Avg:    12 Min:     9 Max:    14 Err:     0 (0.00%) Active: 1 Started: 110 Finished: 109
2026-10-08 15:33:31,399 INFO o.a.j.r.Summariser: summary =    110 in 00:18:05 =    0.1/s Avg:   350 Min:     7 Max:  2868 Err:     0 (0.00%)
2026-10-08 15:33:31,399 INFO o.a.j.t.JMeterThread: Thread is done: Agent search 2-62
2026-10-08 15:33:31,399 INFO o.a.j.t.JMeterThread: Thread finished: Agent search 2-62
2026-10-08 15:33:33,728 INFO o.a.j.t.JMeterThread: Thread started: Intake 1-32
2026-10-08 15:33:35,036 INFO o.a.j.t.JMeterThread: Thread is done: Intake 1-32
2026-10-08 15:33:35,036 INFO o.a.j.t.JMeterThread: Thread finished: Intake 1-32
2026-10-08 15:33:35,963 INFO o.a.j.t.JMeterThread: Thread started: Dashboard 3-18
2026-10-08 15:33:35,975 INFO o.a.j.t.JMeterThread: Thread is done: Dashboard 3-18
2026-10-08 15:33:35,975 INFO o.a.j.t.JMeterThread: Thread finished: Dashboard 3-18
2026-10-08 15:33:41,107 INFO o.a.j.t.o.OpenModelThreadGroup: There will be no more events, so will wait for 105 sec till the end of the schedule
2026-10-08 15:33:41,108 INFO o.a.j.t.JMeterThread: Thread started: Intake 1-33
2026-10-08 15:33:41,401 INFO o.a.j.t.JMeterThread: Thread started: Agent search 2-63
2026-10-08 15:33:41,415 INFO o.a.j.t.JMeterThread: Thread is done: Agent search 2-63
2026-10-08 15:33:41,415 INFO o.a.j.t.JMeterThread: Thread finished: Agent search 2-63
2026-10-08 15:33:42,579 INFO o.a.j.t.JMeterThread: Thread is done: Intake 1-33
2026-10-08 15:33:42,580 INFO o.a.j.t.JMeterThread: Thread finished: Intake 1-33
2026-10-08 15:34:16,229 INFO o.a.j.t.JMeterThread: Thread started: Agent search 2-64
2026-10-08 15:34:16,243 INFO o.a.j.t.JMeterThread: Thread is done: Agent search 2-64
2026-10-08 15:34:16,243 INFO o.a.j.t.JMeterThread: Thread finished: Agent search 2-64
2026-10-08 15:34:23,973 INFO o.a.j.t.JMeterThread: Thread started: Agent search 2-65
2026-10-08 15:34:23,989 INFO o.a.j.t.JMeterThread: Thread is done: Agent search 2-65
2026-10-08 15:34:23,989 INFO o.a.j.t.JMeterThread: Thread finished: Agent search 2-65
2026-10-08 15:34:42,512 INFO o.a.j.t.JMeterThread: Thread started: Agent search 2-66
2026-10-08 15:34:42,530 INFO o.a.j.t.JMeterThread: Thread is done: Agent search 2-66
2026-10-08 15:34:42,530 INFO o.a.j.t.JMeterThread: Thread finished: Agent search 2-66
2026-10-08 15:34:42,930 INFO o.a.j.t.JMeterThread: Thread started: Agent search 2-67
2026-10-08 15:34:42,944 INFO o.a.j.t.JMeterThread: Thread is done: Agent search 2-67
2026-10-08 15:34:42,944 INFO o.a.j.t.JMeterThread: Thread finished: Agent search 2-67
2026-10-08 15:34:43,885 INFO o.a.j.t.JMeterThread: Thread started: Agent search 2-68
2026-10-08 15:34:43,903 INFO o.a.j.t.JMeterThread: Thread is done: Agent search 2-68
2026-10-08 15:34:43,904 INFO o.a.j.t.JMeterThread: Thread finished: Agent search 2-68
2026-10-08 15:34:44,781 INFO o.a.j.t.JMeterThread: Thread started: Agent search 2-69
2026-10-08 15:34:44,798 INFO o.a.j.t.JMeterThread: Thread is done: Agent search 2-69
2026-10-08 15:34:44,799 INFO o.a.j.t.JMeterThread: Thread finished: Agent search 2-69
2026-10-08 15:35:04,561 INFO o.a.j.t.JMeterThread: Thread started: Agent search 2-70
2026-10-08 15:35:04,575 INFO o.a.j.r.Summariser: summary +     11 in 00:01:33 =    0.1/s Avg:   263 Min:     8 Max:  1471 Err:     0 (0.00%) Active: 1 Started: 121 Finished: 120
2026-10-08 15:35:04,576 INFO o.a.j.r.Summariser: summary =    121 in 00:19:38 =    0.1/s Avg:   342 Min:     7 Max:  2868 Err:     0 (0.00%)
2026-10-08 15:35:04,576 INFO o.a.j.t.JMeterThread: Thread is done: Agent search 2-70
2026-10-08 15:35:04,576 INFO o.a.j.t.JMeterThread: Thread finished: Agent search 2-70
2026-10-08 15:35:04,923 INFO o.a.j.t.o.OpenModelThreadGroup: There will be no more events, so will wait for 21 sec till the end of the schedule
2026-10-08 15:35:04,924 INFO o.a.j.t.JMeterThread: Thread started: Agent search 2-71
2026-10-08 15:35:04,935 INFO o.a.j.t.JMeterThread: Thread is done: Agent search 2-71
2026-10-08 15:35:04,935 INFO o.a.j.t.JMeterThread: Thread finished: Agent search 2-71
2026-10-08 15:35:09,069 INFO o.a.j.t.JMeterThread: Thread started: Dashboard 3-19
2026-10-08 15:35:09,082 INFO o.a.j.t.JMeterThread: Thread is done: Dashboard 3-19
2026-10-08 15:35:09,082 INFO o.a.j.t.JMeterThread: Thread finished: Dashboard 3-19
2026-10-08 15:35:19,322 INFO o.a.j.t.o.OpenModelThreadGroup: There will be no more events, so will wait for 7 sec till the end of the schedule
2026-10-08 15:35:19,323 INFO o.a.j.t.JMeterThread: Thread started: Dashboard 3-20
2026-10-08 15:35:19,336 INFO o.a.j.t.JMeterThread: Thread is done: Dashboard 3-20
2026-10-08 15:35:19,336 INFO o.a.j.t.JMeterThread: Thread finished: Dashboard 3-20
2026-10-08 15:35:26,474 INFO o.a.j.t.o.OpenModelThreadGroup: There will be no more events, will shutdown the thread pool
2026-10-08 15:35:26,474 INFO o.a.j.t.o.OpenModelThreadGroup: There will be no more events, will shutdown the thread pool
2026-10-08 15:35:26,474 INFO o.a.j.t.o.OpenModelThreadGroup: Thread starting done
2026-10-08 15:35:26,474 INFO o.a.j.t.o.OpenModelThreadGroup: Thread starting done
2026-10-08 15:35:26,475 INFO o.a.j.t.o.OpenModelThreadGroup: There will be no more events, will shutdown the thread pool
2026-10-08 15:35:26,481 INFO o.a.j.t.o.OpenModelThreadGroup: Thread starting done
2026-10-08 15:35:26,481 INFO o.a.j.e.StandardJMeterEngine: Notifying test listeners of end of test
2026-10-08 15:35:26,481 INFO o.a.j.s.FileServer: Close: search_terms.csv
2026-10-08 15:35:26,482 INFO o.a.j.s.FileServer: Close: narratives.txt
2026-10-08 15:35:26,483 INFO o.a.j.r.Summariser: summary +      3 in 00:00:22 =    0.1/s Avg:    10 Min:    10 Max:    11 Err:     0 (0.00%) Active: 0 Started: 124 Finished: 124
2026-10-08 15:35:26,483 INFO o.a.j.r.Summariser: summary =    124 in 00:20:00 =    0.1/s Avg:   334 Min:     7 Max:  2868 Err:     0 (0.00%)
