2026-10-08 14:29:23,680 INFO o.a.j.u.JMeterUtils: Setting Locale to en_EN
2026-10-08 14:29:23,693 INFO o.a.j.JMeter: Loading user properties from: C:\apache-jmeter-5.6.3\bin\user.properties
2026-10-08 14:29:23,693 INFO o.a.j.JMeter: Loading system properties from: C:\apache-jmeter-5.6.3\bin\system.properties
2026-10-08 14:29:23,693 INFO o.a.j.JMeter: Setting JMeter property: host=192.168.50.104
2026-10-08 14:29:23,693 INFO o.a.j.JMeter: Setting JMeter property: ticket_rate=50
2026-10-08 14:29:23,693 INFO o.a.j.JMeter: Setting JMeter property: search_rate=214
2026-10-08 14:29:23,693 INFO o.a.j.JMeter: Setting JMeter property: stats_rate=60
2026-10-08 14:29:23,693 INFO o.a.j.JMeter: Setting JMeter property: duration=20
2026-10-08 14:29:23,694 INFO o.a.j.JMeter: Setting JMeter property: run_id=qwen3_4b-50-r3
2026-10-08 14:29:23,694 INFO o.a.j.JMeter: Setting JMeter property: jmeter.save.saveservice.output_format=csv
2026-10-08 14:29:23,698 INFO o.a.j.JMeter: Copyright (c) 1998-2024 The Apache Software Foundation
2026-10-08 14:29:23,698 INFO o.a.j.JMeter: Version 5.6.3
2026-10-08 14:29:23,698 INFO o.a.j.JMeter: java.version=17
2026-10-08 14:29:23,698 INFO o.a.j.JMeter: java.vm.name=Java HotSpot(TM) 64-Bit Server VM
2026-10-08 14:29:23,698 INFO o.a.j.JMeter: os.name=Windows 10
2026-10-08 14:29:23,698 INFO o.a.j.JMeter: os.arch=amd64
2026-10-08 14:29:23,699 INFO o.a.j.JMeter: os.version=10.0
2026-10-08 14:29:23,699 INFO o.a.j.JMeter: file.encoding=Cp1252
2026-10-08 14:29:23,699 INFO o.a.j.JMeter: java.awt.headless=true
2026-10-08 14:29:23,699 INFO o.a.j.JMeter: Max memory     =1073741824
2026-10-08 14:29:23,699 INFO o.a.j.JMeter: Available Processors =20
2026-10-08 14:29:23,704 INFO o.a.j.JMeter: Default Locale=English (EN)
2026-10-08 14:29:23,704 INFO o.a.j.JMeter: JMeter  Locale=English (EN)
2026-10-08 14:29:23,704 INFO o.a.j.JMeter: JMeterHome=C:\apache-jmeter-5.6.3
2026-10-08 14:29:23,704 INFO o.a.j.JMeter: user.dir  =C:\Users\Ashley\Documents\GitHub\ICT3113_P2-3
2026-10-08 14:29:23,705 INFO o.a.j.JMeter: PWD       =C:\Users\Ashley\Documents\GitHub\ICT3113_P2-3
2026-10-08 14:29:23,705 INFO o.a.j.JMeter: IP: 192.168.50.172 Name: DESKTOP-FE7GKLN FullName: DESKTOP-FE7GKLN
2026-10-08 14:29:23,716 INFO o.a.j.s.FileServer: Default base='C:\Users\Ashley\Documents\GitHub\ICT3113_P2-3'
2026-10-08 14:29:23,717 INFO o.a.j.s.FileServer: Set new base='C:\Users\Ashley\Documents\GitHub\ICT3113_P2-3\jmeter'
2026-10-08 14:29:23,794 INFO o.a.j.s.SaveService: Testplan (JMX) version: 2.2. Testlog (JTL) version: 2.2
2026-10-08 14:29:23,806 INFO o.a.j.s.SaveService: Using SaveService properties version 5.0
2026-10-08 14:29:23,808 INFO o.a.j.s.SaveService: Using SaveService properties file encoding UTF-8
2026-10-08 14:29:23,810 INFO o.a.j.s.SaveService: Loading file: C:\Users\Ashley\Documents\GitHub\ICT3113_P2-3\jmeter\load_test.jmx
2026-10-08 14:29:23,839 INFO o.a.j.p.h.s.HTTPSamplerBase: Parser for text/html is org.apache.jmeter.protocol.http.parser.LagartoBasedHtmlParser
2026-10-08 14:29:23,839 INFO o.a.j.p.h.s.HTTPSamplerBase: Parser for application/xhtml+xml is org.apache.jmeter.protocol.http.parser.LagartoBasedHtmlParser
2026-10-08 14:29:23,839 INFO o.a.j.p.h.s.HTTPSamplerBase: Parser for application/xml is org.apache.jmeter.protocol.http.parser.LagartoBasedHtmlParser
2026-10-08 14:29:23,839 INFO o.a.j.p.h.s.HTTPSamplerBase: Parser for text/xml is org.apache.jmeter.protocol.http.parser.LagartoBasedHtmlParser
2026-10-08 14:29:23,839 INFO o.a.j.p.h.s.HTTPSamplerBase: Parser for text/vnd.wap.wml is org.apache.jmeter.protocol.http.parser.RegexpHTMLParser
2026-10-08 14:29:23,839 INFO o.a.j.p.h.s.HTTPSamplerBase: Parser for text/css is org.apache.jmeter.protocol.http.parser.CssParser
2026-10-08 14:29:23,849 INFO o.a.j.JMeter: Creating summariser <summary>
2026-10-08 14:29:23,858 INFO o.a.j.e.StandardJMeterEngine: Running the test!
2026-10-08 14:29:23,858 INFO o.a.j.s.SampleEvent: List of sample_variables: []
2026-10-08 14:29:23,858 INFO o.a.j.s.SampleEvent: List of sample_variables: []
2026-10-08 14:29:23,861 INFO o.a.j.e.u.CompoundVariable: Note: Function class names must contain the string: '.functions.'
2026-10-08 14:29:23,861 INFO o.a.j.e.u.CompoundVariable: Note: Function class names must not contain the string: '.gui.'
2026-10-08 14:29:23,899 INFO o.a.j.JMeter: Running test (1791440963899)
2026-10-08 14:29:23,906 INFO o.a.j.e.StandardJMeterEngine: Starting ThreadGroup: 1 : Intake
2026-10-08 14:29:23,906 INFO o.a.j.e.StandardJMeterEngine: Starting 0 threads for group Intake.
2026-10-08 14:29:23,906 INFO o.a.j.e.StandardJMeterEngine: Thread will continue on error
2026-10-08 14:29:23,907 INFO o.a.j.t.o.OpenModelThreadGroup: Starting OpenModelThreadGroup#1 with schedule rate(50/hour) random_arrivals(20 min)
2026-10-08 14:29:23,924 INFO o.a.j.e.StandardJMeterEngine: Starting ThreadGroup: 2 : Agent search
2026-10-08 14:29:23,924 INFO o.a.j.e.StandardJMeterEngine: Starting 0 threads for group Agent search.
2026-10-08 14:29:23,924 INFO o.a.j.e.StandardJMeterEngine: Thread will continue on error
2026-10-08 14:29:23,924 INFO o.a.j.t.o.OpenModelThreadGroup: Starting OpenModelThreadGroup#2 with schedule rate(214/hour) random_arrivals(20 min)
2026-10-08 14:29:23,924 INFO o.a.j.t.o.OpenModelThreadGroup: Thread starting init
2026-10-08 14:29:23,924 INFO o.a.j.e.StandardJMeterEngine: Starting ThreadGroup: 3 : Dashboard
2026-10-08 14:29:23,924 INFO o.a.j.e.StandardJMeterEngine: Starting 0 threads for group Dashboard.
2026-10-08 14:29:23,924 INFO o.a.j.e.StandardJMeterEngine: Thread will continue on error
2026-10-08 14:29:23,924 INFO o.a.j.t.o.OpenModelThreadGroup: Starting OpenModelThreadGroup#3 with schedule rate(60/hour) random_arrivals(20 min)
2026-10-08 14:29:23,924 INFO o.a.j.t.o.OpenModelThreadGroup: Thread starting init
2026-10-08 14:29:23,925 INFO o.a.j.e.StandardJMeterEngine: All thread groups have been started
2026-10-08 14:29:23,925 INFO o.a.j.t.o.OpenModelThreadGroup: Thread starting init
2026-10-08 14:29:23,928 INFO o.a.j.t.o.PoissonArrivalsRamp: Generating 20 events, beginRate = 0.016666666666666666 / sec, endRate = 0.016666666666666666 / sec, duration = 1200.0 sec
2026-10-08 14:29:23,928 INFO o.a.j.t.o.PoissonArrivalsRamp: Generating 71 events, beginRate = 0.059444444444444446 / sec, endRate = 0.059444444444444446 / sec, duration = 1200.0 sec
2026-10-08 14:29:23,928 INFO o.a.j.t.o.PoissonArrivalsRamp: Generating 16 events, beginRate = 0.013888888888888888 / sec, endRate = 0.013888888888888888 / sec, duration = 1200.0 sec
2026-10-08 14:29:26,550 INFO o.a.j.t.JMeterThread: Thread started: Intake 1-1
2026-10-08 14:29:26,551 INFO o.a.j.s.FileServer: Stored: narratives.txt
2026-10-08 14:29:26,564 INFO o.a.j.p.h.s.HTTPHCAbstractImpl: Local host = DESKTOP-FE7GKLN
2026-10-08 14:29:26,566 INFO o.a.j.p.h.s.HTTPHC4Impl: HTTP request retry count = 0
2026-10-08 14:29:26,567 INFO o.a.j.s.SampleResult: Note: Sample TimeStamps are START times
2026-10-08 14:29:26,567 INFO o.a.j.s.SampleResult: sampleresult.default.encoding is set to UTF-8
2026-10-08 14:29:26,567 INFO o.a.j.s.SampleResult: sampleresult.useNanoTime=true
2026-10-08 14:29:26,567 INFO o.a.j.s.SampleResult: sampleresult.nanoThreadSleep=5000
2026-10-08 14:29:27,239 INFO o.a.j.t.JMeterThread: Thread started: Agent search 2-1
2026-10-08 14:29:27,240 INFO o.a.j.s.FileServer: Stored: search_terms.csv
2026-10-08 14:29:27,243 INFO o.a.j.t.JMeterThread: Thread is done: Intake 1-1
2026-10-08 14:29:27,243 INFO o.a.j.t.JMeterThread: Thread finished: Intake 1-1
2026-10-08 14:29:27,254 INFO o.a.j.t.JMeterThread: Thread is done: Agent search 2-1
2026-10-08 14:29:27,255 INFO o.a.j.t.JMeterThread: Thread finished: Agent search 2-1
2026-10-08 14:29:31,514 INFO o.a.j.t.JMeterThread: Thread started: Agent search 2-2
2026-10-08 14:29:31,530 INFO o.a.j.r.Summariser: summary +      3 in 00:00:08 =    0.4/s Avg:   222 Min:    11 Max:   643 Err:     0 (0.00%) Active: 1 Started: 3 Finished: 2
2026-10-08 14:29:31,530 INFO o.a.j.t.JMeterThread: Thread is done: Agent search 2-2
2026-10-08 14:29:31,530 INFO o.a.j.t.JMeterThread: Thread finished: Agent search 2-2
2026-10-08 14:29:47,463 INFO o.a.j.t.JMeterThread: Thread started: Dashboard 3-1
2026-10-08 14:29:47,478 INFO o.a.j.t.JMeterThread: Thread is done: Dashboard 3-1
2026-10-08 14:29:47,479 INFO o.a.j.t.JMeterThread: Thread finished: Dashboard 3-1
2026-10-08 14:30:00,506 INFO o.a.j.t.JMeterThread: Thread started: Agent search 2-3
2026-10-08 14:30:00,521 INFO o.a.j.r.Summariser: summary +      2 in 00:00:29 =    0.1/s Avg:    12 Min:    12 Max:    13 Err:     0 (0.00%) Active: 1 Started: 5 Finished: 4
2026-10-08 14:30:00,522 INFO o.a.j.r.Summariser: summary =      5 in 00:00:37 =    0.1/s Avg:   138 Min:    11 Max:   643 Err:     0 (0.00%)
2026-10-08 14:30:00,523 INFO o.a.j.t.JMeterThread: Thread is done: Agent search 2-3
2026-10-08 14:30:00,523 INFO o.a.j.t.JMeterThread: Thread finished: Agent search 2-3
2026-10-08 14:30:04,592 INFO o.a.j.t.JMeterThread: Thread started: Agent search 2-4
2026-10-08 14:30:04,604 INFO o.a.j.t.JMeterThread: Thread is done: Agent search 2-4
2026-10-08 14:30:04,604 INFO o.a.j.t.JMeterThread: Thread finished: Agent search 2-4
2026-10-08 14:30:14,385 INFO o.a.j.t.JMeterThread: Thread started: Agent search 2-5
2026-10-08 14:30:14,397 INFO o.a.j.t.JMeterThread: Thread is done: Agent search 2-5
2026-10-08 14:30:14,397 INFO o.a.j.t.JMeterThread: Thread finished: Agent search 2-5
2026-10-08 14:30:41,485 INFO o.a.j.t.JMeterThread: Thread started: Agent search 2-6
2026-10-08 14:30:41,502 INFO o.a.j.t.JMeterThread: Thread is done: Agent search 2-6
2026-10-08 14:30:41,502 INFO o.a.j.t.JMeterThread: Thread finished: Agent search 2-6
2026-10-08 14:31:13,863 INFO o.a.j.t.JMeterThread: Thread started: Dashboard 3-2
2026-10-08 14:31:13,878 INFO o.a.j.t.JMeterThread: Thread is done: Dashboard 3-2
2026-10-08 14:31:13,878 INFO o.a.j.t.JMeterThread: Thread finished: Dashboard 3-2
2026-10-08 14:31:37,786 INFO o.a.j.t.JMeterThread: Thread started: Agent search 2-7
2026-10-08 14:31:37,794 INFO o.a.j.t.JMeterThread: Thread is done: Agent search 2-7
2026-10-08 14:31:37,794 INFO o.a.j.t.JMeterThread: Thread finished: Agent search 2-7
2026-10-08 14:31:45,642 INFO o.a.j.t.JMeterThread: Thread started: Agent search 2-8
2026-10-08 14:31:45,660 INFO o.a.j.t.JMeterThread: Thread is done: Agent search 2-8
2026-10-08 14:31:45,660 INFO o.a.j.t.JMeterThread: Thread finished: Agent search 2-8
2026-10-08 14:31:46,411 INFO o.a.j.t.JMeterThread: Thread started: Agent search 2-9
2026-10-08 14:31:46,428 INFO o.a.j.t.JMeterThread: Thread is done: Agent search 2-9
2026-10-08 14:31:46,428 INFO o.a.j.t.JMeterThread: Thread finished: Agent search 2-9
2026-10-08 14:31:49,612 INFO o.a.j.t.JMeterThread: Thread started: Intake 1-2
2026-10-08 14:31:50,821 INFO o.a.j.t.JMeterThread: Thread is done: Intake 1-2
2026-10-08 14:31:50,821 INFO o.a.j.t.JMeterThread: Thread finished: Intake 1-2
2026-10-08 14:32:32,628 INFO o.a.j.t.JMeterThread: Thread started: Dashboard 3-3
2026-10-08 14:32:32,639 INFO o.a.j.r.Summariser: summary +      9 in 00:02:32 =    0.1/s Avg:   144 Min:     8 Max:  1205 Err:     0 (0.00%) Active: 1 Started: 14 Finished: 13
2026-10-08 14:32:32,640 INFO o.a.j.r.Summariser: summary =     14 in 00:03:09 =    0.1/s Avg:   142 Min:     8 Max:  1205 Err:     0 (0.00%)
2026-10-08 14:32:32,640 INFO o.a.j.t.JMeterThread: Thread is done: Dashboard 3-3
2026-10-08 14:32:32,641 INFO o.a.j.t.JMeterThread: Thread finished: Dashboard 3-3
2026-10-08 14:32:41,654 INFO o.a.j.t.JMeterThread: Thread started: Agent search 2-10
2026-10-08 14:32:41,669 INFO o.a.j.t.JMeterThread: Thread is done: Agent search 2-10
2026-10-08 14:32:41,669 INFO o.a.j.t.JMeterThread: Thread finished: Agent search 2-10
2026-10-08 14:33:00,422 INFO o.a.j.t.JMeterThread: Thread started: Agent search 2-11
2026-10-08 14:33:00,441 INFO o.a.j.r.Summariser: summary +      2 in 00:00:28 =    0.1/s Avg:    14 Min:    13 Max:    15 Err:     0 (0.00%) Active: 1 Started: 16 Finished: 15
2026-10-08 14:33:00,442 INFO o.a.j.r.Summariser: summary =     16 in 00:03:37 =    0.1/s Avg:   126 Min:     8 Max:  1205 Err:     0 (0.00%)
2026-10-08 14:33:00,442 INFO o.a.j.t.JMeterThread: Thread is done: Agent search 2-11
2026-10-08 14:33:00,442 INFO o.a.j.t.JMeterThread: Thread finished: Agent search 2-11
2026-10-08 14:33:02,807 INFO o.a.j.t.JMeterThread: Thread started: Intake 1-3
2026-10-08 14:33:05,154 INFO o.a.j.t.JMeterThread: Thread is done: Intake 1-3
2026-10-08 14:33:05,154 INFO o.a.j.t.JMeterThread: Thread finished: Intake 1-3
2026-10-08 14:33:07,541 INFO o.a.j.t.JMeterThread: Thread started: Agent search 2-12
2026-10-08 14:33:07,556 INFO o.a.j.t.JMeterThread: Thread is done: Agent search 2-12
2026-10-08 14:33:07,557 INFO o.a.j.t.JMeterThread: Thread finished: Agent search 2-12
2026-10-08 14:33:12,090 INFO o.a.j.t.JMeterThread: Thread started: Agent search 2-13
2026-10-08 14:33:12,106 INFO o.a.j.t.JMeterThread: Thread is done: Agent search 2-13
2026-10-08 14:33:12,106 INFO o.a.j.t.JMeterThread: Thread finished: Agent search 2-13
2026-10-08 14:33:20,092 INFO o.a.j.t.JMeterThread: Thread started: Agent search 2-14
2026-10-08 14:33:20,108 INFO o.a.j.t.JMeterThread: Thread is done: Agent search 2-14
2026-10-08 14:33:20,109 INFO o.a.j.t.JMeterThread: Thread finished: Agent search 2-14
2026-10-08 14:33:53,444 INFO o.a.j.t.JMeterThread: Thread started: Intake 1-4
2026-10-08 14:33:54,696 INFO o.a.j.t.JMeterThread: Thread is done: Intake 1-4
2026-10-08 14:33:54,696 INFO o.a.j.t.JMeterThread: Thread finished: Intake 1-4
2026-10-08 14:33:57,257 INFO o.a.j.t.JMeterThread: Thread started: Agent search 2-15
2026-10-08 14:33:57,275 INFO o.a.j.t.JMeterThread: Thread is done: Agent search 2-15
2026-10-08 14:33:57,275 INFO o.a.j.t.JMeterThread: Thread finished: Agent search 2-15
2026-10-08 14:34:09,056 INFO o.a.j.t.JMeterThread: Thread started: Agent search 2-16
2026-10-08 14:34:09,069 INFO o.a.j.t.JMeterThread: Thread is done: Agent search 2-16
2026-10-08 14:34:09,069 INFO o.a.j.t.JMeterThread: Thread finished: Agent search 2-16
2026-10-08 14:34:17,753 INFO o.a.j.t.JMeterThread: Thread started: Agent search 2-17
2026-10-08 14:34:17,772 INFO o.a.j.t.JMeterThread: Thread is done: Agent search 2-17
2026-10-08 14:34:17,772 INFO o.a.j.t.JMeterThread: Thread finished: Agent search 2-17
2026-10-08 14:34:34,300 INFO o.a.j.t.JMeterThread: Thread started: Agent search 2-18
2026-10-08 14:34:34,316 INFO o.a.j.r.Summariser: summary +      9 in 00:01:34 =    0.1/s Avg:   410 Min:    11 Max:  2344 Err:     0 (0.00%) Active: 1 Started: 25 Finished: 24
2026-10-08 14:34:34,319 INFO o.a.j.r.Summariser: summary =     25 in 00:05:10 =    0.1/s Avg:   228 Min:     8 Max:  2344 Err:     0 (0.00%)
2026-10-08 14:34:34,320 INFO o.a.j.t.JMeterThread: Thread is done: Agent search 2-18
2026-10-08 14:34:34,320 INFO o.a.j.t.JMeterThread: Thread finished: Agent search 2-18
2026-10-08 14:34:48,469 INFO o.a.j.t.JMeterThread: Thread started: Agent search 2-19
2026-10-08 14:34:48,483 INFO o.a.j.t.JMeterThread: Thread is done: Agent search 2-19
2026-10-08 14:34:48,483 INFO o.a.j.t.JMeterThread: Thread finished: Agent search 2-19
2026-10-08 14:34:51,259 INFO o.a.j.t.JMeterThread: Thread started: Agent search 2-20
2026-10-08 14:34:51,270 INFO o.a.j.t.JMeterThread: Thread is done: Agent search 2-20
2026-10-08 14:34:51,270 INFO o.a.j.t.JMeterThread: Thread finished: Agent search 2-20
2026-10-08 14:34:53,264 INFO o.a.j.t.JMeterThread: Thread started: Agent search 2-21
2026-10-08 14:34:53,284 INFO o.a.j.t.JMeterThread: Thread is done: Agent search 2-21
2026-10-08 14:34:53,284 INFO o.a.j.t.JMeterThread: Thread finished: Agent search 2-21
2026-10-08 14:34:54,317 INFO o.a.j.t.JMeterThread: Thread started: Agent search 2-22
2026-10-08 14:34:54,328 INFO o.a.j.t.JMeterThread: Thread is done: Agent search 2-22
2026-10-08 14:34:54,328 INFO o.a.j.t.JMeterThread: Thread finished: Agent search 2-22
2026-10-08 14:34:56,327 INFO o.a.j.t.JMeterThread: Thread started: Agent search 2-23
2026-10-08 14:34:56,339 INFO o.a.j.t.JMeterThread: Thread is done: Agent search 2-23
2026-10-08 14:34:56,339 INFO o.a.j.t.JMeterThread: Thread finished: Agent search 2-23
2026-10-08 14:35:08,947 INFO o.a.j.t.JMeterThread: Thread started: Dashboard 3-4
2026-10-08 14:35:08,956 INFO o.a.j.t.JMeterThread: Thread is done: Dashboard 3-4
2026-10-08 14:35:08,956 INFO o.a.j.t.JMeterThread: Thread finished: Dashboard 3-4
2026-10-08 14:35:12,015 INFO o.a.j.t.JMeterThread: Thread started: Dashboard 3-5
2026-10-08 14:35:12,029 INFO o.a.j.t.JMeterThread: Thread is done: Dashboard 3-5
2026-10-08 14:35:12,029 INFO o.a.j.t.JMeterThread: Thread finished: Dashboard 3-5
2026-10-08 14:35:15,166 INFO o.a.j.t.JMeterThread: Thread started: Dashboard 3-6
2026-10-08 14:35:15,179 INFO o.a.j.t.JMeterThread: Thread is done: Dashboard 3-6
2026-10-08 14:35:15,179 INFO o.a.j.t.JMeterThread: Thread finished: Dashboard 3-6
2026-10-08 14:35:20,270 INFO o.a.j.t.JMeterThread: Thread started: Agent search 2-24
2026-10-08 14:35:20,286 INFO o.a.j.t.JMeterThread: Thread is done: Agent search 2-24
2026-10-08 14:35:20,286 INFO o.a.j.t.JMeterThread: Thread finished: Agent search 2-24
2026-10-08 14:35:21,684 INFO o.a.j.t.JMeterThread: Thread started: Agent search 2-25
2026-10-08 14:35:21,697 INFO o.a.j.t.JMeterThread: Thread is done: Agent search 2-25
2026-10-08 14:35:21,697 INFO o.a.j.t.JMeterThread: Thread finished: Agent search 2-25
2026-10-08 14:35:57,189 INFO o.a.j.t.JMeterThread: Thread started: Agent search 2-26
2026-10-08 14:35:57,206 INFO o.a.j.t.JMeterThread: Thread is done: Agent search 2-26
2026-10-08 14:35:57,206 INFO o.a.j.t.JMeterThread: Thread finished: Agent search 2-26
2026-10-08 14:36:07,269 INFO o.a.j.t.JMeterThread: Thread started: Agent search 2-27
2026-10-08 14:36:07,283 INFO o.a.j.t.JMeterThread: Thread is done: Agent search 2-27
2026-10-08 14:36:07,283 INFO o.a.j.t.JMeterThread: Thread finished: Agent search 2-27
2026-10-08 14:36:07,461 INFO o.a.j.t.JMeterThread: Thread started: Agent search 2-28
2026-10-08 14:36:07,474 INFO o.a.j.t.JMeterThread: Thread is done: Agent search 2-28
2026-10-08 14:36:07,475 INFO o.a.j.t.JMeterThread: Thread finished: Agent search 2-28
2026-10-08 14:36:22,954 INFO o.a.j.t.JMeterThread: Thread started: Agent search 2-29
2026-10-08 14:36:22,967 INFO o.a.j.t.JMeterThread: Thread is done: Agent search 2-29
2026-10-08 14:36:22,968 INFO o.a.j.t.JMeterThread: Thread finished: Agent search 2-29
2026-10-08 14:36:42,801 INFO o.a.j.t.JMeterThread: Thread started: Intake 1-5
2026-10-08 14:36:44,475 INFO o.a.j.t.JMeterThread: Thread started: Agent search 2-30
2026-10-08 14:36:44,501 INFO o.a.j.t.JMeterThread: Thread is done: Agent search 2-30
2026-10-08 14:36:44,501 INFO o.a.j.t.JMeterThread: Thread finished: Agent search 2-30
2026-10-08 14:36:44,876 INFO o.a.j.t.JMeterThread: Thread is done: Intake 1-5
2026-10-08 14:36:44,876 INFO o.a.j.t.JMeterThread: Thread finished: Intake 1-5
2026-10-08 14:36:47,015 INFO o.a.j.t.JMeterThread: Thread started: Agent search 2-31
2026-10-08 14:36:47,032 INFO o.a.j.t.JMeterThread: Thread is done: Agent search 2-31
2026-10-08 14:36:47,032 INFO o.a.j.t.JMeterThread: Thread finished: Agent search 2-31
2026-10-08 14:37:00,163 INFO o.a.j.t.JMeterThread: Thread started: Agent search 2-32
2026-10-08 14:37:00,177 INFO o.a.j.r.Summariser: summary +     18 in 00:02:26 =    0.1/s Avg:   126 Min:     8 Max:  2072 Err:     0 (0.00%) Active: 1 Started: 43 Finished: 42
2026-10-08 14:37:00,177 INFO o.a.j.r.Summariser: summary =     43 in 00:07:36 =    0.1/s Avg:   185 Min:     8 Max:  2344 Err:     0 (0.00%)
2026-10-08 14:37:00,177 INFO o.a.j.t.JMeterThread: Thread is done: Agent search 2-32
2026-10-08 14:37:00,177 INFO o.a.j.t.JMeterThread: Thread finished: Agent search 2-32
2026-10-08 14:37:19,169 INFO o.a.j.t.JMeterThread: Thread started: Intake 1-6
2026-10-08 14:37:19,773 INFO o.a.j.t.JMeterThread: Thread is done: Intake 1-6
2026-10-08 14:37:19,773 INFO o.a.j.t.JMeterThread: Thread finished: Intake 1-6
2026-10-08 14:38:02,481 INFO o.a.j.t.JMeterThread: Thread started: Dashboard 3-7
2026-10-08 14:38:02,494 INFO o.a.j.r.Summariser: summary +      2 in 00:01:02 =    0.0/s Avg:   305 Min:    10 Max:   601 Err:     0 (0.00%) Active: 1 Started: 45 Finished: 44
2026-10-08 14:38:02,495 INFO o.a.j.r.Summariser: summary =     45 in 00:08:39 =    0.1/s Avg:   191 Min:     8 Max:  2344 Err:     0 (0.00%)
2026-10-08 14:38:02,495 INFO o.a.j.t.JMeterThread: Thread is done: Dashboard 3-7
2026-10-08 14:38:02,495 INFO o.a.j.t.JMeterThread: Thread finished: Dashboard 3-7
2026-10-08 14:38:20,933 INFO o.a.j.t.JMeterThread: Thread started: Intake 1-7
2026-10-08 14:38:21,466 INFO o.a.j.t.JMeterThread: Thread is done: Intake 1-7
2026-10-08 14:38:21,466 INFO o.a.j.t.JMeterThread: Thread finished: Intake 1-7
2026-10-08 14:38:28,139 INFO o.a.j.t.JMeterThread: Thread started: Agent search 2-33
2026-10-08 14:38:28,153 INFO o.a.j.t.JMeterThread: Thread is done: Agent search 2-33
2026-10-08 14:38:28,153 INFO o.a.j.t.JMeterThread: Thread finished: Agent search 2-33
2026-10-08 14:38:58,928 INFO o.a.j.t.JMeterThread: Thread started: Agent search 2-34
2026-10-08 14:38:58,941 INFO o.a.j.t.JMeterThread: Thread is done: Agent search 2-34
2026-10-08 14:38:58,941 INFO o.a.j.t.JMeterThread: Thread finished: Agent search 2-34
2026-10-08 14:39:03,236 INFO o.a.j.t.JMeterThread: Thread started: Intake 1-8
2026-10-08 14:39:03,767 INFO o.a.j.r.Summariser: summary +      4 in 00:01:01 =    0.1/s Avg:   270 Min:    10 Max:   530 Err:     0 (0.00%) Active: 1 Started: 49 Finished: 48
2026-10-08 14:39:03,768 INFO o.a.j.r.Summariser: summary =     49 in 00:09:40 =    0.1/s Avg:   197 Min:     8 Max:  2344 Err:     0 (0.00%)
2026-10-08 14:39:03,769 INFO o.a.j.t.JMeterThread: Thread is done: Intake 1-8
2026-10-08 14:39:03,769 INFO o.a.j.t.JMeterThread: Thread finished: Intake 1-8
2026-10-08 14:39:09,976 INFO o.a.j.t.JMeterThread: Thread started: Agent search 2-35
2026-10-08 14:39:09,994 INFO o.a.j.t.JMeterThread: Thread is done: Agent search 2-35
2026-10-08 14:39:09,994 INFO o.a.j.t.JMeterThread: Thread finished: Agent search 2-35
2026-10-08 14:39:21,065 INFO o.a.j.t.JMeterThread: Thread started: Intake 1-9
2026-10-08 14:39:22,106 INFO o.a.j.t.JMeterThread: Thread is done: Intake 1-9
2026-10-08 14:39:22,106 INFO o.a.j.t.JMeterThread: Thread finished: Intake 1-9
2026-10-08 14:39:23,756 INFO o.a.j.t.JMeterThread: Thread started: Agent search 2-36
2026-10-08 14:39:23,771 INFO o.a.j.t.JMeterThread: Thread is done: Agent search 2-36
2026-10-08 14:39:23,771 INFO o.a.j.t.JMeterThread: Thread finished: Agent search 2-36
2026-10-08 14:39:37,284 INFO o.a.j.t.JMeterThread: Thread started: Dashboard 3-8
2026-10-08 14:39:37,299 INFO o.a.j.t.JMeterThread: Thread is done: Dashboard 3-8
2026-10-08 14:39:37,299 INFO o.a.j.t.JMeterThread: Thread finished: Dashboard 3-8
2026-10-08 14:39:39,139 INFO o.a.j.t.JMeterThread: Thread started: Dashboard 3-9
2026-10-08 14:39:39,152 INFO o.a.j.t.JMeterThread: Thread is done: Dashboard 3-9
2026-10-08 14:39:39,153 INFO o.a.j.t.JMeterThread: Thread finished: Dashboard 3-9
2026-10-08 14:40:14,823 INFO o.a.j.t.JMeterThread: Thread started: Intake 1-10
2026-10-08 14:40:16,547 INFO o.a.j.t.JMeterThread: Thread is done: Intake 1-10
2026-10-08 14:40:16,547 INFO o.a.j.t.JMeterThread: Thread finished: Intake 1-10
2026-10-08 14:40:18,024 INFO o.a.j.t.JMeterThread: Thread started: Agent search 2-37
2026-10-08 14:40:18,039 INFO o.a.j.t.JMeterThread: Thread is done: Agent search 2-37
2026-10-08 14:40:18,039 INFO o.a.j.t.JMeterThread: Thread finished: Agent search 2-37
2026-10-08 14:40:54,892 INFO o.a.j.t.JMeterThread: Thread started: Agent search 2-38
2026-10-08 14:40:54,908 INFO o.a.j.t.JMeterThread: Thread is done: Agent search 2-38
2026-10-08 14:40:54,909 INFO o.a.j.t.JMeterThread: Thread finished: Agent search 2-38
2026-10-08 14:41:03,650 INFO o.a.j.t.JMeterThread: Thread started: Agent search 2-39
2026-10-08 14:41:03,667 INFO o.a.j.r.Summariser: summary +      9 in 00:02:00 =    0.1/s Avg:   316 Min:    11 Max:  1722 Err:     0 (0.00%) Active: 1 Started: 58 Finished: 57
2026-10-08 14:41:03,667 INFO o.a.j.r.Summariser: summary =     58 in 00:11:40 =    0.1/s Avg:   216 Min:     8 Max:  2344 Err:     0 (0.00%)
2026-10-08 14:41:03,667 INFO o.a.j.t.JMeterThread: Thread is done: Agent search 2-39
2026-10-08 14:41:03,667 INFO o.a.j.t.JMeterThread: Thread finished: Agent search 2-39
2026-10-08 14:41:05,143 INFO o.a.j.t.JMeterThread: Thread started: Dashboard 3-10
2026-10-08 14:41:05,156 INFO o.a.j.t.JMeterThread: Thread is done: Dashboard 3-10
2026-10-08 14:41:05,156 INFO o.a.j.t.JMeterThread: Thread finished: Dashboard 3-10
2026-10-08 14:41:27,567 INFO o.a.j.t.JMeterThread: Thread started: Agent search 2-40
2026-10-08 14:41:27,576 INFO o.a.j.t.JMeterThread: Thread is done: Agent search 2-40
2026-10-08 14:41:27,576 INFO o.a.j.t.JMeterThread: Thread finished: Agent search 2-40
2026-10-08 14:41:54,672 INFO o.a.j.t.JMeterThread: Thread started: Agent search 2-41
2026-10-08 14:41:54,688 INFO o.a.j.t.JMeterThread: Thread is done: Agent search 2-41
2026-10-08 14:41:54,688 INFO o.a.j.t.JMeterThread: Thread finished: Agent search 2-41
2026-10-08 14:41:58,493 INFO o.a.j.t.JMeterThread: Thread started: Agent search 2-42
2026-10-08 14:41:58,510 INFO o.a.j.t.JMeterThread: Thread is done: Agent search 2-42
2026-10-08 14:41:58,510 INFO o.a.j.t.JMeterThread: Thread finished: Agent search 2-42
2026-10-08 14:42:05,165 INFO o.a.j.t.JMeterThread: Thread started: Agent search 2-43
2026-10-08 14:42:05,180 INFO o.a.j.r.Summariser: summary +      5 in 00:01:02 =    0.1/s Avg:    12 Min:     8 Max:    15 Err:     0 (0.00%) Active: 1 Started: 63 Finished: 62
2026-10-08 14:42:05,182 INFO o.a.j.r.Summariser: summary =     63 in 00:12:41 =    0.1/s Avg:   199 Min:     8 Max:  2344 Err:     0 (0.00%)
2026-10-08 14:42:05,182 INFO o.a.j.t.JMeterThread: Thread is done: Agent search 2-43
2026-10-08 14:42:05,182 INFO o.a.j.t.JMeterThread: Thread finished: Agent search 2-43
2026-10-08 14:42:06,894 INFO o.a.j.t.JMeterThread: Thread started: Agent search 2-44
2026-10-08 14:42:06,911 INFO o.a.j.t.JMeterThread: Thread is done: Agent search 2-44
2026-10-08 14:42:06,911 INFO o.a.j.t.JMeterThread: Thread finished: Agent search 2-44
2026-10-08 14:42:24,625 INFO o.a.j.t.JMeterThread: Thread started: Agent search 2-45
2026-10-08 14:42:24,639 INFO o.a.j.t.JMeterThread: Thread is done: Agent search 2-45
2026-10-08 14:42:24,639 INFO o.a.j.t.JMeterThread: Thread finished: Agent search 2-45
2026-10-08 14:42:57,417 INFO o.a.j.t.JMeterThread: Thread started: Agent search 2-46
2026-10-08 14:42:57,431 INFO o.a.j.t.JMeterThread: Thread is done: Agent search 2-46
2026-10-08 14:42:57,431 INFO o.a.j.t.JMeterThread: Thread finished: Agent search 2-46
2026-10-08 14:42:58,142 INFO o.a.j.t.JMeterThread: Thread started: Dashboard 3-11
2026-10-08 14:42:58,157 INFO o.a.j.t.JMeterThread: Thread is done: Dashboard 3-11
2026-10-08 14:42:58,157 INFO o.a.j.t.JMeterThread: Thread finished: Dashboard 3-11
2026-10-08 14:43:05,131 INFO o.a.j.t.JMeterThread: Thread started: Agent search 2-47
2026-10-08 14:43:05,144 INFO o.a.j.r.Summariser: summary +      5 in 00:01:00 =    0.1/s Avg:    12 Min:    11 Max:    16 Err:     0 (0.00%) Active: 1 Started: 68 Finished: 67
2026-10-08 14:43:05,144 INFO o.a.j.r.Summariser: summary =     68 in 00:13:41 =    0.1/s Avg:   186 Min:     8 Max:  2344 Err:     0 (0.00%)
2026-10-08 14:43:05,144 INFO o.a.j.t.JMeterThread: Thread is done: Agent search 2-47
2026-10-08 14:43:05,144 INFO o.a.j.t.JMeterThread: Thread finished: Agent search 2-47
2026-10-08 14:43:19,769 INFO o.a.j.t.JMeterThread: Thread started: Agent search 2-48
2026-10-08 14:43:19,783 INFO o.a.j.t.JMeterThread: Thread is done: Agent search 2-48
2026-10-08 14:43:19,783 INFO o.a.j.t.JMeterThread: Thread finished: Agent search 2-48
2026-10-08 14:43:30,361 INFO o.a.j.t.JMeterThread: Thread started: Agent search 2-49
2026-10-08 14:43:30,375 INFO o.a.j.r.Summariser: summary +      2 in 00:00:25 =    0.1/s Avg:    11 Min:    11 Max:    11 Err:     0 (0.00%) Active: 1 Started: 70 Finished: 69
2026-10-08 14:43:30,377 INFO o.a.j.r.Summariser: summary =     70 in 00:14:06 =    0.1/s Avg:   181 Min:     8 Max:  2344 Err:     0 (0.00%)
2026-10-08 14:43:30,377 INFO o.a.j.t.JMeterThread: Thread is done: Agent search 2-49
2026-10-08 14:43:30,377 INFO o.a.j.t.JMeterThread: Thread finished: Agent search 2-49
2026-10-08 14:43:34,872 INFO o.a.j.t.JMeterThread: Thread started: Intake 1-11
2026-10-08 14:43:35,392 INFO o.a.j.t.JMeterThread: Thread is done: Intake 1-11
2026-10-08 14:43:35,392 INFO o.a.j.t.JMeterThread: Thread finished: Intake 1-11
2026-10-08 14:43:35,451 INFO o.a.j.t.JMeterThread: Thread started: Agent search 2-50
2026-10-08 14:43:35,465 INFO o.a.j.t.JMeterThread: Thread is done: Agent search 2-50
2026-10-08 14:43:35,465 INFO o.a.j.t.JMeterThread: Thread finished: Agent search 2-50
2026-10-08 14:43:43,932 INFO o.a.j.t.JMeterThread: Thread started: Intake 1-12
2026-10-08 14:43:44,525 INFO o.a.j.t.JMeterThread: Thread is done: Intake 1-12
2026-10-08 14:43:44,525 INFO o.a.j.t.JMeterThread: Thread finished: Intake 1-12
2026-10-08 14:43:45,912 INFO o.a.j.t.JMeterThread: Thread started: Intake 1-13
2026-10-08 14:43:47,375 INFO o.a.j.t.JMeterThread: Thread is done: Intake 1-13
2026-10-08 14:43:47,375 INFO o.a.j.t.JMeterThread: Thread finished: Intake 1-13
2026-10-08 14:43:51,562 INFO o.a.j.t.JMeterThread: Thread started: Agent search 2-51
2026-10-08 14:43:51,578 INFO o.a.j.t.JMeterThread: Thread is done: Agent search 2-51
2026-10-08 14:43:51,578 INFO o.a.j.t.JMeterThread: Thread finished: Agent search 2-51
2026-10-08 14:44:16,525 INFO o.a.j.t.JMeterThread: Thread started: Agent search 2-52
2026-10-08 14:44:16,544 INFO o.a.j.t.JMeterThread: Thread is done: Agent search 2-52
2026-10-08 14:44:16,544 INFO o.a.j.t.JMeterThread: Thread finished: Agent search 2-52
2026-10-08 14:44:33,271 INFO o.a.j.t.JMeterThread: Thread started: Agent search 2-53
2026-10-08 14:44:33,281 INFO o.a.j.r.Summariser: summary +      7 in 00:01:03 =    0.1/s Avg:   374 Min:     9 Max:  1462 Err:     0 (0.00%) Active: 1 Started: 77 Finished: 76
2026-10-08 14:44:33,282 INFO o.a.j.r.Summariser: summary =     77 in 00:15:09 =    0.1/s Avg:   198 Min:     8 Max:  2344 Err:     0 (0.00%)
2026-10-08 14:44:33,282 INFO o.a.j.t.JMeterThread: Thread is done: Agent search 2-53
2026-10-08 14:44:33,282 INFO o.a.j.t.JMeterThread: Thread finished: Agent search 2-53
2026-10-08 14:44:40,244 INFO o.a.j.t.JMeterThread: Thread started: Agent search 2-54
2026-10-08 14:44:40,257 INFO o.a.j.t.JMeterThread: Thread is done: Agent search 2-54
2026-10-08 14:44:40,257 INFO o.a.j.t.JMeterThread: Thread finished: Agent search 2-54
2026-10-08 14:45:16,852 INFO o.a.j.t.JMeterThread: Thread started: Agent search 2-55
2026-10-08 14:45:16,869 INFO o.a.j.t.JMeterThread: Thread is done: Agent search 2-55
2026-10-08 14:45:16,870 INFO o.a.j.t.JMeterThread: Thread finished: Agent search 2-55
2026-10-08 14:45:18,003 INFO o.a.j.t.JMeterThread: Thread started: Dashboard 3-12
2026-10-08 14:45:18,017 INFO o.a.j.t.JMeterThread: Thread is done: Dashboard 3-12
2026-10-08 14:45:18,017 INFO o.a.j.t.JMeterThread: Thread finished: Dashboard 3-12
2026-10-08 14:45:27,405 INFO o.a.j.t.JMeterThread: Thread started: Agent search 2-56
2026-10-08 14:45:27,421 INFO o.a.j.t.JMeterThread: Thread is done: Agent search 2-56
2026-10-08 14:45:27,421 INFO o.a.j.t.JMeterThread: Thread finished: Agent search 2-56
2026-10-08 14:45:28,390 INFO o.a.j.t.JMeterThread: Thread started: Agent search 2-57
2026-10-08 14:45:28,402 INFO o.a.j.t.JMeterThread: Thread is done: Agent search 2-57
2026-10-08 14:45:28,402 INFO o.a.j.t.JMeterThread: Thread finished: Agent search 2-57
2026-10-08 14:45:32,533 INFO o.a.j.t.JMeterThread: Thread started: Dashboard 3-13
2026-10-08 14:45:32,549 INFO o.a.j.r.Summariser: summary +      6 in 00:00:59 =    0.1/s Avg:    13 Min:    10 Max:    15 Err:     0 (0.00%) Active: 1 Started: 83 Finished: 82
2026-10-08 14:45:32,550 INFO o.a.j.r.Summariser: summary =     83 in 00:16:09 =    0.1/s Avg:   185 Min:     8 Max:  2344 Err:     0 (0.00%)
2026-10-08 14:45:32,551 INFO o.a.j.t.JMeterThread: Thread is done: Dashboard 3-13
2026-10-08 14:45:32,551 INFO o.a.j.t.JMeterThread: Thread finished: Dashboard 3-13
2026-10-08 14:45:43,767 INFO o.a.j.t.JMeterThread: Thread started: Agent search 2-58
2026-10-08 14:45:43,782 INFO o.a.j.t.JMeterThread: Thread is done: Agent search 2-58
2026-10-08 14:45:43,782 INFO o.a.j.t.JMeterThread: Thread finished: Agent search 2-58
2026-10-08 14:46:11,392 INFO o.a.j.t.JMeterThread: Thread started: Agent search 2-59
2026-10-08 14:46:11,406 INFO o.a.j.t.JMeterThread: Thread is done: Agent search 2-59
2026-10-08 14:46:11,406 INFO o.a.j.t.JMeterThread: Thread finished: Agent search 2-59
2026-10-08 14:46:23,046 INFO o.a.j.t.JMeterThread: Thread started: Agent search 2-60
2026-10-08 14:46:23,059 INFO o.a.j.t.JMeterThread: Thread is done: Agent search 2-60
2026-10-08 14:46:23,059 INFO o.a.j.t.JMeterThread: Thread finished: Agent search 2-60
2026-10-08 14:46:46,471 INFO o.a.j.t.JMeterThread: Thread started: Dashboard 3-14
2026-10-08 14:46:46,479 INFO o.a.j.t.JMeterThread: Thread is done: Dashboard 3-14
2026-10-08 14:46:46,479 INFO o.a.j.t.JMeterThread: Thread finished: Dashboard 3-14
2026-10-08 14:46:47,500 INFO o.a.j.t.JMeterThread: Thread started: Dashboard 3-15
2026-10-08 14:46:47,513 INFO o.a.j.t.JMeterThread: Thread is done: Dashboard 3-15
2026-10-08 14:46:47,513 INFO o.a.j.t.JMeterThread: Thread finished: Dashboard 3-15
2026-10-08 14:46:50,435 INFO o.a.j.t.JMeterThread: Thread started: Agent search 2-61
2026-10-08 14:46:50,450 INFO o.a.j.t.JMeterThread: Thread is done: Agent search 2-61
2026-10-08 14:46:50,450 INFO o.a.j.t.JMeterThread: Thread finished: Agent search 2-61
2026-10-08 14:47:28,456 INFO o.a.j.t.JMeterThread: Thread started: Intake 1-14
2026-10-08 14:47:29,410 INFO o.a.j.t.JMeterThread: Thread started: Dashboard 3-16
2026-10-08 14:47:29,429 INFO o.a.j.t.JMeterThread: Thread is done: Dashboard 3-16
2026-10-08 14:47:29,429 INFO o.a.j.t.JMeterThread: Thread finished: Dashboard 3-16
2026-10-08 14:47:29,557 INFO o.a.j.t.JMeterThread: Thread is done: Intake 1-14
2026-10-08 14:47:29,558 INFO o.a.j.t.JMeterThread: Thread finished: Intake 1-14
2026-10-08 14:47:46,346 INFO o.a.j.t.JMeterThread: Thread started: Agent search 2-62
2026-10-08 14:47:46,362 INFO o.a.j.t.JMeterThread: Thread is done: Agent search 2-62
2026-10-08 14:47:46,362 INFO o.a.j.t.JMeterThread: Thread finished: Agent search 2-62
2026-10-08 14:47:54,522 INFO o.a.j.t.JMeterThread: Thread started: Agent search 2-63
2026-10-08 14:47:54,536 INFO o.a.j.t.JMeterThread: Thread is done: Agent search 2-63
2026-10-08 14:47:54,537 INFO o.a.j.t.JMeterThread: Thread finished: Agent search 2-63
2026-10-08 14:47:58,791 INFO o.a.j.t.JMeterThread: Thread started: Dashboard 3-17
2026-10-08 14:47:58,802 INFO o.a.j.t.JMeterThread: Thread is done: Dashboard 3-17
2026-10-08 14:47:58,802 INFO o.a.j.t.JMeterThread: Thread finished: Dashboard 3-17
2026-10-08 14:48:00,924 INFO o.a.j.t.JMeterThread: Thread started: Agent search 2-64
2026-10-08 14:48:00,938 INFO o.a.j.r.Summariser: summary +     12 in 00:02:28 =    0.1/s Avg:   102 Min:     8 Max:  1099 Err:     0 (0.00%) Active: 1 Started: 95 Finished: 94
2026-10-08 14:48:00,939 INFO o.a.j.r.Summariser: summary =     95 in 00:18:37 =    0.1/s Avg:   174 Min:     8 Max:  2344 Err:     0 (0.00%)
2026-10-08 14:48:00,939 INFO o.a.j.t.JMeterThread: Thread is done: Agent search 2-64
2026-10-08 14:48:00,939 INFO o.a.j.t.JMeterThread: Thread finished: Agent search 2-64
2026-10-08 14:48:15,316 INFO o.a.j.t.JMeterThread: Thread started: Agent search 2-65
2026-10-08 14:48:15,334 INFO o.a.j.t.JMeterThread: Thread is done: Agent search 2-65
2026-10-08 14:48:15,334 INFO o.a.j.t.JMeterThread: Thread finished: Agent search 2-65
2026-10-08 14:48:38,222 INFO o.a.j.t.JMeterThread: Thread started: Dashboard 3-18
2026-10-08 14:48:38,236 INFO o.a.j.t.JMeterThread: Thread is done: Dashboard 3-18
2026-10-08 14:48:38,236 INFO o.a.j.t.JMeterThread: Thread finished: Dashboard 3-18
2026-10-08 14:48:43,305 INFO o.a.j.t.JMeterThread: Thread started: Agent search 2-66
2026-10-08 14:48:43,318 INFO o.a.j.t.JMeterThread: Thread is done: Agent search 2-66
2026-10-08 14:48:43,318 INFO o.a.j.t.JMeterThread: Thread finished: Agent search 2-66
2026-10-08 14:48:54,706 INFO o.a.j.t.JMeterThread: Thread started: Agent search 2-67
2026-10-08 14:48:54,717 INFO o.a.j.t.JMeterThread: Thread is done: Agent search 2-67
2026-10-08 14:48:54,717 INFO o.a.j.t.JMeterThread: Thread finished: Agent search 2-67
2026-10-08 14:48:59,273 INFO o.a.j.t.JMeterThread: Thread started: Intake 1-15
2026-10-08 14:49:00,745 INFO o.a.j.t.JMeterThread: Thread started: Agent search 2-68
2026-10-08 14:49:00,766 INFO o.a.j.r.Summariser: summary +      5 in 00:01:00 =    0.1/s Avg:    13 Min:     9 Max:    18 Err:     0 (0.00%) Active: 2 Started: 101 Finished: 99
2026-10-08 14:49:00,768 INFO o.a.j.r.Summariser: summary =    100 in 00:19:37 =    0.1/s Avg:   166 Min:     8 Max:  2344 Err:     0 (0.00%)
2026-10-08 14:49:00,768 INFO o.a.j.t.JMeterThread: Thread is done: Agent search 2-68
2026-10-08 14:49:00,768 INFO o.a.j.t.JMeterThread: Thread finished: Agent search 2-68
2026-10-08 14:49:01,045 INFO o.a.j.t.JMeterThread: Thread is done: Intake 1-15
2026-10-08 14:49:01,045 INFO o.a.j.t.JMeterThread: Thread finished: Intake 1-15
2026-10-08 14:49:02,763 INFO o.a.j.t.JMeterThread: Thread started: Agent search 2-69
2026-10-08 14:49:02,777 INFO o.a.j.t.JMeterThread: Thread is done: Agent search 2-69
2026-10-08 14:49:02,777 INFO o.a.j.t.JMeterThread: Thread finished: Agent search 2-69
2026-10-08 14:49:08,516 INFO o.a.j.t.JMeterThread: Thread started: Dashboard 3-19
2026-10-08 14:49:08,530 INFO o.a.j.t.JMeterThread: Thread is done: Dashboard 3-19
2026-10-08 14:49:08,530 INFO o.a.j.t.JMeterThread: Thread finished: Dashboard 3-19
2026-10-08 14:49:08,592 INFO o.a.j.t.JMeterThread: Thread started: Agent search 2-70
2026-10-08 14:49:08,607 INFO o.a.j.t.JMeterThread: Thread is done: Agent search 2-70
2026-10-08 14:49:08,607 INFO o.a.j.t.JMeterThread: Thread finished: Agent search 2-70
2026-10-08 14:49:08,844 INFO o.a.j.t.o.OpenModelThreadGroup: There will be no more events, so will wait for 15 sec till the end of the schedule
2026-10-08 14:49:08,844 INFO o.a.j.t.JMeterThread: Thread started: Intake 1-16
2026-10-08 14:49:09,340 INFO o.a.j.t.JMeterThread: Thread is done: Intake 1-16
2026-10-08 14:49:09,340 INFO o.a.j.t.JMeterThread: Thread finished: Intake 1-16
2026-10-08 14:49:09,379 INFO o.a.j.t.o.OpenModelThreadGroup: There will be no more events, so will wait for 14 sec till the end of the schedule
2026-10-08 14:49:09,380 INFO o.a.j.t.JMeterThread: Thread started: Dashboard 3-20
2026-10-08 14:49:09,390 INFO o.a.j.t.JMeterThread: Thread is done: Dashboard 3-20
2026-10-08 14:49:09,390 INFO o.a.j.t.JMeterThread: Thread finished: Dashboard 3-20
2026-10-08 14:49:20,152 INFO o.a.j.t.o.OpenModelThreadGroup: There will be no more events, so will wait for 3 sec till the end of the schedule
2026-10-08 14:49:20,153 INFO o.a.j.t.JMeterThread: Thread started: Agent search 2-71
2026-10-08 14:49:20,169 INFO o.a.j.t.JMeterThread: Thread is done: Agent search 2-71
2026-10-08 14:49:20,169 INFO o.a.j.t.JMeterThread: Thread finished: Agent search 2-71
2026-10-08 14:49:23,859 INFO o.a.j.t.o.OpenModelThreadGroup: There will be no more events, will shutdown the thread pool
2026-10-08 14:49:23,859 INFO o.a.j.t.o.OpenModelThreadGroup: Thread starting done
2026-10-08 14:49:23,860 INFO o.a.j.t.o.OpenModelThreadGroup: There will be no more events, will shutdown the thread pool
2026-10-08 14:49:23,860 INFO o.a.j.t.o.OpenModelThreadGroup: Thread starting done
2026-10-08 14:49:23,860 INFO o.a.j.t.o.OpenModelThreadGroup: There will be no more events, will shutdown the thread pool
2026-10-08 14:49:23,860 INFO o.a.j.t.o.OpenModelThreadGroup: Thread starting done
2026-10-08 14:49:23,861 INFO o.a.j.e.StandardJMeterEngine: Notifying test listeners of end of test
2026-10-08 14:49:23,863 INFO o.a.j.s.FileServer: Close: narratives.txt
2026-10-08 14:49:23,863 INFO o.a.j.s.FileServer: Close: search_terms.csv
2026-10-08 14:49:23,865 INFO o.a.j.r.Summariser: summary +      7 in 00:00:23 =    0.3/s Avg:   332 Min:     8 Max:  1770 Err:     0 (0.00%) Active: 0 Started: 107 Finished: 107
2026-10-08 14:49:23,866 INFO o.a.j.r.Summariser: summary =    107 in 00:20:00 =    0.1/s Avg:   177 Min:     8 Max:  2344 Err:     0 (0.00%)
