2026-10-08 19:18:56,393 INFO o.a.j.u.JMeterUtils: Setting Locale to en_EN
2026-10-08 19:18:56,404 INFO o.a.j.JMeter: Loading user properties from: C:\apache-jmeter-5.6.3\bin\user.properties
2026-10-08 19:18:56,404 INFO o.a.j.JMeter: Loading system properties from: C:\apache-jmeter-5.6.3\bin\system.properties
2026-10-08 19:18:56,405 INFO o.a.j.JMeter: Setting JMeter property: host=192.168.50.104
2026-10-08 19:18:56,405 INFO o.a.j.JMeter: Setting JMeter property: ticket_rate=50
2026-10-08 19:18:56,405 INFO o.a.j.JMeter: Setting JMeter property: search_rate=214
2026-10-08 19:18:56,405 INFO o.a.j.JMeter: Setting JMeter property: stats_rate=60
2026-10-08 19:18:56,405 INFO o.a.j.JMeter: Setting JMeter property: duration=20
2026-10-08 19:18:56,405 INFO o.a.j.JMeter: Setting JMeter property: run_id=llama3_1_8b-50-r1
2026-10-08 19:18:56,406 INFO o.a.j.JMeter: Setting JMeter property: jmeter.save.saveservice.output_format=csv
2026-10-08 19:18:56,409 INFO o.a.j.JMeter: Copyright (c) 1998-2024 The Apache Software Foundation
2026-10-08 19:18:56,409 INFO o.a.j.JMeter: Version 5.6.3
2026-10-08 19:18:56,409 INFO o.a.j.JMeter: java.version=17
2026-10-08 19:18:56,409 INFO o.a.j.JMeter: java.vm.name=Java HotSpot(TM) 64-Bit Server VM
2026-10-08 19:18:56,409 INFO o.a.j.JMeter: os.name=Windows 10
2026-10-08 19:18:56,409 INFO o.a.j.JMeter: os.arch=amd64
2026-10-08 19:18:56,409 INFO o.a.j.JMeter: os.version=10.0
2026-10-08 19:18:56,409 INFO o.a.j.JMeter: file.encoding=Cp1252
2026-10-08 19:18:56,409 INFO o.a.j.JMeter: java.awt.headless=true
2026-10-08 19:18:56,409 INFO o.a.j.JMeter: Max memory     =1073741824
2026-10-08 19:18:56,409 INFO o.a.j.JMeter: Available Processors =20
2026-10-08 19:18:56,413 INFO o.a.j.JMeter: Default Locale=English (EN)
2026-10-08 19:18:56,413 INFO o.a.j.JMeter: JMeter  Locale=English (EN)
2026-10-08 19:18:56,413 INFO o.a.j.JMeter: JMeterHome=C:\apache-jmeter-5.6.3
2026-10-08 19:18:56,413 INFO o.a.j.JMeter: user.dir  =C:\Users\Ashley\Documents\GitHub\ICT3113_P2-3
2026-10-08 19:18:56,414 INFO o.a.j.JMeter: PWD       =C:\Users\Ashley\Documents\GitHub\ICT3113_P2-3
2026-10-08 19:18:56,414 INFO o.a.j.JMeter: IP: 192.168.50.172 Name: DESKTOP-FE7GKLN FullName: DESKTOP-FE7GKLN
2026-10-08 19:18:56,422 INFO o.a.j.s.FileServer: Default base='C:\Users\Ashley\Documents\GitHub\ICT3113_P2-3'
2026-10-08 19:18:56,423 INFO o.a.j.s.FileServer: Set new base='C:\Users\Ashley\Documents\GitHub\ICT3113_P2-3\jmeter'
2026-10-08 19:18:56,493 INFO o.a.j.s.SaveService: Testplan (JMX) version: 2.2. Testlog (JTL) version: 2.2
2026-10-08 19:18:56,505 INFO o.a.j.s.SaveService: Using SaveService properties version 5.0
2026-10-08 19:18:56,507 INFO o.a.j.s.SaveService: Using SaveService properties file encoding UTF-8
2026-10-08 19:18:56,508 INFO o.a.j.s.SaveService: Loading file: C:\Users\Ashley\Documents\GitHub\ICT3113_P2-3\jmeter\load_test.jmx
2026-10-08 19:18:56,536 INFO o.a.j.p.h.s.HTTPSamplerBase: Parser for text/html is org.apache.jmeter.protocol.http.parser.LagartoBasedHtmlParser
2026-10-08 19:18:56,536 INFO o.a.j.p.h.s.HTTPSamplerBase: Parser for application/xhtml+xml is org.apache.jmeter.protocol.http.parser.LagartoBasedHtmlParser
2026-10-08 19:18:56,536 INFO o.a.j.p.h.s.HTTPSamplerBase: Parser for application/xml is org.apache.jmeter.protocol.http.parser.LagartoBasedHtmlParser
2026-10-08 19:18:56,536 INFO o.a.j.p.h.s.HTTPSamplerBase: Parser for text/xml is org.apache.jmeter.protocol.http.parser.LagartoBasedHtmlParser
2026-10-08 19:18:56,537 INFO o.a.j.p.h.s.HTTPSamplerBase: Parser for text/vnd.wap.wml is org.apache.jmeter.protocol.http.parser.RegexpHTMLParser
2026-10-08 19:18:56,537 INFO o.a.j.p.h.s.HTTPSamplerBase: Parser for text/css is org.apache.jmeter.protocol.http.parser.CssParser
2026-10-08 19:18:56,546 INFO o.a.j.JMeter: Creating summariser <summary>
2026-10-08 19:18:56,556 INFO o.a.j.e.StandardJMeterEngine: Running the test!
2026-10-08 19:18:56,556 INFO o.a.j.s.SampleEvent: List of sample_variables: []
2026-10-08 19:18:56,556 INFO o.a.j.s.SampleEvent: List of sample_variables: []
2026-10-08 19:18:56,559 INFO o.a.j.e.u.CompoundVariable: Note: Function class names must contain the string: '.functions.'
2026-10-08 19:18:56,559 INFO o.a.j.e.u.CompoundVariable: Note: Function class names must not contain the string: '.gui.'
2026-10-08 19:18:56,595 INFO o.a.j.JMeter: Running test (1791458336595)
2026-10-08 19:18:56,602 INFO o.a.j.e.StandardJMeterEngine: Starting ThreadGroup: 1 : Intake
2026-10-08 19:18:56,603 INFO o.a.j.e.StandardJMeterEngine: Starting 0 threads for group Intake.
2026-10-08 19:18:56,603 INFO o.a.j.e.StandardJMeterEngine: Thread will continue on error
2026-10-08 19:18:56,603 INFO o.a.j.t.o.OpenModelThreadGroup: Starting OpenModelThreadGroup#1 with schedule rate(50/hour) random_arrivals(20 min)
2026-10-08 19:18:56,620 INFO o.a.j.e.StandardJMeterEngine: Starting ThreadGroup: 2 : Agent search
2026-10-08 19:18:56,620 INFO o.a.j.e.StandardJMeterEngine: Starting 0 threads for group Agent search.
2026-10-08 19:18:56,620 INFO o.a.j.e.StandardJMeterEngine: Thread will continue on error
2026-10-08 19:18:56,620 INFO o.a.j.t.o.OpenModelThreadGroup: Starting OpenModelThreadGroup#2 with schedule rate(214/hour) random_arrivals(20 min)
2026-10-08 19:18:56,620 INFO o.a.j.t.o.OpenModelThreadGroup: Thread starting init
2026-10-08 19:18:56,621 INFO o.a.j.e.StandardJMeterEngine: Starting ThreadGroup: 3 : Dashboard
2026-10-08 19:18:56,621 INFO o.a.j.e.StandardJMeterEngine: Starting 0 threads for group Dashboard.
2026-10-08 19:18:56,621 INFO o.a.j.e.StandardJMeterEngine: Thread will continue on error
2026-10-08 19:18:56,621 INFO o.a.j.t.o.OpenModelThreadGroup: Starting OpenModelThreadGroup#3 with schedule rate(60/hour) random_arrivals(20 min)
2026-10-08 19:18:56,621 INFO o.a.j.t.o.OpenModelThreadGroup: Thread starting init
2026-10-08 19:18:56,621 INFO o.a.j.e.StandardJMeterEngine: All thread groups have been started
2026-10-08 19:18:56,621 INFO o.a.j.t.o.OpenModelThreadGroup: Thread starting init
2026-10-08 19:18:56,624 INFO o.a.j.t.o.PoissonArrivalsRamp: Generating 71 events, beginRate = 0.059444444444444446 / sec, endRate = 0.059444444444444446 / sec, duration = 1200.0 sec
2026-10-08 19:18:56,624 INFO o.a.j.t.o.PoissonArrivalsRamp: Generating 16 events, beginRate = 0.013888888888888888 / sec, endRate = 0.013888888888888888 / sec, duration = 1200.0 sec
2026-10-08 19:18:56,624 INFO o.a.j.t.o.PoissonArrivalsRamp: Generating 20 events, beginRate = 0.016666666666666666 / sec, endRate = 0.016666666666666666 / sec, duration = 1200.0 sec
2026-10-08 19:18:57,606 INFO o.a.j.t.JMeterThread: Thread started: Agent search 2-1
2026-10-08 19:18:57,606 INFO o.a.j.s.FileServer: Stored: search_terms.csv
2026-10-08 19:18:57,617 INFO o.a.j.p.h.s.HTTPHCAbstractImpl: Local host = DESKTOP-FE7GKLN
2026-10-08 19:18:57,620 INFO o.a.j.p.h.s.HTTPHC4Impl: HTTP request retry count = 0
2026-10-08 19:18:57,621 INFO o.a.j.s.SampleResult: Note: Sample TimeStamps are START times
2026-10-08 19:18:57,621 INFO o.a.j.s.SampleResult: sampleresult.default.encoding is set to UTF-8
2026-10-08 19:18:57,621 INFO o.a.j.s.SampleResult: sampleresult.useNanoTime=true
2026-10-08 19:18:57,621 INFO o.a.j.s.SampleResult: sampleresult.nanoThreadSleep=5000
2026-10-08 19:18:57,680 INFO o.a.j.t.JMeterThread: Thread is done: Agent search 2-1
2026-10-08 19:18:57,680 INFO o.a.j.t.JMeterThread: Thread finished: Agent search 2-1
2026-10-08 19:19:04,768 INFO o.a.j.t.JMeterThread: Thread started: Dashboard 3-1
2026-10-08 19:19:04,783 INFO o.a.j.r.Summariser: summary +      2 in 00:00:08 =    0.2/s Avg:    17 Min:    10 Max:    25 Err:     0 (0.00%) Active: 1 Started: 2 Finished: 1
2026-10-08 19:19:04,784 INFO o.a.j.t.JMeterThread: Thread is done: Dashboard 3-1
2026-10-08 19:19:04,784 INFO o.a.j.t.JMeterThread: Thread finished: Dashboard 3-1
2026-10-08 19:19:04,879 INFO o.a.j.t.JMeterThread: Thread started: Dashboard 3-2
2026-10-08 19:19:04,890 INFO o.a.j.t.JMeterThread: Thread is done: Dashboard 3-2
2026-10-08 19:19:04,891 INFO o.a.j.t.JMeterThread: Thread finished: Dashboard 3-2
2026-10-08 19:19:08,923 INFO o.a.j.t.JMeterThread: Thread started: Agent search 2-2
2026-10-08 19:19:08,942 INFO o.a.j.t.JMeterThread: Thread is done: Agent search 2-2
2026-10-08 19:19:08,942 INFO o.a.j.t.JMeterThread: Thread finished: Agent search 2-2
2026-10-08 19:19:19,279 INFO o.a.j.t.JMeterThread: Thread started: Intake 1-1
2026-10-08 19:19:19,281 INFO o.a.j.s.FileServer: Stored: narratives.txt
2026-10-08 19:19:20,807 INFO o.a.j.t.JMeterThread: Thread started: Agent search 2-3
2026-10-08 19:19:20,822 INFO o.a.j.t.JMeterThread: Thread is done: Agent search 2-3
2026-10-08 19:19:20,823 INFO o.a.j.t.JMeterThread: Thread finished: Agent search 2-3
2026-10-08 19:19:22,700 INFO o.a.j.t.JMeterThread: Thread started: Agent search 2-4
2026-10-08 19:19:22,725 INFO o.a.j.t.JMeterThread: Thread is done: Agent search 2-4
2026-10-08 19:19:22,726 INFO o.a.j.t.JMeterThread: Thread finished: Agent search 2-4
2026-10-08 19:19:23,283 INFO o.a.j.t.JMeterThread: Thread is done: Intake 1-1
2026-10-08 19:19:23,283 INFO o.a.j.t.JMeterThread: Thread finished: Intake 1-1
2026-10-08 19:19:24,056 INFO o.a.j.t.JMeterThread: Thread started: Agent search 2-5
2026-10-08 19:19:24,069 INFO o.a.j.t.JMeterThread: Thread is done: Agent search 2-5
2026-10-08 19:19:24,069 INFO o.a.j.t.JMeterThread: Thread finished: Agent search 2-5
2026-10-08 19:19:36,130 INFO o.a.j.t.JMeterThread: Thread started: Dashboard 3-3
2026-10-08 19:19:36,142 INFO o.a.j.t.JMeterThread: Thread is done: Dashboard 3-3
2026-10-08 19:19:36,142 INFO o.a.j.t.JMeterThread: Thread finished: Dashboard 3-3
2026-10-08 19:20:18,387 INFO o.a.j.t.JMeterThread: Thread started: Agent search 2-6
2026-10-08 19:20:18,400 INFO o.a.j.t.JMeterThread: Thread is done: Agent search 2-6
2026-10-08 19:20:18,400 INFO o.a.j.t.JMeterThread: Thread finished: Agent search 2-6
2026-10-08 19:20:36,325 INFO o.a.j.t.JMeterThread: Thread started: Intake 1-2
2026-10-08 19:20:37,912 INFO o.a.j.t.JMeterThread: Thread is done: Intake 1-2
2026-10-08 19:20:37,913 INFO o.a.j.t.JMeterThread: Thread finished: Intake 1-2
2026-10-08 19:20:46,522 INFO o.a.j.t.JMeterThread: Thread started: Dashboard 3-4
2026-10-08 19:20:46,531 INFO o.a.j.t.JMeterThread: Thread is done: Dashboard 3-4
2026-10-08 19:20:46,532 INFO o.a.j.t.JMeterThread: Thread finished: Dashboard 3-4
2026-10-08 19:21:03,842 INFO o.a.j.t.JMeterThread: Thread started: Agent search 2-7
2026-10-08 19:21:03,852 INFO o.a.j.r.Summariser: summary +     11 in 00:01:59 =    0.1/s Avg:   517 Min:     9 Max:  3999 Err:     0 (0.00%) Active: 1 Started: 13 Finished: 12
2026-10-08 19:21:03,852 INFO o.a.j.r.Summariser: summary =     13 in 00:02:07 =    0.1/s Avg:   440 Min:     9 Max:  3999 Err:     0 (0.00%)
2026-10-08 19:21:03,852 INFO o.a.j.t.JMeterThread: Thread is done: Agent search 2-7
2026-10-08 19:21:03,852 INFO o.a.j.t.JMeterThread: Thread finished: Agent search 2-7
2026-10-08 19:21:27,225 INFO o.a.j.t.JMeterThread: Thread started: Dashboard 3-5
2026-10-08 19:21:27,233 INFO o.a.j.t.JMeterThread: Thread is done: Dashboard 3-5
2026-10-08 19:21:27,234 INFO o.a.j.t.JMeterThread: Thread finished: Dashboard 3-5
2026-10-08 19:21:30,840 INFO o.a.j.t.JMeterThread: Thread started: Agent search 2-8
2026-10-08 19:21:30,857 INFO o.a.j.r.Summariser: summary +      2 in 00:00:27 =    0.1/s Avg:    12 Min:     8 Max:    16 Err:     0 (0.00%) Active: 1 Started: 15 Finished: 14
2026-10-08 19:21:30,857 INFO o.a.j.r.Summariser: summary =     15 in 00:02:34 =    0.1/s Avg:   383 Min:     8 Max:  3999 Err:     0 (0.00%)
2026-10-08 19:21:30,859 INFO o.a.j.t.JMeterThread: Thread is done: Agent search 2-8
2026-10-08 19:21:30,859 INFO o.a.j.t.JMeterThread: Thread finished: Agent search 2-8
2026-10-08 19:21:33,073 INFO o.a.j.t.JMeterThread: Thread started: Agent search 2-9
2026-10-08 19:21:33,088 INFO o.a.j.t.JMeterThread: Thread is done: Agent search 2-9
2026-10-08 19:21:33,088 INFO o.a.j.t.JMeterThread: Thread finished: Agent search 2-9
2026-10-08 19:21:38,194 INFO o.a.j.t.JMeterThread: Thread started: Agent search 2-10
2026-10-08 19:21:38,208 INFO o.a.j.t.JMeterThread: Thread is done: Agent search 2-10
2026-10-08 19:21:38,208 INFO o.a.j.t.JMeterThread: Thread finished: Agent search 2-10
2026-10-08 19:21:54,561 INFO o.a.j.t.JMeterThread: Thread started: Agent search 2-11
2026-10-08 19:21:54,572 INFO o.a.j.t.JMeterThread: Thread is done: Agent search 2-11
2026-10-08 19:21:54,573 INFO o.a.j.t.JMeterThread: Thread finished: Agent search 2-11
2026-10-08 19:21:56,555 INFO o.a.j.t.JMeterThread: Thread started: Agent search 2-12
2026-10-08 19:21:56,569 INFO o.a.j.t.JMeterThread: Thread is done: Agent search 2-12
2026-10-08 19:21:56,570 INFO o.a.j.t.JMeterThread: Thread finished: Agent search 2-12
2026-10-08 19:23:03,118 INFO o.a.j.t.JMeterThread: Thread started: Agent search 2-13
2026-10-08 19:23:03,133 INFO o.a.j.r.Summariser: summary +      5 in 00:01:32 =    0.1/s Avg:    12 Min:    10 Max:    14 Err:     0 (0.00%) Active: 1 Started: 20 Finished: 19
2026-10-08 19:23:03,133 INFO o.a.j.r.Summariser: summary =     20 in 00:04:07 =    0.1/s Avg:   290 Min:     8 Max:  3999 Err:     0 (0.00%)
2026-10-08 19:23:03,133 INFO o.a.j.t.JMeterThread: Thread is done: Agent search 2-13
2026-10-08 19:23:03,133 INFO o.a.j.t.JMeterThread: Thread finished: Agent search 2-13
2026-10-08 19:23:11,553 INFO o.a.j.t.JMeterThread: Thread started: Agent search 2-14
2026-10-08 19:23:11,564 INFO o.a.j.t.JMeterThread: Thread is done: Agent search 2-14
2026-10-08 19:23:11,564 INFO o.a.j.t.JMeterThread: Thread finished: Agent search 2-14
2026-10-08 19:23:24,312 INFO o.a.j.t.JMeterThread: Thread started: Agent search 2-15
2026-10-08 19:23:24,326 INFO o.a.j.t.JMeterThread: Thread is done: Agent search 2-15
2026-10-08 19:23:24,326 INFO o.a.j.t.JMeterThread: Thread finished: Agent search 2-15
2026-10-08 19:23:50,244 INFO o.a.j.t.JMeterThread: Thread started: Agent search 2-16
2026-10-08 19:23:50,254 INFO o.a.j.t.JMeterThread: Thread is done: Agent search 2-16
2026-10-08 19:23:50,255 INFO o.a.j.t.JMeterThread: Thread finished: Agent search 2-16
2026-10-08 19:23:59,477 INFO o.a.j.t.JMeterThread: Thread started: Agent search 2-17
2026-10-08 19:23:59,489 INFO o.a.j.t.JMeterThread: Thread is done: Agent search 2-17
2026-10-08 19:23:59,489 INFO o.a.j.t.JMeterThread: Thread finished: Agent search 2-17
2026-10-08 19:23:59,606 INFO o.a.j.t.JMeterThread: Thread started: Intake 1-3
2026-10-08 19:24:03,464 INFO o.a.j.r.Summariser: summary +      5 in 00:01:00 =    0.1/s Avg:   780 Min:    10 Max:  3856 Err:     0 (0.00%) Active: 1 Started: 25 Finished: 24
2026-10-08 19:24:03,464 INFO o.a.j.r.Summariser: summary =     25 in 00:05:07 =    0.1/s Avg:   388 Min:     8 Max:  3999 Err:     0 (0.00%)
2026-10-08 19:24:03,464 INFO o.a.j.t.JMeterThread: Thread is done: Intake 1-3
2026-10-08 19:24:03,464 INFO o.a.j.t.JMeterThread: Thread finished: Intake 1-3
2026-10-08 19:24:06,522 INFO o.a.j.t.JMeterThread: Thread started: Dashboard 3-6
2026-10-08 19:24:06,534 INFO o.a.j.t.JMeterThread: Thread is done: Dashboard 3-6
2026-10-08 19:24:06,535 INFO o.a.j.t.JMeterThread: Thread finished: Dashboard 3-6
2026-10-08 19:24:18,328 INFO o.a.j.t.JMeterThread: Thread started: Agent search 2-18
2026-10-08 19:24:18,341 INFO o.a.j.t.JMeterThread: Thread is done: Agent search 2-18
2026-10-08 19:24:18,341 INFO o.a.j.t.JMeterThread: Thread finished: Agent search 2-18
2026-10-08 19:24:34,287 INFO o.a.j.t.JMeterThread: Thread started: Intake 1-4
2026-10-08 19:24:36,147 INFO o.a.j.t.JMeterThread: Thread is done: Intake 1-4
2026-10-08 19:24:36,147 INFO o.a.j.t.JMeterThread: Thread finished: Intake 1-4
2026-10-08 19:24:38,318 INFO o.a.j.t.JMeterThread: Thread started: Agent search 2-19
2026-10-08 19:24:38,331 INFO o.a.j.t.JMeterThread: Thread is done: Agent search 2-19
2026-10-08 19:24:38,331 INFO o.a.j.t.JMeterThread: Thread finished: Agent search 2-19
2026-10-08 19:24:42,346 INFO o.a.j.t.JMeterThread: Thread started: Agent search 2-20
2026-10-08 19:24:42,356 INFO o.a.j.t.JMeterThread: Thread is done: Agent search 2-20
2026-10-08 19:24:42,356 INFO o.a.j.t.JMeterThread: Thread finished: Agent search 2-20
2026-10-08 19:24:44,737 INFO o.a.j.t.JMeterThread: Thread started: Dashboard 3-7
2026-10-08 19:24:44,747 INFO o.a.j.t.JMeterThread: Thread is done: Dashboard 3-7
2026-10-08 19:24:44,747 INFO o.a.j.t.JMeterThread: Thread finished: Dashboard 3-7
2026-10-08 19:25:19,132 INFO o.a.j.t.JMeterThread: Thread started: Agent search 2-21
2026-10-08 19:25:19,153 INFO o.a.j.t.JMeterThread: Thread is done: Agent search 2-21
2026-10-08 19:25:19,153 INFO o.a.j.t.JMeterThread: Thread finished: Agent search 2-21
2026-10-08 19:25:23,045 INFO o.a.j.t.JMeterThread: Thread started: Agent search 2-22
2026-10-08 19:25:23,061 INFO o.a.j.t.JMeterThread: Thread is done: Agent search 2-22
2026-10-08 19:25:23,061 INFO o.a.j.t.JMeterThread: Thread finished: Agent search 2-22
2026-10-08 19:25:25,267 INFO o.a.j.t.JMeterThread: Thread started: Agent search 2-23
2026-10-08 19:25:25,278 INFO o.a.j.t.JMeterThread: Thread is done: Agent search 2-23
2026-10-08 19:25:25,279 INFO o.a.j.t.JMeterThread: Thread finished: Agent search 2-23
2026-10-08 19:25:27,770 INFO o.a.j.t.JMeterThread: Thread started: Intake 1-5
2026-10-08 19:25:31,177 INFO o.a.j.r.Summariser: summary +     10 in 00:01:28 =    0.1/s Avg:   535 Min:     9 Max:  3404 Err:     0 (0.00%) Active: 1 Started: 35 Finished: 34
2026-10-08 19:25:31,179 INFO o.a.j.r.Summariser: summary =     35 in 00:06:35 =    0.1/s Avg:   430 Min:     8 Max:  3999 Err:     0 (0.00%)
2026-10-08 19:25:31,179 INFO o.a.j.t.JMeterThread: Thread is done: Intake 1-5
2026-10-08 19:25:31,179 INFO o.a.j.t.JMeterThread: Thread finished: Intake 1-5
2026-10-08 19:25:35,945 INFO o.a.j.t.JMeterThread: Thread started: Agent search 2-24
2026-10-08 19:25:35,959 INFO o.a.j.t.JMeterThread: Thread is done: Agent search 2-24
2026-10-08 19:25:35,959 INFO o.a.j.t.JMeterThread: Thread finished: Agent search 2-24
2026-10-08 19:25:45,203 INFO o.a.j.t.JMeterThread: Thread started: Agent search 2-25
2026-10-08 19:25:45,221 INFO o.a.j.t.JMeterThread: Thread is done: Agent search 2-25
2026-10-08 19:25:45,222 INFO o.a.j.t.JMeterThread: Thread finished: Agent search 2-25
2026-10-08 19:25:54,262 INFO o.a.j.t.JMeterThread: Thread started: Agent search 2-26
2026-10-08 19:25:54,275 INFO o.a.j.t.JMeterThread: Thread is done: Agent search 2-26
2026-10-08 19:25:54,275 INFO o.a.j.t.JMeterThread: Thread finished: Agent search 2-26
2026-10-08 19:25:55,298 INFO o.a.j.t.JMeterThread: Thread started: Agent search 2-27
2026-10-08 19:25:55,309 INFO o.a.j.t.JMeterThread: Thread is done: Agent search 2-27
2026-10-08 19:25:55,310 INFO o.a.j.t.JMeterThread: Thread finished: Agent search 2-27
2026-10-08 19:26:11,032 INFO o.a.j.t.JMeterThread: Thread started: Agent search 2-28
2026-10-08 19:26:11,047 INFO o.a.j.t.JMeterThread: Thread is done: Agent search 2-28
2026-10-08 19:26:11,048 INFO o.a.j.t.JMeterThread: Thread finished: Agent search 2-28
2026-10-08 19:26:13,674 INFO o.a.j.t.JMeterThread: Thread started: Agent search 2-29
2026-10-08 19:26:13,689 INFO o.a.j.t.JMeterThread: Thread is done: Agent search 2-29
2026-10-08 19:26:13,689 INFO o.a.j.t.JMeterThread: Thread finished: Agent search 2-29
2026-10-08 19:26:24,415 INFO o.a.j.t.JMeterThread: Thread started: Agent search 2-30
2026-10-08 19:26:24,430 INFO o.a.j.t.JMeterThread: Thread is done: Agent search 2-30
2026-10-08 19:26:24,430 INFO o.a.j.t.JMeterThread: Thread finished: Agent search 2-30
2026-10-08 19:26:42,926 INFO o.a.j.t.JMeterThread: Thread started: Agent search 2-31
2026-10-08 19:26:42,944 INFO o.a.j.t.JMeterThread: Thread is done: Agent search 2-31
2026-10-08 19:26:42,944 INFO o.a.j.t.JMeterThread: Thread finished: Agent search 2-31
2026-10-08 19:27:02,084 INFO o.a.j.t.JMeterThread: Thread started: Dashboard 3-8
2026-10-08 19:27:02,101 INFO o.a.j.r.Summariser: summary +      9 in 00:01:31 =    0.1/s Avg:    12 Min:    10 Max:    16 Err:     0 (0.00%) Active: 1 Started: 44 Finished: 43
2026-10-08 19:27:02,103 INFO o.a.j.r.Summariser: summary =     44 in 00:08:06 =    0.1/s Avg:   345 Min:     8 Max:  3999 Err:     0 (0.00%)
2026-10-08 19:27:02,103 INFO o.a.j.t.JMeterThread: Thread is done: Dashboard 3-8
2026-10-08 19:27:02,103 INFO o.a.j.t.JMeterThread: Thread finished: Dashboard 3-8
2026-10-08 19:27:10,546 INFO o.a.j.t.JMeterThread: Thread started: Agent search 2-32
2026-10-08 19:27:10,560 INFO o.a.j.t.JMeterThread: Thread is done: Agent search 2-32
2026-10-08 19:27:10,560 INFO o.a.j.t.JMeterThread: Thread finished: Agent search 2-32
2026-10-08 19:27:13,988 INFO o.a.j.t.JMeterThread: Thread started: Dashboard 3-9
2026-10-08 19:27:14,002 INFO o.a.j.t.JMeterThread: Thread is done: Dashboard 3-9
2026-10-08 19:27:14,002 INFO o.a.j.t.JMeterThread: Thread finished: Dashboard 3-9
2026-10-08 19:27:46,214 INFO o.a.j.t.JMeterThread: Thread started: Dashboard 3-10
2026-10-08 19:27:46,228 INFO o.a.j.t.JMeterThread: Thread is done: Dashboard 3-10
2026-10-08 19:27:46,228 INFO o.a.j.t.JMeterThread: Thread finished: Dashboard 3-10
2026-10-08 19:27:46,642 INFO o.a.j.t.JMeterThread: Thread started: Agent search 2-33
2026-10-08 19:27:46,657 INFO o.a.j.t.JMeterThread: Thread is done: Agent search 2-33
2026-10-08 19:27:46,657 INFO o.a.j.t.JMeterThread: Thread finished: Agent search 2-33
2026-10-08 19:27:48,583 INFO o.a.j.t.JMeterThread: Thread started: Dashboard 3-11
2026-10-08 19:27:48,597 INFO o.a.j.t.JMeterThread: Thread is done: Dashboard 3-11
2026-10-08 19:27:48,597 INFO o.a.j.t.JMeterThread: Thread finished: Dashboard 3-11
2026-10-08 19:28:10,649 INFO o.a.j.t.JMeterThread: Thread started: Agent search 2-34
2026-10-08 19:28:10,666 INFO o.a.j.t.JMeterThread: Thread is done: Agent search 2-34
2026-10-08 19:28:10,666 INFO o.a.j.t.JMeterThread: Thread finished: Agent search 2-34
2026-10-08 19:28:27,731 INFO o.a.j.t.JMeterThread: Thread started: Agent search 2-35
2026-10-08 19:28:27,747 INFO o.a.j.t.JMeterThread: Thread is done: Agent search 2-35
2026-10-08 19:28:27,747 INFO o.a.j.t.JMeterThread: Thread finished: Agent search 2-35
2026-10-08 19:28:29,241 INFO o.a.j.t.JMeterThread: Thread started: Agent search 2-36
2026-10-08 19:28:29,256 INFO o.a.j.t.JMeterThread: Thread is done: Agent search 2-36
2026-10-08 19:28:29,256 INFO o.a.j.t.JMeterThread: Thread finished: Agent search 2-36
2026-10-08 19:28:44,910 INFO o.a.j.t.JMeterThread: Thread started: Intake 1-6
2026-10-08 19:28:47,995 INFO o.a.j.t.JMeterThread: Thread is done: Intake 1-6
2026-10-08 19:28:47,995 INFO o.a.j.t.JMeterThread: Thread finished: Intake 1-6
2026-10-08 19:28:58,668 INFO o.a.j.t.JMeterThread: Thread started: Agent search 2-37
2026-10-08 19:28:58,682 INFO o.a.j.t.JMeterThread: Thread is done: Agent search 2-37
2026-10-08 19:28:58,683 INFO o.a.j.t.JMeterThread: Thread finished: Agent search 2-37
2026-10-08 19:29:40,036 INFO o.a.j.t.JMeterThread: Thread started: Agent search 2-38
2026-10-08 19:29:40,050 INFO o.a.j.t.JMeterThread: Thread is done: Agent search 2-38
2026-10-08 19:29:40,050 INFO o.a.j.t.JMeterThread: Thread finished: Agent search 2-38
2026-10-08 19:29:40,740 INFO o.a.j.t.JMeterThread: Thread started: Agent search 2-39
2026-10-08 19:29:40,756 INFO o.a.j.t.JMeterThread: Thread is done: Agent search 2-39
2026-10-08 19:29:40,756 INFO o.a.j.t.JMeterThread: Thread finished: Agent search 2-39
2026-10-08 19:29:55,513 INFO o.a.j.t.JMeterThread: Thread started: Agent search 2-40
2026-10-08 19:29:55,526 INFO o.a.j.t.JMeterThread: Thread is done: Agent search 2-40
2026-10-08 19:29:55,526 INFO o.a.j.t.JMeterThread: Thread finished: Agent search 2-40
2026-10-08 19:30:34,872 INFO o.a.j.t.JMeterThread: Thread started: Dashboard 3-12
2026-10-08 19:30:34,880 INFO o.a.j.r.Summariser: summary +     14 in 00:03:33 =    0.1/s Avg:   231 Min:     8 Max:  3080 Err:     0 (0.00%) Active: 1 Started: 58 Finished: 57
2026-10-08 19:30:34,881 INFO o.a.j.r.Summariser: summary =     58 in 00:11:38 =    0.1/s Avg:   317 Min:     8 Max:  3999 Err:     0 (0.00%)
2026-10-08 19:30:34,881 INFO o.a.j.t.JMeterThread: Thread is done: Dashboard 3-12
2026-10-08 19:30:34,881 INFO o.a.j.t.JMeterThread: Thread finished: Dashboard 3-12
2026-10-08 19:30:38,386 INFO o.a.j.t.JMeterThread: Thread started: Dashboard 3-13
2026-10-08 19:30:38,402 INFO o.a.j.t.JMeterThread: Thread is done: Dashboard 3-13
2026-10-08 19:30:38,403 INFO o.a.j.t.JMeterThread: Thread finished: Dashboard 3-13
2026-10-08 19:30:46,180 INFO o.a.j.t.JMeterThread: Thread started: Agent search 2-41
2026-10-08 19:30:46,196 INFO o.a.j.t.JMeterThread: Thread is done: Agent search 2-41
2026-10-08 19:30:46,196 INFO o.a.j.t.JMeterThread: Thread finished: Agent search 2-41
2026-10-08 19:30:47,793 INFO o.a.j.t.JMeterThread: Thread started: Agent search 2-42
2026-10-08 19:30:47,807 INFO o.a.j.t.JMeterThread: Thread is done: Agent search 2-42
2026-10-08 19:30:47,807 INFO o.a.j.t.JMeterThread: Thread finished: Agent search 2-42
2026-10-08 19:30:48,185 INFO o.a.j.t.JMeterThread: Thread started: Agent search 2-43
2026-10-08 19:30:48,199 INFO o.a.j.t.JMeterThread: Thread is done: Agent search 2-43
2026-10-08 19:30:48,199 INFO o.a.j.t.JMeterThread: Thread finished: Agent search 2-43
2026-10-08 19:30:54,705 INFO o.a.j.t.JMeterThread: Thread started: Intake 1-7
2026-10-08 19:30:57,363 INFO o.a.j.t.JMeterThread: Thread is done: Intake 1-7
2026-10-08 19:30:57,363 INFO o.a.j.t.JMeterThread: Thread finished: Intake 1-7
2026-10-08 19:31:01,424 INFO o.a.j.t.JMeterThread: Thread started: Agent search 2-44
2026-10-08 19:31:01,441 INFO o.a.j.r.Summariser: summary +      6 in 00:00:27 =    0.2/s Avg:   453 Min:    11 Max:  2655 Err:     0 (0.00%) Active: 1 Started: 64 Finished: 63
2026-10-08 19:31:01,442 INFO o.a.j.r.Summariser: summary =     64 in 00:12:05 =    0.1/s Avg:   330 Min:     8 Max:  3999 Err:     0 (0.00%)
2026-10-08 19:31:01,442 INFO o.a.j.t.JMeterThread: Thread is done: Agent search 2-44
2026-10-08 19:31:01,442 INFO o.a.j.t.JMeterThread: Thread finished: Agent search 2-44
2026-10-08 19:31:16,599 INFO o.a.j.t.JMeterThread: Thread started: Intake 1-8
2026-10-08 19:31:18,762 INFO o.a.j.t.JMeterThread: Thread is done: Intake 1-8
2026-10-08 19:31:18,762 INFO o.a.j.t.JMeterThread: Thread finished: Intake 1-8
2026-10-08 19:31:19,920 INFO o.a.j.t.JMeterThread: Thread started: Agent search 2-45
2026-10-08 19:31:19,935 INFO o.a.j.t.JMeterThread: Thread is done: Agent search 2-45
2026-10-08 19:31:19,936 INFO o.a.j.t.JMeterThread: Thread finished: Agent search 2-45
2026-10-08 19:31:25,641 INFO o.a.j.t.JMeterThread: Thread started: Agent search 2-46
2026-10-08 19:31:25,658 INFO o.a.j.t.JMeterThread: Thread is done: Agent search 2-46
2026-10-08 19:31:25,659 INFO o.a.j.t.JMeterThread: Thread finished: Agent search 2-46
2026-10-08 19:31:58,057 INFO o.a.j.t.JMeterThread: Thread started: Intake 1-9
2026-10-08 19:31:59,526 INFO o.a.j.t.JMeterThread: Thread is done: Intake 1-9
2026-10-08 19:31:59,526 INFO o.a.j.t.JMeterThread: Thread finished: Intake 1-9
2026-10-08 19:32:08,920 INFO o.a.j.t.JMeterThread: Thread started: Agent search 2-47
2026-10-08 19:32:08,939 INFO o.a.j.t.JMeterThread: Thread is done: Agent search 2-47
2026-10-08 19:32:08,939 INFO o.a.j.t.JMeterThread: Thread finished: Agent search 2-47
2026-10-08 19:32:13,500 INFO o.a.j.t.JMeterThread: Thread started: Agent search 2-48
2026-10-08 19:32:13,517 INFO o.a.j.t.JMeterThread: Thread is done: Agent search 2-48
2026-10-08 19:32:13,517 INFO o.a.j.t.JMeterThread: Thread finished: Agent search 2-48
2026-10-08 19:32:24,457 INFO o.a.j.t.JMeterThread: Thread started: Intake 1-10
2026-10-08 19:32:27,120 INFO o.a.j.t.JMeterThread: Thread is done: Intake 1-10
2026-10-08 19:32:27,120 INFO o.a.j.t.JMeterThread: Thread finished: Intake 1-10
2026-10-08 19:32:29,441 INFO o.a.j.t.JMeterThread: Thread started: Agent search 2-49
2026-10-08 19:32:29,456 INFO o.a.j.t.JMeterThread: Thread is done: Agent search 2-49
2026-10-08 19:32:29,456 INFO o.a.j.t.JMeterThread: Thread finished: Agent search 2-49
2026-10-08 19:32:30,278 INFO o.a.j.t.JMeterThread: Thread started: Dashboard 3-14
2026-10-08 19:32:30,286 INFO o.a.j.r.Summariser: summary +      9 in 00:01:29 =    0.1/s Avg:   708 Min:     8 Max:  2661 Err:     0 (0.00%) Active: 1 Started: 73 Finished: 72
2026-10-08 19:32:30,286 INFO o.a.j.r.Summariser: summary =     73 in 00:13:34 =    0.1/s Avg:   376 Min:     8 Max:  3999 Err:     0 (0.00%)
2026-10-08 19:32:30,287 INFO o.a.j.t.JMeterThread: Thread is done: Dashboard 3-14
2026-10-08 19:32:30,287 INFO o.a.j.t.JMeterThread: Thread finished: Dashboard 3-14
2026-10-08 19:33:25,655 INFO o.a.j.t.JMeterThread: Thread started: Agent search 2-50
2026-10-08 19:33:25,669 INFO o.a.j.t.JMeterThread: Thread is done: Agent search 2-50
2026-10-08 19:33:25,669 INFO o.a.j.t.JMeterThread: Thread finished: Agent search 2-50
2026-10-08 19:33:28,534 INFO o.a.j.t.JMeterThread: Thread started: Agent search 2-51
2026-10-08 19:33:28,548 INFO o.a.j.t.JMeterThread: Thread is done: Agent search 2-51
2026-10-08 19:33:28,549 INFO o.a.j.t.JMeterThread: Thread finished: Agent search 2-51
2026-10-08 19:33:36,456 INFO o.a.j.t.JMeterThread: Thread started: Agent search 2-52
2026-10-08 19:33:36,467 INFO o.a.j.t.JMeterThread: Thread is done: Agent search 2-52
2026-10-08 19:33:36,467 INFO o.a.j.t.JMeterThread: Thread finished: Agent search 2-52
2026-10-08 19:33:46,598 INFO o.a.j.t.JMeterThread: Thread started: Intake 1-11
2026-10-08 19:33:50,089 INFO o.a.j.t.JMeterThread: Thread is done: Intake 1-11
2026-10-08 19:33:50,089 INFO o.a.j.t.JMeterThread: Thread finished: Intake 1-11
2026-10-08 19:33:55,788 INFO o.a.j.t.JMeterThread: Thread started: Intake 1-12
2026-10-08 19:33:57,796 INFO o.a.j.t.JMeterThread: Thread started: Dashboard 3-15
2026-10-08 19:33:57,808 INFO o.a.j.t.JMeterThread: Thread is done: Dashboard 3-15
2026-10-08 19:33:57,808 INFO o.a.j.t.JMeterThread: Thread finished: Dashboard 3-15
2026-10-08 19:33:58,382 INFO o.a.j.t.JMeterThread: Thread is done: Intake 1-12
2026-10-08 19:33:58,382 INFO o.a.j.t.JMeterThread: Thread finished: Intake 1-12
2026-10-08 19:34:01,490 INFO o.a.j.t.JMeterThread: Thread started: Agent search 2-53
2026-10-08 19:34:01,504 INFO o.a.j.r.Summariser: summary +      7 in 00:01:31 =    0.1/s Avg:   876 Min:     8 Max:  3490 Err:     0 (0.00%) Active: 1 Started: 80 Finished: 79
2026-10-08 19:34:01,504 INFO o.a.j.r.Summariser: summary =     80 in 00:15:05 =    0.1/s Avg:   420 Min:     8 Max:  3999 Err:     0 (0.00%)
2026-10-08 19:34:01,505 INFO o.a.j.t.JMeterThread: Thread is done: Agent search 2-53
2026-10-08 19:34:01,505 INFO o.a.j.t.JMeterThread: Thread finished: Agent search 2-53
2026-10-08 19:34:21,608 INFO o.a.j.t.JMeterThread: Thread started: Agent search 2-54
2026-10-08 19:34:21,619 INFO o.a.j.t.JMeterThread: Thread is done: Agent search 2-54
2026-10-08 19:34:21,619 INFO o.a.j.t.JMeterThread: Thread finished: Agent search 2-54
2026-10-08 19:34:27,784 INFO o.a.j.t.JMeterThread: Thread started: Agent search 2-55
2026-10-08 19:34:27,799 INFO o.a.j.t.JMeterThread: Thread is done: Agent search 2-55
2026-10-08 19:34:27,799 INFO o.a.j.t.JMeterThread: Thread finished: Agent search 2-55
2026-10-08 19:34:29,528 INFO o.a.j.t.JMeterThread: Thread started: Intake 1-13
2026-10-08 19:34:30,448 INFO o.a.j.t.JMeterThread: Thread started: Dashboard 3-16
2026-10-08 19:34:30,461 INFO o.a.j.r.Summariser: summary +      3 in 00:00:29 =    0.1/s Avg:    11 Min:     9 Max:    13 Err:     0 (0.00%) Active: 2 Started: 84 Finished: 82
2026-10-08 19:34:30,462 INFO o.a.j.r.Summariser: summary =     83 in 00:15:34 =    0.1/s Avg:   405 Min:     8 Max:  3999 Err:     0 (0.00%)
2026-10-08 19:34:30,462 INFO o.a.j.t.JMeterThread: Thread is done: Dashboard 3-16
2026-10-08 19:34:30,464 INFO o.a.j.t.JMeterThread: Thread finished: Dashboard 3-16
2026-10-08 19:34:31,707 INFO o.a.j.t.JMeterThread: Thread is done: Intake 1-13
2026-10-08 19:34:31,708 INFO o.a.j.t.JMeterThread: Thread finished: Intake 1-13
2026-10-08 19:34:37,886 INFO o.a.j.t.JMeterThread: Thread started: Agent search 2-56
2026-10-08 19:34:37,900 INFO o.a.j.t.JMeterThread: Thread is done: Agent search 2-56
2026-10-08 19:34:37,900 INFO o.a.j.t.JMeterThread: Thread finished: Agent search 2-56
2026-10-08 19:34:50,242 INFO o.a.j.t.JMeterThread: Thread started: Agent search 2-57
2026-10-08 19:34:50,258 INFO o.a.j.t.JMeterThread: Thread is done: Agent search 2-57
2026-10-08 19:34:50,259 INFO o.a.j.t.JMeterThread: Thread finished: Agent search 2-57
2026-10-08 19:35:23,565 INFO o.a.j.t.JMeterThread: Thread started: Dashboard 3-17
2026-10-08 19:35:23,579 INFO o.a.j.t.JMeterThread: Thread is done: Dashboard 3-17
2026-10-08 19:35:23,579 INFO o.a.j.t.JMeterThread: Thread finished: Dashboard 3-17
2026-10-08 19:35:36,051 INFO o.a.j.t.JMeterThread: Thread started: Agent search 2-58
2026-10-08 19:35:36,065 INFO o.a.j.t.JMeterThread: Thread is done: Agent search 2-58
2026-10-08 19:35:36,065 INFO o.a.j.t.JMeterThread: Thread finished: Agent search 2-58
2026-10-08 19:35:39,960 INFO o.a.j.t.JMeterThread: Thread started: Agent search 2-59
2026-10-08 19:35:39,972 INFO o.a.j.t.JMeterThread: Thread is done: Agent search 2-59
2026-10-08 19:35:39,973 INFO o.a.j.t.JMeterThread: Thread finished: Agent search 2-59
2026-10-08 19:35:49,493 INFO o.a.j.t.JMeterThread: Thread started: Agent search 2-60
2026-10-08 19:35:49,507 INFO o.a.j.t.JMeterThread: Thread is done: Agent search 2-60
2026-10-08 19:35:49,509 INFO o.a.j.t.JMeterThread: Thread finished: Agent search 2-60
2026-10-08 19:35:56,363 INFO o.a.j.t.JMeterThread: Thread started: Dashboard 3-18
2026-10-08 19:35:56,372 INFO o.a.j.t.JMeterThread: Thread is done: Dashboard 3-18
2026-10-08 19:35:56,373 INFO o.a.j.t.JMeterThread: Thread finished: Dashboard 3-18
2026-10-08 19:35:56,996 INFO o.a.j.t.JMeterThread: Thread started: Agent search 2-61
2026-10-08 19:35:57,008 INFO o.a.j.t.JMeterThread: Thread is done: Agent search 2-61
2026-10-08 19:35:57,008 INFO o.a.j.t.JMeterThread: Thread finished: Agent search 2-61
2026-10-08 19:36:37,005 INFO o.a.j.t.JMeterThread: Thread started: Agent search 2-62
2026-10-08 19:36:37,020 INFO o.a.j.t.JMeterThread: Thread is done: Agent search 2-62
2026-10-08 19:36:37,020 INFO o.a.j.t.JMeterThread: Thread finished: Agent search 2-62
2026-10-08 19:36:38,685 INFO o.a.j.t.JMeterThread: Thread started: Intake 1-14
2026-10-08 19:36:40,272 INFO o.a.j.t.JMeterThread: Thread is done: Intake 1-14
2026-10-08 19:36:40,273 INFO o.a.j.t.JMeterThread: Thread finished: Intake 1-14
2026-10-08 19:36:47,378 INFO o.a.j.t.JMeterThread: Thread started: Agent search 2-63
2026-10-08 19:36:47,392 INFO o.a.j.t.JMeterThread: Thread is done: Agent search 2-63
2026-10-08 19:36:47,392 INFO o.a.j.t.JMeterThread: Thread finished: Agent search 2-63
2026-10-08 19:37:39,471 INFO o.a.j.t.JMeterThread: Thread started: Intake 1-15
2026-10-08 19:37:42,190 INFO o.a.j.t.JMeterThread: Thread is done: Intake 1-15
2026-10-08 19:37:42,190 INFO o.a.j.t.JMeterThread: Thread finished: Intake 1-15
2026-10-08 19:37:48,347 INFO o.a.j.t.JMeterThread: Thread started: Agent search 2-64
2026-10-08 19:37:48,361 INFO o.a.j.t.JMeterThread: Thread is done: Agent search 2-64
2026-10-08 19:37:48,362 INFO o.a.j.t.JMeterThread: Thread finished: Agent search 2-64
2026-10-08 19:37:49,739 INFO o.a.j.t.JMeterThread: Thread started: Agent search 2-65
2026-10-08 19:37:49,756 INFO o.a.j.t.JMeterThread: Thread is done: Agent search 2-65
2026-10-08 19:37:49,756 INFO o.a.j.t.JMeterThread: Thread finished: Agent search 2-65
2026-10-08 19:37:56,001 INFO o.a.j.t.JMeterThread: Thread started: Agent search 2-66
2026-10-08 19:37:56,010 INFO o.a.j.t.JMeterThread: Thread is done: Agent search 2-66
2026-10-08 19:37:56,010 INFO o.a.j.t.JMeterThread: Thread finished: Agent search 2-66
2026-10-08 19:37:57,704 INFO o.a.j.t.JMeterThread: Thread started: Agent search 2-67
2026-10-08 19:37:57,718 INFO o.a.j.t.JMeterThread: Thread is done: Agent search 2-67
2026-10-08 19:37:57,718 INFO o.a.j.t.JMeterThread: Thread finished: Agent search 2-67
2026-10-08 19:38:01,274 INFO o.a.j.t.JMeterThread: Thread started: Agent search 2-68
2026-10-08 19:38:01,289 INFO o.a.j.r.Summariser: summary +     18 in 00:03:31 =    0.1/s Avg:   370 Min:     9 Max:  2717 Err:     0 (0.00%) Active: 1 Started: 101 Finished: 100
2026-10-08 19:38:01,290 INFO o.a.j.r.Summariser: summary =    101 in 00:19:05 =    0.1/s Avg:   399 Min:     8 Max:  3999 Err:     0 (0.00%)
2026-10-08 19:38:01,290 INFO o.a.j.t.JMeterThread: Thread is done: Agent search 2-68
2026-10-08 19:38:01,290 INFO o.a.j.t.JMeterThread: Thread finished: Agent search 2-68
2026-10-08 19:38:03,887 INFO o.a.j.t.JMeterThread: Thread started: Dashboard 3-19
2026-10-08 19:38:03,899 INFO o.a.j.t.JMeterThread: Thread is done: Dashboard 3-19
2026-10-08 19:38:03,899 INFO o.a.j.t.JMeterThread: Thread finished: Dashboard 3-19
2026-10-08 19:38:05,564 INFO o.a.j.t.JMeterThread: Thread started: Intake 1-16
2026-10-08 19:38:05,564 INFO o.a.j.t.o.OpenModelThreadGroup: There will be no more events, so will wait for 50 sec till the end of the schedule
2026-10-08 19:38:09,303 INFO o.a.j.t.JMeterThread: Thread is done: Intake 1-16
2026-10-08 19:38:09,303 INFO o.a.j.t.JMeterThread: Thread finished: Intake 1-16
2026-10-08 19:38:16,622 INFO o.a.j.t.JMeterThread: Thread started: Agent search 2-69
2026-10-08 19:38:16,639 INFO o.a.j.t.JMeterThread: Thread is done: Agent search 2-69
2026-10-08 19:38:16,639 INFO o.a.j.t.JMeterThread: Thread finished: Agent search 2-69
2026-10-08 19:38:23,620 INFO o.a.j.t.JMeterThread: Thread started: Agent search 2-70
2026-10-08 19:38:23,633 INFO o.a.j.t.JMeterThread: Thread is done: Agent search 2-70
2026-10-08 19:38:23,633 INFO o.a.j.t.JMeterThread: Thread finished: Agent search 2-70
2026-10-08 19:38:24,532 INFO o.a.j.t.JMeterThread: Thread started: Agent search 2-71
2026-10-08 19:38:24,533 INFO o.a.j.t.o.OpenModelThreadGroup: There will be no more events, so will wait for 32 sec till the end of the schedule
2026-10-08 19:38:24,545 INFO o.a.j.t.JMeterThread: Thread is done: Agent search 2-71
2026-10-08 19:38:24,545 INFO o.a.j.t.JMeterThread: Thread finished: Agent search 2-71
2026-10-08 19:38:33,749 INFO o.a.j.t.o.OpenModelThreadGroup: There will be no more events, so will wait for 22 sec till the end of the schedule
2026-10-08 19:38:33,749 INFO o.a.j.t.JMeterThread: Thread started: Dashboard 3-20
2026-10-08 19:38:33,763 INFO o.a.j.r.Summariser: summary +      6 in 00:00:32 =    0.2/s Avg:   633 Min:    11 Max:  3738 Err:     0 (0.00%) Active: 1 Started: 107 Finished: 106
2026-10-08 19:38:33,764 INFO o.a.j.r.Summariser: summary =    107 in 00:19:37 =    0.1/s Avg:   412 Min:     8 Max:  3999 Err:     0 (0.00%)
2026-10-08 19:38:33,764 INFO o.a.j.t.JMeterThread: Thread is done: Dashboard 3-20
2026-10-08 19:38:33,764 INFO o.a.j.t.JMeterThread: Thread finished: Dashboard 3-20
2026-10-08 19:38:56,558 INFO o.a.j.t.o.OpenModelThreadGroup: There will be no more events, will shutdown the thread pool
2026-10-08 19:38:56,558 INFO o.a.j.t.o.OpenModelThreadGroup: There will be no more events, will shutdown the thread pool
2026-10-08 19:38:56,558 INFO o.a.j.t.o.OpenModelThreadGroup: There will be no more events, will shutdown the thread pool
2026-10-08 19:38:56,559 INFO o.a.j.t.o.OpenModelThreadGroup: Thread starting done
2026-10-08 19:38:56,559 INFO o.a.j.t.o.OpenModelThreadGroup: Thread starting done
2026-10-08 19:38:56,559 INFO o.a.j.t.o.OpenModelThreadGroup: Thread starting done
2026-10-08 19:38:56,561 INFO o.a.j.e.StandardJMeterEngine: Notifying test listeners of end of test
2026-10-08 19:38:56,562 INFO o.a.j.s.FileServer: Close: search_terms.csv
2026-10-08 19:38:56,562 INFO o.a.j.s.FileServer: Close: narratives.txt
2026-10-08 19:38:56,563 INFO o.a.j.r.Summariser: summary =    107 in 00:20:00 =    0.1/s Avg:   412 Min:     8 Max:  3999 Err:     0 (0.00%)
