2026-10-08 16:47:50,600 INFO o.a.j.u.JMeterUtils: Setting Locale to en_EN
2026-10-08 16:47:50,612 INFO o.a.j.JMeter: Loading user properties from: C:\apache-jmeter-5.6.3\bin\user.properties
2026-10-08 16:47:50,612 INFO o.a.j.JMeter: Loading system properties from: C:\apache-jmeter-5.6.3\bin\system.properties
2026-10-08 16:47:50,612 INFO o.a.j.JMeter: Setting JMeter property: host=192.168.50.104
2026-10-08 16:47:50,612 INFO o.a.j.JMeter: Setting JMeter property: ticket_rate=50
2026-10-08 16:47:50,612 INFO o.a.j.JMeter: Setting JMeter property: search_rate=214
2026-10-08 16:47:50,612 INFO o.a.j.JMeter: Setting JMeter property: stats_rate=60
2026-10-08 16:47:50,612 INFO o.a.j.JMeter: Setting JMeter property: duration=20
2026-10-08 16:47:50,612 INFO o.a.j.JMeter: Setting JMeter property: run_id=gemma3_4b-50-r2
2026-10-08 16:47:50,612 INFO o.a.j.JMeter: Setting JMeter property: jmeter.save.saveservice.output_format=csv
2026-10-08 16:47:50,617 INFO o.a.j.JMeter: Copyright (c) 1998-2024 The Apache Software Foundation
2026-10-08 16:47:50,617 INFO o.a.j.JMeter: Version 5.6.3
2026-10-08 16:47:50,617 INFO o.a.j.JMeter: java.version=17
2026-10-08 16:47:50,617 INFO o.a.j.JMeter: java.vm.name=Java HotSpot(TM) 64-Bit Server VM
2026-10-08 16:47:50,617 INFO o.a.j.JMeter: os.name=Windows 10
2026-10-08 16:47:50,617 INFO o.a.j.JMeter: os.arch=amd64
2026-10-08 16:47:50,617 INFO o.a.j.JMeter: os.version=10.0
2026-10-08 16:47:50,617 INFO o.a.j.JMeter: file.encoding=Cp1252
2026-10-08 16:47:50,617 INFO o.a.j.JMeter: java.awt.headless=true
2026-10-08 16:47:50,617 INFO o.a.j.JMeter: Max memory     =1073741824
2026-10-08 16:47:50,617 INFO o.a.j.JMeter: Available Processors =20
2026-10-08 16:47:50,622 INFO o.a.j.JMeter: Default Locale=English (EN)
2026-10-08 16:47:50,622 INFO o.a.j.JMeter: JMeter  Locale=English (EN)
2026-10-08 16:47:50,622 INFO o.a.j.JMeter: JMeterHome=C:\apache-jmeter-5.6.3
2026-10-08 16:47:50,622 INFO o.a.j.JMeter: user.dir  =C:\Users\Ashley\Documents\GitHub\ICT3113_P2-3
2026-10-08 16:47:50,623 INFO o.a.j.JMeter: PWD       =C:\Users\Ashley\Documents\GitHub\ICT3113_P2-3
2026-10-08 16:47:50,623 INFO o.a.j.JMeter: IP: 192.168.50.172 Name: DESKTOP-FE7GKLN FullName: DESKTOP-FE7GKLN
2026-10-08 16:47:50,630 INFO o.a.j.s.FileServer: Default base='C:\Users\Ashley\Documents\GitHub\ICT3113_P2-3'
2026-10-08 16:47:50,631 INFO o.a.j.s.FileServer: Set new base='C:\Users\Ashley\Documents\GitHub\ICT3113_P2-3\jmeter'
2026-10-08 16:47:50,705 INFO o.a.j.s.SaveService: Testplan (JMX) version: 2.2. Testlog (JTL) version: 2.2
2026-10-08 16:47:50,716 INFO o.a.j.s.SaveService: Using SaveService properties version 5.0
2026-10-08 16:47:50,718 INFO o.a.j.s.SaveService: Using SaveService properties file encoding UTF-8
2026-10-08 16:47:50,720 INFO o.a.j.s.SaveService: Loading file: C:\Users\Ashley\Documents\GitHub\ICT3113_P2-3\jmeter\load_test.jmx
2026-10-08 16:47:50,748 INFO o.a.j.p.h.s.HTTPSamplerBase: Parser for text/html is org.apache.jmeter.protocol.http.parser.LagartoBasedHtmlParser
2026-10-08 16:47:50,748 INFO o.a.j.p.h.s.HTTPSamplerBase: Parser for application/xhtml+xml is org.apache.jmeter.protocol.http.parser.LagartoBasedHtmlParser
2026-10-08 16:47:50,748 INFO o.a.j.p.h.s.HTTPSamplerBase: Parser for application/xml is org.apache.jmeter.protocol.http.parser.LagartoBasedHtmlParser
2026-10-08 16:47:50,748 INFO o.a.j.p.h.s.HTTPSamplerBase: Parser for text/xml is org.apache.jmeter.protocol.http.parser.LagartoBasedHtmlParser
2026-10-08 16:47:50,748 INFO o.a.j.p.h.s.HTTPSamplerBase: Parser for text/vnd.wap.wml is org.apache.jmeter.protocol.http.parser.RegexpHTMLParser
2026-10-08 16:47:50,748 INFO o.a.j.p.h.s.HTTPSamplerBase: Parser for text/css is org.apache.jmeter.protocol.http.parser.CssParser
2026-10-08 16:47:50,757 INFO o.a.j.JMeter: Creating summariser <summary>
2026-10-08 16:47:50,766 INFO o.a.j.e.StandardJMeterEngine: Running the test!
2026-10-08 16:47:50,766 INFO o.a.j.s.SampleEvent: List of sample_variables: []
2026-10-08 16:47:50,766 INFO o.a.j.s.SampleEvent: List of sample_variables: []
2026-10-08 16:47:50,768 INFO o.a.j.e.u.CompoundVariable: Note: Function class names must contain the string: '.functions.'
2026-10-08 16:47:50,768 INFO o.a.j.e.u.CompoundVariable: Note: Function class names must not contain the string: '.gui.'
2026-10-08 16:47:50,805 INFO o.a.j.JMeter: Running test (1791449270805)
2026-10-08 16:47:50,812 INFO o.a.j.e.StandardJMeterEngine: Starting ThreadGroup: 1 : Intake
2026-10-08 16:47:50,812 INFO o.a.j.e.StandardJMeterEngine: Starting 0 threads for group Intake.
2026-10-08 16:47:50,812 INFO o.a.j.e.StandardJMeterEngine: Thread will continue on error
2026-10-08 16:47:50,812 INFO o.a.j.t.o.OpenModelThreadGroup: Starting OpenModelThreadGroup#1 with schedule rate(50/hour) random_arrivals(20 min)
2026-10-08 16:47:50,828 INFO o.a.j.e.StandardJMeterEngine: Starting ThreadGroup: 2 : Agent search
2026-10-08 16:47:50,828 INFO o.a.j.e.StandardJMeterEngine: Starting 0 threads for group Agent search.
2026-10-08 16:47:50,828 INFO o.a.j.e.StandardJMeterEngine: Thread will continue on error
2026-10-08 16:47:50,828 INFO o.a.j.t.o.OpenModelThreadGroup: Starting OpenModelThreadGroup#2 with schedule rate(214/hour) random_arrivals(20 min)
2026-10-08 16:47:50,828 INFO o.a.j.t.o.OpenModelThreadGroup: Thread starting init
2026-10-08 16:47:50,829 INFO o.a.j.e.StandardJMeterEngine: Starting ThreadGroup: 3 : Dashboard
2026-10-08 16:47:50,829 INFO o.a.j.e.StandardJMeterEngine: Starting 0 threads for group Dashboard.
2026-10-08 16:47:50,829 INFO o.a.j.e.StandardJMeterEngine: Thread will continue on error
2026-10-08 16:47:50,829 INFO o.a.j.t.o.OpenModelThreadGroup: Starting OpenModelThreadGroup#3 with schedule rate(60/hour) random_arrivals(20 min)
2026-10-08 16:47:50,829 INFO o.a.j.t.o.OpenModelThreadGroup: Thread starting init
2026-10-08 16:47:50,829 INFO o.a.j.e.StandardJMeterEngine: All thread groups have been started
2026-10-08 16:47:50,829 INFO o.a.j.t.o.OpenModelThreadGroup: Thread starting init
2026-10-08 16:47:50,833 INFO o.a.j.t.o.PoissonArrivalsRamp: Generating 16 events, beginRate = 0.013888888888888888 / sec, endRate = 0.013888888888888888 / sec, duration = 1200.0 sec
2026-10-08 16:47:50,833 INFO o.a.j.t.o.PoissonArrivalsRamp: Generating 71 events, beginRate = 0.059444444444444446 / sec, endRate = 0.059444444444444446 / sec, duration = 1200.0 sec
2026-10-08 16:47:50,833 INFO o.a.j.t.o.PoissonArrivalsRamp: Generating 20 events, beginRate = 0.016666666666666666 / sec, endRate = 0.016666666666666666 / sec, duration = 1200.0 sec
2026-10-08 16:47:54,691 INFO o.a.j.t.JMeterThread: Thread started: Agent search 2-1
2026-10-08 16:47:54,692 INFO o.a.j.s.FileServer: Stored: search_terms.csv
2026-10-08 16:47:54,703 INFO o.a.j.p.h.s.HTTPHCAbstractImpl: Local host = DESKTOP-FE7GKLN
2026-10-08 16:47:54,705 INFO o.a.j.p.h.s.HTTPHC4Impl: HTTP request retry count = 0
2026-10-08 16:47:54,706 INFO o.a.j.s.SampleResult: Note: Sample TimeStamps are START times
2026-10-08 16:47:54,706 INFO o.a.j.s.SampleResult: sampleresult.default.encoding is set to UTF-8
2026-10-08 16:47:54,706 INFO o.a.j.s.SampleResult: sampleresult.useNanoTime=true
2026-10-08 16:47:54,706 INFO o.a.j.s.SampleResult: sampleresult.nanoThreadSleep=5000
2026-10-08 16:47:54,759 INFO o.a.j.t.JMeterThread: Thread is done: Agent search 2-1
2026-10-08 16:47:54,759 INFO o.a.j.t.JMeterThread: Thread finished: Agent search 2-1
2026-10-08 16:48:18,397 INFO o.a.j.t.JMeterThread: Thread started: Agent search 2-2
2026-10-08 16:48:18,413 INFO o.a.j.t.JMeterThread: Thread is done: Agent search 2-2
2026-10-08 16:48:18,413 INFO o.a.j.t.JMeterThread: Thread finished: Agent search 2-2
2026-10-08 16:48:33,668 INFO o.a.j.t.JMeterThread: Thread started: Agent search 2-3
2026-10-08 16:48:33,687 INFO o.a.j.r.Summariser: summary +      3 in 00:00:43 =    0.1/s Avg:    15 Min:    11 Max:    21 Err:     0 (0.00%) Active: 1 Started: 3 Finished: 2
2026-10-08 16:48:33,688 INFO o.a.j.t.JMeterThread: Thread is done: Agent search 2-3
2026-10-08 16:48:33,688 INFO o.a.j.t.JMeterThread: Thread finished: Agent search 2-3
2026-10-08 16:48:37,015 INFO o.a.j.t.JMeterThread: Thread started: Agent search 2-4
2026-10-08 16:48:37,028 INFO o.a.j.t.JMeterThread: Thread is done: Agent search 2-4
2026-10-08 16:48:37,029 INFO o.a.j.t.JMeterThread: Thread finished: Agent search 2-4
2026-10-08 16:48:41,328 INFO o.a.j.t.JMeterThread: Thread started: Agent search 2-5
2026-10-08 16:48:41,341 INFO o.a.j.t.JMeterThread: Thread is done: Agent search 2-5
2026-10-08 16:48:41,341 INFO o.a.j.t.JMeterThread: Thread finished: Agent search 2-5
2026-10-08 16:48:52,986 INFO o.a.j.t.JMeterThread: Thread started: Agent search 2-6
2026-10-08 16:48:53,002 INFO o.a.j.t.JMeterThread: Thread is done: Agent search 2-6
2026-10-08 16:48:53,002 INFO o.a.j.t.JMeterThread: Thread finished: Agent search 2-6
2026-10-08 16:49:06,252 INFO o.a.j.t.JMeterThread: Thread started: Intake 1-1
2026-10-08 16:49:06,253 INFO o.a.j.s.FileServer: Stored: narratives.txt
2026-10-08 16:49:06,364 INFO o.a.j.t.JMeterThread: Thread started: Agent search 2-7
2026-10-08 16:49:06,375 INFO o.a.j.t.JMeterThread: Thread is done: Agent search 2-7
2026-10-08 16:49:06,375 INFO o.a.j.t.JMeterThread: Thread finished: Agent search 2-7
2026-10-08 16:49:06,862 INFO o.a.j.t.JMeterThread: Thread is done: Intake 1-1
2026-10-08 16:49:06,863 INFO o.a.j.t.JMeterThread: Thread finished: Intake 1-1
2026-10-08 16:49:21,677 INFO o.a.j.t.JMeterThread: Thread started: Agent search 2-8
2026-10-08 16:49:21,697 INFO o.a.j.t.JMeterThread: Thread is done: Agent search 2-8
2026-10-08 16:49:21,698 INFO o.a.j.t.JMeterThread: Thread finished: Agent search 2-8
2026-10-08 16:49:23,046 INFO o.a.j.t.JMeterThread: Thread started: Dashboard 3-1
2026-10-08 16:49:23,056 INFO o.a.j.t.JMeterThread: Thread is done: Dashboard 3-1
2026-10-08 16:49:23,056 INFO o.a.j.t.JMeterThread: Thread finished: Dashboard 3-1
2026-10-08 16:49:30,007 INFO o.a.j.t.JMeterThread: Thread started: Agent search 2-9
2026-10-08 16:49:30,021 INFO o.a.j.r.Summariser: summary +      8 in 00:00:56 =    0.1/s Avg:    85 Min:     9 Max:   605 Err:     0 (0.00%) Active: 1 Started: 11 Finished: 10
2026-10-08 16:49:30,021 INFO o.a.j.r.Summariser: summary =     11 in 00:01:39 =    0.1/s Avg:    66 Min:     9 Max:   605 Err:     0 (0.00%)
2026-10-08 16:49:30,021 INFO o.a.j.t.JMeterThread: Thread is done: Agent search 2-9
2026-10-08 16:49:30,021 INFO o.a.j.t.JMeterThread: Thread finished: Agent search 2-9
2026-10-08 16:49:52,862 INFO o.a.j.t.JMeterThread: Thread started: Dashboard 3-2
2026-10-08 16:49:52,878 INFO o.a.j.t.JMeterThread: Thread is done: Dashboard 3-2
2026-10-08 16:49:52,878 INFO o.a.j.t.JMeterThread: Thread finished: Dashboard 3-2
2026-10-08 16:50:02,303 INFO o.a.j.t.JMeterThread: Thread started: Intake 1-2
2026-10-08 16:50:03,884 INFO o.a.j.r.Summariser: summary +      2 in 00:00:34 =    0.1/s Avg:   795 Min:    14 Max:  1577 Err:     0 (0.00%) Active: 1 Started: 13 Finished: 12
2026-10-08 16:50:03,884 INFO o.a.j.r.Summariser: summary =     13 in 00:02:13 =    0.1/s Avg:   178 Min:     9 Max:  1577 Err:     0 (0.00%)
2026-10-08 16:50:03,885 INFO o.a.j.t.JMeterThread: Thread is done: Intake 1-2
2026-10-08 16:50:03,885 INFO o.a.j.t.JMeterThread: Thread finished: Intake 1-2
2026-10-08 16:50:06,628 INFO o.a.j.t.JMeterThread: Thread started: Dashboard 3-3
2026-10-08 16:50:06,641 INFO o.a.j.t.JMeterThread: Thread is done: Dashboard 3-3
2026-10-08 16:50:06,641 INFO o.a.j.t.JMeterThread: Thread finished: Dashboard 3-3
2026-10-08 16:50:09,069 INFO o.a.j.t.JMeterThread: Thread started: Agent search 2-10
2026-10-08 16:50:09,083 INFO o.a.j.t.JMeterThread: Thread is done: Agent search 2-10
2026-10-08 16:50:09,083 INFO o.a.j.t.JMeterThread: Thread finished: Agent search 2-10
2026-10-08 16:50:45,318 INFO o.a.j.t.JMeterThread: Thread started: Agent search 2-11
2026-10-08 16:50:45,335 INFO o.a.j.t.JMeterThread: Thread is done: Agent search 2-11
2026-10-08 16:50:45,335 INFO o.a.j.t.JMeterThread: Thread finished: Agent search 2-11
2026-10-08 16:51:08,059 INFO o.a.j.t.JMeterThread: Thread started: Dashboard 3-4
2026-10-08 16:51:08,076 INFO o.a.j.t.JMeterThread: Thread is done: Dashboard 3-4
2026-10-08 16:51:08,076 INFO o.a.j.t.JMeterThread: Thread finished: Dashboard 3-4
2026-10-08 16:51:18,369 INFO o.a.j.t.JMeterThread: Thread started: Agent search 2-12
2026-10-08 16:51:18,384 INFO o.a.j.t.JMeterThread: Thread is done: Agent search 2-12
2026-10-08 16:51:18,384 INFO o.a.j.t.JMeterThread: Thread finished: Agent search 2-12
2026-10-08 16:51:19,849 INFO o.a.j.t.JMeterThread: Thread started: Agent search 2-13
2026-10-08 16:51:19,863 INFO o.a.j.t.JMeterThread: Thread is done: Agent search 2-13
2026-10-08 16:51:19,863 INFO o.a.j.t.JMeterThread: Thread finished: Agent search 2-13
2026-10-08 16:51:50,487 INFO o.a.j.t.JMeterThread: Thread started: Agent search 2-14
2026-10-08 16:51:50,501 INFO o.a.j.t.JMeterThread: Thread is done: Agent search 2-14
2026-10-08 16:51:50,501 INFO o.a.j.t.JMeterThread: Thread finished: Agent search 2-14
2026-10-08 16:52:01,936 INFO o.a.j.t.JMeterThread: Thread started: Agent search 2-15
2026-10-08 16:52:01,949 INFO o.a.j.r.Summariser: summary +      8 in 00:01:58 =    0.1/s Avg:    12 Min:    10 Max:    15 Err:     0 (0.00%) Active: 1 Started: 21 Finished: 20
2026-10-08 16:52:01,950 INFO o.a.j.r.Summariser: summary =     21 in 00:04:11 =    0.1/s Avg:   115 Min:     9 Max:  1577 Err:     0 (0.00%)
2026-10-08 16:52:01,951 INFO o.a.j.t.JMeterThread: Thread is done: Agent search 2-15
2026-10-08 16:52:01,951 INFO o.a.j.t.JMeterThread: Thread finished: Agent search 2-15
2026-10-08 16:52:03,411 INFO o.a.j.t.JMeterThread: Thread started: Agent search 2-16
2026-10-08 16:52:03,425 INFO o.a.j.t.JMeterThread: Thread is done: Agent search 2-16
2026-10-08 16:52:03,425 INFO o.a.j.t.JMeterThread: Thread finished: Agent search 2-16
2026-10-08 16:52:22,648 INFO o.a.j.t.JMeterThread: Thread started: Agent search 2-17
2026-10-08 16:52:22,658 INFO o.a.j.t.JMeterThread: Thread is done: Agent search 2-17
2026-10-08 16:52:22,658 INFO o.a.j.t.JMeterThread: Thread finished: Agent search 2-17
2026-10-08 16:52:27,619 INFO o.a.j.t.JMeterThread: Thread started: Agent search 2-18
2026-10-08 16:52:27,633 INFO o.a.j.t.JMeterThread: Thread is done: Agent search 2-18
2026-10-08 16:52:27,633 INFO o.a.j.t.JMeterThread: Thread finished: Agent search 2-18
2026-10-08 16:52:29,191 INFO o.a.j.t.JMeterThread: Thread started: Intake 1-3
2026-10-08 16:52:31,668 INFO o.a.j.r.Summariser: summary +      4 in 00:00:30 =    0.1/s Avg:   626 Min:     9 Max:  2474 Err:     0 (0.00%) Active: 1 Started: 25 Finished: 24
2026-10-08 16:52:31,669 INFO o.a.j.r.Summariser: summary =     25 in 00:04:41 =    0.1/s Avg:   197 Min:     9 Max:  2474 Err:     0 (0.00%)
2026-10-08 16:52:31,670 INFO o.a.j.t.JMeterThread: Thread is done: Intake 1-3
2026-10-08 16:52:31,670 INFO o.a.j.t.JMeterThread: Thread finished: Intake 1-3
2026-10-08 16:52:32,389 INFO o.a.j.t.JMeterThread: Thread started: Agent search 2-19
2026-10-08 16:52:32,402 INFO o.a.j.t.JMeterThread: Thread is done: Agent search 2-19
2026-10-08 16:52:32,402 INFO o.a.j.t.JMeterThread: Thread finished: Agent search 2-19
2026-10-08 16:52:34,277 INFO o.a.j.t.JMeterThread: Thread started: Intake 1-4
2026-10-08 16:52:35,822 INFO o.a.j.t.JMeterThread: Thread is done: Intake 1-4
2026-10-08 16:52:35,822 INFO o.a.j.t.JMeterThread: Thread finished: Intake 1-4
2026-10-08 16:53:13,755 INFO o.a.j.t.JMeterThread: Thread started: Agent search 2-20
2026-10-08 16:53:13,765 INFO o.a.j.t.JMeterThread: Thread is done: Agent search 2-20
2026-10-08 16:53:13,765 INFO o.a.j.t.JMeterThread: Thread finished: Agent search 2-20
2026-10-08 16:53:21,361 INFO o.a.j.t.JMeterThread: Thread started: Dashboard 3-5
2026-10-08 16:53:21,375 INFO o.a.j.t.JMeterThread: Thread is done: Dashboard 3-5
2026-10-08 16:53:21,375 INFO o.a.j.t.JMeterThread: Thread finished: Dashboard 3-5
2026-10-08 16:53:31,095 INFO o.a.j.t.JMeterThread: Thread started: Agent search 2-21
2026-10-08 16:53:31,114 INFO o.a.j.r.Summariser: summary +      5 in 00:00:59 =    0.1/s Avg:   316 Min:     9 Max:  1542 Err:     0 (0.00%) Active: 1 Started: 30 Finished: 29
2026-10-08 16:53:31,115 INFO o.a.j.r.Summariser: summary =     30 in 00:05:40 =    0.1/s Avg:   217 Min:     9 Max:  2474 Err:     0 (0.00%)
2026-10-08 16:53:31,116 INFO o.a.j.t.JMeterThread: Thread is done: Agent search 2-21
2026-10-08 16:53:31,116 INFO o.a.j.t.JMeterThread: Thread finished: Agent search 2-21
2026-10-08 16:53:33,946 INFO o.a.j.t.JMeterThread: Thread started: Intake 1-5
2026-10-08 16:53:36,212 INFO o.a.j.t.JMeterThread: Thread is done: Intake 1-5
2026-10-08 16:53:36,212 INFO o.a.j.t.JMeterThread: Thread finished: Intake 1-5
2026-10-08 16:53:52,531 INFO o.a.j.t.JMeterThread: Thread started: Dashboard 3-6
2026-10-08 16:53:52,544 INFO o.a.j.t.JMeterThread: Thread is done: Dashboard 3-6
2026-10-08 16:53:52,544 INFO o.a.j.t.JMeterThread: Thread finished: Dashboard 3-6
2026-10-08 16:53:54,176 INFO o.a.j.t.JMeterThread: Thread started: Agent search 2-22
2026-10-08 16:53:54,192 INFO o.a.j.t.JMeterThread: Thread is done: Agent search 2-22
2026-10-08 16:53:54,192 INFO o.a.j.t.JMeterThread: Thread finished: Agent search 2-22
2026-10-08 16:54:04,422 INFO o.a.j.t.JMeterThread: Thread started: Agent search 2-23
2026-10-08 16:54:04,438 INFO o.a.j.r.Summariser: summary +      4 in 00:00:33 =    0.1/s Avg:   575 Min:    11 Max:  2264 Err:     0 (0.00%) Active: 1 Started: 34 Finished: 33
2026-10-08 16:54:04,439 INFO o.a.j.r.Summariser: summary =     34 in 00:06:14 =    0.1/s Avg:   259 Min:     9 Max:  2474 Err:     0 (0.00%)
2026-10-08 16:54:04,439 INFO o.a.j.t.JMeterThread: Thread is done: Agent search 2-23
2026-10-08 16:54:04,440 INFO o.a.j.t.JMeterThread: Thread finished: Agent search 2-23
2026-10-08 16:54:07,691 INFO o.a.j.t.JMeterThread: Thread started: Agent search 2-24
2026-10-08 16:54:07,706 INFO o.a.j.t.JMeterThread: Thread is done: Agent search 2-24
2026-10-08 16:54:07,706 INFO o.a.j.t.JMeterThread: Thread finished: Agent search 2-24
2026-10-08 16:54:27,468 INFO o.a.j.t.JMeterThread: Thread started: Agent search 2-25
2026-10-08 16:54:27,481 INFO o.a.j.t.JMeterThread: Thread is done: Agent search 2-25
2026-10-08 16:54:27,482 INFO o.a.j.t.JMeterThread: Thread finished: Agent search 2-25
2026-10-08 16:54:29,734 INFO o.a.j.t.JMeterThread: Thread started: Agent search 2-26
2026-10-08 16:54:29,749 INFO o.a.j.t.JMeterThread: Thread is done: Agent search 2-26
2026-10-08 16:54:29,749 INFO o.a.j.t.JMeterThread: Thread finished: Agent search 2-26
2026-10-08 16:54:43,115 INFO o.a.j.t.JMeterThread: Thread started: Dashboard 3-7
2026-10-08 16:54:43,131 INFO o.a.j.t.JMeterThread: Thread is done: Dashboard 3-7
2026-10-08 16:54:43,131 INFO o.a.j.t.JMeterThread: Thread finished: Dashboard 3-7
2026-10-08 16:55:08,845 INFO o.a.j.t.JMeterThread: Thread started: Agent search 2-27
2026-10-08 16:55:08,861 INFO o.a.j.t.JMeterThread: Thread is done: Agent search 2-27
2026-10-08 16:55:08,861 INFO o.a.j.t.JMeterThread: Thread finished: Agent search 2-27
2026-10-08 16:55:10,014 INFO o.a.j.t.JMeterThread: Thread started: Agent search 2-28
2026-10-08 16:55:10,029 INFO o.a.j.t.JMeterThread: Thread is done: Agent search 2-28
2026-10-08 16:55:10,029 INFO o.a.j.t.JMeterThread: Thread finished: Agent search 2-28
2026-10-08 16:56:16,782 INFO o.a.j.t.JMeterThread: Thread started: Intake 1-6
2026-10-08 16:56:17,355 INFO o.a.j.t.JMeterThread: Thread is done: Intake 1-6
2026-10-08 16:56:17,355 INFO o.a.j.t.JMeterThread: Thread finished: Intake 1-6
2026-10-08 16:56:43,885 INFO o.a.j.t.JMeterThread: Thread started: Agent search 2-29
2026-10-08 16:56:43,904 INFO o.a.j.t.JMeterThread: Thread is done: Agent search 2-29
2026-10-08 16:56:43,904 INFO o.a.j.t.JMeterThread: Thread finished: Agent search 2-29
2026-10-08 16:56:54,223 INFO o.a.j.t.JMeterThread: Thread started: Intake 1-7
2026-10-08 16:56:54,851 INFO o.a.j.t.JMeterThread: Thread is done: Intake 1-7
2026-10-08 16:56:54,852 INFO o.a.j.t.JMeterThread: Thread finished: Intake 1-7
2026-10-08 16:56:56,748 INFO o.a.j.t.JMeterThread: Thread started: Agent search 2-30
2026-10-08 16:56:56,764 INFO o.a.j.t.JMeterThread: Thread is done: Agent search 2-30
2026-10-08 16:56:56,764 INFO o.a.j.t.JMeterThread: Thread finished: Agent search 2-30
2026-10-08 16:57:11,175 INFO o.a.j.t.JMeterThread: Thread started: Agent search 2-31
2026-10-08 16:57:11,190 INFO o.a.j.t.JMeterThread: Thread is done: Agent search 2-31
2026-10-08 16:57:11,190 INFO o.a.j.t.JMeterThread: Thread finished: Agent search 2-31
2026-10-08 16:57:14,206 INFO o.a.j.t.JMeterThread: Thread started: Agent search 2-32
2026-10-08 16:57:14,219 INFO o.a.j.t.JMeterThread: Thread is done: Agent search 2-32
2026-10-08 16:57:14,219 INFO o.a.j.t.JMeterThread: Thread finished: Agent search 2-32
2026-10-08 16:57:32,665 INFO o.a.j.t.JMeterThread: Thread started: Agent search 2-33
2026-10-08 16:57:32,682 INFO o.a.j.r.Summariser: summary +     13 in 00:03:28 =    0.1/s Avg:   102 Min:    10 Max:   624 Err:     0 (0.00%) Active: 1 Started: 47 Finished: 46
2026-10-08 16:57:32,683 INFO o.a.j.r.Summariser: summary =     47 in 00:09:42 =    0.1/s Avg:   215 Min:     9 Max:  2474 Err:     0 (0.00%)
2026-10-08 16:57:32,684 INFO o.a.j.t.JMeterThread: Thread is done: Agent search 2-33
2026-10-08 16:57:32,684 INFO o.a.j.t.JMeterThread: Thread finished: Agent search 2-33
2026-10-08 16:57:33,180 INFO o.a.j.t.JMeterThread: Thread started: Dashboard 3-8
2026-10-08 16:57:33,191 INFO o.a.j.t.JMeterThread: Thread is done: Dashboard 3-8
2026-10-08 16:57:33,191 INFO o.a.j.t.JMeterThread: Thread finished: Dashboard 3-8
2026-10-08 16:57:41,810 INFO o.a.j.t.JMeterThread: Thread started: Agent search 2-34
2026-10-08 16:57:41,822 INFO o.a.j.t.JMeterThread: Thread is done: Agent search 2-34
2026-10-08 16:57:41,822 INFO o.a.j.t.JMeterThread: Thread finished: Agent search 2-34
2026-10-08 16:57:43,288 INFO o.a.j.t.JMeterThread: Thread started: Agent search 2-35
2026-10-08 16:57:43,301 INFO o.a.j.t.JMeterThread: Thread is done: Agent search 2-35
2026-10-08 16:57:43,301 INFO o.a.j.t.JMeterThread: Thread finished: Agent search 2-35
2026-10-08 16:57:52,135 INFO o.a.j.t.JMeterThread: Thread started: Dashboard 3-9
2026-10-08 16:57:52,143 INFO o.a.j.t.JMeterThread: Thread is done: Dashboard 3-9
2026-10-08 16:57:52,143 INFO o.a.j.t.JMeterThread: Thread finished: Dashboard 3-9
2026-10-08 16:58:06,123 INFO o.a.j.t.JMeterThread: Thread started: Agent search 2-36
2026-10-08 16:58:06,138 INFO o.a.j.t.JMeterThread: Thread is done: Agent search 2-36
2026-10-08 16:58:06,138 INFO o.a.j.t.JMeterThread: Thread finished: Agent search 2-36
2026-10-08 16:58:17,151 INFO o.a.j.t.JMeterThread: Thread started: Agent search 2-37
2026-10-08 16:58:17,164 INFO o.a.j.t.JMeterThread: Thread is done: Agent search 2-37
2026-10-08 16:58:17,164 INFO o.a.j.t.JMeterThread: Thread finished: Agent search 2-37
2026-10-08 16:58:35,213 INFO o.a.j.t.JMeterThread: Thread started: Intake 1-8
2026-10-08 16:58:37,003 INFO o.a.j.t.JMeterThread: Thread is done: Intake 1-8
2026-10-08 16:58:37,003 INFO o.a.j.t.JMeterThread: Thread finished: Intake 1-8
2026-10-08 16:58:37,654 INFO o.a.j.t.JMeterThread: Thread started: Agent search 2-38
2026-10-08 16:58:37,666 INFO o.a.j.t.JMeterThread: Thread is done: Agent search 2-38
2026-10-08 16:58:37,667 INFO o.a.j.t.JMeterThread: Thread finished: Agent search 2-38
2026-10-08 16:58:45,218 INFO o.a.j.t.JMeterThread: Thread started: Intake 1-9
2026-10-08 16:58:46,552 INFO o.a.j.t.JMeterThread: Thread is done: Intake 1-9
2026-10-08 16:58:46,552 INFO o.a.j.t.JMeterThread: Thread finished: Intake 1-9
2026-10-08 16:59:02,561 INFO o.a.j.t.JMeterThread: Thread started: Agent search 2-39
2026-10-08 16:59:02,573 INFO o.a.j.r.Summariser: summary +     10 in 00:01:30 =    0.1/s Avg:   320 Min:     7 Max:  1787 Err:     0 (0.00%) Active: 1 Started: 57 Finished: 56
2026-10-08 16:59:02,574 INFO o.a.j.r.Summariser: summary =     57 in 00:11:12 =    0.1/s Avg:   234 Min:     7 Max:  2474 Err:     0 (0.00%)
2026-10-08 16:59:02,574 INFO o.a.j.t.JMeterThread: Thread is done: Agent search 2-39
2026-10-08 16:59:02,574 INFO o.a.j.t.JMeterThread: Thread finished: Agent search 2-39
2026-10-08 16:59:16,193 INFO o.a.j.t.JMeterThread: Thread started: Agent search 2-40
2026-10-08 16:59:16,208 INFO o.a.j.t.JMeterThread: Thread is done: Agent search 2-40
2026-10-08 16:59:16,208 INFO o.a.j.t.JMeterThread: Thread finished: Agent search 2-40
2026-10-08 16:59:30,841 INFO o.a.j.t.JMeterThread: Thread started: Agent search 2-41
2026-10-08 16:59:30,855 INFO o.a.j.r.Summariser: summary +      2 in 00:00:28 =    0.1/s Avg:    11 Min:    10 Max:    12 Err:     0 (0.00%) Active: 1 Started: 59 Finished: 58
2026-10-08 16:59:30,855 INFO o.a.j.r.Summariser: summary =     59 in 00:11:40 =    0.1/s Avg:   226 Min:     7 Max:  2474 Err:     0 (0.00%)
2026-10-08 16:59:30,856 INFO o.a.j.t.JMeterThread: Thread is done: Agent search 2-41
2026-10-08 16:59:30,856 INFO o.a.j.t.JMeterThread: Thread finished: Agent search 2-41
2026-10-08 16:59:31,093 INFO o.a.j.t.JMeterThread: Thread started: Agent search 2-42
2026-10-08 16:59:31,133 INFO o.a.j.t.JMeterThread: Thread is done: Agent search 2-42
2026-10-08 16:59:31,133 INFO o.a.j.t.JMeterThread: Thread finished: Agent search 2-42
2026-10-08 16:59:31,140 INFO o.a.j.t.JMeterThread: Thread started: Agent search 2-43
2026-10-08 16:59:31,146 INFO o.a.j.t.JMeterThread: Thread is done: Agent search 2-43
2026-10-08 16:59:31,146 INFO o.a.j.t.JMeterThread: Thread finished: Agent search 2-43
2026-10-08 16:59:37,730 INFO o.a.j.t.JMeterThread: Thread started: Agent search 2-44
2026-10-08 16:59:37,748 INFO o.a.j.t.JMeterThread: Thread is done: Agent search 2-44
2026-10-08 16:59:37,748 INFO o.a.j.t.JMeterThread: Thread finished: Agent search 2-44
2026-10-08 16:59:50,680 INFO o.a.j.t.JMeterThread: Thread started: Agent search 2-45
2026-10-08 16:59:50,696 INFO o.a.j.t.JMeterThread: Thread is done: Agent search 2-45
2026-10-08 16:59:50,696 INFO o.a.j.t.JMeterThread: Thread finished: Agent search 2-45
2026-10-08 16:59:56,050 INFO o.a.j.t.JMeterThread: Thread started: Intake 1-10
2026-10-08 16:59:56,346 INFO o.a.j.t.JMeterThread: Thread started: Intake 1-11
2026-10-08 16:59:58,010 INFO o.a.j.t.JMeterThread: Thread is done: Intake 1-10
2026-10-08 16:59:58,011 INFO o.a.j.t.JMeterThread: Thread finished: Intake 1-10
2026-10-08 16:59:58,474 INFO o.a.j.t.JMeterThread: Thread is done: Intake 1-11
2026-10-08 16:59:58,474 INFO o.a.j.t.JMeterThread: Thread finished: Intake 1-11
2026-10-08 17:00:06,591 INFO o.a.j.t.JMeterThread: Thread started: Agent search 2-46
2026-10-08 17:00:06,608 INFO o.a.j.t.JMeterThread: Thread is done: Agent search 2-46
2026-10-08 17:00:06,608 INFO o.a.j.t.JMeterThread: Thread finished: Agent search 2-46
2026-10-08 17:00:07,788 INFO o.a.j.t.JMeterThread: Thread started: Agent search 2-47
2026-10-08 17:00:07,801 INFO o.a.j.t.JMeterThread: Thread is done: Agent search 2-47
2026-10-08 17:00:07,801 INFO o.a.j.t.JMeterThread: Thread finished: Agent search 2-47
2026-10-08 17:00:09,951 INFO o.a.j.t.JMeterThread: Thread started: Dashboard 3-10
2026-10-08 17:00:09,966 INFO o.a.j.t.JMeterThread: Thread is done: Dashboard 3-10
2026-10-08 17:00:09,966 INFO o.a.j.t.JMeterThread: Thread finished: Dashboard 3-10
2026-10-08 17:00:15,065 INFO o.a.j.t.JMeterThread: Thread started: Agent search 2-48
2026-10-08 17:00:15,078 INFO o.a.j.t.JMeterThread: Thread is done: Agent search 2-48
2026-10-08 17:00:15,078 INFO o.a.j.t.JMeterThread: Thread finished: Agent search 2-48
2026-10-08 17:00:24,194 INFO o.a.j.t.JMeterThread: Thread started: Dashboard 3-11
2026-10-08 17:00:24,208 INFO o.a.j.t.JMeterThread: Thread is done: Dashboard 3-11
2026-10-08 17:00:24,208 INFO o.a.j.t.JMeterThread: Thread finished: Dashboard 3-11
2026-10-08 17:00:25,218 INFO o.a.j.t.JMeterThread: Thread started: Agent search 2-49
2026-10-08 17:00:25,235 INFO o.a.j.t.JMeterThread: Thread is done: Agent search 2-49
2026-10-08 17:00:25,235 INFO o.a.j.t.JMeterThread: Thread finished: Agent search 2-49
2026-10-08 17:00:27,317 INFO o.a.j.t.JMeterThread: Thread started: Agent search 2-50
2026-10-08 17:00:27,330 INFO o.a.j.t.JMeterThread: Thread is done: Agent search 2-50
2026-10-08 17:00:27,330 INFO o.a.j.t.JMeterThread: Thread finished: Agent search 2-50
2026-10-08 17:00:30,760 INFO o.a.j.t.JMeterThread: Thread started: Intake 1-12
2026-10-08 17:00:31,385 INFO o.a.j.r.Summariser: summary +     14 in 00:01:01 =    0.2/s Avg:   345 Min:     6 Max:  2124 Err:     0 (0.00%) Active: 1 Started: 73 Finished: 72
2026-10-08 17:00:31,387 INFO o.a.j.r.Summariser: summary =     73 in 00:12:41 =    0.1/s Avg:   249 Min:     6 Max:  2474 Err:     0 (0.00%)
2026-10-08 17:00:31,387 INFO o.a.j.t.JMeterThread: Thread is done: Intake 1-12
2026-10-08 17:00:31,388 INFO o.a.j.t.JMeterThread: Thread finished: Intake 1-12
2026-10-08 17:00:46,300 INFO o.a.j.t.JMeterThread: Thread started: Agent search 2-51
2026-10-08 17:00:46,309 INFO o.a.j.t.JMeterThread: Thread is done: Agent search 2-51
2026-10-08 17:00:46,309 INFO o.a.j.t.JMeterThread: Thread finished: Agent search 2-51
2026-10-08 17:00:56,413 INFO o.a.j.t.JMeterThread: Thread started: Intake 1-13
2026-10-08 17:00:58,326 INFO o.a.j.t.JMeterThread: Thread is done: Intake 1-13
2026-10-08 17:00:58,326 INFO o.a.j.t.JMeterThread: Thread finished: Intake 1-13
2026-10-08 17:01:14,285 INFO o.a.j.t.JMeterThread: Thread started: Agent search 2-52
2026-10-08 17:01:14,300 INFO o.a.j.t.JMeterThread: Thread is done: Agent search 2-52
2026-10-08 17:01:14,301 INFO o.a.j.t.JMeterThread: Thread finished: Agent search 2-52
2026-10-08 17:01:15,613 INFO o.a.j.t.JMeterThread: Thread started: Agent search 2-53
2026-10-08 17:01:15,630 INFO o.a.j.t.JMeterThread: Thread is done: Agent search 2-53
2026-10-08 17:01:15,630 INFO o.a.j.t.JMeterThread: Thread finished: Agent search 2-53
2026-10-08 17:01:17,309 INFO o.a.j.t.JMeterThread: Thread started: Dashboard 3-12
2026-10-08 17:01:17,325 INFO o.a.j.t.JMeterThread: Thread is done: Dashboard 3-12
2026-10-08 17:01:17,325 INFO o.a.j.t.JMeterThread: Thread finished: Dashboard 3-12
2026-10-08 17:01:28,502 INFO o.a.j.t.JMeterThread: Thread started: Agent search 2-54
2026-10-08 17:01:28,515 INFO o.a.j.t.JMeterThread: Thread is done: Agent search 2-54
2026-10-08 17:01:28,515 INFO o.a.j.t.JMeterThread: Thread finished: Agent search 2-54
2026-10-08 17:01:29,659 INFO o.a.j.t.JMeterThread: Thread started: Agent search 2-55
2026-10-08 17:01:29,671 INFO o.a.j.t.JMeterThread: Thread is done: Agent search 2-55
2026-10-08 17:01:29,671 INFO o.a.j.t.JMeterThread: Thread finished: Agent search 2-55
2026-10-08 17:01:36,423 INFO o.a.j.t.JMeterThread: Thread started: Agent search 2-56
2026-10-08 17:01:36,437 INFO o.a.j.t.JMeterThread: Thread is done: Agent search 2-56
2026-10-08 17:01:36,437 INFO o.a.j.t.JMeterThread: Thread finished: Agent search 2-56
2026-10-08 17:01:47,699 INFO o.a.j.t.JMeterThread: Thread started: Dashboard 3-13
2026-10-08 17:01:47,712 INFO o.a.j.t.JMeterThread: Thread is done: Dashboard 3-13
2026-10-08 17:01:47,712 INFO o.a.j.t.JMeterThread: Thread finished: Dashboard 3-13
2026-10-08 17:01:56,582 INFO o.a.j.t.JMeterThread: Thread started: Agent search 2-57
2026-10-08 17:01:56,593 INFO o.a.j.t.JMeterThread: Thread is done: Agent search 2-57
2026-10-08 17:01:56,595 INFO o.a.j.t.JMeterThread: Thread finished: Agent search 2-57
2026-10-08 17:02:13,137 INFO o.a.j.t.JMeterThread: Thread started: Dashboard 3-14
2026-10-08 17:02:13,155 INFO o.a.j.t.JMeterThread: Thread is done: Dashboard 3-14
2026-10-08 17:02:13,155 INFO o.a.j.t.JMeterThread: Thread finished: Dashboard 3-14
2026-10-08 17:02:15,447 INFO o.a.j.t.JMeterThread: Thread started: Agent search 2-58
2026-10-08 17:02:15,458 INFO o.a.j.t.JMeterThread: Thread is done: Agent search 2-58
2026-10-08 17:02:15,459 INFO o.a.j.t.JMeterThread: Thread finished: Agent search 2-58
2026-10-08 17:02:26,897 INFO o.a.j.t.JMeterThread: Thread started: Agent search 2-59
2026-10-08 17:02:26,914 INFO o.a.j.t.JMeterThread: Thread is done: Agent search 2-59
2026-10-08 17:02:26,914 INFO o.a.j.t.JMeterThread: Thread finished: Agent search 2-59
2026-10-08 17:02:38,902 INFO o.a.j.t.JMeterThread: Thread started: Agent search 2-60
2026-10-08 17:02:38,920 INFO o.a.j.t.JMeterThread: Thread is done: Agent search 2-60
2026-10-08 17:02:38,920 INFO o.a.j.t.JMeterThread: Thread finished: Agent search 2-60
2026-10-08 17:02:42,135 INFO o.a.j.t.JMeterThread: Thread started: Dashboard 3-15
2026-10-08 17:02:42,151 INFO o.a.j.t.JMeterThread: Thread is done: Dashboard 3-15
2026-10-08 17:02:42,151 INFO o.a.j.t.JMeterThread: Thread finished: Dashboard 3-15
2026-10-08 17:02:52,571 INFO o.a.j.t.JMeterThread: Thread started: Agent search 2-61
2026-10-08 17:02:52,586 INFO o.a.j.t.JMeterThread: Thread is done: Agent search 2-61
2026-10-08 17:02:52,587 INFO o.a.j.t.JMeterThread: Thread finished: Agent search 2-61
2026-10-08 17:03:13,610 INFO o.a.j.t.JMeterThread: Thread started: Agent search 2-62
2026-10-08 17:03:13,625 INFO o.a.j.t.JMeterThread: Thread is done: Agent search 2-62
2026-10-08 17:03:13,625 INFO o.a.j.t.JMeterThread: Thread finished: Agent search 2-62
2026-10-08 17:03:44,884 INFO o.a.j.t.JMeterThread: Thread started: Agent search 2-63
2026-10-08 17:03:44,896 INFO o.a.j.t.JMeterThread: Thread is done: Agent search 2-63
2026-10-08 17:03:44,896 INFO o.a.j.t.JMeterThread: Thread finished: Agent search 2-63
2026-10-08 17:03:47,358 INFO o.a.j.t.JMeterThread: Thread started: Dashboard 3-16
2026-10-08 17:03:47,372 INFO o.a.j.t.JMeterThread: Thread is done: Dashboard 3-16
2026-10-08 17:03:47,372 INFO o.a.j.t.JMeterThread: Thread finished: Dashboard 3-16
2026-10-08 17:04:08,608 INFO o.a.j.t.JMeterThread: Thread started: Agent search 2-64
2026-10-08 17:04:08,621 INFO o.a.j.t.JMeterThread: Thread is done: Agent search 2-64
2026-10-08 17:04:08,621 INFO o.a.j.t.JMeterThread: Thread finished: Agent search 2-64
2026-10-08 17:04:10,991 INFO o.a.j.t.JMeterThread: Thread started: Agent search 2-65
2026-10-08 17:04:11,006 INFO o.a.j.t.JMeterThread: Thread is done: Agent search 2-65
2026-10-08 17:04:11,006 INFO o.a.j.t.JMeterThread: Thread finished: Agent search 2-65
2026-10-08 17:04:24,992 INFO o.a.j.t.JMeterThread: Thread started: Dashboard 3-17
2026-10-08 17:04:25,008 INFO o.a.j.t.JMeterThread: Thread is done: Dashboard 3-17
2026-10-08 17:04:25,009 INFO o.a.j.t.JMeterThread: Thread finished: Dashboard 3-17
2026-10-08 17:04:31,022 INFO o.a.j.t.JMeterThread: Thread started: Dashboard 3-18
2026-10-08 17:04:31,035 INFO o.a.j.r.Summariser: summary +     23 in 00:04:00 =    0.1/s Avg:    94 Min:     9 Max:  1910 Err:     0 (0.00%) Active: 1 Started: 96 Finished: 95
2026-10-08 17:04:31,038 INFO o.a.j.r.Summariser: summary =     96 in 00:16:40 =    0.1/s Avg:   212 Min:     6 Max:  2474 Err:     0 (0.00%)
2026-10-08 17:04:31,038 INFO o.a.j.t.JMeterThread: Thread is done: Dashboard 3-18
2026-10-08 17:04:31,038 INFO o.a.j.t.JMeterThread: Thread finished: Dashboard 3-18
2026-10-08 17:04:47,226 INFO o.a.j.t.JMeterThread: Thread started: Intake 1-14
2026-10-08 17:04:48,638 INFO o.a.j.t.JMeterThread: Thread is done: Intake 1-14
2026-10-08 17:04:48,638 INFO o.a.j.t.JMeterThread: Thread finished: Intake 1-14
2026-10-08 17:05:10,421 INFO o.a.j.t.JMeterThread: Thread started: Agent search 2-66
2026-10-08 17:05:10,437 INFO o.a.j.t.JMeterThread: Thread is done: Agent search 2-66
2026-10-08 17:05:10,437 INFO o.a.j.t.JMeterThread: Thread finished: Agent search 2-66
2026-10-08 17:05:31,273 INFO o.a.j.t.JMeterThread: Thread started: Intake 1-15
2026-10-08 17:05:32,497 INFO o.a.j.t.JMeterThread: Thread started: Agent search 2-67
2026-10-08 17:05:32,512 INFO o.a.j.r.Summariser: summary +      3 in 00:01:01 =    0.0/s Avg:   477 Min:    10 Max:  1409 Err:     0 (0.00%) Active: 2 Started: 100 Finished: 98
2026-10-08 17:05:32,513 INFO o.a.j.r.Summariser: summary =     99 in 00:17:42 =    0.1/s Avg:   220 Min:     6 Max:  2474 Err:     0 (0.00%)
2026-10-08 17:05:32,513 INFO o.a.j.t.JMeterThread: Thread is done: Agent search 2-67
2026-10-08 17:05:32,513 INFO o.a.j.t.JMeterThread: Thread finished: Agent search 2-67
2026-10-08 17:05:33,382 INFO o.a.j.t.JMeterThread: Thread is done: Intake 1-15
2026-10-08 17:05:33,382 INFO o.a.j.t.JMeterThread: Thread finished: Intake 1-15
2026-10-08 17:05:44,450 INFO o.a.j.t.JMeterThread: Thread started: Dashboard 3-19
2026-10-08 17:05:44,464 INFO o.a.j.t.JMeterThread: Thread is done: Dashboard 3-19
2026-10-08 17:05:44,464 INFO o.a.j.t.JMeterThread: Thread finished: Dashboard 3-19
2026-10-08 17:05:49,268 INFO o.a.j.t.JMeterThread: Thread started: Agent search 2-68
2026-10-08 17:05:49,284 INFO o.a.j.t.JMeterThread: Thread is done: Agent search 2-68
2026-10-08 17:05:49,285 INFO o.a.j.t.JMeterThread: Thread finished: Agent search 2-68
2026-10-08 17:05:49,921 INFO o.a.j.t.JMeterThread: Thread started: Agent search 2-69
2026-10-08 17:05:49,938 INFO o.a.j.t.JMeterThread: Thread is done: Agent search 2-69
2026-10-08 17:05:49,938 INFO o.a.j.t.JMeterThread: Thread finished: Agent search 2-69
2026-10-08 17:06:02,426 INFO o.a.j.t.JMeterThread: Thread started: Agent search 2-70
2026-10-08 17:06:02,438 INFO o.a.j.r.Summariser: summary +      5 in 00:00:30 =    0.2/s Avg:   431 Min:    10 Max:  2106 Err:     0 (0.00%) Active: 1 Started: 104 Finished: 103
2026-10-08 17:06:02,438 INFO o.a.j.r.Summariser: summary =    104 in 00:18:12 =    0.1/s Avg:   230 Min:     6 Max:  2474 Err:     0 (0.00%)
2026-10-08 17:06:02,438 INFO o.a.j.t.JMeterThread: Thread is done: Agent search 2-70
2026-10-08 17:06:02,438 INFO o.a.j.t.JMeterThread: Thread finished: Agent search 2-70
2026-10-08 17:06:06,342 INFO o.a.j.t.o.OpenModelThreadGroup: There will be no more events, so will wait for 104 sec till the end of the schedule
2026-10-08 17:06:06,342 INFO o.a.j.t.JMeterThread: Thread started: Dashboard 3-20
2026-10-08 17:06:06,358 INFO o.a.j.t.JMeterThread: Thread is done: Dashboard 3-20
2026-10-08 17:06:06,358 INFO o.a.j.t.JMeterThread: Thread finished: Dashboard 3-20
2026-10-08 17:06:45,726 INFO o.a.j.t.o.OpenModelThreadGroup: There will be no more events, so will wait for 65 sec till the end of the schedule
2026-10-08 17:06:45,726 INFO o.a.j.t.JMeterThread: Thread started: Intake 1-16
2026-10-08 17:06:46,098 INFO o.a.j.t.o.OpenModelThreadGroup: There will be no more events, so will wait for 64 sec till the end of the schedule
2026-10-08 17:06:46,099 INFO o.a.j.t.JMeterThread: Thread started: Agent search 2-71
2026-10-08 17:06:46,120 INFO o.a.j.t.JMeterThread: Thread is done: Agent search 2-71
2026-10-08 17:06:46,120 INFO o.a.j.t.JMeterThread: Thread finished: Agent search 2-71
2026-10-08 17:06:46,197 INFO o.a.j.t.JMeterThread: Thread is done: Intake 1-16
2026-10-08 17:06:46,198 INFO o.a.j.t.JMeterThread: Thread finished: Intake 1-16
2026-10-08 17:07:50,768 INFO o.a.j.t.o.OpenModelThreadGroup: There will be no more events, will shutdown the thread pool
2026-10-08 17:07:50,768 INFO o.a.j.t.o.OpenModelThreadGroup: There will be no more events, will shutdown the thread pool
2026-10-08 17:07:50,768 INFO o.a.j.t.o.OpenModelThreadGroup: Thread starting done
2026-10-08 17:07:50,768 INFO o.a.j.t.o.OpenModelThreadGroup: Thread starting done
2026-10-08 17:07:50,769 INFO o.a.j.t.o.OpenModelThreadGroup: There will be no more events, will shutdown the thread pool
2026-10-08 17:07:50,769 INFO o.a.j.t.o.OpenModelThreadGroup: Thread starting done
2026-10-08 17:07:50,769 INFO o.a.j.e.StandardJMeterEngine: Notifying test listeners of end of test
2026-10-08 17:07:50,769 INFO o.a.j.s.FileServer: Close: search_terms.csv
2026-10-08 17:07:50,769 INFO o.a.j.s.FileServer: Close: narratives.txt
2026-10-08 17:07:50,770 INFO o.a.j.r.Summariser: summary +      3 in 00:01:48 =    0.0/s Avg:   167 Min:    13 Max:   468 Err:     0 (0.00%) Active: 0 Started: 107 Finished: 107
2026-10-08 17:07:50,770 INFO o.a.j.r.Summariser: summary =    107 in 00:20:00 =    0.1/s Avg:   228 Min:     6 Max:  2474 Err:     0 (0.00%)
