2026-10-08 17:56:54,481 INFO o.a.j.u.JMeterUtils: Setting Locale to en_EN
2026-10-08 17:56:54,492 INFO o.a.j.JMeter: Loading user properties from: C:\apache-jmeter-5.6.3\bin\user.properties
2026-10-08 17:56:54,492 INFO o.a.j.JMeter: Loading system properties from: C:\apache-jmeter-5.6.3\bin\system.properties
2026-10-08 17:56:54,494 INFO o.a.j.JMeter: Setting JMeter property: host=192.168.50.104
2026-10-08 17:56:54,494 INFO o.a.j.JMeter: Setting JMeter property: ticket_rate=100
2026-10-08 17:56:54,494 INFO o.a.j.JMeter: Setting JMeter property: search_rate=214
2026-10-08 17:56:54,494 INFO o.a.j.JMeter: Setting JMeter property: stats_rate=60
2026-10-08 17:56:54,494 INFO o.a.j.JMeter: Setting JMeter property: duration=20
2026-10-08 17:56:54,494 INFO o.a.j.JMeter: Setting JMeter property: run_id=gemma3_4b-100-r2
2026-10-08 17:56:54,494 INFO o.a.j.JMeter: Setting JMeter property: jmeter.save.saveservice.output_format=csv
2026-10-08 17:56:54,497 INFO o.a.j.JMeter: Copyright (c) 1998-2024 The Apache Software Foundation
2026-10-08 17:56:54,497 INFO o.a.j.JMeter: Version 5.6.3
2026-10-08 17:56:54,497 INFO o.a.j.JMeter: java.version=17
2026-10-08 17:56:54,497 INFO o.a.j.JMeter: java.vm.name=Java HotSpot(TM) 64-Bit Server VM
2026-10-08 17:56:54,497 INFO o.a.j.JMeter: os.name=Windows 10
2026-10-08 17:56:54,497 INFO o.a.j.JMeter: os.arch=amd64
2026-10-08 17:56:54,497 INFO o.a.j.JMeter: os.version=10.0
2026-10-08 17:56:54,497 INFO o.a.j.JMeter: file.encoding=Cp1252
2026-10-08 17:56:54,497 INFO o.a.j.JMeter: java.awt.headless=true
2026-10-08 17:56:54,497 INFO o.a.j.JMeter: Max memory     =1073741824
2026-10-08 17:56:54,497 INFO o.a.j.JMeter: Available Processors =20
2026-10-08 17:56:54,501 INFO o.a.j.JMeter: Default Locale=English (EN)
2026-10-08 17:56:54,501 INFO o.a.j.JMeter: JMeter  Locale=English (EN)
2026-10-08 17:56:54,503 INFO o.a.j.JMeter: JMeterHome=C:\apache-jmeter-5.6.3
2026-10-08 17:56:54,503 INFO o.a.j.JMeter: user.dir  =C:\Users\Ashley\Documents\GitHub\ICT3113_P2-3
2026-10-08 17:56:54,503 INFO o.a.j.JMeter: PWD       =C:\Users\Ashley\Documents\GitHub\ICT3113_P2-3
2026-10-08 17:56:54,503 INFO o.a.j.JMeter: IP: 192.168.50.172 Name: DESKTOP-FE7GKLN FullName: DESKTOP-FE7GKLN
2026-10-08 17:56:54,514 INFO o.a.j.s.FileServer: Default base='C:\Users\Ashley\Documents\GitHub\ICT3113_P2-3'
2026-10-08 17:56:54,515 INFO o.a.j.s.FileServer: Set new base='C:\Users\Ashley\Documents\GitHub\ICT3113_P2-3\jmeter'
2026-10-08 17:56:54,592 INFO o.a.j.s.SaveService: Testplan (JMX) version: 2.2. Testlog (JTL) version: 2.2
2026-10-08 17:56:54,604 INFO o.a.j.s.SaveService: Using SaveService properties version 5.0
2026-10-08 17:56:54,605 INFO o.a.j.s.SaveService: Using SaveService properties file encoding UTF-8
2026-10-08 17:56:54,607 INFO o.a.j.s.SaveService: Loading file: C:\Users\Ashley\Documents\GitHub\ICT3113_P2-3\jmeter\load_test.jmx
2026-10-08 17:56:54,634 INFO o.a.j.p.h.s.HTTPSamplerBase: Parser for text/html is org.apache.jmeter.protocol.http.parser.LagartoBasedHtmlParser
2026-10-08 17:56:54,634 INFO o.a.j.p.h.s.HTTPSamplerBase: Parser for application/xhtml+xml is org.apache.jmeter.protocol.http.parser.LagartoBasedHtmlParser
2026-10-08 17:56:54,634 INFO o.a.j.p.h.s.HTTPSamplerBase: Parser for application/xml is org.apache.jmeter.protocol.http.parser.LagartoBasedHtmlParser
2026-10-08 17:56:54,634 INFO o.a.j.p.h.s.HTTPSamplerBase: Parser for text/xml is org.apache.jmeter.protocol.http.parser.LagartoBasedHtmlParser
2026-10-08 17:56:54,634 INFO o.a.j.p.h.s.HTTPSamplerBase: Parser for text/vnd.wap.wml is org.apache.jmeter.protocol.http.parser.RegexpHTMLParser
2026-10-08 17:56:54,634 INFO o.a.j.p.h.s.HTTPSamplerBase: Parser for text/css is org.apache.jmeter.protocol.http.parser.CssParser
2026-10-08 17:56:54,645 INFO o.a.j.JMeter: Creating summariser <summary>
2026-10-08 17:56:54,654 INFO o.a.j.e.StandardJMeterEngine: Running the test!
2026-10-08 17:56:54,655 INFO o.a.j.s.SampleEvent: List of sample_variables: []
2026-10-08 17:56:54,655 INFO o.a.j.s.SampleEvent: List of sample_variables: []
2026-10-08 17:56:54,657 INFO o.a.j.e.u.CompoundVariable: Note: Function class names must contain the string: '.functions.'
2026-10-08 17:56:54,657 INFO o.a.j.e.u.CompoundVariable: Note: Function class names must not contain the string: '.gui.'
2026-10-08 17:56:54,697 INFO o.a.j.JMeter: Running test (1791453414697)
2026-10-08 17:56:54,704 INFO o.a.j.e.StandardJMeterEngine: Starting ThreadGroup: 1 : Intake
2026-10-08 17:56:54,704 INFO o.a.j.e.StandardJMeterEngine: Starting 0 threads for group Intake.
2026-10-08 17:56:54,704 INFO o.a.j.e.StandardJMeterEngine: Thread will continue on error
2026-10-08 17:56:54,704 INFO o.a.j.t.o.OpenModelThreadGroup: Starting OpenModelThreadGroup#1 with schedule rate(100/hour) random_arrivals(20 min)
2026-10-08 17:56:54,722 INFO o.a.j.e.StandardJMeterEngine: Starting ThreadGroup: 2 : Agent search
2026-10-08 17:56:54,722 INFO o.a.j.e.StandardJMeterEngine: Starting 0 threads for group Agent search.
2026-10-08 17:56:54,722 INFO o.a.j.e.StandardJMeterEngine: Thread will continue on error
2026-10-08 17:56:54,722 INFO o.a.j.t.o.OpenModelThreadGroup: Starting OpenModelThreadGroup#2 with schedule rate(214/hour) random_arrivals(20 min)
2026-10-08 17:56:54,722 INFO o.a.j.t.o.OpenModelThreadGroup: Thread starting init
2026-10-08 17:56:54,722 INFO o.a.j.e.StandardJMeterEngine: Starting ThreadGroup: 3 : Dashboard
2026-10-08 17:56:54,722 INFO o.a.j.e.StandardJMeterEngine: Starting 0 threads for group Dashboard.
2026-10-08 17:56:54,722 INFO o.a.j.e.StandardJMeterEngine: Thread will continue on error
2026-10-08 17:56:54,722 INFO o.a.j.t.o.OpenModelThreadGroup: Starting OpenModelThreadGroup#3 with schedule rate(60/hour) random_arrivals(20 min)
2026-10-08 17:56:54,722 INFO o.a.j.t.o.OpenModelThreadGroup: Thread starting init
2026-10-08 17:56:54,723 INFO o.a.j.e.StandardJMeterEngine: All thread groups have been started
2026-10-08 17:56:54,723 INFO o.a.j.t.o.OpenModelThreadGroup: Thread starting init
2026-10-08 17:56:54,726 INFO o.a.j.t.o.PoissonArrivalsRamp: Generating 71 events, beginRate = 0.059444444444444446 / sec, endRate = 0.059444444444444446 / sec, duration = 1200.0 sec
2026-10-08 17:56:54,726 INFO o.a.j.t.o.PoissonArrivalsRamp: Generating 33 events, beginRate = 0.027777777777777776 / sec, endRate = 0.027777777777777776 / sec, duration = 1200.0 sec
2026-10-08 17:56:54,726 INFO o.a.j.t.o.PoissonArrivalsRamp: Generating 20 events, beginRate = 0.016666666666666666 / sec, endRate = 0.016666666666666666 / sec, duration = 1200.0 sec
2026-10-08 17:57:04,157 INFO o.a.j.t.JMeterThread: Thread started: Intake 1-1
2026-10-08 17:57:04,157 INFO o.a.j.s.FileServer: Stored: narratives.txt
2026-10-08 17:57:04,168 INFO o.a.j.p.h.s.HTTPHCAbstractImpl: Local host = DESKTOP-FE7GKLN
2026-10-08 17:57:04,171 INFO o.a.j.p.h.s.HTTPHC4Impl: HTTP request retry count = 0
2026-10-08 17:57:04,171 INFO o.a.j.s.SampleResult: Note: Sample TimeStamps are START times
2026-10-08 17:57:04,171 INFO o.a.j.s.SampleResult: sampleresult.default.encoding is set to UTF-8
2026-10-08 17:57:04,171 INFO o.a.j.s.SampleResult: sampleresult.useNanoTime=true
2026-10-08 17:57:04,172 INFO o.a.j.s.SampleResult: sampleresult.nanoThreadSleep=5000
2026-10-08 17:57:04,813 INFO o.a.j.r.Summariser: summary +      1 in 00:00:10 =    0.1/s Avg:   604 Min:   604 Max:   604 Err:     0 (0.00%) Active: 1 Started: 1 Finished: 0
2026-10-08 17:57:04,813 INFO o.a.j.t.JMeterThread: Thread is done: Intake 1-1
2026-10-08 17:57:04,815 INFO o.a.j.t.JMeterThread: Thread finished: Intake 1-1
2026-10-08 17:57:11,065 INFO o.a.j.t.JMeterThread: Thread started: Intake 1-2
2026-10-08 17:57:12,768 INFO o.a.j.t.JMeterThread: Thread is done: Intake 1-2
2026-10-08 17:57:12,768 INFO o.a.j.t.JMeterThread: Thread finished: Intake 1-2
2026-10-08 17:57:17,601 INFO o.a.j.t.JMeterThread: Thread started: Agent search 2-1
2026-10-08 17:57:17,602 INFO o.a.j.s.FileServer: Stored: search_terms.csv
2026-10-08 17:57:17,621 INFO o.a.j.t.JMeterThread: Thread is done: Agent search 2-1
2026-10-08 17:57:17,621 INFO o.a.j.t.JMeterThread: Thread finished: Agent search 2-1
2026-10-08 17:57:27,705 INFO o.a.j.t.JMeterThread: Thread started: Dashboard 3-1
2026-10-08 17:57:27,718 INFO o.a.j.t.JMeterThread: Thread is done: Dashboard 3-1
2026-10-08 17:57:27,718 INFO o.a.j.t.JMeterThread: Thread finished: Dashboard 3-1
2026-10-08 17:57:29,346 INFO o.a.j.t.JMeterThread: Thread started: Agent search 2-2
2026-10-08 17:57:29,358 INFO o.a.j.t.JMeterThread: Thread is done: Agent search 2-2
2026-10-08 17:57:29,359 INFO o.a.j.t.JMeterThread: Thread finished: Agent search 2-2
2026-10-08 17:57:40,783 INFO o.a.j.t.JMeterThread: Thread started: Intake 1-3
2026-10-08 17:57:43,235 INFO o.a.j.t.JMeterThread: Thread is done: Intake 1-3
2026-10-08 17:57:43,236 INFO o.a.j.t.JMeterThread: Thread finished: Intake 1-3
2026-10-08 17:58:05,267 INFO o.a.j.t.JMeterThread: Thread started: Agent search 2-3
2026-10-08 17:58:05,282 INFO o.a.j.r.Summariser: summary +      6 in 00:01:00 =    0.1/s Avg:   699 Min:    10 Max:  2448 Err:     0 (0.00%) Active: 1 Started: 7 Finished: 6
2026-10-08 17:58:05,283 INFO o.a.j.r.Summariser: summary =      7 in 00:01:11 =    0.1/s Avg:   685 Min:    10 Max:  2448 Err:     0 (0.00%)
2026-10-08 17:58:05,283 INFO o.a.j.t.JMeterThread: Thread is done: Agent search 2-3
2026-10-08 17:58:05,283 INFO o.a.j.t.JMeterThread: Thread finished: Agent search 2-3
2026-10-08 17:58:16,773 INFO o.a.j.t.JMeterThread: Thread started: Agent search 2-4
2026-10-08 17:58:16,789 INFO o.a.j.t.JMeterThread: Thread is done: Agent search 2-4
2026-10-08 17:58:16,789 INFO o.a.j.t.JMeterThread: Thread finished: Agent search 2-4
2026-10-08 17:58:19,795 INFO o.a.j.t.JMeterThread: Thread started: Agent search 2-5
2026-10-08 17:58:19,807 INFO o.a.j.t.JMeterThread: Thread is done: Agent search 2-5
2026-10-08 17:58:19,807 INFO o.a.j.t.JMeterThread: Thread finished: Agent search 2-5
2026-10-08 17:58:27,696 INFO o.a.j.t.JMeterThread: Thread started: Agent search 2-6
2026-10-08 17:58:27,712 INFO o.a.j.t.JMeterThread: Thread is done: Agent search 2-6
2026-10-08 17:58:27,712 INFO o.a.j.t.JMeterThread: Thread finished: Agent search 2-6
2026-10-08 17:58:33,696 INFO o.a.j.t.JMeterThread: Thread started: Agent search 2-7
2026-10-08 17:58:33,712 INFO o.a.j.r.Summariser: summary +      4 in 00:00:28 =    0.1/s Avg:    12 Min:     9 Max:    14 Err:     0 (0.00%) Active: 1 Started: 11 Finished: 10
2026-10-08 17:58:33,714 INFO o.a.j.r.Summariser: summary =     11 in 00:01:39 =    0.1/s Avg:   440 Min:     9 Max:  2448 Err:     0 (0.00%)
2026-10-08 17:58:33,715 INFO o.a.j.t.JMeterThread: Thread is done: Agent search 2-7
2026-10-08 17:58:33,715 INFO o.a.j.t.JMeterThread: Thread finished: Agent search 2-7
2026-10-08 17:58:40,304 INFO o.a.j.t.JMeterThread: Thread started: Agent search 2-8
2026-10-08 17:58:40,320 INFO o.a.j.t.JMeterThread: Thread is done: Agent search 2-8
2026-10-08 17:58:40,320 INFO o.a.j.t.JMeterThread: Thread finished: Agent search 2-8
2026-10-08 17:58:45,943 INFO o.a.j.t.JMeterThread: Thread started: Dashboard 3-2
2026-10-08 17:58:45,958 INFO o.a.j.t.JMeterThread: Thread is done: Dashboard 3-2
2026-10-08 17:58:45,958 INFO o.a.j.t.JMeterThread: Thread finished: Dashboard 3-2
2026-10-08 17:58:46,577 INFO o.a.j.t.JMeterThread: Thread started: Agent search 2-9
2026-10-08 17:58:46,590 INFO o.a.j.t.JMeterThread: Thread is done: Agent search 2-9
2026-10-08 17:58:46,590 INFO o.a.j.t.JMeterThread: Thread finished: Agent search 2-9
2026-10-08 17:58:50,299 INFO o.a.j.t.JMeterThread: Thread started: Agent search 2-10
2026-10-08 17:58:50,318 INFO o.a.j.t.JMeterThread: Thread is done: Agent search 2-10
2026-10-08 17:58:50,318 INFO o.a.j.t.JMeterThread: Thread finished: Agent search 2-10
2026-10-08 17:59:50,051 INFO o.a.j.t.JMeterThread: Thread started: Agent search 2-11
2026-10-08 17:59:50,067 INFO o.a.j.t.JMeterThread: Thread is done: Agent search 2-11
2026-10-08 17:59:50,067 INFO o.a.j.t.JMeterThread: Thread finished: Agent search 2-11
2026-10-08 18:00:14,014 INFO o.a.j.t.JMeterThread: Thread started: Agent search 2-12
2026-10-08 18:00:14,027 INFO o.a.j.t.JMeterThread: Thread is done: Agent search 2-12
2026-10-08 18:00:14,028 INFO o.a.j.t.JMeterThread: Thread finished: Agent search 2-12
2026-10-08 18:00:17,912 INFO o.a.j.t.JMeterThread: Thread started: Agent search 2-13
2026-10-08 18:00:17,922 INFO o.a.j.t.JMeterThread: Thread is done: Agent search 2-13
2026-10-08 18:00:17,922 INFO o.a.j.t.JMeterThread: Thread finished: Agent search 2-13
2026-10-08 18:00:24,565 INFO o.a.j.t.JMeterThread: Thread started: Agent search 2-14
2026-10-08 18:00:24,582 INFO o.a.j.t.JMeterThread: Thread is done: Agent search 2-14
2026-10-08 18:00:24,583 INFO o.a.j.t.JMeterThread: Thread finished: Agent search 2-14
2026-10-08 18:00:35,902 INFO o.a.j.t.JMeterThread: Thread started: Agent search 2-15
2026-10-08 18:00:35,917 INFO o.a.j.r.Summariser: summary +      9 in 00:02:02 =    0.1/s Avg:    12 Min:     9 Max:    15 Err:     0 (0.00%) Active: 1 Started: 20 Finished: 19
2026-10-08 18:00:35,918 INFO o.a.j.r.Summariser: summary =     20 in 00:03:41 =    0.1/s Avg:   248 Min:     9 Max:  2448 Err:     0 (0.00%)
2026-10-08 18:00:35,918 INFO o.a.j.t.JMeterThread: Thread is done: Agent search 2-15
2026-10-08 18:00:35,918 INFO o.a.j.t.JMeterThread: Thread finished: Agent search 2-15
2026-10-08 18:01:00,006 INFO o.a.j.t.JMeterThread: Thread started: Agent search 2-16
2026-10-08 18:01:00,024 INFO o.a.j.r.Summariser: summary +      1 in 00:00:24 =    0.0/s Avg:    16 Min:    16 Max:    16 Err:     0 (0.00%) Active: 1 Started: 21 Finished: 20
2026-10-08 18:01:00,024 INFO o.a.j.r.Summariser: summary =     21 in 00:04:05 =    0.1/s Avg:   237 Min:     9 Max:  2448 Err:     0 (0.00%)
2026-10-08 18:01:00,024 INFO o.a.j.t.JMeterThread: Thread is done: Agent search 2-16
2026-10-08 18:01:00,024 INFO o.a.j.t.JMeterThread: Thread finished: Agent search 2-16
2026-10-08 18:01:20,699 INFO o.a.j.t.JMeterThread: Thread started: Agent search 2-17
2026-10-08 18:01:20,715 INFO o.a.j.t.JMeterThread: Thread is done: Agent search 2-17
2026-10-08 18:01:20,715 INFO o.a.j.t.JMeterThread: Thread finished: Agent search 2-17
2026-10-08 18:01:26,646 INFO o.a.j.t.JMeterThread: Thread started: Agent search 2-18
2026-10-08 18:01:26,662 INFO o.a.j.t.JMeterThread: Thread is done: Agent search 2-18
2026-10-08 18:01:26,662 INFO o.a.j.t.JMeterThread: Thread finished: Agent search 2-18
2026-10-08 18:01:50,521 INFO o.a.j.t.JMeterThread: Thread started: Intake 1-4
2026-10-08 18:01:51,970 INFO o.a.j.t.JMeterThread: Thread is done: Intake 1-4
2026-10-08 18:01:51,970 INFO o.a.j.t.JMeterThread: Thread finished: Intake 1-4
2026-10-08 18:02:11,227 INFO o.a.j.t.JMeterThread: Thread started: Agent search 2-19
2026-10-08 18:02:11,245 INFO o.a.j.t.JMeterThread: Thread is done: Agent search 2-19
2026-10-08 18:02:11,245 INFO o.a.j.t.JMeterThread: Thread finished: Agent search 2-19
2026-10-08 18:02:23,780 INFO o.a.j.t.JMeterThread: Thread started: Intake 1-5
2026-10-08 18:02:26,176 INFO o.a.j.t.JMeterThread: Thread is done: Intake 1-5
2026-10-08 18:02:26,176 INFO o.a.j.t.JMeterThread: Thread finished: Intake 1-5
2026-10-08 18:02:49,617 INFO o.a.j.t.JMeterThread: Thread started: Intake 1-6
2026-10-08 18:02:50,062 INFO o.a.j.t.JMeterThread: Thread is done: Intake 1-6
2026-10-08 18:02:50,062 INFO o.a.j.t.JMeterThread: Thread finished: Intake 1-6
2026-10-08 18:03:09,353 INFO o.a.j.t.JMeterThread: Thread started: Agent search 2-20
2026-10-08 18:03:09,365 INFO o.a.j.t.JMeterThread: Thread is done: Agent search 2-20
2026-10-08 18:03:09,365 INFO o.a.j.t.JMeterThread: Thread finished: Agent search 2-20
2026-10-08 18:03:21,960 INFO o.a.j.t.JMeterThread: Thread started: Intake 1-7
2026-10-08 18:03:22,583 INFO o.a.j.t.JMeterThread: Thread is done: Intake 1-7
2026-10-08 18:03:22,583 INFO o.a.j.t.JMeterThread: Thread finished: Intake 1-7
2026-10-08 18:03:37,524 INFO o.a.j.t.JMeterThread: Thread started: Agent search 2-21
2026-10-08 18:03:37,542 INFO o.a.j.t.JMeterThread: Thread is done: Agent search 2-21
2026-10-08 18:03:37,542 INFO o.a.j.t.JMeterThread: Thread finished: Agent search 2-21
2026-10-08 18:03:38,634 INFO o.a.j.t.JMeterThread: Thread started: Intake 1-8
2026-10-08 18:03:40,407 INFO o.a.j.t.JMeterThread: Thread is done: Intake 1-8
2026-10-08 18:03:40,407 INFO o.a.j.t.JMeterThread: Thread finished: Intake 1-8
2026-10-08 18:03:47,486 INFO o.a.j.t.JMeterThread: Thread started: Agent search 2-22
2026-10-08 18:03:47,501 INFO o.a.j.t.JMeterThread: Thread is done: Agent search 2-22
2026-10-08 18:03:47,501 INFO o.a.j.t.JMeterThread: Thread finished: Agent search 2-22
2026-10-08 18:03:49,837 INFO o.a.j.t.JMeterThread: Thread started: Dashboard 3-3
2026-10-08 18:03:49,850 INFO o.a.j.t.JMeterThread: Thread is done: Dashboard 3-3
2026-10-08 18:03:49,850 INFO o.a.j.t.JMeterThread: Thread finished: Dashboard 3-3
2026-10-08 18:03:50,783 INFO o.a.j.t.JMeterThread: Thread started: Dashboard 3-4
2026-10-08 18:03:50,795 INFO o.a.j.t.JMeterThread: Thread is done: Dashboard 3-4
2026-10-08 18:03:50,795 INFO o.a.j.t.JMeterThread: Thread finished: Dashboard 3-4
2026-10-08 18:04:03,333 INFO o.a.j.t.JMeterThread: Thread started: Intake 1-9
2026-10-08 18:04:04,665 INFO o.a.j.r.Summariser: summary +     14 in 00:03:05 =    0.1/s Avg:   578 Min:    10 Max:  2391 Err:     0 (0.00%) Active: 1 Started: 35 Finished: 34
2026-10-08 18:04:04,667 INFO o.a.j.r.Summariser: summary =     35 in 00:07:10 =    0.1/s Avg:   373 Min:     9 Max:  2448 Err:     0 (0.00%)
2026-10-08 18:04:04,668 INFO o.a.j.t.JMeterThread: Thread is done: Intake 1-9
2026-10-08 18:04:04,668 INFO o.a.j.t.JMeterThread: Thread finished: Intake 1-9
2026-10-08 18:04:11,522 INFO o.a.j.t.JMeterThread: Thread started: Agent search 2-23
2026-10-08 18:04:11,539 INFO o.a.j.t.JMeterThread: Thread is done: Agent search 2-23
2026-10-08 18:04:11,539 INFO o.a.j.t.JMeterThread: Thread finished: Agent search 2-23
2026-10-08 18:04:13,476 INFO o.a.j.t.JMeterThread: Thread started: Agent search 2-24
2026-10-08 18:04:13,489 INFO o.a.j.t.JMeterThread: Thread is done: Agent search 2-24
2026-10-08 18:04:13,489 INFO o.a.j.t.JMeterThread: Thread finished: Agent search 2-24
2026-10-08 18:04:47,727 INFO o.a.j.t.JMeterThread: Thread started: Dashboard 3-5
2026-10-08 18:04:47,741 INFO o.a.j.t.JMeterThread: Thread is done: Dashboard 3-5
2026-10-08 18:04:47,742 INFO o.a.j.t.JMeterThread: Thread finished: Dashboard 3-5
2026-10-08 18:04:53,080 INFO o.a.j.t.JMeterThread: Thread started: Dashboard 3-6
2026-10-08 18:04:53,092 INFO o.a.j.t.JMeterThread: Thread is done: Dashboard 3-6
2026-10-08 18:04:53,092 INFO o.a.j.t.JMeterThread: Thread finished: Dashboard 3-6
2026-10-08 18:04:53,735 INFO o.a.j.t.JMeterThread: Thread started: Agent search 2-25
2026-10-08 18:04:53,750 INFO o.a.j.t.JMeterThread: Thread is done: Agent search 2-25
2026-10-08 18:04:53,750 INFO o.a.j.t.JMeterThread: Thread finished: Agent search 2-25
2026-10-08 18:04:54,563 INFO o.a.j.t.JMeterThread: Thread started: Intake 1-10
2026-10-08 18:04:56,531 INFO o.a.j.t.JMeterThread: Thread is done: Intake 1-10
2026-10-08 18:04:56,531 INFO o.a.j.t.JMeterThread: Thread finished: Intake 1-10
2026-10-08 18:05:01,180 INFO o.a.j.t.JMeterThread: Thread started: Agent search 2-26
2026-10-08 18:05:01,192 INFO o.a.j.r.Summariser: summary +      7 in 00:00:57 =    0.1/s Avg:   291 Min:    11 Max:  1966 Err:     0 (0.00%) Active: 1 Started: 42 Finished: 41
2026-10-08 18:05:01,193 INFO o.a.j.r.Summariser: summary =     42 in 00:08:06 =    0.1/s Avg:   359 Min:     9 Max:  2448 Err:     0 (0.00%)
2026-10-08 18:05:01,193 INFO o.a.j.t.JMeterThread: Thread is done: Agent search 2-26
2026-10-08 18:05:01,193 INFO o.a.j.t.JMeterThread: Thread finished: Agent search 2-26
2026-10-08 18:05:31,975 INFO o.a.j.t.JMeterThread: Thread started: Agent search 2-27
2026-10-08 18:05:31,991 INFO o.a.j.r.Summariser: summary +      1 in 00:00:31 =    0.0/s Avg:    15 Min:    15 Max:    15 Err:     0 (0.00%) Active: 1 Started: 43 Finished: 42
2026-10-08 18:05:31,991 INFO o.a.j.r.Summariser: summary =     43 in 00:08:37 =    0.1/s Avg:   351 Min:     9 Max:  2448 Err:     0 (0.00%)
2026-10-08 18:05:31,991 INFO o.a.j.t.JMeterThread: Thread is done: Agent search 2-27
2026-10-08 18:05:31,991 INFO o.a.j.t.JMeterThread: Thread finished: Agent search 2-27
2026-10-08 18:05:33,709 INFO o.a.j.t.JMeterThread: Thread started: Agent search 2-28
2026-10-08 18:05:33,724 INFO o.a.j.t.JMeterThread: Thread is done: Agent search 2-28
2026-10-08 18:05:33,725 INFO o.a.j.t.JMeterThread: Thread finished: Agent search 2-28
2026-10-08 18:05:39,910 INFO o.a.j.t.JMeterThread: Thread started: Intake 1-11
2026-10-08 18:05:40,367 INFO o.a.j.t.JMeterThread: Thread is done: Intake 1-11
2026-10-08 18:05:40,368 INFO o.a.j.t.JMeterThread: Thread finished: Intake 1-11
2026-10-08 18:05:42,359 INFO o.a.j.t.JMeterThread: Thread started: Intake 1-12
2026-10-08 18:05:42,924 INFO o.a.j.t.JMeterThread: Thread is done: Intake 1-12
2026-10-08 18:05:42,924 INFO o.a.j.t.JMeterThread: Thread finished: Intake 1-12
2026-10-08 18:06:01,563 INFO o.a.j.t.JMeterThread: Thread started: Dashboard 3-7
2026-10-08 18:06:01,574 INFO o.a.j.r.Summariser: summary +      4 in 00:00:30 =    0.1/s Avg:   260 Min:    10 Max:   563 Err:     0 (0.00%) Active: 1 Started: 47 Finished: 46
2026-10-08 18:06:01,575 INFO o.a.j.r.Summariser: summary =     47 in 00:09:07 =    0.1/s Avg:   344 Min:     9 Max:  2448 Err:     0 (0.00%)
2026-10-08 18:06:01,575 INFO o.a.j.t.JMeterThread: Thread is done: Dashboard 3-7
2026-10-08 18:06:01,575 INFO o.a.j.t.JMeterThread: Thread finished: Dashboard 3-7
2026-10-08 18:06:17,546 INFO o.a.j.t.JMeterThread: Thread started: Agent search 2-29
2026-10-08 18:06:17,564 INFO o.a.j.t.JMeterThread: Thread is done: Agent search 2-29
2026-10-08 18:06:17,564 INFO o.a.j.t.JMeterThread: Thread finished: Agent search 2-29
2026-10-08 18:06:19,184 INFO o.a.j.t.JMeterThread: Thread started: Agent search 2-30
2026-10-08 18:06:19,197 INFO o.a.j.t.JMeterThread: Thread is done: Agent search 2-30
2026-10-08 18:06:19,198 INFO o.a.j.t.JMeterThread: Thread finished: Agent search 2-30
2026-10-08 18:06:25,246 INFO o.a.j.t.JMeterThread: Thread started: Agent search 2-31
2026-10-08 18:06:25,258 INFO o.a.j.t.JMeterThread: Thread is done: Agent search 2-31
2026-10-08 18:06:25,258 INFO o.a.j.t.JMeterThread: Thread finished: Agent search 2-31
2026-10-08 18:06:41,317 INFO o.a.j.t.JMeterThread: Thread started: Intake 1-13
2026-10-08 18:06:42,238 INFO o.a.j.t.JMeterThread: Thread started: Dashboard 3-8
2026-10-08 18:06:42,249 INFO o.a.j.t.JMeterThread: Thread is done: Dashboard 3-8
2026-10-08 18:06:42,250 INFO o.a.j.t.JMeterThread: Thread finished: Dashboard 3-8
2026-10-08 18:06:43,147 INFO o.a.j.t.JMeterThread: Thread is done: Intake 1-13
2026-10-08 18:06:43,147 INFO o.a.j.t.JMeterThread: Thread finished: Intake 1-13
2026-10-08 18:07:05,642 INFO o.a.j.t.JMeterThread: Thread started: Intake 1-14
2026-10-08 18:07:06,257 INFO o.a.j.t.JMeterThread: Thread started: Agent search 2-32
2026-10-08 18:07:06,271 INFO o.a.j.t.JMeterThread: Thread is done: Agent search 2-32
2026-10-08 18:07:06,272 INFO o.a.j.t.JMeterThread: Thread finished: Agent search 2-32
2026-10-08 18:07:06,989 INFO o.a.j.t.JMeterThread: Thread is done: Intake 1-14
2026-10-08 18:07:06,989 INFO o.a.j.t.JMeterThread: Thread finished: Intake 1-14
2026-10-08 18:07:08,301 INFO o.a.j.t.JMeterThread: Thread started: Agent search 2-33
2026-10-08 18:07:08,314 INFO o.a.j.t.JMeterThread: Thread is done: Agent search 2-33
2026-10-08 18:07:08,315 INFO o.a.j.t.JMeterThread: Thread finished: Agent search 2-33
2026-10-08 18:07:11,210 INFO o.a.j.t.JMeterThread: Thread started: Intake 1-15
2026-10-08 18:07:13,249 INFO o.a.j.t.JMeterThread: Thread is done: Intake 1-15
2026-10-08 18:07:13,250 INFO o.a.j.t.JMeterThread: Thread finished: Intake 1-15
2026-10-08 18:07:13,473 INFO o.a.j.t.JMeterThread: Thread started: Agent search 2-34
2026-10-08 18:07:13,484 INFO o.a.j.t.JMeterThread: Thread is done: Agent search 2-34
2026-10-08 18:07:13,484 INFO o.a.j.t.JMeterThread: Thread finished: Agent search 2-34
2026-10-08 18:07:22,314 INFO o.a.j.t.JMeterThread: Thread started: Agent search 2-35
2026-10-08 18:07:22,330 INFO o.a.j.t.JMeterThread: Thread is done: Agent search 2-35
2026-10-08 18:07:22,330 INFO o.a.j.t.JMeterThread: Thread finished: Agent search 2-35
2026-10-08 18:07:50,142 INFO o.a.j.t.JMeterThread: Thread started: Dashboard 3-9
2026-10-08 18:07:50,154 INFO o.a.j.t.JMeterThread: Thread is done: Dashboard 3-9
2026-10-08 18:07:50,154 INFO o.a.j.t.JMeterThread: Thread finished: Dashboard 3-9
2026-10-08 18:08:02,475 INFO o.a.j.t.JMeterThread: Thread started: Intake 1-16
2026-10-08 18:08:02,911 INFO o.a.j.r.Summariser: summary +     13 in 00:02:01 =    0.1/s Avg:   442 Min:     8 Max:  2037 Err:     0 (0.00%) Active: 1 Started: 60 Finished: 59
2026-10-08 18:08:02,913 INFO o.a.j.r.Summariser: summary =     60 in 00:11:08 =    0.1/s Avg:   365 Min:     8 Max:  2448 Err:     0 (0.00%)
2026-10-08 18:08:02,914 INFO o.a.j.t.JMeterThread: Thread is done: Intake 1-16
2026-10-08 18:08:02,914 INFO o.a.j.t.JMeterThread: Thread finished: Intake 1-16
2026-10-08 18:08:19,095 INFO o.a.j.t.JMeterThread: Thread started: Agent search 2-36
2026-10-08 18:08:19,113 INFO o.a.j.t.JMeterThread: Thread is done: Agent search 2-36
2026-10-08 18:08:19,113 INFO o.a.j.t.JMeterThread: Thread finished: Agent search 2-36
2026-10-08 18:08:50,144 INFO o.a.j.t.JMeterThread: Thread started: Agent search 2-37
2026-10-08 18:08:50,157 INFO o.a.j.t.JMeterThread: Thread is done: Agent search 2-37
2026-10-08 18:08:50,158 INFO o.a.j.t.JMeterThread: Thread finished: Agent search 2-37
2026-10-08 18:08:55,752 INFO o.a.j.t.JMeterThread: Thread started: Dashboard 3-10
2026-10-08 18:08:55,765 INFO o.a.j.t.JMeterThread: Thread is done: Dashboard 3-10
2026-10-08 18:08:55,765 INFO o.a.j.t.JMeterThread: Thread finished: Dashboard 3-10
2026-10-08 18:09:00,503 INFO o.a.j.t.JMeterThread: Thread started: Intake 1-17
2026-10-08 18:09:01,095 INFO o.a.j.r.Summariser: summary +      4 in 00:00:58 =    0.1/s Avg:   157 Min:    11 Max:   589 Err:     0 (0.00%) Active: 1 Started: 64 Finished: 63
2026-10-08 18:09:01,097 INFO o.a.j.r.Summariser: summary =     64 in 00:12:06 =    0.1/s Avg:   352 Min:     8 Max:  2448 Err:     0 (0.00%)
2026-10-08 18:09:01,098 INFO o.a.j.t.JMeterThread: Thread is done: Intake 1-17
2026-10-08 18:09:01,098 INFO o.a.j.t.JMeterThread: Thread finished: Intake 1-17
2026-10-08 18:09:29,396 INFO o.a.j.t.JMeterThread: Thread started: Intake 1-18
2026-10-08 18:09:31,094 INFO o.a.j.r.Summariser: summary +      1 in 00:00:30 =    0.0/s Avg:  1694 Min:  1694 Max:  1694 Err:     0 (0.00%) Active: 1 Started: 65 Finished: 64
2026-10-08 18:09:31,096 INFO o.a.j.r.Summariser: summary =     65 in 00:12:36 =    0.1/s Avg:   372 Min:     8 Max:  2448 Err:     0 (0.00%)
2026-10-08 18:09:31,097 INFO o.a.j.t.JMeterThread: Thread is done: Intake 1-18
2026-10-08 18:09:31,097 INFO o.a.j.t.JMeterThread: Thread finished: Intake 1-18
2026-10-08 18:09:32,130 INFO o.a.j.t.JMeterThread: Thread started: Dashboard 3-11
2026-10-08 18:09:32,143 INFO o.a.j.t.JMeterThread: Thread is done: Dashboard 3-11
2026-10-08 18:09:32,143 INFO o.a.j.t.JMeterThread: Thread finished: Dashboard 3-11
2026-10-08 18:09:32,203 INFO o.a.j.t.JMeterThread: Thread started: Agent search 2-38
2026-10-08 18:09:32,212 INFO o.a.j.t.JMeterThread: Thread is done: Agent search 2-38
2026-10-08 18:09:32,212 INFO o.a.j.t.JMeterThread: Thread finished: Agent search 2-38
2026-10-08 18:09:34,104 INFO o.a.j.t.JMeterThread: Thread started: Intake 1-19
2026-10-08 18:09:35,961 INFO o.a.j.t.JMeterThread: Thread is done: Intake 1-19
2026-10-08 18:09:35,961 INFO o.a.j.t.JMeterThread: Thread finished: Intake 1-19
2026-10-08 18:10:09,783 INFO o.a.j.t.JMeterThread: Thread started: Intake 1-20
2026-10-08 18:10:11,038 INFO o.a.j.t.JMeterThread: Thread is done: Intake 1-20
2026-10-08 18:10:11,038 INFO o.a.j.t.JMeterThread: Thread finished: Intake 1-20
2026-10-08 18:10:16,133 INFO o.a.j.t.JMeterThread: Thread started: Agent search 2-39
2026-10-08 18:10:16,149 INFO o.a.j.t.JMeterThread: Thread is done: Agent search 2-39
2026-10-08 18:10:16,150 INFO o.a.j.t.JMeterThread: Thread finished: Agent search 2-39
2026-10-08 18:10:18,983 INFO o.a.j.t.JMeterThread: Thread started: Agent search 2-40
2026-10-08 18:10:18,997 INFO o.a.j.t.JMeterThread: Thread is done: Agent search 2-40
2026-10-08 18:10:18,997 INFO o.a.j.t.JMeterThread: Thread finished: Agent search 2-40
2026-10-08 18:10:22,452 INFO o.a.j.t.JMeterThread: Thread started: Agent search 2-41
2026-10-08 18:10:22,472 INFO o.a.j.t.JMeterThread: Thread is done: Agent search 2-41
2026-10-08 18:10:22,472 INFO o.a.j.t.JMeterThread: Thread finished: Agent search 2-41
2026-10-08 18:10:29,546 INFO o.a.j.t.JMeterThread: Thread started: Agent search 2-42
2026-10-08 18:10:29,557 INFO o.a.j.t.JMeterThread: Thread is done: Agent search 2-42
2026-10-08 18:10:29,557 INFO o.a.j.t.JMeterThread: Thread finished: Agent search 2-42
2026-10-08 18:10:40,903 INFO o.a.j.t.JMeterThread: Thread started: Agent search 2-43
2026-10-08 18:10:40,915 INFO o.a.j.t.JMeterThread: Thread is done: Agent search 2-43
2026-10-08 18:10:40,916 INFO o.a.j.t.JMeterThread: Thread finished: Agent search 2-43
2026-10-08 18:10:50,492 INFO o.a.j.t.JMeterThread: Thread started: Agent search 2-44
2026-10-08 18:10:50,504 INFO o.a.j.t.JMeterThread: Thread is done: Agent search 2-44
2026-10-08 18:10:50,504 INFO o.a.j.t.JMeterThread: Thread finished: Agent search 2-44
2026-10-08 18:10:52,568 INFO o.a.j.t.JMeterThread: Thread started: Agent search 2-45
2026-10-08 18:10:52,584 INFO o.a.j.t.JMeterThread: Thread is done: Agent search 2-45
2026-10-08 18:10:52,585 INFO o.a.j.t.JMeterThread: Thread finished: Agent search 2-45
2026-10-08 18:10:54,205 INFO o.a.j.t.JMeterThread: Thread started: Dashboard 3-12
2026-10-08 18:10:54,216 INFO o.a.j.t.JMeterThread: Thread is done: Dashboard 3-12
2026-10-08 18:10:54,217 INFO o.a.j.t.JMeterThread: Thread finished: Dashboard 3-12
2026-10-08 18:11:06,232 INFO o.a.j.t.JMeterThread: Thread started: Agent search 2-46
2026-10-08 18:11:06,247 INFO o.a.j.t.JMeterThread: Thread is done: Agent search 2-46
2026-10-08 18:11:06,247 INFO o.a.j.t.JMeterThread: Thread finished: Agent search 2-46
2026-10-08 18:11:21,307 INFO o.a.j.t.JMeterThread: Thread started: Intake 1-21
2026-10-08 18:11:23,180 INFO o.a.j.t.JMeterThread: Thread is done: Intake 1-21
2026-10-08 18:11:23,180 INFO o.a.j.t.JMeterThread: Thread finished: Intake 1-21
2026-10-08 18:11:27,739 INFO o.a.j.t.JMeterThread: Thread started: Agent search 2-47
2026-10-08 18:11:27,755 INFO o.a.j.t.JMeterThread: Thread is done: Agent search 2-47
2026-10-08 18:11:27,755 INFO o.a.j.t.JMeterThread: Thread finished: Agent search 2-47
2026-10-08 18:11:40,493 INFO o.a.j.t.JMeterThread: Thread started: Intake 1-22
2026-10-08 18:11:40,968 INFO o.a.j.t.JMeterThread: Thread is done: Intake 1-22
2026-10-08 18:11:40,968 INFO o.a.j.t.JMeterThread: Thread finished: Intake 1-22
2026-10-08 18:11:51,721 INFO o.a.j.t.JMeterThread: Thread started: Agent search 2-48
2026-10-08 18:11:51,741 INFO o.a.j.t.JMeterThread: Thread is done: Agent search 2-48
2026-10-08 18:11:51,741 INFO o.a.j.t.JMeterThread: Thread finished: Agent search 2-48
2026-10-08 18:11:56,689 INFO o.a.j.t.JMeterThread: Thread started: Dashboard 3-13
2026-10-08 18:11:56,706 INFO o.a.j.t.JMeterThread: Thread is done: Dashboard 3-13
2026-10-08 18:11:56,707 INFO o.a.j.t.JMeterThread: Thread finished: Dashboard 3-13
2026-10-08 18:12:00,638 INFO o.a.j.t.JMeterThread: Thread started: Intake 1-23
2026-10-08 18:12:01,892 INFO o.a.j.r.Summariser: summary +     19 in 00:02:31 =    0.1/s Avg:   361 Min:     8 Max:  1870 Err:     0 (0.00%) Active: 1 Started: 84 Finished: 83
2026-10-08 18:12:01,893 INFO o.a.j.r.Summariser: summary =     84 in 00:15:07 =    0.1/s Avg:   370 Min:     8 Max:  2448 Err:     0 (0.00%)
2026-10-08 18:12:01,894 INFO o.a.j.t.JMeterThread: Thread is done: Intake 1-23
2026-10-08 18:12:01,894 INFO o.a.j.t.JMeterThread: Thread finished: Intake 1-23
2026-10-08 18:12:04,087 INFO o.a.j.t.JMeterThread: Thread started: Agent search 2-49
2026-10-08 18:12:04,103 INFO o.a.j.t.JMeterThread: Thread is done: Agent search 2-49
2026-10-08 18:12:04,103 INFO o.a.j.t.JMeterThread: Thread finished: Agent search 2-49
2026-10-08 18:12:04,951 INFO o.a.j.t.JMeterThread: Thread started: Agent search 2-50
2026-10-08 18:12:04,971 INFO o.a.j.t.JMeterThread: Thread is done: Agent search 2-50
2026-10-08 18:12:04,971 INFO o.a.j.t.JMeterThread: Thread finished: Agent search 2-50
2026-10-08 18:12:07,098 INFO o.a.j.t.JMeterThread: Thread started: Agent search 2-51
2026-10-08 18:12:07,112 INFO o.a.j.t.JMeterThread: Thread is done: Agent search 2-51
2026-10-08 18:12:07,112 INFO o.a.j.t.JMeterThread: Thread finished: Agent search 2-51
2026-10-08 18:12:11,593 INFO o.a.j.t.JMeterThread: Thread started: Intake 1-24
2026-10-08 18:12:12,273 INFO o.a.j.t.JMeterThread: Thread started: Agent search 2-52
2026-10-08 18:12:12,287 INFO o.a.j.t.JMeterThread: Thread is done: Agent search 2-52
2026-10-08 18:12:12,287 INFO o.a.j.t.JMeterThread: Thread finished: Agent search 2-52
2026-10-08 18:12:13,607 INFO o.a.j.t.JMeterThread: Thread is done: Intake 1-24
2026-10-08 18:12:13,607 INFO o.a.j.t.JMeterThread: Thread finished: Intake 1-24
2026-10-08 18:12:24,133 INFO o.a.j.t.JMeterThread: Thread started: Agent search 2-53
2026-10-08 18:12:24,147 INFO o.a.j.t.JMeterThread: Thread is done: Agent search 2-53
2026-10-08 18:12:24,147 INFO o.a.j.t.JMeterThread: Thread finished: Agent search 2-53
2026-10-08 18:12:44,974 INFO o.a.j.t.JMeterThread: Thread started: Intake 1-25
2026-10-08 18:12:45,448 INFO o.a.j.t.JMeterThread: Thread is done: Intake 1-25
2026-10-08 18:12:45,448 INFO o.a.j.t.JMeterThread: Thread finished: Intake 1-25
2026-10-08 18:12:48,406 INFO o.a.j.t.JMeterThread: Thread started: Dashboard 3-14
2026-10-08 18:12:48,420 INFO o.a.j.t.JMeterThread: Thread is done: Dashboard 3-14
2026-10-08 18:12:48,420 INFO o.a.j.t.JMeterThread: Thread finished: Dashboard 3-14
2026-10-08 18:13:08,989 INFO o.a.j.t.JMeterThread: Thread started: Agent search 2-54
2026-10-08 18:13:09,005 INFO o.a.j.t.JMeterThread: Thread is done: Agent search 2-54
2026-10-08 18:13:09,005 INFO o.a.j.t.JMeterThread: Thread finished: Agent search 2-54
2026-10-08 18:13:09,439 INFO o.a.j.t.JMeterThread: Thread started: Agent search 2-55
2026-10-08 18:13:09,452 INFO o.a.j.t.JMeterThread: Thread is done: Agent search 2-55
2026-10-08 18:13:09,452 INFO o.a.j.t.JMeterThread: Thread finished: Agent search 2-55
2026-10-08 18:13:12,381 INFO o.a.j.t.JMeterThread: Thread started: Agent search 2-56
2026-10-08 18:13:12,398 INFO o.a.j.t.JMeterThread: Thread is done: Agent search 2-56
2026-10-08 18:13:12,398 INFO o.a.j.t.JMeterThread: Thread finished: Agent search 2-56
2026-10-08 18:13:29,579 INFO o.a.j.t.JMeterThread: Thread started: Intake 1-26
2026-10-08 18:13:31,366 INFO o.a.j.r.Summariser: summary +     12 in 00:01:29 =    0.1/s Avg:   365 Min:    11 Max:  2012 Err:     0 (0.00%) Active: 1 Started: 96 Finished: 95
2026-10-08 18:13:31,367 INFO o.a.j.r.Summariser: summary =     96 in 00:16:37 =    0.1/s Avg:   369 Min:     8 Max:  2448 Err:     0 (0.00%)
2026-10-08 18:13:31,367 INFO o.a.j.t.JMeterThread: Thread is done: Intake 1-26
2026-10-08 18:13:31,367 INFO o.a.j.t.JMeterThread: Thread finished: Intake 1-26
2026-10-08 18:13:40,764 INFO o.a.j.t.JMeterThread: Thread started: Agent search 2-57
2026-10-08 18:13:40,775 INFO o.a.j.t.JMeterThread: Thread is done: Agent search 2-57
2026-10-08 18:13:40,775 INFO o.a.j.t.JMeterThread: Thread finished: Agent search 2-57
2026-10-08 18:13:43,328 INFO o.a.j.t.JMeterThread: Thread started: Dashboard 3-15
2026-10-08 18:13:43,339 INFO o.a.j.t.JMeterThread: Thread is done: Dashboard 3-15
2026-10-08 18:13:43,339 INFO o.a.j.t.JMeterThread: Thread finished: Dashboard 3-15
2026-10-08 18:13:50,095 INFO o.a.j.t.JMeterThread: Thread started: Intake 1-27
2026-10-08 18:13:50,997 INFO o.a.j.t.JMeterThread: Thread started: Agent search 2-58
2026-10-08 18:13:51,011 INFO o.a.j.t.JMeterThread: Thread is done: Agent search 2-58
2026-10-08 18:13:51,011 INFO o.a.j.t.JMeterThread: Thread finished: Agent search 2-58
2026-10-08 18:13:52,917 INFO o.a.j.t.JMeterThread: Thread is done: Intake 1-27
2026-10-08 18:13:52,917 INFO o.a.j.t.JMeterThread: Thread finished: Intake 1-27
2026-10-08 18:14:05,692 INFO o.a.j.t.JMeterThread: Thread started: Agent search 2-59
2026-10-08 18:14:05,706 INFO o.a.j.r.Summariser: summary +      5 in 00:00:34 =    0.1/s Avg:   573 Min:     9 Max:  2821 Err:     0 (0.00%) Active: 1 Started: 101 Finished: 100
2026-10-08 18:14:05,707 INFO o.a.j.r.Summariser: summary =    101 in 00:17:11 =    0.1/s Avg:   379 Min:     8 Max:  2821 Err:     0 (0.00%)
2026-10-08 18:14:05,707 INFO o.a.j.t.JMeterThread: Thread is done: Agent search 2-59
2026-10-08 18:14:05,707 INFO o.a.j.t.JMeterThread: Thread finished: Agent search 2-59
2026-10-08 18:14:08,091 INFO o.a.j.t.JMeterThread: Thread started: Intake 1-28
2026-10-08 18:14:08,569 INFO o.a.j.t.JMeterThread: Thread is done: Intake 1-28
2026-10-08 18:14:08,569 INFO o.a.j.t.JMeterThread: Thread finished: Intake 1-28
2026-10-08 18:14:10,923 INFO o.a.j.t.JMeterThread: Thread started: Agent search 2-60
2026-10-08 18:14:10,937 INFO o.a.j.t.JMeterThread: Thread is done: Agent search 2-60
2026-10-08 18:14:10,938 INFO o.a.j.t.JMeterThread: Thread finished: Agent search 2-60
2026-10-08 18:14:13,489 INFO o.a.j.t.JMeterThread: Thread started: Dashboard 3-16
2026-10-08 18:14:13,501 INFO o.a.j.t.JMeterThread: Thread is done: Dashboard 3-16
2026-10-08 18:14:13,502 INFO o.a.j.t.JMeterThread: Thread finished: Dashboard 3-16
2026-10-08 18:14:15,321 INFO o.a.j.t.JMeterThread: Thread started: Agent search 2-61
2026-10-08 18:14:15,336 INFO o.a.j.t.JMeterThread: Thread is done: Agent search 2-61
2026-10-08 18:14:15,336 INFO o.a.j.t.JMeterThread: Thread finished: Agent search 2-61
2026-10-08 18:14:26,139 INFO o.a.j.t.JMeterThread: Thread started: Agent search 2-62
2026-10-08 18:14:26,151 INFO o.a.j.t.JMeterThread: Thread is done: Agent search 2-62
2026-10-08 18:14:26,151 INFO o.a.j.t.JMeterThread: Thread finished: Agent search 2-62
2026-10-08 18:14:38,562 INFO o.a.j.t.JMeterThread: Thread started: Agent search 2-63
2026-10-08 18:14:38,572 INFO o.a.j.t.JMeterThread: Thread is done: Agent search 2-63
2026-10-08 18:14:38,572 INFO o.a.j.t.JMeterThread: Thread finished: Agent search 2-63
2026-10-08 18:15:03,594 INFO o.a.j.t.JMeterThread: Thread started: Dashboard 3-17
2026-10-08 18:15:03,605 INFO o.a.j.r.Summariser: summary +      7 in 00:00:58 =    0.1/s Avg:    77 Min:     8 Max:   476 Err:     0 (0.00%) Active: 1 Started: 108 Finished: 107
2026-10-08 18:15:03,606 INFO o.a.j.r.Summariser: summary =    108 in 00:18:09 =    0.1/s Avg:   360 Min:     8 Max:  2821 Err:     0 (0.00%)
2026-10-08 18:15:03,606 INFO o.a.j.t.JMeterThread: Thread is done: Dashboard 3-17
2026-10-08 18:15:03,606 INFO o.a.j.t.JMeterThread: Thread finished: Dashboard 3-17
2026-10-08 18:15:04,412 INFO o.a.j.t.JMeterThread: Thread started: Agent search 2-64
2026-10-08 18:15:04,427 INFO o.a.j.t.JMeterThread: Thread is done: Agent search 2-64
2026-10-08 18:15:04,427 INFO o.a.j.t.JMeterThread: Thread finished: Agent search 2-64
2026-10-08 18:15:05,083 INFO o.a.j.t.JMeterThread: Thread started: Agent search 2-65
2026-10-08 18:15:05,099 INFO o.a.j.t.JMeterThread: Thread is done: Agent search 2-65
2026-10-08 18:15:05,099 INFO o.a.j.t.JMeterThread: Thread finished: Agent search 2-65
2026-10-08 18:15:08,824 INFO o.a.j.t.JMeterThread: Thread started: Intake 1-29
2026-10-08 18:15:09,958 INFO o.a.j.t.JMeterThread: Thread started: Intake 1-30
2026-10-08 18:15:10,548 INFO o.a.j.t.JMeterThread: Thread is done: Intake 1-29
2026-10-08 18:15:10,548 INFO o.a.j.t.JMeterThread: Thread finished: Intake 1-29
2026-10-08 18:15:13,060 INFO o.a.j.t.JMeterThread: Thread is done: Intake 1-30
2026-10-08 18:15:13,060 INFO o.a.j.t.JMeterThread: Thread finished: Intake 1-30
2026-10-08 18:15:19,503 INFO o.a.j.t.JMeterThread: Thread started: Intake 1-31
2026-10-08 18:15:21,125 INFO o.a.j.t.JMeterThread: Thread is done: Intake 1-31
2026-10-08 18:15:21,125 INFO o.a.j.t.JMeterThread: Thread finished: Intake 1-31
2026-10-08 18:15:27,474 INFO o.a.j.t.JMeterThread: Thread started: Agent search 2-66
2026-10-08 18:15:27,488 INFO o.a.j.t.JMeterThread: Thread is done: Agent search 2-66
2026-10-08 18:15:27,488 INFO o.a.j.t.JMeterThread: Thread finished: Agent search 2-66
2026-10-08 18:15:31,798 INFO o.a.j.t.JMeterThread: Thread started: Dashboard 3-18
2026-10-08 18:15:31,811 INFO o.a.j.r.Summariser: summary +      7 in 00:00:28 =    0.2/s Avg:   927 Min:    10 Max:  3099 Err:     0 (0.00%) Active: 1 Started: 115 Finished: 114
2026-10-08 18:15:31,812 INFO o.a.j.r.Summariser: summary =    115 in 00:18:37 =    0.1/s Avg:   394 Min:     8 Max:  3099 Err:     0 (0.00%)
2026-10-08 18:15:31,813 INFO o.a.j.t.JMeterThread: Thread is done: Dashboard 3-18
2026-10-08 18:15:31,813 INFO o.a.j.t.JMeterThread: Thread finished: Dashboard 3-18
2026-10-08 18:15:36,829 INFO o.a.j.t.JMeterThread: Thread started: Dashboard 3-19
2026-10-08 18:15:36,839 INFO o.a.j.t.JMeterThread: Thread is done: Dashboard 3-19
2026-10-08 18:15:36,839 INFO o.a.j.t.JMeterThread: Thread finished: Dashboard 3-19
2026-10-08 18:15:41,677 INFO o.a.j.t.JMeterThread: Thread started: Agent search 2-67
2026-10-08 18:15:41,690 INFO o.a.j.t.JMeterThread: Thread is done: Agent search 2-67
2026-10-08 18:15:41,690 INFO o.a.j.t.JMeterThread: Thread finished: Agent search 2-67
2026-10-08 18:15:57,976 INFO o.a.j.t.JMeterThread: Thread started: Agent search 2-68
2026-10-08 18:15:57,992 INFO o.a.j.t.JMeterThread: Thread is done: Agent search 2-68
2026-10-08 18:15:57,992 INFO o.a.j.t.JMeterThread: Thread finished: Agent search 2-68
2026-10-08 18:16:32,662 INFO o.a.j.t.o.OpenModelThreadGroup: There will be no more events, so will wait for 21 sec till the end of the schedule
2026-10-08 18:16:32,662 INFO o.a.j.t.JMeterThread: Thread started: Dashboard 3-20
2026-10-08 18:16:32,674 INFO o.a.j.r.Summariser: summary +      4 in 00:01:01 =    0.1/s Avg:    10 Min:     9 Max:    13 Err:     0 (0.00%) Active: 1 Started: 119 Finished: 118
2026-10-08 18:16:32,675 INFO o.a.j.r.Summariser: summary =    119 in 00:19:38 =    0.1/s Avg:   381 Min:     8 Max:  3099 Err:     0 (0.00%)
2026-10-08 18:16:32,676 INFO o.a.j.t.JMeterThread: Thread is done: Dashboard 3-20
2026-10-08 18:16:32,676 INFO o.a.j.t.JMeterThread: Thread finished: Dashboard 3-20
2026-10-08 18:16:32,849 INFO o.a.j.t.JMeterThread: Thread started: Agent search 2-69
2026-10-08 18:16:32,863 INFO o.a.j.t.JMeterThread: Thread is done: Agent search 2-69
2026-10-08 18:16:32,863 INFO o.a.j.t.JMeterThread: Thread finished: Agent search 2-69
2026-10-08 18:16:33,337 INFO o.a.j.t.JMeterThread: Thread started: Intake 1-32
2026-10-08 18:16:34,895 INFO o.a.j.t.JMeterThread: Thread is done: Intake 1-32
2026-10-08 18:16:34,895 INFO o.a.j.t.JMeterThread: Thread finished: Intake 1-32
2026-10-08 18:16:47,724 INFO o.a.j.t.JMeterThread: Thread started: Agent search 2-70
2026-10-08 18:16:47,738 INFO o.a.j.t.JMeterThread: Thread is done: Agent search 2-70
2026-10-08 18:16:47,738 INFO o.a.j.t.JMeterThread: Thread finished: Agent search 2-70
2026-10-08 18:16:48,584 INFO o.a.j.t.o.OpenModelThreadGroup: There will be no more events, so will wait for 6 sec till the end of the schedule
2026-10-08 18:16:48,584 INFO o.a.j.t.JMeterThread: Thread started: Intake 1-33
2026-10-08 18:16:50,351 INFO o.a.j.t.JMeterThread: Thread is done: Intake 1-33
2026-10-08 18:16:50,351 INFO o.a.j.t.JMeterThread: Thread finished: Intake 1-33
2026-10-08 18:16:53,688 INFO o.a.j.t.o.OpenModelThreadGroup: There will be no more events, so will wait for 0 sec till the end of the schedule
2026-10-08 18:16:53,689 INFO o.a.j.t.JMeterThread: Thread started: Agent search 2-71
2026-10-08 18:16:53,705 INFO o.a.j.t.JMeterThread: Thread is done: Agent search 2-71
2026-10-08 18:16:53,705 INFO o.a.j.t.JMeterThread: Thread finished: Agent search 2-71
2026-10-08 18:16:54,656 INFO o.a.j.t.o.OpenModelThreadGroup: There will be no more events, will shutdown the thread pool
2026-10-08 18:16:54,656 INFO o.a.j.t.o.OpenModelThreadGroup: Thread starting done
2026-10-08 18:16:54,657 INFO o.a.j.t.o.OpenModelThreadGroup: There will be no more events, will shutdown the thread pool
2026-10-08 18:16:54,657 INFO o.a.j.t.o.OpenModelThreadGroup: There will be no more events, will shutdown the thread pool
2026-10-08 18:16:54,657 INFO o.a.j.t.o.OpenModelThreadGroup: Thread starting done
2026-10-08 18:16:54,657 INFO o.a.j.t.o.OpenModelThreadGroup: Thread starting done
2026-10-08 18:16:54,657 INFO o.a.j.e.StandardJMeterEngine: Notifying test listeners of end of test
2026-10-08 18:16:54,657 INFO o.a.j.s.FileServer: Close: narratives.txt
2026-10-08 18:16:54,657 INFO o.a.j.s.FileServer: Close: search_terms.csv
2026-10-08 18:16:54,658 INFO o.a.j.r.Summariser: summary +      5 in 00:00:22 =    0.2/s Avg:   671 Min:    12 Max:  1765 Err:     0 (0.00%) Active: 0 Started: 124 Finished: 124
2026-10-08 18:16:54,658 INFO o.a.j.r.Summariser: summary =    124 in 00:20:00 =    0.1/s Avg:   393 Min:     8 Max:  3099 Err:     0 (0.00%)
