2026-10-08 18:19:55,793 INFO o.a.j.u.JMeterUtils: Setting Locale to en_EN
2026-10-08 18:19:55,804 INFO o.a.j.JMeter: Loading user properties from: C:\apache-jmeter-5.6.3\bin\user.properties
2026-10-08 18:19:55,804 INFO o.a.j.JMeter: Loading system properties from: C:\apache-jmeter-5.6.3\bin\system.properties
2026-10-08 18:19:55,804 INFO o.a.j.JMeter: Setting JMeter property: host=192.168.50.104
2026-10-08 18:19:55,804 INFO o.a.j.JMeter: Setting JMeter property: ticket_rate=100
2026-10-08 18:19:55,804 INFO o.a.j.JMeter: Setting JMeter property: search_rate=214
2026-10-08 18:19:55,804 INFO o.a.j.JMeter: Setting JMeter property: stats_rate=60
2026-10-08 18:19:55,804 INFO o.a.j.JMeter: Setting JMeter property: duration=20
2026-10-08 18:19:55,804 INFO o.a.j.JMeter: Setting JMeter property: run_id=gemma3_4b-100-r3
2026-10-08 18:19:55,804 INFO o.a.j.JMeter: Setting JMeter property: jmeter.save.saveservice.output_format=csv
2026-10-08 18:19:55,809 INFO o.a.j.JMeter: Copyright (c) 1998-2024 The Apache Software Foundation
2026-10-08 18:19:55,809 INFO o.a.j.JMeter: Version 5.6.3
2026-10-08 18:19:55,809 INFO o.a.j.JMeter: java.version=17
2026-10-08 18:19:55,809 INFO o.a.j.JMeter: java.vm.name=Java HotSpot(TM) 64-Bit Server VM
2026-10-08 18:19:55,809 INFO o.a.j.JMeter: os.name=Windows 10
2026-10-08 18:19:55,809 INFO o.a.j.JMeter: os.arch=amd64
2026-10-08 18:19:55,809 INFO o.a.j.JMeter: os.version=10.0
2026-10-08 18:19:55,809 INFO o.a.j.JMeter: file.encoding=Cp1252
2026-10-08 18:19:55,809 INFO o.a.j.JMeter: java.awt.headless=true
2026-10-08 18:19:55,809 INFO o.a.j.JMeter: Max memory     =1073741824
2026-10-08 18:19:55,809 INFO o.a.j.JMeter: Available Processors =20
2026-10-08 18:19:55,814 INFO o.a.j.JMeter: Default Locale=English (EN)
2026-10-08 18:19:55,814 INFO o.a.j.JMeter: JMeter  Locale=English (EN)
2026-10-08 18:19:55,814 INFO o.a.j.JMeter: JMeterHome=C:\apache-jmeter-5.6.3
2026-10-08 18:19:55,814 INFO o.a.j.JMeter: user.dir  =C:\Users\Ashley\Documents\GitHub\ICT3113_P2-3
2026-10-08 18:19:55,814 INFO o.a.j.JMeter: PWD       =C:\Users\Ashley\Documents\GitHub\ICT3113_P2-3
2026-10-08 18:19:55,815 INFO o.a.j.JMeter: IP: 192.168.50.172 Name: DESKTOP-FE7GKLN FullName: DESKTOP-FE7GKLN
2026-10-08 18:19:55,826 INFO o.a.j.s.FileServer: Default base='C:\Users\Ashley\Documents\GitHub\ICT3113_P2-3'
2026-10-08 18:19:55,827 INFO o.a.j.s.FileServer: Set new base='C:\Users\Ashley\Documents\GitHub\ICT3113_P2-3\jmeter'
2026-10-08 18:19:55,897 INFO o.a.j.s.SaveService: Testplan (JMX) version: 2.2. Testlog (JTL) version: 2.2
2026-10-08 18:19:55,909 INFO o.a.j.s.SaveService: Using SaveService properties version 5.0
2026-10-08 18:19:55,911 INFO o.a.j.s.SaveService: Using SaveService properties file encoding UTF-8
2026-10-08 18:19:55,913 INFO o.a.j.s.SaveService: Loading file: C:\Users\Ashley\Documents\GitHub\ICT3113_P2-3\jmeter\load_test.jmx
2026-10-08 18:19:55,941 INFO o.a.j.p.h.s.HTTPSamplerBase: Parser for text/html is org.apache.jmeter.protocol.http.parser.LagartoBasedHtmlParser
2026-10-08 18:19:55,941 INFO o.a.j.p.h.s.HTTPSamplerBase: Parser for application/xhtml+xml is org.apache.jmeter.protocol.http.parser.LagartoBasedHtmlParser
2026-10-08 18:19:55,941 INFO o.a.j.p.h.s.HTTPSamplerBase: Parser for application/xml is org.apache.jmeter.protocol.http.parser.LagartoBasedHtmlParser
2026-10-08 18:19:55,941 INFO o.a.j.p.h.s.HTTPSamplerBase: Parser for text/xml is org.apache.jmeter.protocol.http.parser.LagartoBasedHtmlParser
2026-10-08 18:19:55,941 INFO o.a.j.p.h.s.HTTPSamplerBase: Parser for text/vnd.wap.wml is org.apache.jmeter.protocol.http.parser.RegexpHTMLParser
2026-10-08 18:19:55,941 INFO o.a.j.p.h.s.HTTPSamplerBase: Parser for text/css is org.apache.jmeter.protocol.http.parser.CssParser
2026-10-08 18:19:55,953 INFO o.a.j.JMeter: Creating summariser <summary>
2026-10-08 18:19:55,961 INFO o.a.j.e.StandardJMeterEngine: Running the test!
2026-10-08 18:19:55,961 INFO o.a.j.s.SampleEvent: List of sample_variables: []
2026-10-08 18:19:55,961 INFO o.a.j.s.SampleEvent: List of sample_variables: []
2026-10-08 18:19:55,964 INFO o.a.j.e.u.CompoundVariable: Note: Function class names must contain the string: '.functions.'
2026-10-08 18:19:55,964 INFO o.a.j.e.u.CompoundVariable: Note: Function class names must not contain the string: '.gui.'
2026-10-08 18:19:56,002 INFO o.a.j.JMeter: Running test (1791454796002)
2026-10-08 18:19:56,008 INFO o.a.j.e.StandardJMeterEngine: Starting ThreadGroup: 1 : Intake
2026-10-08 18:19:56,009 INFO o.a.j.e.StandardJMeterEngine: Starting 0 threads for group Intake.
2026-10-08 18:19:56,009 INFO o.a.j.e.StandardJMeterEngine: Thread will continue on error
2026-10-08 18:19:56,009 INFO o.a.j.t.o.OpenModelThreadGroup: Starting OpenModelThreadGroup#1 with schedule rate(100/hour) random_arrivals(20 min)
2026-10-08 18:19:56,025 INFO o.a.j.e.StandardJMeterEngine: Starting ThreadGroup: 2 : Agent search
2026-10-08 18:19:56,025 INFO o.a.j.e.StandardJMeterEngine: Starting 0 threads for group Agent search.
2026-10-08 18:19:56,025 INFO o.a.j.e.StandardJMeterEngine: Thread will continue on error
2026-10-08 18:19:56,025 INFO o.a.j.t.o.OpenModelThreadGroup: Starting OpenModelThreadGroup#2 with schedule rate(214/hour) random_arrivals(20 min)
2026-10-08 18:19:56,025 INFO o.a.j.t.o.OpenModelThreadGroup: Thread starting init
2026-10-08 18:19:56,025 INFO o.a.j.e.StandardJMeterEngine: Starting ThreadGroup: 3 : Dashboard
2026-10-08 18:19:56,025 INFO o.a.j.e.StandardJMeterEngine: Starting 0 threads for group Dashboard.
2026-10-08 18:19:56,025 INFO o.a.j.e.StandardJMeterEngine: Thread will continue on error
2026-10-08 18:19:56,026 INFO o.a.j.t.o.OpenModelThreadGroup: Starting OpenModelThreadGroup#3 with schedule rate(60/hour) random_arrivals(20 min)
2026-10-08 18:19:56,026 INFO o.a.j.t.o.OpenModelThreadGroup: Thread starting init
2026-10-08 18:19:56,026 INFO o.a.j.e.StandardJMeterEngine: All thread groups have been started
2026-10-08 18:19:56,026 INFO o.a.j.t.o.OpenModelThreadGroup: Thread starting init
2026-10-08 18:19:56,030 INFO o.a.j.t.o.PoissonArrivalsRamp: Generating 71 events, beginRate = 0.059444444444444446 / sec, endRate = 0.059444444444444446 / sec, duration = 1200.0 sec
2026-10-08 18:19:56,030 INFO o.a.j.t.o.PoissonArrivalsRamp: Generating 33 events, beginRate = 0.027777777777777776 / sec, endRate = 0.027777777777777776 / sec, duration = 1200.0 sec
2026-10-08 18:19:56,030 INFO o.a.j.t.o.PoissonArrivalsRamp: Generating 20 events, beginRate = 0.016666666666666666 / sec, endRate = 0.016666666666666666 / sec, duration = 1200.0 sec
2026-10-08 18:20:04,079 INFO o.a.j.t.JMeterThread: Thread started: Agent search 2-1
2026-10-08 18:20:04,080 INFO o.a.j.s.FileServer: Stored: search_terms.csv
2026-10-08 18:20:04,085 INFO o.a.j.t.JMeterThread: Thread started: Intake 1-1
2026-10-08 18:20:04,086 INFO o.a.j.s.FileServer: Stored: narratives.txt
2026-10-08 18:20:04,092 INFO o.a.j.p.h.s.HTTPHCAbstractImpl: Local host = DESKTOP-FE7GKLN
2026-10-08 18:20:04,094 INFO o.a.j.p.h.s.HTTPHC4Impl: HTTP request retry count = 0
2026-10-08 18:20:04,095 INFO o.a.j.s.SampleResult: Note: Sample TimeStamps are START times
2026-10-08 18:20:04,095 INFO o.a.j.s.SampleResult: sampleresult.default.encoding is set to UTF-8
2026-10-08 18:20:04,095 INFO o.a.j.s.SampleResult: sampleresult.useNanoTime=true
2026-10-08 18:20:04,095 INFO o.a.j.s.SampleResult: sampleresult.nanoThreadSleep=5000
2026-10-08 18:20:04,151 INFO o.a.j.r.Summariser: summary +      1 in 00:00:08 =    0.1/s Avg:    23 Min:    23 Max:    23 Err:     0 (0.00%) Active: 2 Started: 2 Finished: 0
2026-10-08 18:20:04,151 INFO o.a.j.t.JMeterThread: Thread is done: Agent search 2-1
2026-10-08 18:20:04,151 INFO o.a.j.t.JMeterThread: Thread finished: Agent search 2-1
2026-10-08 18:20:04,719 INFO o.a.j.t.JMeterThread: Thread is done: Intake 1-1
2026-10-08 18:20:04,719 INFO o.a.j.t.JMeterThread: Thread finished: Intake 1-1
2026-10-08 18:20:10,756 INFO o.a.j.t.JMeterThread: Thread started: Intake 1-2
2026-10-08 18:20:12,481 INFO o.a.j.t.JMeterThread: Thread is done: Intake 1-2
2026-10-08 18:20:12,481 INFO o.a.j.t.JMeterThread: Thread finished: Intake 1-2
2026-10-08 18:20:13,253 INFO o.a.j.t.JMeterThread: Thread started: Agent search 2-2
2026-10-08 18:20:13,269 INFO o.a.j.t.JMeterThread: Thread is done: Agent search 2-2
2026-10-08 18:20:13,270 INFO o.a.j.t.JMeterThread: Thread finished: Agent search 2-2
2026-10-08 18:20:14,236 INFO o.a.j.t.JMeterThread: Thread started: Intake 1-3
2026-10-08 18:20:16,853 INFO o.a.j.t.JMeterThread: Thread is done: Intake 1-3
2026-10-08 18:20:16,853 INFO o.a.j.t.JMeterThread: Thread finished: Intake 1-3
2026-10-08 18:20:48,743 INFO o.a.j.t.JMeterThread: Thread started: Agent search 2-3
2026-10-08 18:20:48,757 INFO o.a.j.t.JMeterThread: Thread is done: Agent search 2-3
2026-10-08 18:20:48,757 INFO o.a.j.t.JMeterThread: Thread finished: Agent search 2-3
2026-10-08 18:20:51,069 INFO o.a.j.t.JMeterThread: Thread started: Intake 1-4
2026-10-08 18:20:52,586 INFO o.a.j.t.JMeterThread: Thread is done: Intake 1-4
2026-10-08 18:20:52,586 INFO o.a.j.t.JMeterThread: Thread finished: Intake 1-4
2026-10-08 18:21:00,534 INFO o.a.j.t.JMeterThread: Thread started: Agent search 2-4
2026-10-08 18:21:00,549 INFO o.a.j.r.Summariser: summary +      7 in 00:00:56 =    0.1/s Avg:   925 Min:    11 Max:  2615 Err:     0 (0.00%) Active: 1 Started: 8 Finished: 7
2026-10-08 18:21:00,549 INFO o.a.j.r.Summariser: summary =      8 in 00:01:05 =    0.1/s Avg:   812 Min:    11 Max:  2615 Err:     0 (0.00%)
2026-10-08 18:21:00,549 INFO o.a.j.t.JMeterThread: Thread is done: Agent search 2-4
2026-10-08 18:21:00,549 INFO o.a.j.t.JMeterThread: Thread finished: Agent search 2-4
2026-10-08 18:21:17,803 INFO o.a.j.t.JMeterThread: Thread started: Agent search 2-5
2026-10-08 18:21:17,819 INFO o.a.j.t.JMeterThread: Thread is done: Agent search 2-5
2026-10-08 18:21:17,820 INFO o.a.j.t.JMeterThread: Thread finished: Agent search 2-5
2026-10-08 18:21:18,795 INFO o.a.j.t.JMeterThread: Thread started: Agent search 2-6
2026-10-08 18:21:18,806 INFO o.a.j.t.JMeterThread: Thread is done: Agent search 2-6
2026-10-08 18:21:18,806 INFO o.a.j.t.JMeterThread: Thread finished: Agent search 2-6
2026-10-08 18:21:22,432 INFO o.a.j.t.JMeterThread: Thread started: Intake 1-5
2026-10-08 18:21:24,764 INFO o.a.j.t.JMeterThread: Thread is done: Intake 1-5
2026-10-08 18:21:24,764 INFO o.a.j.t.JMeterThread: Thread finished: Intake 1-5
2026-10-08 18:21:31,886 INFO o.a.j.t.JMeterThread: Thread started: Agent search 2-7
2026-10-08 18:21:31,900 INFO o.a.j.r.Summariser: summary +      4 in 00:00:31 =    0.1/s Avg:   591 Min:     9 Max:  2330 Err:     0 (0.00%) Active: 1 Started: 12 Finished: 11
2026-10-08 18:21:31,900 INFO o.a.j.r.Summariser: summary =     12 in 00:01:36 =    0.1/s Avg:   739 Min:     9 Max:  2615 Err:     0 (0.00%)
2026-10-08 18:21:31,900 INFO o.a.j.t.JMeterThread: Thread is done: Agent search 2-7
2026-10-08 18:21:31,900 INFO o.a.j.t.JMeterThread: Thread finished: Agent search 2-7
2026-10-08 18:21:36,656 INFO o.a.j.t.JMeterThread: Thread started: Agent search 2-8
2026-10-08 18:21:36,667 INFO o.a.j.t.JMeterThread: Thread is done: Agent search 2-8
2026-10-08 18:21:36,667 INFO o.a.j.t.JMeterThread: Thread finished: Agent search 2-8
2026-10-08 18:21:41,343 INFO o.a.j.t.JMeterThread: Thread started: Agent search 2-9
2026-10-08 18:21:41,360 INFO o.a.j.t.JMeterThread: Thread is done: Agent search 2-9
2026-10-08 18:21:41,360 INFO o.a.j.t.JMeterThread: Thread finished: Agent search 2-9
2026-10-08 18:21:51,121 INFO o.a.j.t.JMeterThread: Thread started: Agent search 2-10
2026-10-08 18:21:51,139 INFO o.a.j.t.JMeterThread: Thread is done: Agent search 2-10
2026-10-08 18:21:51,139 INFO o.a.j.t.JMeterThread: Thread finished: Agent search 2-10
2026-10-08 18:22:15,846 INFO o.a.j.t.JMeterThread: Thread started: Intake 1-6
2026-10-08 18:22:16,291 INFO o.a.j.t.JMeterThread: Thread is done: Intake 1-6
2026-10-08 18:22:16,291 INFO o.a.j.t.JMeterThread: Thread finished: Intake 1-6
2026-10-08 18:22:35,040 INFO o.a.j.t.JMeterThread: Thread started: Intake 1-7
2026-10-08 18:22:35,650 INFO o.a.j.r.Summariser: summary +      5 in 00:01:04 =    0.1/s Avg:   217 Min:    10 Max:   607 Err:     0 (0.00%) Active: 1 Started: 17 Finished: 16
2026-10-08 18:22:35,653 INFO o.a.j.r.Summariser: summary =     17 in 00:02:40 =    0.1/s Avg:   585 Min:     9 Max:  2615 Err:     0 (0.00%)
2026-10-08 18:22:35,655 INFO o.a.j.t.JMeterThread: Thread is done: Intake 1-7
2026-10-08 18:22:35,655 INFO o.a.j.t.JMeterThread: Thread finished: Intake 1-7
2026-10-08 18:22:55,371 INFO o.a.j.t.JMeterThread: Thread started: Agent search 2-11
2026-10-08 18:22:55,373 INFO o.a.j.t.JMeterThread: Thread started: Intake 1-8
2026-10-08 18:22:55,387 INFO o.a.j.t.JMeterThread: Thread is done: Agent search 2-11
2026-10-08 18:22:55,387 INFO o.a.j.t.JMeterThread: Thread finished: Agent search 2-11
2026-10-08 18:22:57,094 INFO o.a.j.t.JMeterThread: Thread is done: Intake 1-8
2026-10-08 18:22:57,095 INFO o.a.j.t.JMeterThread: Thread finished: Intake 1-8
2026-10-08 18:22:58,450 INFO o.a.j.t.JMeterThread: Thread started: Agent search 2-12
2026-10-08 18:22:58,464 INFO o.a.j.t.JMeterThread: Thread is done: Agent search 2-12
2026-10-08 18:22:58,466 INFO o.a.j.t.JMeterThread: Thread finished: Agent search 2-12
2026-10-08 18:23:27,777 INFO o.a.j.t.JMeterThread: Thread started: Agent search 2-13
2026-10-08 18:23:27,794 INFO o.a.j.t.JMeterThread: Thread is done: Agent search 2-13
2026-10-08 18:23:27,794 INFO o.a.j.t.JMeterThread: Thread finished: Agent search 2-13
2026-10-08 18:23:40,344 INFO o.a.j.t.JMeterThread: Thread started: Agent search 2-14
2026-10-08 18:23:40,357 INFO o.a.j.t.JMeterThread: Thread is done: Agent search 2-14
2026-10-08 18:23:40,357 INFO o.a.j.t.JMeterThread: Thread finished: Agent search 2-14
2026-10-08 18:23:55,908 INFO o.a.j.t.JMeterThread: Thread started: Agent search 2-15
2026-10-08 18:23:55,924 INFO o.a.j.t.JMeterThread: Thread is done: Agent search 2-15
2026-10-08 18:23:55,924 INFO o.a.j.t.JMeterThread: Thread finished: Agent search 2-15
2026-10-08 18:24:02,265 INFO o.a.j.t.JMeterThread: Thread started: Intake 1-9
2026-10-08 18:24:03,581 INFO o.a.j.r.Summariser: summary +      7 in 00:01:28 =    0.1/s Avg:   441 Min:    10 Max:  1718 Err:     0 (0.00%) Active: 1 Started: 24 Finished: 23
2026-10-08 18:24:03,583 INFO o.a.j.r.Summariser: summary =     24 in 00:04:08 =    0.1/s Avg:   543 Min:     9 Max:  2615 Err:     0 (0.00%)
2026-10-08 18:24:03,583 INFO o.a.j.t.JMeterThread: Thread is done: Intake 1-9
2026-10-08 18:24:03,583 INFO o.a.j.t.JMeterThread: Thread finished: Intake 1-9
2026-10-08 18:24:07,947 INFO o.a.j.t.JMeterThread: Thread started: Agent search 2-16
2026-10-08 18:24:07,959 INFO o.a.j.t.JMeterThread: Thread is done: Agent search 2-16
2026-10-08 18:24:07,959 INFO o.a.j.t.JMeterThread: Thread finished: Agent search 2-16
2026-10-08 18:24:11,137 INFO o.a.j.t.JMeterThread: Thread started: Agent search 2-17
2026-10-08 18:24:11,154 INFO o.a.j.t.JMeterThread: Thread is done: Agent search 2-17
2026-10-08 18:24:11,154 INFO o.a.j.t.JMeterThread: Thread finished: Agent search 2-17
2026-10-08 18:24:38,843 INFO o.a.j.t.JMeterThread: Thread started: Dashboard 3-1
2026-10-08 18:24:38,859 INFO o.a.j.t.JMeterThread: Thread is done: Dashboard 3-1
2026-10-08 18:24:38,859 INFO o.a.j.t.JMeterThread: Thread finished: Dashboard 3-1
2026-10-08 18:24:47,463 INFO o.a.j.t.JMeterThread: Thread started: Agent search 2-18
2026-10-08 18:24:47,479 INFO o.a.j.t.JMeterThread: Thread is done: Agent search 2-18
2026-10-08 18:24:47,479 INFO o.a.j.t.JMeterThread: Thread finished: Agent search 2-18
2026-10-08 18:25:08,073 INFO o.a.j.t.JMeterThread: Thread started: Agent search 2-19
2026-10-08 18:25:08,088 INFO o.a.j.t.JMeterThread: Thread is done: Agent search 2-19
2026-10-08 18:25:08,089 INFO o.a.j.t.JMeterThread: Thread finished: Agent search 2-19
2026-10-08 18:25:15,967 INFO o.a.j.t.JMeterThread: Thread started: Agent search 2-20
2026-10-08 18:25:15,981 INFO o.a.j.t.JMeterThread: Thread is done: Agent search 2-20
2026-10-08 18:25:15,981 INFO o.a.j.t.JMeterThread: Thread finished: Agent search 2-20
2026-10-08 18:25:19,612 INFO o.a.j.t.JMeterThread: Thread started: Agent search 2-21
2026-10-08 18:25:19,632 INFO o.a.j.t.JMeterThread: Thread is done: Agent search 2-21
2026-10-08 18:25:19,632 INFO o.a.j.t.JMeterThread: Thread finished: Agent search 2-21
2026-10-08 18:25:32,489 INFO o.a.j.t.JMeterThread: Thread started: Agent search 2-22
2026-10-08 18:25:32,501 INFO o.a.j.r.Summariser: summary +      8 in 00:01:29 =    0.1/s Avg:    12 Min:    10 Max:    14 Err:     0 (0.00%) Active: 1 Started: 32 Finished: 31
2026-10-08 18:25:32,501 INFO o.a.j.r.Summariser: summary =     32 in 00:05:36 =    0.1/s Avg:   410 Min:     9 Max:  2615 Err:     0 (0.00%)
2026-10-08 18:25:32,501 INFO o.a.j.t.JMeterThread: Thread is done: Agent search 2-22
2026-10-08 18:25:32,501 INFO o.a.j.t.JMeterThread: Thread finished: Agent search 2-22
2026-10-08 18:25:48,336 INFO o.a.j.t.JMeterThread: Thread started: Intake 1-10
2026-10-08 18:25:49,408 INFO o.a.j.t.JMeterThread: Thread started: Intake 1-11
2026-10-08 18:25:50,421 INFO o.a.j.t.JMeterThread: Thread is done: Intake 1-10
2026-10-08 18:25:50,421 INFO o.a.j.t.JMeterThread: Thread finished: Intake 1-10
2026-10-08 18:25:50,871 INFO o.a.j.t.JMeterThread: Thread is done: Intake 1-11
2026-10-08 18:25:50,871 INFO o.a.j.t.JMeterThread: Thread finished: Intake 1-11
2026-10-08 18:25:58,347 INFO o.a.j.t.JMeterThread: Thread started: Agent search 2-23
2026-10-08 18:25:58,359 INFO o.a.j.t.JMeterThread: Thread is done: Agent search 2-23
2026-10-08 18:25:58,359 INFO o.a.j.t.JMeterThread: Thread finished: Agent search 2-23
2026-10-08 18:26:05,790 INFO o.a.j.t.JMeterThread: Thread started: Agent search 2-24
2026-10-08 18:26:05,804 INFO o.a.j.r.Summariser: summary +      4 in 00:00:33 =    0.1/s Avg:   891 Min:    11 Max:  2083 Err:     0 (0.00%) Active: 1 Started: 36 Finished: 35
2026-10-08 18:26:05,805 INFO o.a.j.r.Summariser: summary =     36 in 00:06:10 =    0.1/s Avg:   464 Min:     9 Max:  2615 Err:     0 (0.00%)
2026-10-08 18:26:05,806 INFO o.a.j.t.JMeterThread: Thread is done: Agent search 2-24
2026-10-08 18:26:05,806 INFO o.a.j.t.JMeterThread: Thread finished: Agent search 2-24
2026-10-08 18:26:13,337 INFO o.a.j.t.JMeterThread: Thread started: Intake 1-12
2026-10-08 18:26:13,753 INFO o.a.j.t.JMeterThread: Thread started: Agent search 2-25
2026-10-08 18:26:13,778 INFO o.a.j.t.JMeterThread: Thread is done: Agent search 2-25
2026-10-08 18:26:13,778 INFO o.a.j.t.JMeterThread: Thread finished: Agent search 2-25
2026-10-08 18:26:13,909 INFO o.a.j.t.JMeterThread: Thread is done: Intake 1-12
2026-10-08 18:26:13,910 INFO o.a.j.t.JMeterThread: Thread finished: Intake 1-12
2026-10-08 18:26:14,972 INFO o.a.j.t.JMeterThread: Thread started: Agent search 2-26
2026-10-08 18:26:14,992 INFO o.a.j.t.JMeterThread: Thread is done: Agent search 2-26
2026-10-08 18:26:14,992 INFO o.a.j.t.JMeterThread: Thread finished: Agent search 2-26
2026-10-08 18:26:16,801 INFO o.a.j.t.JMeterThread: Thread started: Agent search 2-27
2026-10-08 18:26:16,816 INFO o.a.j.t.JMeterThread: Thread is done: Agent search 2-27
2026-10-08 18:26:16,817 INFO o.a.j.t.JMeterThread: Thread finished: Agent search 2-27
2026-10-08 18:26:20,776 INFO o.a.j.t.JMeterThread: Thread started: Dashboard 3-2
2026-10-08 18:26:20,786 INFO o.a.j.t.JMeterThread: Thread is done: Dashboard 3-2
2026-10-08 18:26:20,786 INFO o.a.j.t.JMeterThread: Thread finished: Dashboard 3-2
2026-10-08 18:26:23,842 INFO o.a.j.t.JMeterThread: Thread started: Agent search 2-28
2026-10-08 18:26:23,859 INFO o.a.j.t.JMeterThread: Thread is done: Agent search 2-28
2026-10-08 18:26:23,860 INFO o.a.j.t.JMeterThread: Thread finished: Agent search 2-28
2026-10-08 18:26:23,872 INFO o.a.j.t.JMeterThread: Thread started: Agent search 2-29
2026-10-08 18:26:23,880 INFO o.a.j.t.JMeterThread: Thread is done: Agent search 2-29
2026-10-08 18:26:23,880 INFO o.a.j.t.JMeterThread: Thread finished: Agent search 2-29
2026-10-08 18:26:37,503 INFO o.a.j.t.JMeterThread: Thread started: Agent search 2-30
2026-10-08 18:26:37,517 INFO o.a.j.t.JMeterThread: Thread is done: Agent search 2-30
2026-10-08 18:26:37,517 INFO o.a.j.t.JMeterThread: Thread finished: Agent search 2-30
2026-10-08 18:26:46,829 INFO o.a.j.t.JMeterThread: Thread started: Dashboard 3-3
2026-10-08 18:26:46,842 INFO o.a.j.t.JMeterThread: Thread is done: Dashboard 3-3
2026-10-08 18:26:46,842 INFO o.a.j.t.JMeterThread: Thread finished: Dashboard 3-3
2026-10-08 18:26:48,479 INFO o.a.j.t.JMeterThread: Thread started: Intake 1-13
2026-10-08 18:26:50,300 INFO o.a.j.t.JMeterThread: Thread is done: Intake 1-13
2026-10-08 18:26:50,300 INFO o.a.j.t.JMeterThread: Thread finished: Intake 1-13
2026-10-08 18:26:53,755 INFO o.a.j.t.JMeterThread: Thread started: Intake 1-14
2026-10-08 18:26:55,151 INFO o.a.j.t.JMeterThread: Thread is done: Intake 1-14
2026-10-08 18:26:55,152 INFO o.a.j.t.JMeterThread: Thread finished: Intake 1-14
2026-10-08 18:27:10,636 INFO o.a.j.t.JMeterThread: Thread started: Agent search 2-31
2026-10-08 18:27:10,654 INFO o.a.j.t.JMeterThread: Thread is done: Agent search 2-31
2026-10-08 18:27:10,654 INFO o.a.j.t.JMeterThread: Thread finished: Agent search 2-31
2026-10-08 18:27:24,475 INFO o.a.j.t.JMeterThread: Thread started: Dashboard 3-4
2026-10-08 18:27:24,489 INFO o.a.j.t.JMeterThread: Thread is done: Dashboard 3-4
2026-10-08 18:27:24,489 INFO o.a.j.t.JMeterThread: Thread finished: Dashboard 3-4
2026-10-08 18:27:55,093 INFO o.a.j.t.JMeterThread: Thread started: Agent search 2-32
2026-10-08 18:27:55,108 INFO o.a.j.t.JMeterThread: Thread is done: Agent search 2-32
2026-10-08 18:27:55,108 INFO o.a.j.t.JMeterThread: Thread finished: Agent search 2-32
2026-10-08 18:28:00,025 INFO o.a.j.t.JMeterThread: Thread started: Intake 1-15
2026-10-08 18:28:02,119 INFO o.a.j.r.Summariser: summary +     15 in 00:01:56 =    0.1/s Avg:   401 Min:     7 Max:  2092 Err:     0 (0.00%) Active: 1 Started: 51 Finished: 50
2026-10-08 18:28:02,120 INFO o.a.j.r.Summariser: summary =     51 in 00:08:06 =    0.1/s Avg:   445 Min:     7 Max:  2615 Err:     0 (0.00%)
2026-10-08 18:28:02,121 INFO o.a.j.t.JMeterThread: Thread is done: Intake 1-15
2026-10-08 18:28:02,121 INFO o.a.j.t.JMeterThread: Thread finished: Intake 1-15
2026-10-08 18:28:11,923 INFO o.a.j.t.JMeterThread: Thread started: Dashboard 3-5
2026-10-08 18:28:11,935 INFO o.a.j.t.JMeterThread: Thread is done: Dashboard 3-5
2026-10-08 18:28:11,936 INFO o.a.j.t.JMeterThread: Thread finished: Dashboard 3-5
2026-10-08 18:28:45,211 INFO o.a.j.t.JMeterThread: Thread started: Agent search 2-33
2026-10-08 18:28:45,220 INFO o.a.j.t.JMeterThread: Thread is done: Agent search 2-33
2026-10-08 18:28:45,220 INFO o.a.j.t.JMeterThread: Thread finished: Agent search 2-33
2026-10-08 18:29:07,109 INFO o.a.j.t.JMeterThread: Thread started: Agent search 2-34
2026-10-08 18:29:07,123 INFO o.a.j.t.JMeterThread: Thread is done: Agent search 2-34
2026-10-08 18:29:07,124 INFO o.a.j.t.JMeterThread: Thread finished: Agent search 2-34
2026-10-08 18:29:18,250 INFO o.a.j.t.JMeterThread: Thread started: Dashboard 3-6
2026-10-08 18:29:18,268 INFO o.a.j.t.JMeterThread: Thread is done: Dashboard 3-6
2026-10-08 18:29:18,268 INFO o.a.j.t.JMeterThread: Thread finished: Dashboard 3-6
2026-10-08 18:29:18,530 INFO o.a.j.t.JMeterThread: Thread started: Agent search 2-35
2026-10-08 18:29:18,544 INFO o.a.j.t.JMeterThread: Thread is done: Agent search 2-35
2026-10-08 18:29:18,544 INFO o.a.j.t.JMeterThread: Thread finished: Agent search 2-35
2026-10-08 18:29:20,224 INFO o.a.j.t.JMeterThread: Thread started: Agent search 2-36
2026-10-08 18:29:20,240 INFO o.a.j.t.JMeterThread: Thread is done: Agent search 2-36
2026-10-08 18:29:20,240 INFO o.a.j.t.JMeterThread: Thread finished: Agent search 2-36
2026-10-08 18:29:23,101 INFO o.a.j.t.JMeterThread: Thread started: Agent search 2-37
2026-10-08 18:29:23,115 INFO o.a.j.t.JMeterThread: Thread is done: Agent search 2-37
2026-10-08 18:29:23,116 INFO o.a.j.t.JMeterThread: Thread finished: Agent search 2-37
2026-10-08 18:29:26,506 INFO o.a.j.t.JMeterThread: Thread started: Agent search 2-38
2026-10-08 18:29:26,522 INFO o.a.j.t.JMeterThread: Thread is done: Agent search 2-38
2026-10-08 18:29:26,522 INFO o.a.j.t.JMeterThread: Thread finished: Agent search 2-38
2026-10-08 18:29:28,734 INFO o.a.j.t.JMeterThread: Thread started: Dashboard 3-7
2026-10-08 18:29:28,747 INFO o.a.j.t.JMeterThread: Thread is done: Dashboard 3-7
2026-10-08 18:29:28,748 INFO o.a.j.t.JMeterThread: Thread finished: Dashboard 3-7
2026-10-08 18:29:36,112 INFO o.a.j.t.JMeterThread: Thread started: Dashboard 3-8
2026-10-08 18:29:36,125 INFO o.a.j.t.JMeterThread: Thread is done: Dashboard 3-8
2026-10-08 18:29:36,125 INFO o.a.j.t.JMeterThread: Thread finished: Dashboard 3-8
2026-10-08 18:29:48,340 INFO o.a.j.t.JMeterThread: Thread started: Agent search 2-39
2026-10-08 18:29:48,356 INFO o.a.j.t.JMeterThread: Thread is done: Agent search 2-39
2026-10-08 18:29:48,356 INFO o.a.j.t.JMeterThread: Thread finished: Agent search 2-39
2026-10-08 18:29:56,753 INFO o.a.j.t.JMeterThread: Thread started: Intake 1-16
2026-10-08 18:29:57,216 INFO o.a.j.t.JMeterThread: Thread is done: Intake 1-16
2026-10-08 18:29:57,216 INFO o.a.j.t.JMeterThread: Thread finished: Intake 1-16
2026-10-08 18:30:15,573 INFO o.a.j.t.JMeterThread: Thread started: Dashboard 3-9
2026-10-08 18:30:15,587 INFO o.a.j.t.JMeterThread: Thread is done: Dashboard 3-9
2026-10-08 18:30:15,587 INFO o.a.j.t.JMeterThread: Thread finished: Dashboard 3-9
2026-10-08 18:30:22,582 INFO o.a.j.t.JMeterThread: Thread started: Agent search 2-40
2026-10-08 18:30:22,595 INFO o.a.j.t.JMeterThread: Thread is done: Agent search 2-40
2026-10-08 18:30:22,596 INFO o.a.j.t.JMeterThread: Thread finished: Agent search 2-40
2026-10-08 18:30:23,408 INFO o.a.j.t.JMeterThread: Thread started: Dashboard 3-10
2026-10-08 18:30:23,420 INFO o.a.j.t.JMeterThread: Thread is done: Dashboard 3-10
2026-10-08 18:30:23,420 INFO o.a.j.t.JMeterThread: Thread finished: Dashboard 3-10
2026-10-08 18:30:34,272 INFO o.a.j.t.JMeterThread: Thread started: Agent search 2-41
2026-10-08 18:30:34,284 INFO o.a.j.r.Summariser: summary +     16 in 00:02:32 =    0.1/s Avg:    39 Min:     8 Max:   459 Err:     0 (0.00%) Active: 1 Started: 67 Finished: 66
2026-10-08 18:30:34,285 INFO o.a.j.r.Summariser: summary =     67 in 00:10:38 =    0.1/s Avg:   348 Min:     7 Max:  2615 Err:     0 (0.00%)
2026-10-08 18:30:34,285 INFO o.a.j.t.JMeterThread: Thread is done: Agent search 2-41
2026-10-08 18:30:34,285 INFO o.a.j.t.JMeterThread: Thread finished: Agent search 2-41
2026-10-08 18:30:46,324 INFO o.a.j.t.JMeterThread: Thread started: Intake 1-17
2026-10-08 18:30:46,913 INFO o.a.j.t.JMeterThread: Thread is done: Intake 1-17
2026-10-08 18:30:46,913 INFO o.a.j.t.JMeterThread: Thread finished: Intake 1-17
2026-10-08 18:30:47,245 INFO o.a.j.t.JMeterThread: Thread started: Intake 1-18
2026-10-08 18:30:48,074 INFO o.a.j.t.JMeterThread: Thread started: Agent search 2-42
2026-10-08 18:30:48,087 INFO o.a.j.t.JMeterThread: Thread is done: Agent search 2-42
2026-10-08 18:30:48,088 INFO o.a.j.t.JMeterThread: Thread finished: Agent search 2-42
2026-10-08 18:30:48,873 INFO o.a.j.t.JMeterThread: Thread is done: Intake 1-18
2026-10-08 18:30:48,874 INFO o.a.j.t.JMeterThread: Thread finished: Intake 1-18
2026-10-08 18:30:49,795 INFO o.a.j.t.JMeterThread: Thread started: Agent search 2-43
2026-10-08 18:30:49,809 INFO o.a.j.t.JMeterThread: Thread is done: Agent search 2-43
2026-10-08 18:30:49,809 INFO o.a.j.t.JMeterThread: Thread finished: Agent search 2-43
2026-10-08 18:30:58,662 INFO o.a.j.t.JMeterThread: Thread started: Dashboard 3-11
2026-10-08 18:30:58,680 INFO o.a.j.t.JMeterThread: Thread is done: Dashboard 3-11
2026-10-08 18:30:58,680 INFO o.a.j.t.JMeterThread: Thread finished: Dashboard 3-11
2026-10-08 18:30:59,993 INFO o.a.j.t.JMeterThread: Thread started: Dashboard 3-12
2026-10-08 18:31:00,004 INFO o.a.j.r.Summariser: summary +      6 in 00:00:26 =    0.2/s Avg:   376 Min:    11 Max:  1625 Err:     0 (0.00%) Active: 1 Started: 73 Finished: 72
2026-10-08 18:31:00,004 INFO o.a.j.r.Summariser: summary =     73 in 00:11:04 =    0.1/s Avg:   351 Min:     7 Max:  2615 Err:     0 (0.00%)
2026-10-08 18:31:00,004 INFO o.a.j.t.JMeterThread: Thread is done: Dashboard 3-12
2026-10-08 18:31:00,004 INFO o.a.j.t.JMeterThread: Thread finished: Dashboard 3-12
2026-10-08 18:31:02,792 INFO o.a.j.t.JMeterThread: Thread started: Dashboard 3-13
2026-10-08 18:31:02,804 INFO o.a.j.t.JMeterThread: Thread is done: Dashboard 3-13
2026-10-08 18:31:02,805 INFO o.a.j.t.JMeterThread: Thread finished: Dashboard 3-13
2026-10-08 18:31:04,544 INFO o.a.j.t.JMeterThread: Thread started: Agent search 2-44
2026-10-08 18:31:04,552 INFO o.a.j.t.JMeterThread: Thread is done: Agent search 2-44
2026-10-08 18:31:04,552 INFO o.a.j.t.JMeterThread: Thread finished: Agent search 2-44
2026-10-08 18:31:09,925 INFO o.a.j.t.JMeterThread: Thread started: Agent search 2-45
2026-10-08 18:31:09,939 INFO o.a.j.t.JMeterThread: Thread is done: Agent search 2-45
2026-10-08 18:31:09,939 INFO o.a.j.t.JMeterThread: Thread finished: Agent search 2-45
2026-10-08 18:31:18,537 INFO o.a.j.t.JMeterThread: Thread started: Intake 1-19
2026-10-08 18:31:20,341 INFO o.a.j.t.JMeterThread: Thread is done: Intake 1-19
2026-10-08 18:31:20,341 INFO o.a.j.t.JMeterThread: Thread finished: Intake 1-19
2026-10-08 18:31:28,396 INFO o.a.j.t.JMeterThread: Thread started: Dashboard 3-14
2026-10-08 18:31:28,408 INFO o.a.j.t.JMeterThread: Thread is done: Dashboard 3-14
2026-10-08 18:31:28,408 INFO o.a.j.t.JMeterThread: Thread finished: Dashboard 3-14
2026-10-08 18:31:35,284 INFO o.a.j.t.JMeterThread: Thread started: Dashboard 3-15
2026-10-08 18:31:35,300 INFO o.a.j.r.Summariser: summary +      6 in 00:00:35 =    0.2/s Avg:   309 Min:     8 Max:  1802 Err:     0 (0.00%) Active: 1 Started: 79 Finished: 78
2026-10-08 18:31:35,301 INFO o.a.j.r.Summariser: summary =     79 in 00:11:39 =    0.1/s Avg:   348 Min:     7 Max:  2615 Err:     0 (0.00%)
2026-10-08 18:31:35,301 INFO o.a.j.t.JMeterThread: Thread is done: Dashboard 3-15
2026-10-08 18:31:35,301 INFO o.a.j.t.JMeterThread: Thread finished: Dashboard 3-15
2026-10-08 18:31:35,993 INFO o.a.j.t.JMeterThread: Thread started: Dashboard 3-16
2026-10-08 18:31:36,008 INFO o.a.j.t.JMeterThread: Thread is done: Dashboard 3-16
2026-10-08 18:31:36,008 INFO o.a.j.t.JMeterThread: Thread finished: Dashboard 3-16
2026-10-08 18:32:01,230 INFO o.a.j.t.JMeterThread: Thread started: Intake 1-20
2026-10-08 18:32:02,434 INFO o.a.j.r.Summariser: summary +      2 in 00:00:27 =    0.1/s Avg:   607 Min:    13 Max:  1202 Err:     0 (0.00%) Active: 1 Started: 81 Finished: 80
2026-10-08 18:32:02,436 INFO o.a.j.r.Summariser: summary =     81 in 00:12:06 =    0.1/s Avg:   354 Min:     7 Max:  2615 Err:     0 (0.00%)
2026-10-08 18:32:02,437 INFO o.a.j.t.JMeterThread: Thread is done: Intake 1-20
2026-10-08 18:32:02,437 INFO o.a.j.t.JMeterThread: Thread finished: Intake 1-20
2026-10-08 18:32:09,803 INFO o.a.j.t.JMeterThread: Thread started: Agent search 2-46
2026-10-08 18:32:09,817 INFO o.a.j.t.JMeterThread: Thread is done: Agent search 2-46
2026-10-08 18:32:09,817 INFO o.a.j.t.JMeterThread: Thread finished: Agent search 2-46
2026-10-08 18:32:24,241 INFO o.a.j.t.JMeterThread: Thread started: Agent search 2-47
2026-10-08 18:32:24,259 INFO o.a.j.t.JMeterThread: Thread is done: Agent search 2-47
2026-10-08 18:32:24,259 INFO o.a.j.t.JMeterThread: Thread finished: Agent search 2-47
2026-10-08 18:32:29,742 INFO o.a.j.t.JMeterThread: Thread started: Agent search 2-48
2026-10-08 18:32:29,756 INFO o.a.j.t.JMeterThread: Thread is done: Agent search 2-48
2026-10-08 18:32:29,756 INFO o.a.j.t.JMeterThread: Thread finished: Agent search 2-48
2026-10-08 18:32:39,517 INFO o.a.j.t.JMeterThread: Thread started: Agent search 2-49
2026-10-08 18:32:39,534 INFO o.a.j.t.JMeterThread: Thread is done: Agent search 2-49
2026-10-08 18:32:39,535 INFO o.a.j.t.JMeterThread: Thread finished: Agent search 2-49
2026-10-08 18:32:48,098 INFO o.a.j.t.JMeterThread: Thread started: Agent search 2-50
2026-10-08 18:32:48,115 INFO o.a.j.t.JMeterThread: Thread is done: Agent search 2-50
2026-10-08 18:32:48,115 INFO o.a.j.t.JMeterThread: Thread finished: Agent search 2-50
2026-10-08 18:32:49,417 INFO o.a.j.t.JMeterThread: Thread started: Agent search 2-51
2026-10-08 18:32:49,433 INFO o.a.j.t.JMeterThread: Thread is done: Agent search 2-51
2026-10-08 18:32:49,433 INFO o.a.j.t.JMeterThread: Thread finished: Agent search 2-51
2026-10-08 18:33:03,595 INFO o.a.j.t.JMeterThread: Thread started: Intake 1-21
2026-10-08 18:33:03,625 INFO o.a.j.t.JMeterThread: Thread started: Intake 1-22
2026-10-08 18:33:05,370 INFO o.a.j.r.Summariser: summary +      7 in 00:01:03 =    0.1/s Avg:   264 Min:    12 Max:  1770 Err:     0 (0.00%) Active: 2 Started: 89 Finished: 87
2026-10-08 18:33:05,371 INFO o.a.j.r.Summariser: summary =     88 in 00:13:09 =    0.1/s Avg:   347 Min:     7 Max:  2615 Err:     0 (0.00%)
2026-10-08 18:33:05,371 INFO o.a.j.t.JMeterThread: Thread is done: Intake 1-21
2026-10-08 18:33:05,371 INFO o.a.j.t.JMeterThread: Thread finished: Intake 1-21
2026-10-08 18:33:05,829 INFO o.a.j.t.JMeterThread: Thread is done: Intake 1-22
2026-10-08 18:33:05,829 INFO o.a.j.t.JMeterThread: Thread finished: Intake 1-22
2026-10-08 18:33:19,258 INFO o.a.j.t.JMeterThread: Thread started: Intake 1-23
2026-10-08 18:33:20,476 INFO o.a.j.t.JMeterThread: Thread is done: Intake 1-23
2026-10-08 18:33:20,476 INFO o.a.j.t.JMeterThread: Thread finished: Intake 1-23
2026-10-08 18:33:24,639 INFO o.a.j.t.JMeterThread: Thread started: Agent search 2-52
2026-10-08 18:33:24,652 INFO o.a.j.t.JMeterThread: Thread is done: Agent search 2-52
2026-10-08 18:33:24,652 INFO o.a.j.t.JMeterThread: Thread finished: Agent search 2-52
2026-10-08 18:33:46,881 INFO o.a.j.t.JMeterThread: Thread started: Agent search 2-53
2026-10-08 18:33:46,896 INFO o.a.j.t.JMeterThread: Thread is done: Agent search 2-53
2026-10-08 18:33:46,896 INFO o.a.j.t.JMeterThread: Thread finished: Agent search 2-53
2026-10-08 18:33:52,072 INFO o.a.j.t.JMeterThread: Thread started: Dashboard 3-17
2026-10-08 18:33:52,079 INFO o.a.j.t.JMeterThread: Thread is done: Dashboard 3-17
2026-10-08 18:33:52,079 INFO o.a.j.t.JMeterThread: Thread finished: Dashboard 3-17
2026-10-08 18:34:07,809 INFO o.a.j.t.JMeterThread: Thread started: Intake 1-24
2026-10-08 18:34:09,792 INFO o.a.j.t.JMeterThread: Thread is done: Intake 1-24
2026-10-08 18:34:09,792 INFO o.a.j.t.JMeterThread: Thread finished: Intake 1-24
2026-10-08 18:34:22,386 INFO o.a.j.t.JMeterThread: Thread started: Agent search 2-54
2026-10-08 18:34:22,398 INFO o.a.j.t.JMeterThread: Thread is done: Agent search 2-54
2026-10-08 18:34:22,399 INFO o.a.j.t.JMeterThread: Thread finished: Agent search 2-54
2026-10-08 18:34:51,525 INFO o.a.j.t.JMeterThread: Thread started: Agent search 2-55
2026-10-08 18:34:51,544 INFO o.a.j.t.JMeterThread: Thread is done: Agent search 2-55
2026-10-08 18:34:51,544 INFO o.a.j.t.JMeterThread: Thread finished: Agent search 2-55
2026-10-08 18:35:07,147 INFO o.a.j.t.JMeterThread: Thread started: Intake 1-25
2026-10-08 18:35:07,637 INFO o.a.j.t.JMeterThread: Thread is done: Intake 1-25
2026-10-08 18:35:07,637 INFO o.a.j.t.JMeterThread: Thread finished: Intake 1-25
2026-10-08 18:35:12,832 INFO o.a.j.t.JMeterThread: Thread started: Intake 1-26
2026-10-08 18:35:14,711 INFO o.a.j.t.JMeterThread: Thread is done: Intake 1-26
2026-10-08 18:35:14,712 INFO o.a.j.t.JMeterThread: Thread finished: Intake 1-26
2026-10-08 18:35:14,938 INFO o.a.j.t.JMeterThread: Thread started: Intake 1-27
2026-10-08 18:35:17,791 INFO o.a.j.t.JMeterThread: Thread is done: Intake 1-27
2026-10-08 18:35:17,791 INFO o.a.j.t.JMeterThread: Thread finished: Intake 1-27
2026-10-08 18:35:24,648 INFO o.a.j.t.JMeterThread: Thread started: Intake 1-28
2026-10-08 18:35:25,138 INFO o.a.j.t.JMeterThread: Thread is done: Intake 1-28
2026-10-08 18:35:25,138 INFO o.a.j.t.JMeterThread: Thread finished: Intake 1-28
2026-10-08 18:35:46,352 INFO o.a.j.t.JMeterThread: Thread started: Intake 1-29
2026-10-08 18:35:48,050 INFO o.a.j.t.JMeterThread: Thread is done: Intake 1-29
2026-10-08 18:35:48,050 INFO o.a.j.t.JMeterThread: Thread finished: Intake 1-29
2026-10-08 18:36:15,618 INFO o.a.j.t.JMeterThread: Thread started: Dashboard 3-18
2026-10-08 18:36:15,633 INFO o.a.j.t.JMeterThread: Thread is done: Dashboard 3-18
2026-10-08 18:36:15,633 INFO o.a.j.t.JMeterThread: Thread finished: Dashboard 3-18
2026-10-08 18:36:16,412 INFO o.a.j.t.JMeterThread: Thread started: Agent search 2-56
2026-10-08 18:36:16,431 INFO o.a.j.t.JMeterThread: Thread is done: Agent search 2-56
2026-10-08 18:36:16,431 INFO o.a.j.t.JMeterThread: Thread finished: Agent search 2-56
2026-10-08 18:36:21,721 INFO o.a.j.t.JMeterThread: Thread started: Agent search 2-57
2026-10-08 18:36:21,736 INFO o.a.j.t.JMeterThread: Thread is done: Agent search 2-57
2026-10-08 18:36:21,738 INFO o.a.j.t.JMeterThread: Thread finished: Agent search 2-57
2026-10-08 18:36:22,481 INFO o.a.j.t.JMeterThread: Thread started: Agent search 2-58
2026-10-08 18:36:22,498 INFO o.a.j.t.JMeterThread: Thread is done: Agent search 2-58
2026-10-08 18:36:22,499 INFO o.a.j.t.JMeterThread: Thread finished: Agent search 2-58
2026-10-08 18:36:35,107 INFO o.a.j.t.JMeterThread: Thread started: Agent search 2-59
2026-10-08 18:36:35,120 INFO o.a.j.r.Summariser: summary +     18 in 00:03:30 =    0.1/s Avg:   718 Min:     7 Max:  2850 Err:     0 (0.00%) Active: 1 Started: 106 Finished: 105
2026-10-08 18:36:35,121 INFO o.a.j.r.Summariser: summary =    106 in 00:16:39 =    0.1/s Avg:   410 Min:     7 Max:  2850 Err:     0 (0.00%)
2026-10-08 18:36:35,121 INFO o.a.j.t.JMeterThread: Thread is done: Agent search 2-59
2026-10-08 18:36:35,121 INFO o.a.j.t.JMeterThread: Thread finished: Agent search 2-59
2026-10-08 18:36:40,532 INFO o.a.j.t.JMeterThread: Thread started: Intake 1-30
2026-10-08 18:36:42,110 INFO o.a.j.t.JMeterThread: Thread started: Intake 1-31
2026-10-08 18:36:42,897 INFO o.a.j.t.JMeterThread: Thread is done: Intake 1-30
2026-10-08 18:36:42,897 INFO o.a.j.t.JMeterThread: Thread finished: Intake 1-30
2026-10-08 18:36:44,529 INFO o.a.j.t.JMeterThread: Thread is done: Intake 1-31
2026-10-08 18:36:44,529 INFO o.a.j.t.JMeterThread: Thread finished: Intake 1-31
2026-10-08 18:36:49,490 INFO o.a.j.t.JMeterThread: Thread started: Intake 1-32
2026-10-08 18:36:51,030 INFO o.a.j.t.JMeterThread: Thread is done: Intake 1-32
2026-10-08 18:36:51,030 INFO o.a.j.t.JMeterThread: Thread finished: Intake 1-32
2026-10-08 18:37:02,182 INFO o.a.j.t.o.OpenModelThreadGroup: There will be no more events, so will wait for 173 sec till the end of the schedule
2026-10-08 18:37:02,183 INFO o.a.j.t.JMeterThread: Thread started: Intake 1-33
2026-10-08 18:37:03,944 INFO o.a.j.r.Summariser: summary +      4 in 00:00:29 =    0.1/s Avg:  2019 Min:  1538 Max:  2417 Err:     0 (0.00%) Active: 1 Started: 110 Finished: 109
2026-10-08 18:37:03,945 INFO o.a.j.r.Summariser: summary =    110 in 00:17:08 =    0.1/s Avg:   468 Min:     7 Max:  2850 Err:     0 (0.00%)
2026-10-08 18:37:03,946 INFO o.a.j.t.JMeterThread: Thread is done: Intake 1-33
2026-10-08 18:37:03,946 INFO o.a.j.t.JMeterThread: Thread finished: Intake 1-33
2026-10-08 18:37:42,712 INFO o.a.j.t.JMeterThread: Thread started: Dashboard 3-19
2026-10-08 18:37:42,727 INFO o.a.j.t.JMeterThread: Thread is done: Dashboard 3-19
2026-10-08 18:37:42,727 INFO o.a.j.t.JMeterThread: Thread finished: Dashboard 3-19
2026-10-08 18:37:45,456 INFO o.a.j.t.JMeterThread: Thread started: Agent search 2-60
2026-10-08 18:37:45,468 INFO o.a.j.t.JMeterThread: Thread is done: Agent search 2-60
2026-10-08 18:37:45,468 INFO o.a.j.t.JMeterThread: Thread finished: Agent search 2-60
2026-10-08 18:38:14,121 INFO o.a.j.t.JMeterThread: Thread started: Agent search 2-61
2026-10-08 18:38:14,140 INFO o.a.j.t.JMeterThread: Thread is done: Agent search 2-61
2026-10-08 18:38:14,140 INFO o.a.j.t.JMeterThread: Thread finished: Agent search 2-61
2026-10-08 18:38:14,607 INFO o.a.j.t.JMeterThread: Thread started: Agent search 2-62
2026-10-08 18:38:14,621 INFO o.a.j.t.JMeterThread: Thread is done: Agent search 2-62
2026-10-08 18:38:14,621 INFO o.a.j.t.JMeterThread: Thread finished: Agent search 2-62
2026-10-08 18:38:33,489 INFO o.a.j.t.JMeterThread: Thread started: Agent search 2-63
2026-10-08 18:38:33,502 INFO o.a.j.r.Summariser: summary +      5 in 00:01:30 =    0.1/s Avg:    12 Min:    10 Max:    16 Err:     0 (0.00%) Active: 1 Started: 115 Finished: 114
2026-10-08 18:38:33,505 INFO o.a.j.r.Summariser: summary =    115 in 00:18:37 =    0.1/s Avg:   448 Min:     7 Max:  2850 Err:     0 (0.00%)
2026-10-08 18:38:33,505 INFO o.a.j.t.JMeterThread: Thread is done: Agent search 2-63
2026-10-08 18:38:33,505 INFO o.a.j.t.JMeterThread: Thread finished: Agent search 2-63
2026-10-08 18:38:48,562 INFO o.a.j.t.JMeterThread: Thread started: Agent search 2-64
2026-10-08 18:38:48,576 INFO o.a.j.t.JMeterThread: Thread is done: Agent search 2-64
2026-10-08 18:38:48,576 INFO o.a.j.t.JMeterThread: Thread finished: Agent search 2-64
2026-10-08 18:39:03,528 INFO o.a.j.t.JMeterThread: Thread started: Agent search 2-65
2026-10-08 18:39:03,543 INFO o.a.j.r.Summariser: summary +      2 in 00:00:30 =    0.1/s Avg:    12 Min:    12 Max:    13 Err:     0 (0.00%) Active: 1 Started: 117 Finished: 116
2026-10-08 18:39:03,544 INFO o.a.j.r.Summariser: summary =    117 in 00:19:08 =    0.1/s Avg:   441 Min:     7 Max:  2850 Err:     0 (0.00%)
2026-10-08 18:39:03,544 INFO o.a.j.t.JMeterThread: Thread is done: Agent search 2-65
2026-10-08 18:39:03,544 INFO o.a.j.t.JMeterThread: Thread finished: Agent search 2-65
2026-10-08 18:39:08,394 INFO o.a.j.t.JMeterThread: Thread started: Agent search 2-66
2026-10-08 18:39:08,411 INFO o.a.j.t.JMeterThread: Thread is done: Agent search 2-66
2026-10-08 18:39:08,411 INFO o.a.j.t.JMeterThread: Thread finished: Agent search 2-66
2026-10-08 18:39:11,279 INFO o.a.j.t.JMeterThread: Thread started: Agent search 2-67
2026-10-08 18:39:11,294 INFO o.a.j.t.JMeterThread: Thread is done: Agent search 2-67
2026-10-08 18:39:11,294 INFO o.a.j.t.JMeterThread: Thread finished: Agent search 2-67
2026-10-08 18:39:13,741 INFO o.a.j.t.JMeterThread: Thread started: Agent search 2-68
2026-10-08 18:39:13,759 INFO o.a.j.t.JMeterThread: Thread is done: Agent search 2-68
2026-10-08 18:39:13,760 INFO o.a.j.t.JMeterThread: Thread finished: Agent search 2-68
2026-10-08 18:39:15,332 INFO o.a.j.t.o.OpenModelThreadGroup: There will be no more events, so will wait for 40 sec till the end of the schedule
2026-10-08 18:39:15,333 INFO o.a.j.t.JMeterThread: Thread started: Dashboard 3-20
2026-10-08 18:39:15,343 INFO o.a.j.t.JMeterThread: Thread is done: Dashboard 3-20
2026-10-08 18:39:15,343 INFO o.a.j.t.JMeterThread: Thread finished: Dashboard 3-20
2026-10-08 18:39:30,306 INFO o.a.j.t.JMeterThread: Thread started: Agent search 2-69
2026-10-08 18:39:30,322 INFO o.a.j.r.Summariser: summary +      5 in 00:00:27 =    0.2/s Avg:    13 Min:     8 Max:    17 Err:     0 (0.00%) Active: 1 Started: 122 Finished: 121
2026-10-08 18:39:30,323 INFO o.a.j.r.Summariser: summary =    122 in 00:19:34 =    0.1/s Avg:   423 Min:     7 Max:  2850 Err:     0 (0.00%)
2026-10-08 18:39:30,324 INFO o.a.j.t.JMeterThread: Thread is done: Agent search 2-69
2026-10-08 18:39:30,324 INFO o.a.j.t.JMeterThread: Thread finished: Agent search 2-69
2026-10-08 18:39:40,767 INFO o.a.j.t.JMeterThread: Thread started: Agent search 2-70
2026-10-08 18:39:40,778 INFO o.a.j.t.JMeterThread: Thread is done: Agent search 2-70
2026-10-08 18:39:40,778 INFO o.a.j.t.JMeterThread: Thread finished: Agent search 2-70
2026-10-08 18:39:49,396 INFO o.a.j.t.o.OpenModelThreadGroup: There will be no more events, so will wait for 6 sec till the end of the schedule
2026-10-08 18:39:49,396 INFO o.a.j.t.JMeterThread: Thread started: Agent search 2-71
2026-10-08 18:39:49,411 INFO o.a.j.t.JMeterThread: Thread is done: Agent search 2-71
2026-10-08 18:39:49,411 INFO o.a.j.t.JMeterThread: Thread finished: Agent search 2-71
2026-10-08 18:39:55,963 INFO o.a.j.t.o.OpenModelThreadGroup: There will be no more events, will shutdown the thread pool
2026-10-08 18:39:55,963 INFO o.a.j.t.o.OpenModelThreadGroup: Thread starting done
2026-10-08 18:39:55,964 INFO o.a.j.t.o.OpenModelThreadGroup: There will be no more events, will shutdown the thread pool
2026-10-08 18:39:55,964 INFO o.a.j.t.o.OpenModelThreadGroup: Thread starting done
2026-10-08 18:39:55,965 INFO o.a.j.t.o.OpenModelThreadGroup: There will be no more events, will shutdown the thread pool
2026-10-08 18:39:55,966 INFO o.a.j.t.o.OpenModelThreadGroup: Thread starting done
2026-10-08 18:39:55,966 INFO o.a.j.e.StandardJMeterEngine: Notifying test listeners of end of test
2026-10-08 18:39:55,968 INFO o.a.j.s.FileServer: Close: search_terms.csv
2026-10-08 18:39:55,968 INFO o.a.j.s.FileServer: Close: narratives.txt
2026-10-08 18:39:55,969 INFO o.a.j.r.Summariser: summary +      2 in 00:00:26 =    0.1/s Avg:    11 Min:     9 Max:    13 Err:     0 (0.00%) Active: 0 Started: 124 Finished: 124
2026-10-08 18:39:55,970 INFO o.a.j.r.Summariser: summary =    124 in 00:20:00 =    0.1/s Avg:   417 Min:     7 Max:  2850 Err:     0 (0.00%)
