2026-10-08 20:28:00,311 INFO o.a.j.u.JMeterUtils: Setting Locale to en_EN
2026-10-08 20:28:00,322 INFO o.a.j.JMeter: Loading user properties from: C:\apache-jmeter-5.6.3\bin\user.properties
2026-10-08 20:28:00,322 INFO o.a.j.JMeter: Loading system properties from: C:\apache-jmeter-5.6.3\bin\system.properties
2026-10-08 20:28:00,323 INFO o.a.j.JMeter: Setting JMeter property: host=192.168.50.104
2026-10-08 20:28:00,323 INFO o.a.j.JMeter: Setting JMeter property: ticket_rate=100
2026-10-08 20:28:00,323 INFO o.a.j.JMeter: Setting JMeter property: search_rate=214
2026-10-08 20:28:00,323 INFO o.a.j.JMeter: Setting JMeter property: stats_rate=60
2026-10-08 20:28:00,323 INFO o.a.j.JMeter: Setting JMeter property: duration=20
2026-10-08 20:28:00,323 INFO o.a.j.JMeter: Setting JMeter property: run_id=llama3_1_8b-100-r1
2026-10-08 20:28:00,323 INFO o.a.j.JMeter: Setting JMeter property: jmeter.save.saveservice.output_format=csv
2026-10-08 20:28:00,327 INFO o.a.j.JMeter: Copyright (c) 1998-2024 The Apache Software Foundation
2026-10-08 20:28:00,327 INFO o.a.j.JMeter: Version 5.6.3
2026-10-08 20:28:00,327 INFO o.a.j.JMeter: java.version=17
2026-10-08 20:28:00,327 INFO o.a.j.JMeter: java.vm.name=Java HotSpot(TM) 64-Bit Server VM
2026-10-08 20:28:00,327 INFO o.a.j.JMeter: os.name=Windows 10
2026-10-08 20:28:00,327 INFO o.a.j.JMeter: os.arch=amd64
2026-10-08 20:28:00,327 INFO o.a.j.JMeter: os.version=10.0
2026-10-08 20:28:00,327 INFO o.a.j.JMeter: file.encoding=Cp1252
2026-10-08 20:28:00,327 INFO o.a.j.JMeter: java.awt.headless=true
2026-10-08 20:28:00,327 INFO o.a.j.JMeter: Max memory     =1073741824
2026-10-08 20:28:00,328 INFO o.a.j.JMeter: Available Processors =20
2026-10-08 20:28:00,332 INFO o.a.j.JMeter: Default Locale=English (EN)
2026-10-08 20:28:00,332 INFO o.a.j.JMeter: JMeter  Locale=English (EN)
2026-10-08 20:28:00,332 INFO o.a.j.JMeter: JMeterHome=C:\apache-jmeter-5.6.3
2026-10-08 20:28:00,332 INFO o.a.j.JMeter: user.dir  =C:\Users\Ashley\Documents\GitHub\ICT3113_P2-3
2026-10-08 20:28:00,332 INFO o.a.j.JMeter: PWD       =C:\Users\Ashley\Documents\GitHub\ICT3113_P2-3
2026-10-08 20:28:00,333 INFO o.a.j.JMeter: IP: 192.168.50.172 Name: DESKTOP-FE7GKLN FullName: DESKTOP-FE7GKLN
2026-10-08 20:28:00,342 INFO o.a.j.s.FileServer: Default base='C:\Users\Ashley\Documents\GitHub\ICT3113_P2-3'
2026-10-08 20:28:00,343 INFO o.a.j.s.FileServer: Set new base='C:\Users\Ashley\Documents\GitHub\ICT3113_P2-3\jmeter'
2026-10-08 20:28:00,417 INFO o.a.j.s.SaveService: Testplan (JMX) version: 2.2. Testlog (JTL) version: 2.2
2026-10-08 20:28:00,428 INFO o.a.j.s.SaveService: Using SaveService properties version 5.0
2026-10-08 20:28:00,430 INFO o.a.j.s.SaveService: Using SaveService properties file encoding UTF-8
2026-10-08 20:28:00,432 INFO o.a.j.s.SaveService: Loading file: C:\Users\Ashley\Documents\GitHub\ICT3113_P2-3\jmeter\load_test.jmx
2026-10-08 20:28:00,460 INFO o.a.j.p.h.s.HTTPSamplerBase: Parser for text/html is org.apache.jmeter.protocol.http.parser.LagartoBasedHtmlParser
2026-10-08 20:28:00,460 INFO o.a.j.p.h.s.HTTPSamplerBase: Parser for application/xhtml+xml is org.apache.jmeter.protocol.http.parser.LagartoBasedHtmlParser
2026-10-08 20:28:00,460 INFO o.a.j.p.h.s.HTTPSamplerBase: Parser for application/xml is org.apache.jmeter.protocol.http.parser.LagartoBasedHtmlParser
2026-10-08 20:28:00,461 INFO o.a.j.p.h.s.HTTPSamplerBase: Parser for text/xml is org.apache.jmeter.protocol.http.parser.LagartoBasedHtmlParser
2026-10-08 20:28:00,461 INFO o.a.j.p.h.s.HTTPSamplerBase: Parser for text/vnd.wap.wml is org.apache.jmeter.protocol.http.parser.RegexpHTMLParser
2026-10-08 20:28:00,461 INFO o.a.j.p.h.s.HTTPSamplerBase: Parser for text/css is org.apache.jmeter.protocol.http.parser.CssParser
2026-10-08 20:28:00,470 INFO o.a.j.JMeter: Creating summariser <summary>
2026-10-08 20:28:00,479 INFO o.a.j.e.StandardJMeterEngine: Running the test!
2026-10-08 20:28:00,480 INFO o.a.j.s.SampleEvent: List of sample_variables: []
2026-10-08 20:28:00,480 INFO o.a.j.s.SampleEvent: List of sample_variables: []
2026-10-08 20:28:00,482 INFO o.a.j.e.u.CompoundVariable: Note: Function class names must contain the string: '.functions.'
2026-10-08 20:28:00,482 INFO o.a.j.e.u.CompoundVariable: Note: Function class names must not contain the string: '.gui.'
2026-10-08 20:28:00,519 INFO o.a.j.JMeter: Running test (1791462480519)
2026-10-08 20:28:00,525 INFO o.a.j.e.StandardJMeterEngine: Starting ThreadGroup: 1 : Intake
2026-10-08 20:28:00,525 INFO o.a.j.e.StandardJMeterEngine: Starting 0 threads for group Intake.
2026-10-08 20:28:00,525 INFO o.a.j.e.StandardJMeterEngine: Thread will continue on error
2026-10-08 20:28:00,526 INFO o.a.j.t.o.OpenModelThreadGroup: Starting OpenModelThreadGroup#1 with schedule rate(100/hour) random_arrivals(20 min)
2026-10-08 20:28:00,544 INFO o.a.j.e.StandardJMeterEngine: Starting ThreadGroup: 2 : Agent search
2026-10-08 20:28:00,544 INFO o.a.j.e.StandardJMeterEngine: Starting 0 threads for group Agent search.
2026-10-08 20:28:00,544 INFO o.a.j.e.StandardJMeterEngine: Thread will continue on error
2026-10-08 20:28:00,544 INFO o.a.j.t.o.OpenModelThreadGroup: Starting OpenModelThreadGroup#2 with schedule rate(214/hour) random_arrivals(20 min)
2026-10-08 20:28:00,544 INFO o.a.j.t.o.OpenModelThreadGroup: Thread starting init
2026-10-08 20:28:00,544 INFO o.a.j.e.StandardJMeterEngine: Starting ThreadGroup: 3 : Dashboard
2026-10-08 20:28:00,544 INFO o.a.j.e.StandardJMeterEngine: Starting 0 threads for group Dashboard.
2026-10-08 20:28:00,544 INFO o.a.j.e.StandardJMeterEngine: Thread will continue on error
2026-10-08 20:28:00,544 INFO o.a.j.t.o.OpenModelThreadGroup: Starting OpenModelThreadGroup#3 with schedule rate(60/hour) random_arrivals(20 min)
2026-10-08 20:28:00,544 INFO o.a.j.t.o.OpenModelThreadGroup: Thread starting init
2026-10-08 20:28:00,544 INFO o.a.j.e.StandardJMeterEngine: All thread groups have been started
2026-10-08 20:28:00,544 INFO o.a.j.t.o.OpenModelThreadGroup: Thread starting init
2026-10-08 20:28:00,548 INFO o.a.j.t.o.PoissonArrivalsRamp: Generating 33 events, beginRate = 0.027777777777777776 / sec, endRate = 0.027777777777777776 / sec, duration = 1200.0 sec
2026-10-08 20:28:00,548 INFO o.a.j.t.o.PoissonArrivalsRamp: Generating 71 events, beginRate = 0.059444444444444446 / sec, endRate = 0.059444444444444446 / sec, duration = 1200.0 sec
2026-10-08 20:28:00,548 INFO o.a.j.t.o.PoissonArrivalsRamp: Generating 20 events, beginRate = 0.016666666666666666 / sec, endRate = 0.016666666666666666 / sec, duration = 1200.0 sec
2026-10-08 20:28:02,963 INFO o.a.j.t.JMeterThread: Thread started: Agent search 2-1
2026-10-08 20:28:02,963 INFO o.a.j.s.FileServer: Stored: search_terms.csv
2026-10-08 20:28:02,975 INFO o.a.j.p.h.s.HTTPHCAbstractImpl: Local host = DESKTOP-FE7GKLN
2026-10-08 20:28:02,978 INFO o.a.j.p.h.s.HTTPHC4Impl: HTTP request retry count = 0
2026-10-08 20:28:02,978 INFO o.a.j.s.SampleResult: Note: Sample TimeStamps are START times
2026-10-08 20:28:02,978 INFO o.a.j.s.SampleResult: sampleresult.default.encoding is set to UTF-8
2026-10-08 20:28:02,978 INFO o.a.j.s.SampleResult: sampleresult.useNanoTime=true
2026-10-08 20:28:02,978 INFO o.a.j.s.SampleResult: sampleresult.nanoThreadSleep=5000
2026-10-08 20:28:03,037 INFO o.a.j.r.Summariser: summary +      1 in 00:00:03 =    0.4/s Avg:    25 Min:    25 Max:    25 Err:     0 (0.00%) Active: 1 Started: 1 Finished: 0
2026-10-08 20:28:03,037 INFO o.a.j.t.JMeterThread: Thread is done: Agent search 2-1
2026-10-08 20:28:03,037 INFO o.a.j.t.JMeterThread: Thread finished: Agent search 2-1
2026-10-08 20:28:06,124 INFO o.a.j.t.JMeterThread: Thread started: Dashboard 3-1
2026-10-08 20:28:06,139 INFO o.a.j.t.JMeterThread: Thread is done: Dashboard 3-1
2026-10-08 20:28:06,139 INFO o.a.j.t.JMeterThread: Thread finished: Dashboard 3-1
2026-10-08 20:28:22,330 INFO o.a.j.t.JMeterThread: Thread started: Agent search 2-2
2026-10-08 20:28:22,345 INFO o.a.j.t.JMeterThread: Thread is done: Agent search 2-2
2026-10-08 20:28:22,345 INFO o.a.j.t.JMeterThread: Thread finished: Agent search 2-2
2026-10-08 20:28:30,249 INFO o.a.j.t.JMeterThread: Thread started: Intake 1-1
2026-10-08 20:28:30,250 INFO o.a.j.s.FileServer: Stored: narratives.txt
2026-10-08 20:28:30,966 INFO o.a.j.r.Summariser: summary +      3 in 00:00:28 =    0.1/s Avg:   246 Min:    11 Max:   714 Err:     0 (0.00%) Active: 1 Started: 4 Finished: 3
2026-10-08 20:28:30,966 INFO o.a.j.r.Summariser: summary =      4 in 00:00:30 =    0.1/s Avg:   190 Min:    11 Max:   714 Err:     0 (0.00%)
2026-10-08 20:28:30,967 INFO o.a.j.t.JMeterThread: Thread is done: Intake 1-1
2026-10-08 20:28:30,967 INFO o.a.j.t.JMeterThread: Thread finished: Intake 1-1
2026-10-08 20:28:42,729 INFO o.a.j.t.JMeterThread: Thread started: Agent search 2-3
2026-10-08 20:28:42,746 INFO o.a.j.t.JMeterThread: Thread is done: Agent search 2-3
2026-10-08 20:28:42,747 INFO o.a.j.t.JMeterThread: Thread finished: Agent search 2-3
2026-10-08 20:28:45,810 INFO o.a.j.t.JMeterThread: Thread started: Dashboard 3-2
2026-10-08 20:28:45,826 INFO o.a.j.t.JMeterThread: Thread is done: Dashboard 3-2
2026-10-08 20:28:45,826 INFO o.a.j.t.JMeterThread: Thread finished: Dashboard 3-2
2026-10-08 20:28:50,962 INFO o.a.j.t.JMeterThread: Thread started: Agent search 2-4
2026-10-08 20:28:50,979 INFO o.a.j.t.JMeterThread: Thread is done: Agent search 2-4
2026-10-08 20:28:50,979 INFO o.a.j.t.JMeterThread: Thread finished: Agent search 2-4
2026-10-08 20:28:53,584 INFO o.a.j.t.JMeterThread: Thread started: Agent search 2-5
2026-10-08 20:28:53,602 INFO o.a.j.t.JMeterThread: Thread is done: Agent search 2-5
2026-10-08 20:28:53,602 INFO o.a.j.t.JMeterThread: Thread finished: Agent search 2-5
2026-10-08 20:29:03,139 INFO o.a.j.t.JMeterThread: Thread started: Intake 1-2
2026-10-08 20:29:04,772 INFO o.a.j.r.Summariser: summary +      5 in 00:00:34 =    0.1/s Avg:   336 Min:    13 Max:  1628 Err:     0 (0.00%) Active: 1 Started: 9 Finished: 8
2026-10-08 20:29:04,773 INFO o.a.j.r.Summariser: summary =      9 in 00:01:04 =    0.1/s Avg:   271 Min:    11 Max:  1628 Err:     0 (0.00%)
2026-10-08 20:29:04,774 INFO o.a.j.t.JMeterThread: Thread is done: Intake 1-2
2026-10-08 20:29:04,774 INFO o.a.j.t.JMeterThread: Thread finished: Intake 1-2
2026-10-08 20:29:09,168 INFO o.a.j.t.JMeterThread: Thread started: Dashboard 3-3
2026-10-08 20:29:09,182 INFO o.a.j.t.JMeterThread: Thread is done: Dashboard 3-3
2026-10-08 20:29:09,182 INFO o.a.j.t.JMeterThread: Thread finished: Dashboard 3-3
2026-10-08 20:29:15,204 INFO o.a.j.t.JMeterThread: Thread started: Agent search 2-6
2026-10-08 20:29:15,222 INFO o.a.j.t.JMeterThread: Thread is done: Agent search 2-6
2026-10-08 20:29:15,222 INFO o.a.j.t.JMeterThread: Thread finished: Agent search 2-6
2026-10-08 20:29:27,957 INFO o.a.j.t.JMeterThread: Thread started: Dashboard 3-4
2026-10-08 20:29:27,969 INFO o.a.j.t.JMeterThread: Thread is done: Dashboard 3-4
2026-10-08 20:29:27,970 INFO o.a.j.t.JMeterThread: Thread finished: Dashboard 3-4
2026-10-08 20:29:53,539 INFO o.a.j.t.JMeterThread: Thread started: Agent search 2-7
2026-10-08 20:29:53,552 INFO o.a.j.t.JMeterThread: Thread is done: Agent search 2-7
2026-10-08 20:29:53,552 INFO o.a.j.t.JMeterThread: Thread finished: Agent search 2-7
2026-10-08 20:29:54,685 INFO o.a.j.t.JMeterThread: Thread started: Intake 1-3
2026-10-08 20:29:58,492 INFO o.a.j.t.JMeterThread: Thread is done: Intake 1-3
2026-10-08 20:29:58,492 INFO o.a.j.t.JMeterThread: Thread finished: Intake 1-3
2026-10-08 20:30:00,917 INFO o.a.j.t.JMeterThread: Thread started: Agent search 2-8
2026-10-08 20:30:00,927 INFO o.a.j.r.Summariser: summary +      6 in 00:00:56 =    0.1/s Avg:   643 Min:     9 Max:  3805 Err:     0 (0.00%) Active: 1 Started: 15 Finished: 14
2026-10-08 20:30:00,928 INFO o.a.j.r.Summariser: summary =     15 in 00:02:00 =    0.1/s Avg:   420 Min:     9 Max:  3805 Err:     0 (0.00%)
2026-10-08 20:30:00,928 INFO o.a.j.t.JMeterThread: Thread is done: Agent search 2-8
2026-10-08 20:30:00,928 INFO o.a.j.t.JMeterThread: Thread finished: Agent search 2-8
2026-10-08 20:30:07,216 INFO o.a.j.t.JMeterThread: Thread started: Agent search 2-9
2026-10-08 20:30:07,230 INFO o.a.j.t.JMeterThread: Thread is done: Agent search 2-9
2026-10-08 20:30:07,230 INFO o.a.j.t.JMeterThread: Thread finished: Agent search 2-9
2026-10-08 20:30:08,571 INFO o.a.j.t.JMeterThread: Thread started: Agent search 2-10
2026-10-08 20:30:08,585 INFO o.a.j.t.JMeterThread: Thread is done: Agent search 2-10
2026-10-08 20:30:08,585 INFO o.a.j.t.JMeterThread: Thread finished: Agent search 2-10
2026-10-08 20:30:24,322 INFO o.a.j.t.JMeterThread: Thread started: Agent search 2-11
2026-10-08 20:30:24,336 INFO o.a.j.t.JMeterThread: Thread is done: Agent search 2-11
2026-10-08 20:30:24,337 INFO o.a.j.t.JMeterThread: Thread finished: Agent search 2-11
2026-10-08 20:30:24,842 INFO o.a.j.t.JMeterThread: Thread started: Intake 1-4
2026-10-08 20:30:26,692 INFO o.a.j.t.JMeterThread: Thread is done: Intake 1-4
2026-10-08 20:30:26,692 INFO o.a.j.t.JMeterThread: Thread finished: Intake 1-4
2026-10-08 20:30:31,196 INFO o.a.j.t.JMeterThread: Thread started: Agent search 2-12
2026-10-08 20:30:31,208 INFO o.a.j.r.Summariser: summary +      5 in 00:00:30 =    0.2/s Avg:   378 Min:     9 Max:  1848 Err:     0 (0.00%) Active: 1 Started: 20 Finished: 19
2026-10-08 20:30:31,208 INFO o.a.j.r.Summariser: summary =     20 in 00:02:31 =    0.1/s Avg:   410 Min:     9 Max:  3805 Err:     0 (0.00%)
2026-10-08 20:30:31,208 INFO o.a.j.t.JMeterThread: Thread is done: Agent search 2-12
2026-10-08 20:30:31,208 INFO o.a.j.t.JMeterThread: Thread finished: Agent search 2-12
2026-10-08 20:30:42,981 INFO o.a.j.t.JMeterThread: Thread started: Agent search 2-13
2026-10-08 20:30:42,995 INFO o.a.j.t.JMeterThread: Thread is done: Agent search 2-13
2026-10-08 20:30:42,995 INFO o.a.j.t.JMeterThread: Thread finished: Agent search 2-13
2026-10-08 20:30:43,068 INFO o.a.j.t.JMeterThread: Thread started: Intake 1-5
2026-10-08 20:30:44,938 INFO o.a.j.t.JMeterThread: Thread started: Dashboard 3-5
2026-10-08 20:30:44,950 INFO o.a.j.t.JMeterThread: Thread is done: Dashboard 3-5
2026-10-08 20:30:44,950 INFO o.a.j.t.JMeterThread: Thread finished: Dashboard 3-5
2026-10-08 20:30:46,127 INFO o.a.j.t.JMeterThread: Thread started: Agent search 2-14
2026-10-08 20:30:46,148 INFO o.a.j.t.JMeterThread: Thread is done: Agent search 2-14
2026-10-08 20:30:46,148 INFO o.a.j.t.JMeterThread: Thread finished: Agent search 2-14
2026-10-08 20:30:46,384 INFO o.a.j.t.JMeterThread: Thread is done: Intake 1-5
2026-10-08 20:30:46,384 INFO o.a.j.t.JMeterThread: Thread finished: Intake 1-5
2026-10-08 20:30:47,654 INFO o.a.j.t.JMeterThread: Thread started: Dashboard 3-6
2026-10-08 20:30:47,668 INFO o.a.j.t.JMeterThread: Thread is done: Dashboard 3-6
2026-10-08 20:30:47,668 INFO o.a.j.t.JMeterThread: Thread finished: Dashboard 3-6
2026-10-08 20:30:55,352 INFO o.a.j.t.JMeterThread: Thread started: Agent search 2-15
2026-10-08 20:30:55,364 INFO o.a.j.t.JMeterThread: Thread is done: Agent search 2-15
2026-10-08 20:30:55,364 INFO o.a.j.t.JMeterThread: Thread finished: Agent search 2-15
2026-10-08 20:31:24,860 INFO o.a.j.t.JMeterThread: Thread started: Agent search 2-16
2026-10-08 20:31:24,874 INFO o.a.j.t.JMeterThread: Thread is done: Agent search 2-16
2026-10-08 20:31:24,874 INFO o.a.j.t.JMeterThread: Thread finished: Agent search 2-16
2026-10-08 20:31:47,522 INFO o.a.j.t.JMeterThread: Thread started: Agent search 2-17
2026-10-08 20:31:47,539 INFO o.a.j.t.JMeterThread: Thread is done: Agent search 2-17
2026-10-08 20:31:47,539 INFO o.a.j.t.JMeterThread: Thread finished: Agent search 2-17
2026-10-08 20:31:50,984 INFO o.a.j.t.JMeterThread: Thread started: Agent search 2-18
2026-10-08 20:31:51,000 INFO o.a.j.t.JMeterThread: Thread is done: Agent search 2-18
2026-10-08 20:31:51,000 INFO o.a.j.t.JMeterThread: Thread finished: Agent search 2-18
2026-10-08 20:32:11,038 INFO o.a.j.t.JMeterThread: Thread started: Agent search 2-19
2026-10-08 20:32:11,052 INFO o.a.j.t.JMeterThread: Thread is done: Agent search 2-19
2026-10-08 20:32:11,052 INFO o.a.j.t.JMeterThread: Thread finished: Agent search 2-19
2026-10-08 20:32:14,029 INFO o.a.j.t.JMeterThread: Thread started: Dashboard 3-7
2026-10-08 20:32:14,038 INFO o.a.j.t.JMeterThread: Thread is done: Dashboard 3-7
2026-10-08 20:32:14,038 INFO o.a.j.t.JMeterThread: Thread finished: Dashboard 3-7
2026-10-08 20:32:17,472 INFO o.a.j.t.JMeterThread: Thread started: Dashboard 3-8
2026-10-08 20:32:17,483 INFO o.a.j.t.JMeterThread: Thread is done: Dashboard 3-8
2026-10-08 20:32:17,483 INFO o.a.j.t.JMeterThread: Thread finished: Dashboard 3-8
2026-10-08 20:32:22,763 INFO o.a.j.t.JMeterThread: Thread started: Agent search 2-20
2026-10-08 20:32:22,778 INFO o.a.j.t.JMeterThread: Thread is done: Agent search 2-20
2026-10-08 20:32:22,778 INFO o.a.j.t.JMeterThread: Thread finished: Agent search 2-20
2026-10-08 20:32:27,291 INFO o.a.j.t.JMeterThread: Thread started: Agent search 2-21
2026-10-08 20:32:27,309 INFO o.a.j.t.JMeterThread: Thread is done: Agent search 2-21
2026-10-08 20:32:27,309 INFO o.a.j.t.JMeterThread: Thread finished: Agent search 2-21
2026-10-08 20:32:44,612 INFO o.a.j.t.JMeterThread: Thread started: Agent search 2-22
2026-10-08 20:32:44,622 INFO o.a.j.t.JMeterThread: Thread is done: Agent search 2-22
2026-10-08 20:32:44,622 INFO o.a.j.t.JMeterThread: Thread finished: Agent search 2-22
2026-10-08 20:32:51,942 INFO o.a.j.t.JMeterThread: Thread started: Dashboard 3-9
2026-10-08 20:32:51,953 INFO o.a.j.t.JMeterThread: Thread is done: Dashboard 3-9
2026-10-08 20:32:51,953 INFO o.a.j.t.JMeterThread: Thread finished: Dashboard 3-9
2026-10-08 20:32:57,222 INFO o.a.j.t.JMeterThread: Thread started: Agent search 2-23
2026-10-08 20:32:57,241 INFO o.a.j.t.JMeterThread: Thread is done: Agent search 2-23
2026-10-08 20:32:57,243 INFO o.a.j.t.JMeterThread: Thread finished: Agent search 2-23
2026-10-08 20:33:08,805 INFO o.a.j.t.JMeterThread: Thread started: Agent search 2-24
2026-10-08 20:33:08,818 INFO o.a.j.t.JMeterThread: Thread is done: Agent search 2-24
2026-10-08 20:33:08,819 INFO o.a.j.t.JMeterThread: Thread finished: Agent search 2-24
2026-10-08 20:33:14,327 INFO o.a.j.t.JMeterThread: Thread started: Agent search 2-25
2026-10-08 20:33:14,341 INFO o.a.j.t.JMeterThread: Thread is done: Agent search 2-25
2026-10-08 20:33:14,341 INFO o.a.j.t.JMeterThread: Thread finished: Agent search 2-25
2026-10-08 20:33:32,691 INFO o.a.j.t.JMeterThread: Thread started: Agent search 2-26
2026-10-08 20:33:32,705 INFO o.a.j.r.Summariser: summary +     20 in 00:03:01 =    0.1/s Avg:   176 Min:     8 Max:  3313 Err:     0 (0.00%) Active: 1 Started: 40 Finished: 39
2026-10-08 20:33:32,705 INFO o.a.j.r.Summariser: summary =     40 in 00:05:32 =    0.1/s Avg:   293 Min:     8 Max:  3805 Err:     0 (0.00%)
2026-10-08 20:33:32,706 INFO o.a.j.t.JMeterThread: Thread is done: Agent search 2-26
2026-10-08 20:33:32,706 INFO o.a.j.t.JMeterThread: Thread finished: Agent search 2-26
2026-10-08 20:33:36,862 INFO o.a.j.t.JMeterThread: Thread started: Intake 1-6
2026-10-08 20:33:37,467 INFO o.a.j.t.JMeterThread: Thread is done: Intake 1-6
2026-10-08 20:33:37,467 INFO o.a.j.t.JMeterThread: Thread finished: Intake 1-6
2026-10-08 20:33:39,048 INFO o.a.j.t.JMeterThread: Thread started: Intake 1-7
2026-10-08 20:33:39,761 INFO o.a.j.t.JMeterThread: Thread is done: Intake 1-7
2026-10-08 20:33:39,761 INFO o.a.j.t.JMeterThread: Thread finished: Intake 1-7
2026-10-08 20:33:51,527 INFO o.a.j.t.JMeterThread: Thread started: Dashboard 3-10
2026-10-08 20:33:51,535 INFO o.a.j.t.JMeterThread: Thread is done: Dashboard 3-10
2026-10-08 20:33:51,535 INFO o.a.j.t.JMeterThread: Thread finished: Dashboard 3-10
2026-10-08 20:34:04,828 INFO o.a.j.t.JMeterThread: Thread started: Agent search 2-27
2026-10-08 20:34:04,841 INFO o.a.j.r.Summariser: summary +      4 in 00:00:32 =    0.1/s Avg:   333 Min:     8 Max:   711 Err:     0 (0.00%) Active: 1 Started: 44 Finished: 43
2026-10-08 20:34:04,843 INFO o.a.j.r.Summariser: summary =     44 in 00:06:04 =    0.1/s Avg:   297 Min:     8 Max:  3805 Err:     0 (0.00%)
2026-10-08 20:34:04,843 INFO o.a.j.t.JMeterThread: Thread is done: Agent search 2-27
2026-10-08 20:34:04,843 INFO o.a.j.t.JMeterThread: Thread finished: Agent search 2-27
2026-10-08 20:34:05,143 INFO o.a.j.t.JMeterThread: Thread started: Intake 1-8
2026-10-08 20:34:07,343 INFO o.a.j.t.JMeterThread: Thread is done: Intake 1-8
2026-10-08 20:34:07,343 INFO o.a.j.t.JMeterThread: Thread finished: Intake 1-8
2026-10-08 20:34:08,626 INFO o.a.j.t.JMeterThread: Thread started: Agent search 2-28
2026-10-08 20:34:08,642 INFO o.a.j.t.JMeterThread: Thread is done: Agent search 2-28
2026-10-08 20:34:08,642 INFO o.a.j.t.JMeterThread: Thread finished: Agent search 2-28
2026-10-08 20:34:17,930 INFO o.a.j.t.JMeterThread: Thread started: Intake 1-9
2026-10-08 20:34:19,361 INFO o.a.j.t.JMeterThread: Thread is done: Intake 1-9
2026-10-08 20:34:19,361 INFO o.a.j.t.JMeterThread: Thread finished: Intake 1-9
2026-10-08 20:34:21,154 INFO o.a.j.t.JMeterThread: Thread started: Agent search 2-29
2026-10-08 20:34:21,167 INFO o.a.j.t.JMeterThread: Thread is done: Agent search 2-29
2026-10-08 20:34:21,167 INFO o.a.j.t.JMeterThread: Thread finished: Agent search 2-29
2026-10-08 20:34:23,132 INFO o.a.j.t.JMeterThread: Thread started: Agent search 2-30
2026-10-08 20:34:23,141 INFO o.a.j.t.JMeterThread: Thread is done: Agent search 2-30
2026-10-08 20:34:23,141 INFO o.a.j.t.JMeterThread: Thread finished: Agent search 2-30
2026-10-08 20:34:53,762 INFO o.a.j.t.JMeterThread: Thread started: Intake 1-10
2026-10-08 20:34:56,395 INFO o.a.j.t.JMeterThread: Thread is done: Intake 1-10
2026-10-08 20:34:56,395 INFO o.a.j.t.JMeterThread: Thread finished: Intake 1-10
2026-10-08 20:35:01,305 INFO o.a.j.t.JMeterThread: Thread started: Dashboard 3-11
2026-10-08 20:35:01,320 INFO o.a.j.r.Summariser: summary +      7 in 00:00:56 =    0.1/s Avg:   900 Min:     8 Max:  2631 Err:     0 (0.00%) Active: 1 Started: 51 Finished: 50
2026-10-08 20:35:01,322 INFO o.a.j.r.Summariser: summary =     51 in 00:07:01 =    0.1/s Avg:   379 Min:     8 Max:  3805 Err:     0 (0.00%)
2026-10-08 20:35:01,322 INFO o.a.j.t.JMeterThread: Thread is done: Dashboard 3-11
2026-10-08 20:35:01,322 INFO o.a.j.t.JMeterThread: Thread finished: Dashboard 3-11
2026-10-08 20:35:04,799 INFO o.a.j.t.JMeterThread: Thread started: Agent search 2-31
2026-10-08 20:35:04,816 INFO o.a.j.t.JMeterThread: Thread is done: Agent search 2-31
2026-10-08 20:35:04,816 INFO o.a.j.t.JMeterThread: Thread finished: Agent search 2-31
2026-10-08 20:35:13,337 INFO o.a.j.t.JMeterThread: Thread started: Intake 1-11
2026-10-08 20:35:13,471 INFO o.a.j.t.JMeterThread: Thread started: Intake 1-12
2026-10-08 20:35:13,887 INFO o.a.j.t.JMeterThread: Thread is done: Intake 1-11
2026-10-08 20:35:13,887 INFO o.a.j.t.JMeterThread: Thread finished: Intake 1-11
2026-10-08 20:35:14,516 INFO o.a.j.t.JMeterThread: Thread is done: Intake 1-12
2026-10-08 20:35:14,516 INFO o.a.j.t.JMeterThread: Thread finished: Intake 1-12
2026-10-08 20:35:18,637 INFO o.a.j.t.JMeterThread: Thread started: Intake 1-13
2026-10-08 20:35:20,849 INFO o.a.j.t.JMeterThread: Thread is done: Intake 1-13
2026-10-08 20:35:20,849 INFO o.a.j.t.JMeterThread: Thread finished: Intake 1-13
2026-10-08 20:35:28,541 INFO o.a.j.t.JMeterThread: Thread started: Dashboard 3-12
2026-10-08 20:35:28,556 INFO o.a.j.t.JMeterThread: Thread is done: Dashboard 3-12
2026-10-08 20:35:28,556 INFO o.a.j.t.JMeterThread: Thread finished: Dashboard 3-12
2026-10-08 20:35:30,817 INFO o.a.j.t.JMeterThread: Thread started: Intake 1-14
2026-10-08 20:35:32,409 INFO o.a.j.r.Summariser: summary +      6 in 00:00:31 =    0.2/s Avg:   902 Min:    12 Max:  2209 Err:     0 (0.00%) Active: 1 Started: 57 Finished: 56
2026-10-08 20:35:32,411 INFO o.a.j.r.Summariser: summary =     57 in 00:07:32 =    0.1/s Avg:   434 Min:     8 Max:  3805 Err:     0 (0.00%)
2026-10-08 20:35:32,411 INFO o.a.j.t.JMeterThread: Thread is done: Intake 1-14
2026-10-08 20:35:32,411 INFO o.a.j.t.JMeterThread: Thread finished: Intake 1-14
2026-10-08 20:35:34,686 INFO o.a.j.t.JMeterThread: Thread started: Agent search 2-32
2026-10-08 20:35:34,699 INFO o.a.j.t.JMeterThread: Thread is done: Agent search 2-32
2026-10-08 20:35:34,699 INFO o.a.j.t.JMeterThread: Thread finished: Agent search 2-32
2026-10-08 20:35:45,477 INFO o.a.j.t.JMeterThread: Thread started: Agent search 2-33
2026-10-08 20:35:45,491 INFO o.a.j.t.JMeterThread: Thread is done: Agent search 2-33
2026-10-08 20:35:45,491 INFO o.a.j.t.JMeterThread: Thread finished: Agent search 2-33
2026-10-08 20:35:47,786 INFO o.a.j.t.JMeterThread: Thread started: Intake 1-15
2026-10-08 20:35:49,162 INFO o.a.j.t.JMeterThread: Thread started: Agent search 2-34
2026-10-08 20:35:49,176 INFO o.a.j.t.JMeterThread: Thread is done: Agent search 2-34
2026-10-08 20:35:49,177 INFO o.a.j.t.JMeterThread: Thread finished: Agent search 2-34
2026-10-08 20:35:50,469 INFO o.a.j.t.JMeterThread: Thread is done: Intake 1-15
2026-10-08 20:35:50,469 INFO o.a.j.t.JMeterThread: Thread finished: Intake 1-15
2026-10-08 20:35:58,149 INFO o.a.j.t.JMeterThread: Thread started: Agent search 2-35
2026-10-08 20:35:58,164 INFO o.a.j.t.JMeterThread: Thread is done: Agent search 2-35
2026-10-08 20:35:58,164 INFO o.a.j.t.JMeterThread: Thread finished: Agent search 2-35
2026-10-08 20:36:07,518 INFO o.a.j.t.JMeterThread: Thread started: Dashboard 3-13
2026-10-08 20:36:07,530 INFO o.a.j.t.JMeterThread: Thread is done: Dashboard 3-13
2026-10-08 20:36:07,530 INFO o.a.j.t.JMeterThread: Thread finished: Dashboard 3-13
2026-10-08 20:36:15,788 INFO o.a.j.t.JMeterThread: Thread started: Agent search 2-36
2026-10-08 20:36:15,803 INFO o.a.j.t.JMeterThread: Thread is done: Agent search 2-36
2026-10-08 20:36:15,803 INFO o.a.j.t.JMeterThread: Thread finished: Agent search 2-36
2026-10-08 20:36:24,150 INFO o.a.j.t.JMeterThread: Thread started: Intake 1-16
2026-10-08 20:36:24,698 INFO o.a.j.t.JMeterThread: Thread is done: Intake 1-16
2026-10-08 20:36:24,698 INFO o.a.j.t.JMeterThread: Thread finished: Intake 1-16
2026-10-08 20:36:27,167 INFO o.a.j.t.JMeterThread: Thread started: Intake 1-17
2026-10-08 20:36:31,643 INFO o.a.j.r.Summariser: summary +      9 in 00:00:59 =    0.2/s Avg:   863 Min:     9 Max:  4474 Err:     0 (0.00%) Active: 1 Started: 66 Finished: 65
2026-10-08 20:36:31,644 INFO o.a.j.r.Summariser: summary =     66 in 00:08:31 =    0.1/s Avg:   493 Min:     8 Max:  4474 Err:     0 (0.00%)
2026-10-08 20:36:31,645 INFO o.a.j.t.JMeterThread: Thread is done: Intake 1-17
2026-10-08 20:36:31,645 INFO o.a.j.t.JMeterThread: Thread finished: Intake 1-17
2026-10-08 20:36:34,512 INFO o.a.j.t.JMeterThread: Thread started: Intake 1-18
2026-10-08 20:36:36,041 INFO o.a.j.t.JMeterThread: Thread is done: Intake 1-18
2026-10-08 20:36:36,041 INFO o.a.j.t.JMeterThread: Thread finished: Intake 1-18
2026-10-08 20:36:39,421 INFO o.a.j.t.JMeterThread: Thread started: Agent search 2-37
2026-10-08 20:36:39,435 INFO o.a.j.t.JMeterThread: Thread is done: Agent search 2-37
2026-10-08 20:36:39,435 INFO o.a.j.t.JMeterThread: Thread finished: Agent search 2-37
2026-10-08 20:36:43,757 INFO o.a.j.t.JMeterThread: Thread started: Intake 1-19
2026-10-08 20:36:46,144 INFO o.a.j.t.JMeterThread: Thread is done: Intake 1-19
2026-10-08 20:36:46,144 INFO o.a.j.t.JMeterThread: Thread finished: Intake 1-19
2026-10-08 20:37:23,951 INFO o.a.j.t.JMeterThread: Thread started: Intake 1-20
2026-10-08 20:37:25,068 INFO o.a.j.t.JMeterThread: Thread is done: Intake 1-20
2026-10-08 20:37:25,069 INFO o.a.j.t.JMeterThread: Thread finished: Intake 1-20
2026-10-08 20:37:34,315 INFO o.a.j.t.JMeterThread: Thread started: Agent search 2-38
2026-10-08 20:37:34,327 INFO o.a.j.r.Summariser: summary +      5 in 00:01:03 =    0.1/s Avg:  1010 Min:    11 Max:  2386 Err:     0 (0.00%) Active: 1 Started: 71 Finished: 70
2026-10-08 20:37:34,328 INFO o.a.j.r.Summariser: summary =     71 in 00:09:34 =    0.1/s Avg:   529 Min:     8 Max:  4474 Err:     0 (0.00%)
2026-10-08 20:37:34,328 INFO o.a.j.t.JMeterThread: Thread is done: Agent search 2-38
2026-10-08 20:37:34,328 INFO o.a.j.t.JMeterThread: Thread finished: Agent search 2-38
2026-10-08 20:37:36,713 INFO o.a.j.t.JMeterThread: Thread started: Agent search 2-39
2026-10-08 20:37:36,726 INFO o.a.j.t.JMeterThread: Thread is done: Agent search 2-39
2026-10-08 20:37:36,726 INFO o.a.j.t.JMeterThread: Thread finished: Agent search 2-39
2026-10-08 20:37:43,377 INFO o.a.j.t.JMeterThread: Thread started: Intake 1-21
2026-10-08 20:37:45,019 INFO o.a.j.t.JMeterThread: Thread started: Intake 1-22
2026-10-08 20:37:45,625 INFO o.a.j.t.JMeterThread: Thread is done: Intake 1-21
2026-10-08 20:37:45,625 INFO o.a.j.t.JMeterThread: Thread finished: Intake 1-21
2026-10-08 20:37:50,590 INFO o.a.j.t.JMeterThread: Thread is done: Intake 1-22
2026-10-08 20:37:50,590 INFO o.a.j.t.JMeterThread: Thread finished: Intake 1-22
2026-10-08 20:38:07,399 INFO o.a.j.t.JMeterThread: Thread started: Agent search 2-40
2026-10-08 20:38:07,414 INFO o.a.j.t.JMeterThread: Thread is done: Agent search 2-40
2026-10-08 20:38:07,415 INFO o.a.j.t.JMeterThread: Thread finished: Agent search 2-40
2026-10-08 20:38:26,473 INFO o.a.j.t.JMeterThread: Thread started: Intake 1-23
2026-10-08 20:38:27,536 INFO o.a.j.t.JMeterThread: Thread is done: Intake 1-23
2026-10-08 20:38:27,536 INFO o.a.j.t.JMeterThread: Thread finished: Intake 1-23
2026-10-08 20:38:28,647 INFO o.a.j.t.JMeterThread: Thread started: Dashboard 3-14
2026-10-08 20:38:28,658 INFO o.a.j.t.JMeterThread: Thread is done: Dashboard 3-14
2026-10-08 20:38:28,658 INFO o.a.j.t.JMeterThread: Thread finished: Dashboard 3-14
2026-10-08 20:38:41,276 INFO o.a.j.t.JMeterThread: Thread started: Agent search 2-41
2026-10-08 20:38:41,290 INFO o.a.j.t.JMeterThread: Thread is done: Agent search 2-41
2026-10-08 20:38:41,290 INFO o.a.j.t.JMeterThread: Thread finished: Agent search 2-41
2026-10-08 20:38:45,754 INFO o.a.j.t.JMeterThread: Thread started: Agent search 2-42
2026-10-08 20:38:45,767 INFO o.a.j.t.JMeterThread: Thread is done: Agent search 2-42
2026-10-08 20:38:45,768 INFO o.a.j.t.JMeterThread: Thread finished: Agent search 2-42
2026-10-08 20:39:01,615 INFO o.a.j.t.JMeterThread: Thread started: Agent search 2-43
2026-10-08 20:39:01,629 INFO o.a.j.r.Summariser: summary +      9 in 00:01:27 =    0.1/s Avg:   993 Min:     8 Max:  5569 Err:     0 (0.00%) Active: 1 Started: 80 Finished: 79
2026-10-08 20:39:01,629 INFO o.a.j.r.Summariser: summary =     80 in 00:11:01 =    0.1/s Avg:   581 Min:     8 Max:  5569 Err:     0 (0.00%)
2026-10-08 20:39:01,630 INFO o.a.j.t.JMeterThread: Thread is done: Agent search 2-43
2026-10-08 20:39:01,630 INFO o.a.j.t.JMeterThread: Thread finished: Agent search 2-43
2026-10-08 20:39:51,717 INFO o.a.j.t.JMeterThread: Thread started: Agent search 2-44
2026-10-08 20:39:51,731 INFO o.a.j.t.JMeterThread: Thread is done: Agent search 2-44
2026-10-08 20:39:51,731 INFO o.a.j.t.JMeterThread: Thread finished: Agent search 2-44
2026-10-08 20:40:22,297 INFO o.a.j.t.JMeterThread: Thread started: Agent search 2-45
2026-10-08 20:40:22,313 INFO o.a.j.t.JMeterThread: Thread is done: Agent search 2-45
2026-10-08 20:40:22,313 INFO o.a.j.t.JMeterThread: Thread finished: Agent search 2-45
2026-10-08 20:40:22,418 INFO o.a.j.t.JMeterThread: Thread started: Dashboard 3-15
2026-10-08 20:40:22,432 INFO o.a.j.t.JMeterThread: Thread is done: Dashboard 3-15
2026-10-08 20:40:22,432 INFO o.a.j.t.JMeterThread: Thread finished: Dashboard 3-15
2026-10-08 20:40:24,574 INFO o.a.j.t.JMeterThread: Thread started: Dashboard 3-16
2026-10-08 20:40:24,583 INFO o.a.j.t.JMeterThread: Thread is done: Dashboard 3-16
2026-10-08 20:40:24,583 INFO o.a.j.t.JMeterThread: Thread finished: Dashboard 3-16
2026-10-08 20:40:43,511 INFO o.a.j.t.JMeterThread: Thread started: Intake 1-24
2026-10-08 20:40:44,200 INFO o.a.j.t.JMeterThread: Thread started: Agent search 2-46
2026-10-08 20:40:44,220 INFO o.a.j.t.JMeterThread: Thread is done: Agent search 2-46
2026-10-08 20:40:44,220 INFO o.a.j.t.JMeterThread: Thread finished: Agent search 2-46
2026-10-08 20:40:46,827 INFO o.a.j.t.JMeterThread: Thread is done: Intake 1-24
2026-10-08 20:40:46,827 INFO o.a.j.t.JMeterThread: Thread finished: Intake 1-24
2026-10-08 20:40:48,774 INFO o.a.j.t.JMeterThread: Thread started: Agent search 2-47
2026-10-08 20:40:48,786 INFO o.a.j.t.JMeterThread: Thread is done: Agent search 2-47
2026-10-08 20:40:48,787 INFO o.a.j.t.JMeterThread: Thread finished: Agent search 2-47
2026-10-08 20:40:48,855 INFO o.a.j.t.JMeterThread: Thread started: Agent search 2-48
2026-10-08 20:40:48,869 INFO o.a.j.t.JMeterThread: Thread is done: Agent search 2-48
2026-10-08 20:40:48,869 INFO o.a.j.t.JMeterThread: Thread finished: Agent search 2-48
2026-10-08 20:40:50,098 INFO o.a.j.t.JMeterThread: Thread started: Agent search 2-49
2026-10-08 20:40:50,112 INFO o.a.j.t.JMeterThread: Thread is done: Agent search 2-49
2026-10-08 20:40:50,113 INFO o.a.j.t.JMeterThread: Thread finished: Agent search 2-49
2026-10-08 20:41:08,254 INFO o.a.j.t.JMeterThread: Thread started: Agent search 2-50
2026-10-08 20:41:08,264 INFO o.a.j.t.JMeterThread: Thread is done: Agent search 2-50
2026-10-08 20:41:08,264 INFO o.a.j.t.JMeterThread: Thread finished: Agent search 2-50
2026-10-08 20:41:17,293 INFO o.a.j.t.JMeterThread: Thread started: Intake 1-25
2026-10-08 20:41:17,862 INFO o.a.j.t.JMeterThread: Thread started: Intake 1-26
2026-10-08 20:41:21,760 INFO o.a.j.t.JMeterThread: Thread is done: Intake 1-25
2026-10-08 20:41:21,760 INFO o.a.j.t.JMeterThread: Thread finished: Intake 1-25
2026-10-08 20:41:23,618 INFO o.a.j.t.JMeterThread: Thread is done: Intake 1-26
2026-10-08 20:41:23,619 INFO o.a.j.t.JMeterThread: Thread finished: Intake 1-26
2026-10-08 20:41:29,488 INFO o.a.j.t.JMeterThread: Thread started: Agent search 2-51
2026-10-08 20:41:29,500 INFO o.a.j.t.JMeterThread: Thread is done: Agent search 2-51
2026-10-08 20:41:29,502 INFO o.a.j.t.JMeterThread: Thread finished: Agent search 2-51
2026-10-08 20:41:40,564 INFO o.a.j.t.JMeterThread: Thread started: Dashboard 3-17
2026-10-08 20:41:40,577 INFO o.a.j.t.JMeterThread: Thread is done: Dashboard 3-17
2026-10-08 20:41:40,577 INFO o.a.j.t.JMeterThread: Thread finished: Dashboard 3-17
2026-10-08 20:41:43,280 INFO o.a.j.t.JMeterThread: Thread started: Agent search 2-52
2026-10-08 20:41:43,295 INFO o.a.j.t.JMeterThread: Thread is done: Agent search 2-52
2026-10-08 20:41:43,295 INFO o.a.j.t.JMeterThread: Thread finished: Agent search 2-52
2026-10-08 20:42:04,745 INFO o.a.j.t.JMeterThread: Thread started: Intake 1-27
2026-10-08 20:42:08,915 INFO o.a.j.t.JMeterThread: Thread is done: Intake 1-27
2026-10-08 20:42:08,915 INFO o.a.j.t.JMeterThread: Thread finished: Intake 1-27
2026-10-08 20:42:16,339 INFO o.a.j.t.JMeterThread: Thread started: Dashboard 3-18
2026-10-08 20:42:16,352 INFO o.a.j.t.JMeterThread: Thread is done: Dashboard 3-18
2026-10-08 20:42:16,352 INFO o.a.j.t.JMeterThread: Thread finished: Dashboard 3-18
2026-10-08 20:42:22,127 INFO o.a.j.t.JMeterThread: Thread started: Intake 1-28
2026-10-08 20:42:23,332 INFO o.a.j.t.JMeterThread: Thread started: Agent search 2-53
2026-10-08 20:42:23,347 INFO o.a.j.t.JMeterThread: Thread is done: Agent search 2-53
2026-10-08 20:42:23,347 INFO o.a.j.t.JMeterThread: Thread finished: Agent search 2-53
2026-10-08 20:42:25,875 INFO o.a.j.t.JMeterThread: Thread is done: Intake 1-28
2026-10-08 20:42:25,876 INFO o.a.j.t.JMeterThread: Thread finished: Intake 1-28
2026-10-08 20:42:48,978 INFO o.a.j.t.JMeterThread: Thread started: Agent search 2-54
2026-10-08 20:42:48,992 INFO o.a.j.t.JMeterThread: Thread is done: Agent search 2-54
2026-10-08 20:42:48,992 INFO o.a.j.t.JMeterThread: Thread finished: Agent search 2-54
2026-10-08 20:42:56,476 INFO o.a.j.t.JMeterThread: Thread started: Agent search 2-55
2026-10-08 20:42:56,493 INFO o.a.j.t.JMeterThread: Thread is done: Agent search 2-55
2026-10-08 20:42:56,493 INFO o.a.j.t.JMeterThread: Thread finished: Agent search 2-55
2026-10-08 20:43:03,520 INFO o.a.j.t.JMeterThread: Thread started: Agent search 2-56
2026-10-08 20:43:03,537 INFO o.a.j.r.Summariser: summary +     22 in 00:04:02 =    0.1/s Avg:   984 Min:     7 Max:  5754 Err:     0 (0.00%) Active: 1 Started: 102 Finished: 101
2026-10-08 20:43:03,538 INFO o.a.j.r.Summariser: summary =    102 in 00:15:03 =    0.1/s Avg:   668 Min:     7 Max:  5754 Err:     0 (0.00%)
2026-10-08 20:43:03,538 INFO o.a.j.t.JMeterThread: Thread is done: Agent search 2-56
2026-10-08 20:43:03,539 INFO o.a.j.t.JMeterThread: Thread finished: Agent search 2-56
2026-10-08 20:43:12,306 INFO o.a.j.t.JMeterThread: Thread started: Agent search 2-57
2026-10-08 20:43:12,321 INFO o.a.j.t.JMeterThread: Thread is done: Agent search 2-57
2026-10-08 20:43:12,322 INFO o.a.j.t.JMeterThread: Thread finished: Agent search 2-57
2026-10-08 20:43:18,612 INFO o.a.j.t.JMeterThread: Thread started: Agent search 2-58
2026-10-08 20:43:18,626 INFO o.a.j.t.JMeterThread: Thread is done: Agent search 2-58
2026-10-08 20:43:18,626 INFO o.a.j.t.JMeterThread: Thread finished: Agent search 2-58
2026-10-08 20:43:34,763 INFO o.a.j.t.JMeterThread: Thread started: Agent search 2-59
2026-10-08 20:43:34,777 INFO o.a.j.r.Summariser: summary +      3 in 00:00:31 =    0.1/s Avg:    12 Min:    11 Max:    13 Err:     0 (0.00%) Active: 1 Started: 105 Finished: 104
2026-10-08 20:43:34,777 INFO o.a.j.r.Summariser: summary =    105 in 00:15:34 =    0.1/s Avg:   649 Min:     7 Max:  5754 Err:     0 (0.00%)
2026-10-08 20:43:34,778 INFO o.a.j.t.JMeterThread: Thread is done: Agent search 2-59
2026-10-08 20:43:34,778 INFO o.a.j.t.JMeterThread: Thread finished: Agent search 2-59
2026-10-08 20:43:42,981 INFO o.a.j.t.JMeterThread: Thread started: Intake 1-29
2026-10-08 20:43:44,722 INFO o.a.j.t.JMeterThread: Thread is done: Intake 1-29
2026-10-08 20:43:44,722 INFO o.a.j.t.JMeterThread: Thread finished: Intake 1-29
2026-10-08 20:43:47,407 INFO o.a.j.t.JMeterThread: Thread started: Agent search 2-60
2026-10-08 20:43:47,416 INFO o.a.j.t.JMeterThread: Thread is done: Agent search 2-60
2026-10-08 20:43:47,417 INFO o.a.j.t.JMeterThread: Thread finished: Agent search 2-60
2026-10-08 20:43:49,865 INFO o.a.j.t.JMeterThread: Thread started: Agent search 2-61
2026-10-08 20:43:49,879 INFO o.a.j.t.JMeterThread: Thread is done: Agent search 2-61
2026-10-08 20:43:49,880 INFO o.a.j.t.JMeterThread: Thread finished: Agent search 2-61
2026-10-08 20:43:51,063 INFO o.a.j.t.JMeterThread: Thread started: Intake 1-30
2026-10-08 20:43:53,392 INFO o.a.j.t.JMeterThread: Thread started: Agent search 2-62
2026-10-08 20:43:53,406 INFO o.a.j.t.JMeterThread: Thread is done: Agent search 2-62
2026-10-08 20:43:53,406 INFO o.a.j.t.JMeterThread: Thread finished: Agent search 2-62
2026-10-08 20:43:54,834 INFO o.a.j.t.JMeterThread: Thread is done: Intake 1-30
2026-10-08 20:43:54,834 INFO o.a.j.t.JMeterThread: Thread finished: Intake 1-30
2026-10-08 20:44:02,379 INFO o.a.j.t.JMeterThread: Thread started: Agent search 2-63
2026-10-08 20:44:02,398 INFO o.a.j.r.Summariser: summary +      6 in 00:00:28 =    0.2/s Avg:   925 Min:     9 Max:  3770 Err:     0 (0.00%) Active: 1 Started: 111 Finished: 110
2026-10-08 20:44:02,399 INFO o.a.j.r.Summariser: summary =    111 in 00:16:02 =    0.1/s Avg:   664 Min:     7 Max:  5754 Err:     0 (0.00%)
2026-10-08 20:44:02,399 INFO o.a.j.t.JMeterThread: Thread is done: Agent search 2-63
2026-10-08 20:44:02,399 INFO o.a.j.t.JMeterThread: Thread finished: Agent search 2-63
2026-10-08 20:44:24,880 INFO o.a.j.t.JMeterThread: Thread started: Agent search 2-64
2026-10-08 20:44:24,894 INFO o.a.j.t.JMeterThread: Thread is done: Agent search 2-64
2026-10-08 20:44:24,896 INFO o.a.j.t.JMeterThread: Thread finished: Agent search 2-64
2026-10-08 20:44:39,178 INFO o.a.j.t.JMeterThread: Thread started: Intake 1-31
2026-10-08 20:44:41,476 INFO o.a.j.t.JMeterThread: Thread is done: Intake 1-31
2026-10-08 20:44:41,476 INFO o.a.j.t.JMeterThread: Thread finished: Intake 1-31
2026-10-08 20:44:53,757 INFO o.a.j.t.JMeterThread: Thread started: Agent search 2-65
2026-10-08 20:44:53,772 INFO o.a.j.t.JMeterThread: Thread is done: Agent search 2-65
2026-10-08 20:44:53,772 INFO o.a.j.t.JMeterThread: Thread finished: Agent search 2-65
2026-10-08 20:44:58,700 INFO o.a.j.t.JMeterThread: Thread started: Dashboard 3-19
2026-10-08 20:44:58,713 INFO o.a.j.t.JMeterThread: Thread is done: Dashboard 3-19
2026-10-08 20:44:58,713 INFO o.a.j.t.JMeterThread: Thread finished: Dashboard 3-19
2026-10-08 20:45:29,167 INFO o.a.j.t.JMeterThread: Thread started: Agent search 2-66
2026-10-08 20:45:29,183 INFO o.a.j.t.JMeterThread: Thread is done: Agent search 2-66
2026-10-08 20:45:29,183 INFO o.a.j.t.JMeterThread: Thread finished: Agent search 2-66
2026-10-08 20:45:36,660 INFO o.a.j.t.JMeterThread: Thread started: Dashboard 3-20
2026-10-08 20:45:36,659 INFO o.a.j.t.o.OpenModelThreadGroup: There will be no more events, so will wait for 143 sec till the end of the schedule
2026-10-08 20:45:36,671 INFO o.a.j.t.JMeterThread: Thread is done: Dashboard 3-20
2026-10-08 20:45:36,671 INFO o.a.j.t.JMeterThread: Thread finished: Dashboard 3-20
2026-10-08 20:46:22,891 INFO o.a.j.t.JMeterThread: Thread started: Agent search 2-67
2026-10-08 20:46:22,908 INFO o.a.j.t.JMeterThread: Thread is done: Agent search 2-67
2026-10-08 20:46:22,908 INFO o.a.j.t.JMeterThread: Thread finished: Agent search 2-67
2026-10-08 20:46:48,962 INFO o.a.j.t.JMeterThread: Thread started: Agent search 2-68
2026-10-08 20:46:48,979 INFO o.a.j.t.JMeterThread: Thread is done: Agent search 2-68
2026-10-08 20:46:48,979 INFO o.a.j.t.JMeterThread: Thread finished: Agent search 2-68
2026-10-08 20:46:49,921 INFO o.a.j.t.JMeterThread: Thread started: Agent search 2-69
2026-10-08 20:46:49,937 INFO o.a.j.t.JMeterThread: Thread is done: Agent search 2-69
2026-10-08 20:46:49,937 INFO o.a.j.t.JMeterThread: Thread finished: Agent search 2-69
2026-10-08 20:47:39,062 INFO o.a.j.t.JMeterThread: Thread started: Agent search 2-70
2026-10-08 20:47:39,076 INFO o.a.j.t.JMeterThread: Thread is done: Agent search 2-70
2026-10-08 20:47:39,077 INFO o.a.j.t.JMeterThread: Thread finished: Agent search 2-70
2026-10-08 20:47:48,156 INFO o.a.j.t.o.OpenModelThreadGroup: There will be no more events, so will wait for 12 sec till the end of the schedule
2026-10-08 20:47:48,158 INFO o.a.j.t.JMeterThread: Thread started: Agent search 2-71
2026-10-08 20:47:48,172 INFO o.a.j.t.JMeterThread: Thread is done: Agent search 2-71
2026-10-08 20:47:48,172 INFO o.a.j.t.JMeterThread: Thread finished: Agent search 2-71
2026-10-08 20:47:51,846 INFO o.a.j.t.JMeterThread: Thread started: Intake 1-32
2026-10-08 20:47:53,745 INFO o.a.j.t.JMeterThread: Thread is done: Intake 1-32
2026-10-08 20:47:53,745 INFO o.a.j.t.JMeterThread: Thread finished: Intake 1-32
2026-10-08 20:47:54,101 INFO o.a.j.t.o.OpenModelThreadGroup: There will be no more events, so will wait for 6 sec till the end of the schedule
2026-10-08 20:47:54,102 INFO o.a.j.t.JMeterThread: Thread started: Intake 1-33
2026-10-08 20:47:56,302 INFO o.a.j.t.JMeterThread: Thread is done: Intake 1-33
2026-10-08 20:47:56,302 INFO o.a.j.t.JMeterThread: Thread finished: Intake 1-33
2026-10-08 20:48:00,483 INFO o.a.j.t.o.OpenModelThreadGroup: There will be no more events, will shutdown the thread pool
2026-10-08 20:48:00,483 INFO o.a.j.t.o.OpenModelThreadGroup: There will be no more events, will shutdown the thread pool
2026-10-08 20:48:00,483 INFO o.a.j.t.o.OpenModelThreadGroup: Thread starting done
2026-10-08 20:48:00,483 INFO o.a.j.t.o.OpenModelThreadGroup: Thread starting done
2026-10-08 20:48:00,484 INFO o.a.j.t.o.OpenModelThreadGroup: There will be no more events, will shutdown the thread pool
2026-10-08 20:48:00,484 INFO o.a.j.t.o.OpenModelThreadGroup: Thread starting done
2026-10-08 20:48:00,486 INFO o.a.j.e.StandardJMeterEngine: Notifying test listeners of end of test
2026-10-08 20:48:00,486 INFO o.a.j.s.FileServer: Close: search_terms.csv
2026-10-08 20:48:00,486 INFO o.a.j.s.FileServer: Close: narratives.txt
2026-10-08 20:48:00,488 INFO o.a.j.r.Summariser: summary +     13 in 00:03:58 =    0.1/s Avg:   501 Min:    11 Max:  2295 Err:     0 (0.00%) Active: 0 Started: 124 Finished: 124
2026-10-08 20:48:00,489 INFO o.a.j.r.Summariser: summary =    124 in 00:20:00 =    0.1/s Avg:   647 Min:     7 Max:  5754 Err:     0 (0.00%)
