2026-10-08 15:38:27,579 INFO o.a.j.u.JMeterUtils: Setting Locale to en_EN
2026-10-08 15:38:27,589 INFO o.a.j.JMeter: Loading user properties from: C:\apache-jmeter-5.6.3\bin\user.properties
2026-10-08 15:38:27,589 INFO o.a.j.JMeter: Loading system properties from: C:\apache-jmeter-5.6.3\bin\system.properties
2026-10-08 15:38:27,590 INFO o.a.j.JMeter: Setting JMeter property: host=192.168.50.104
2026-10-08 15:38:27,590 INFO o.a.j.JMeter: Setting JMeter property: ticket_rate=100
2026-10-08 15:38:27,590 INFO o.a.j.JMeter: Setting JMeter property: search_rate=214
2026-10-08 15:38:27,590 INFO o.a.j.JMeter: Setting JMeter property: stats_rate=60
2026-10-08 15:38:27,590 INFO o.a.j.JMeter: Setting JMeter property: duration=20
2026-10-08 15:38:27,590 INFO o.a.j.JMeter: Setting JMeter property: run_id=qwen3_4b-100-r3
2026-10-08 15:38:27,590 INFO o.a.j.JMeter: Setting JMeter property: jmeter.save.saveservice.output_format=csv
2026-10-08 15:38:27,593 INFO o.a.j.JMeter: Copyright (c) 1998-2024 The Apache Software Foundation
2026-10-08 15:38:27,593 INFO o.a.j.JMeter: Version 5.6.3
2026-10-08 15:38:27,593 INFO o.a.j.JMeter: java.version=17
2026-10-08 15:38:27,593 INFO o.a.j.JMeter: java.vm.name=Java HotSpot(TM) 64-Bit Server VM
2026-10-08 15:38:27,593 INFO o.a.j.JMeter: os.name=Windows 10
2026-10-08 15:38:27,593 INFO o.a.j.JMeter: os.arch=amd64
2026-10-08 15:38:27,593 INFO o.a.j.JMeter: os.version=10.0
2026-10-08 15:38:27,593 INFO o.a.j.JMeter: file.encoding=Cp1252
2026-10-08 15:38:27,593 INFO o.a.j.JMeter: java.awt.headless=true
2026-10-08 15:38:27,593 INFO o.a.j.JMeter: Max memory     =1073741824
2026-10-08 15:38:27,593 INFO o.a.j.JMeter: Available Processors =20
2026-10-08 15:38:27,598 INFO o.a.j.JMeter: Default Locale=English (EN)
2026-10-08 15:38:27,598 INFO o.a.j.JMeter: JMeter  Locale=English (EN)
2026-10-08 15:38:27,598 INFO o.a.j.JMeter: JMeterHome=C:\apache-jmeter-5.6.3
2026-10-08 15:38:27,598 INFO o.a.j.JMeter: user.dir  =C:\Users\Ashley\Documents\GitHub\ICT3113_P2-3
2026-10-08 15:38:27,599 INFO o.a.j.JMeter: PWD       =C:\Users\Ashley\Documents\GitHub\ICT3113_P2-3
2026-10-08 15:38:27,601 INFO o.a.j.JMeter: IP: 192.168.50.172 Name: DESKTOP-FE7GKLN FullName: DESKTOP-FE7GKLN
2026-10-08 15:38:27,609 INFO o.a.j.s.FileServer: Default base='C:\Users\Ashley\Documents\GitHub\ICT3113_P2-3'
2026-10-08 15:38:27,610 INFO o.a.j.s.FileServer: Set new base='C:\Users\Ashley\Documents\GitHub\ICT3113_P2-3\jmeter'
2026-10-08 15:38:27,682 INFO o.a.j.s.SaveService: Testplan (JMX) version: 2.2. Testlog (JTL) version: 2.2
2026-10-08 15:38:27,693 INFO o.a.j.s.SaveService: Using SaveService properties version 5.0
2026-10-08 15:38:27,694 INFO o.a.j.s.SaveService: Using SaveService properties file encoding UTF-8
2026-10-08 15:38:27,696 INFO o.a.j.s.SaveService: Loading file: C:\Users\Ashley\Documents\GitHub\ICT3113_P2-3\jmeter\load_test.jmx
2026-10-08 15:38:27,724 INFO o.a.j.p.h.s.HTTPSamplerBase: Parser for text/html is org.apache.jmeter.protocol.http.parser.LagartoBasedHtmlParser
2026-10-08 15:38:27,724 INFO o.a.j.p.h.s.HTTPSamplerBase: Parser for application/xhtml+xml is org.apache.jmeter.protocol.http.parser.LagartoBasedHtmlParser
2026-10-08 15:38:27,725 INFO o.a.j.p.h.s.HTTPSamplerBase: Parser for application/xml is org.apache.jmeter.protocol.http.parser.LagartoBasedHtmlParser
2026-10-08 15:38:27,725 INFO o.a.j.p.h.s.HTTPSamplerBase: Parser for text/xml is org.apache.jmeter.protocol.http.parser.LagartoBasedHtmlParser
2026-10-08 15:38:27,725 INFO o.a.j.p.h.s.HTTPSamplerBase: Parser for text/vnd.wap.wml is org.apache.jmeter.protocol.http.parser.RegexpHTMLParser
2026-10-08 15:38:27,725 INFO o.a.j.p.h.s.HTTPSamplerBase: Parser for text/css is org.apache.jmeter.protocol.http.parser.CssParser
2026-10-08 15:38:27,734 INFO o.a.j.JMeter: Creating summariser <summary>
2026-10-08 15:38:27,743 INFO o.a.j.e.StandardJMeterEngine: Running the test!
2026-10-08 15:38:27,743 INFO o.a.j.s.SampleEvent: List of sample_variables: []
2026-10-08 15:38:27,743 INFO o.a.j.s.SampleEvent: List of sample_variables: []
2026-10-08 15:38:27,746 INFO o.a.j.e.u.CompoundVariable: Note: Function class names must contain the string: '.functions.'
2026-10-08 15:38:27,746 INFO o.a.j.e.u.CompoundVariable: Note: Function class names must not contain the string: '.gui.'
2026-10-08 15:38:27,782 INFO o.a.j.JMeter: Running test (1791445107782)
2026-10-08 15:38:27,790 INFO o.a.j.e.StandardJMeterEngine: Starting ThreadGroup: 1 : Intake
2026-10-08 15:38:27,790 INFO o.a.j.e.StandardJMeterEngine: Starting 0 threads for group Intake.
2026-10-08 15:38:27,790 INFO o.a.j.e.StandardJMeterEngine: Thread will continue on error
2026-10-08 15:38:27,790 INFO o.a.j.t.o.OpenModelThreadGroup: Starting OpenModelThreadGroup#1 with schedule rate(100/hour) random_arrivals(20 min)
2026-10-08 15:38:27,807 INFO o.a.j.e.StandardJMeterEngine: Starting ThreadGroup: 2 : Agent search
2026-10-08 15:38:27,807 INFO o.a.j.e.StandardJMeterEngine: Starting 0 threads for group Agent search.
2026-10-08 15:38:27,807 INFO o.a.j.e.StandardJMeterEngine: Thread will continue on error
2026-10-08 15:38:27,807 INFO o.a.j.t.o.OpenModelThreadGroup: Starting OpenModelThreadGroup#2 with schedule rate(214/hour) random_arrivals(20 min)
2026-10-08 15:38:27,807 INFO o.a.j.t.o.OpenModelThreadGroup: Thread starting init
2026-10-08 15:38:27,807 INFO o.a.j.e.StandardJMeterEngine: Starting ThreadGroup: 3 : Dashboard
2026-10-08 15:38:27,807 INFO o.a.j.e.StandardJMeterEngine: Starting 0 threads for group Dashboard.
2026-10-08 15:38:27,807 INFO o.a.j.e.StandardJMeterEngine: Thread will continue on error
2026-10-08 15:38:27,807 INFO o.a.j.t.o.OpenModelThreadGroup: Starting OpenModelThreadGroup#3 with schedule rate(60/hour) random_arrivals(20 min)
2026-10-08 15:38:27,807 INFO o.a.j.t.o.OpenModelThreadGroup: Thread starting init
2026-10-08 15:38:27,807 INFO o.a.j.e.StandardJMeterEngine: All thread groups have been started
2026-10-08 15:38:27,807 INFO o.a.j.t.o.OpenModelThreadGroup: Thread starting init
2026-10-08 15:38:27,811 INFO o.a.j.t.o.PoissonArrivalsRamp: Generating 33 events, beginRate = 0.027777777777777776 / sec, endRate = 0.027777777777777776 / sec, duration = 1200.0 sec
2026-10-08 15:38:27,811 INFO o.a.j.t.o.PoissonArrivalsRamp: Generating 71 events, beginRate = 0.059444444444444446 / sec, endRate = 0.059444444444444446 / sec, duration = 1200.0 sec
2026-10-08 15:38:27,811 INFO o.a.j.t.o.PoissonArrivalsRamp: Generating 20 events, beginRate = 0.016666666666666666 / sec, endRate = 0.016666666666666666 / sec, duration = 1200.0 sec
2026-10-08 15:38:39,146 INFO o.a.j.t.JMeterThread: Thread started: Agent search 2-1
2026-10-08 15:38:39,146 INFO o.a.j.s.FileServer: Stored: search_terms.csv
2026-10-08 15:38:39,159 INFO o.a.j.p.h.s.HTTPHCAbstractImpl: Local host = DESKTOP-FE7GKLN
2026-10-08 15:38:39,161 INFO o.a.j.p.h.s.HTTPHC4Impl: HTTP request retry count = 0
2026-10-08 15:38:39,162 INFO o.a.j.s.SampleResult: Note: Sample TimeStamps are START times
2026-10-08 15:38:39,162 INFO o.a.j.s.SampleResult: sampleresult.default.encoding is set to UTF-8
2026-10-08 15:38:39,162 INFO o.a.j.s.SampleResult: sampleresult.useNanoTime=true
2026-10-08 15:38:39,162 INFO o.a.j.s.SampleResult: sampleresult.nanoThreadSleep=5000
2026-10-08 15:38:39,223 INFO o.a.j.t.JMeterThread: Thread is done: Agent search 2-1
2026-10-08 15:38:39,223 INFO o.a.j.t.JMeterThread: Thread finished: Agent search 2-1
2026-10-08 15:38:40,133 INFO o.a.j.t.JMeterThread: Thread started: Intake 1-1
2026-10-08 15:38:40,133 INFO o.a.j.s.FileServer: Stored: narratives.txt
2026-10-08 15:38:40,758 INFO o.a.j.t.JMeterThread: Thread is done: Intake 1-1
2026-10-08 15:38:40,758 INFO o.a.j.t.JMeterThread: Thread finished: Intake 1-1
2026-10-08 15:38:52,937 INFO o.a.j.t.JMeterThread: Thread started: Agent search 2-2
2026-10-08 15:38:52,954 INFO o.a.j.t.JMeterThread: Thread is done: Agent search 2-2
2026-10-08 15:38:52,954 INFO o.a.j.t.JMeterThread: Thread finished: Agent search 2-2
2026-10-08 15:38:59,562 INFO o.a.j.t.JMeterThread: Thread started: Dashboard 3-1
2026-10-08 15:38:59,580 INFO o.a.j.t.JMeterThread: Thread is done: Dashboard 3-1
2026-10-08 15:38:59,580 INFO o.a.j.t.JMeterThread: Thread finished: Dashboard 3-1
2026-10-08 15:39:15,004 INFO o.a.j.t.JMeterThread: Thread started: Agent search 2-3
2026-10-08 15:39:15,020 INFO o.a.j.t.JMeterThread: Thread is done: Agent search 2-3
2026-10-08 15:39:15,020 INFO o.a.j.t.JMeterThread: Thread finished: Agent search 2-3
2026-10-08 15:39:15,244 INFO o.a.j.t.JMeterThread: Thread started: Agent search 2-4
2026-10-08 15:39:15,255 INFO o.a.j.t.JMeterThread: Thread is done: Agent search 2-4
2026-10-08 15:39:15,255 INFO o.a.j.t.JMeterThread: Thread finished: Agent search 2-4
2026-10-08 15:39:22,144 INFO o.a.j.t.JMeterThread: Thread started: Dashboard 3-2
2026-10-08 15:39:22,159 INFO o.a.j.t.JMeterThread: Thread is done: Dashboard 3-2
2026-10-08 15:39:22,159 INFO o.a.j.t.JMeterThread: Thread finished: Dashboard 3-2
2026-10-08 15:39:38,929 INFO o.a.j.t.JMeterThread: Thread started: Agent search 2-5
2026-10-08 15:39:38,941 INFO o.a.j.t.JMeterThread: Thread is done: Agent search 2-5
2026-10-08 15:39:38,941 INFO o.a.j.t.JMeterThread: Thread finished: Agent search 2-5
2026-10-08 15:39:39,649 INFO o.a.j.t.JMeterThread: Thread started: Agent search 2-6
2026-10-08 15:39:39,666 INFO o.a.j.t.JMeterThread: Thread is done: Agent search 2-6
2026-10-08 15:39:39,666 INFO o.a.j.t.JMeterThread: Thread finished: Agent search 2-6
2026-10-08 15:40:28,903 INFO o.a.j.t.JMeterThread: Thread started: Agent search 2-7
2026-10-08 15:40:28,917 INFO o.a.j.t.JMeterThread: Thread is done: Agent search 2-7
2026-10-08 15:40:28,917 INFO o.a.j.t.JMeterThread: Thread finished: Agent search 2-7
2026-10-08 15:40:31,962 INFO o.a.j.t.JMeterThread: Thread started: Agent search 2-8
2026-10-08 15:40:31,976 INFO o.a.j.r.Summariser: summary +     11 in 00:02:04 =    0.1/s Avg:    68 Min:     9 Max:   622 Err:     0 (0.00%) Active: 1 Started: 11 Finished: 10
2026-10-08 15:40:31,976 INFO o.a.j.t.JMeterThread: Thread is done: Agent search 2-8
2026-10-08 15:40:31,976 INFO o.a.j.t.JMeterThread: Thread finished: Agent search 2-8
2026-10-08 15:40:35,627 INFO o.a.j.t.JMeterThread: Thread started: Agent search 2-9
2026-10-08 15:40:35,646 INFO o.a.j.t.JMeterThread: Thread is done: Agent search 2-9
2026-10-08 15:40:35,646 INFO o.a.j.t.JMeterThread: Thread finished: Agent search 2-9
2026-10-08 15:40:38,561 INFO o.a.j.t.JMeterThread: Thread started: Intake 1-2
2026-10-08 15:40:39,655 INFO o.a.j.t.JMeterThread: Thread started: Intake 1-3
2026-10-08 15:40:39,730 INFO o.a.j.t.JMeterThread: Thread is done: Intake 1-2
2026-10-08 15:40:39,730 INFO o.a.j.t.JMeterThread: Thread finished: Intake 1-2
2026-10-08 15:40:39,807 INFO o.a.j.t.JMeterThread: Thread started: Intake 1-4
2026-10-08 15:40:42,066 INFO o.a.j.t.JMeterThread: Thread is done: Intake 1-3
2026-10-08 15:40:42,066 INFO o.a.j.t.JMeterThread: Thread finished: Intake 1-3
2026-10-08 15:40:43,332 INFO o.a.j.t.JMeterThread: Thread is done: Intake 1-4
2026-10-08 15:40:43,332 INFO o.a.j.t.JMeterThread: Thread finished: Intake 1-4
2026-10-08 15:40:43,784 INFO o.a.j.t.JMeterThread: Thread started: Intake 1-5
2026-10-08 15:40:45,719 INFO o.a.j.t.JMeterThread: Thread is done: Intake 1-5
2026-10-08 15:40:45,720 INFO o.a.j.t.JMeterThread: Thread finished: Intake 1-5
2026-10-08 15:40:56,523 INFO o.a.j.t.JMeterThread: Thread started: Agent search 2-10
2026-10-08 15:40:56,536 INFO o.a.j.t.JMeterThread: Thread is done: Agent search 2-10
2026-10-08 15:40:56,536 INFO o.a.j.t.JMeterThread: Thread finished: Agent search 2-10
2026-10-08 15:41:10,325 INFO o.a.j.t.JMeterThread: Thread started: Intake 1-6
2026-10-08 15:41:10,939 INFO o.a.j.t.JMeterThread: Thread is done: Intake 1-6
2026-10-08 15:41:10,939 INFO o.a.j.t.JMeterThread: Thread finished: Intake 1-6
2026-10-08 15:41:18,043 INFO o.a.j.t.JMeterThread: Thread started: Dashboard 3-3
2026-10-08 15:41:18,055 INFO o.a.j.t.JMeterThread: Thread is done: Dashboard 3-3
2026-10-08 15:41:18,056 INFO o.a.j.t.JMeterThread: Thread finished: Dashboard 3-3
2026-10-08 15:41:20,064 INFO o.a.j.t.JMeterThread: Thread started: Intake 1-7
2026-10-08 15:41:20,618 INFO o.a.j.t.JMeterThread: Thread is done: Intake 1-7
2026-10-08 15:41:20,618 INFO o.a.j.t.JMeterThread: Thread finished: Intake 1-7
2026-10-08 15:41:36,647 INFO o.a.j.t.JMeterThread: Thread started: Intake 1-8
2026-10-08 15:41:37,192 INFO o.a.j.t.JMeterThread: Thread is done: Intake 1-8
2026-10-08 15:41:37,193 INFO o.a.j.t.JMeterThread: Thread finished: Intake 1-8
2026-10-08 15:41:37,475 INFO o.a.j.t.JMeterThread: Thread started: Agent search 2-11
2026-10-08 15:41:37,489 INFO o.a.j.t.JMeterThread: Thread is done: Agent search 2-11
2026-10-08 15:41:37,489 INFO o.a.j.t.JMeterThread: Thread finished: Agent search 2-11
2026-10-08 15:41:45,635 INFO o.a.j.t.JMeterThread: Thread started: Agent search 2-12
2026-10-08 15:41:45,649 INFO o.a.j.t.JMeterThread: Thread is done: Agent search 2-12
2026-10-08 15:41:45,649 INFO o.a.j.t.JMeterThread: Thread finished: Agent search 2-12
2026-10-08 15:41:52,257 INFO o.a.j.t.JMeterThread: Thread started: Intake 1-9
2026-10-08 15:41:53,341 INFO o.a.j.t.JMeterThread: Thread is done: Intake 1-9
2026-10-08 15:41:53,341 INFO o.a.j.t.JMeterThread: Thread finished: Intake 1-9
2026-10-08 15:41:58,997 INFO o.a.j.t.JMeterThread: Thread started: Intake 1-10
2026-10-08 15:42:00,690 INFO o.a.j.r.Summariser: summary +     14 in 00:01:29 =    0.2/s Avg:   969 Min:    10 Max:  3524 Err:     0 (0.00%) Active: 1 Started: 25 Finished: 24
2026-10-08 15:42:00,691 INFO o.a.j.r.Summariser: summary =     25 in 00:03:33 =    0.1/s Avg:   573 Min:     9 Max:  3524 Err:     0 (0.00%)
2026-10-08 15:42:00,692 INFO o.a.j.t.JMeterThread: Thread is done: Intake 1-10
2026-10-08 15:42:00,692 INFO o.a.j.t.JMeterThread: Thread finished: Intake 1-10
2026-10-08 15:42:27,679 INFO o.a.j.t.JMeterThread: Thread started: Agent search 2-13
2026-10-08 15:42:27,698 INFO o.a.j.t.JMeterThread: Thread is done: Agent search 2-13
2026-10-08 15:42:27,698 INFO o.a.j.t.JMeterThread: Thread finished: Agent search 2-13
2026-10-08 15:42:39,633 INFO o.a.j.t.JMeterThread: Thread started: Intake 1-11
2026-10-08 15:42:40,160 INFO o.a.j.t.JMeterThread: Thread is done: Intake 1-11
2026-10-08 15:42:40,161 INFO o.a.j.t.JMeterThread: Thread finished: Intake 1-11
2026-10-08 15:42:47,851 INFO o.a.j.t.JMeterThread: Thread started: Agent search 2-14
2026-10-08 15:42:47,866 INFO o.a.j.t.JMeterThread: Thread is done: Agent search 2-14
2026-10-08 15:42:47,866 INFO o.a.j.t.JMeterThread: Thread finished: Agent search 2-14
2026-10-08 15:42:50,737 INFO o.a.j.t.JMeterThread: Thread started: Agent search 2-15
2026-10-08 15:42:50,750 INFO o.a.j.t.JMeterThread: Thread is done: Agent search 2-15
2026-10-08 15:42:50,751 INFO o.a.j.t.JMeterThread: Thread finished: Agent search 2-15
2026-10-08 15:42:52,296 INFO o.a.j.t.JMeterThread: Thread started: Agent search 2-16
2026-10-08 15:42:52,312 INFO o.a.j.t.JMeterThread: Thread is done: Agent search 2-16
2026-10-08 15:42:52,312 INFO o.a.j.t.JMeterThread: Thread finished: Agent search 2-16
2026-10-08 15:42:57,805 INFO o.a.j.t.JMeterThread: Thread started: Intake 1-12
2026-10-08 15:42:58,376 INFO o.a.j.t.JMeterThread: Thread is done: Intake 1-12
2026-10-08 15:42:58,376 INFO o.a.j.t.JMeterThread: Thread finished: Intake 1-12
2026-10-08 15:43:02,009 INFO o.a.j.t.JMeterThread: Thread started: Intake 1-13
2026-10-08 15:43:03,561 INFO o.a.j.r.Summariser: summary +      7 in 00:01:03 =    0.1/s Avg:   384 Min:    12 Max:  1546 Err:     0 (0.00%) Active: 1 Started: 32 Finished: 31
2026-10-08 15:43:03,562 INFO o.a.j.r.Summariser: summary =     32 in 00:04:36 =    0.1/s Avg:   531 Min:     9 Max:  3524 Err:     0 (0.00%)
2026-10-08 15:43:03,562 INFO o.a.j.t.JMeterThread: Thread is done: Intake 1-13
2026-10-08 15:43:03,562 INFO o.a.j.t.JMeterThread: Thread finished: Intake 1-13
2026-10-08 15:43:09,106 INFO o.a.j.t.JMeterThread: Thread started: Agent search 2-17
2026-10-08 15:43:09,121 INFO o.a.j.t.JMeterThread: Thread is done: Agent search 2-17
2026-10-08 15:43:09,121 INFO o.a.j.t.JMeterThread: Thread finished: Agent search 2-17
2026-10-08 15:43:10,378 INFO o.a.j.t.JMeterThread: Thread started: Dashboard 3-4
2026-10-08 15:43:10,391 INFO o.a.j.t.JMeterThread: Thread is done: Dashboard 3-4
2026-10-08 15:43:10,392 INFO o.a.j.t.JMeterThread: Thread finished: Dashboard 3-4
2026-10-08 15:43:15,969 INFO o.a.j.t.JMeterThread: Thread started: Agent search 2-18
2026-10-08 15:43:15,980 INFO o.a.j.t.JMeterThread: Thread is done: Agent search 2-18
2026-10-08 15:43:15,982 INFO o.a.j.t.JMeterThread: Thread finished: Agent search 2-18
2026-10-08 15:43:18,093 INFO o.a.j.t.JMeterThread: Thread started: Agent search 2-19
2026-10-08 15:43:18,105 INFO o.a.j.t.JMeterThread: Thread is done: Agent search 2-19
2026-10-08 15:43:18,105 INFO o.a.j.t.JMeterThread: Thread finished: Agent search 2-19
2026-10-08 15:43:30,317 INFO o.a.j.t.JMeterThread: Thread started: Agent search 2-20
2026-10-08 15:43:30,335 INFO o.a.j.r.Summariser: summary +      5 in 00:00:27 =    0.2/s Avg:    11 Min:    10 Max:    14 Err:     0 (0.00%) Active: 1 Started: 37 Finished: 36
2026-10-08 15:43:30,335 INFO o.a.j.r.Summariser: summary =     37 in 00:05:03 =    0.1/s Avg:   461 Min:     9 Max:  3524 Err:     0 (0.00%)
2026-10-08 15:43:30,336 INFO o.a.j.t.JMeterThread: Thread is done: Agent search 2-20
2026-10-08 15:43:30,336 INFO o.a.j.t.JMeterThread: Thread finished: Agent search 2-20
2026-10-08 15:43:36,176 INFO o.a.j.t.JMeterThread: Thread started: Agent search 2-21
2026-10-08 15:43:36,192 INFO o.a.j.t.JMeterThread: Thread is done: Agent search 2-21
2026-10-08 15:43:36,193 INFO o.a.j.t.JMeterThread: Thread finished: Agent search 2-21
2026-10-08 15:43:48,594 INFO o.a.j.t.JMeterThread: Thread started: Intake 1-14
2026-10-08 15:43:49,646 INFO o.a.j.t.JMeterThread: Thread is done: Intake 1-14
2026-10-08 15:43:49,646 INFO o.a.j.t.JMeterThread: Thread finished: Intake 1-14
2026-10-08 15:44:00,391 INFO o.a.j.t.JMeterThread: Thread started: Agent search 2-22
2026-10-08 15:44:00,406 INFO o.a.j.r.Summariser: summary +      3 in 00:00:30 =    0.1/s Avg:   358 Min:    10 Max:  1051 Err:     0 (0.00%) Active: 1 Started: 40 Finished: 39
2026-10-08 15:44:00,407 INFO o.a.j.r.Summariser: summary =     40 in 00:05:33 =    0.1/s Avg:   453 Min:     9 Max:  3524 Err:     0 (0.00%)
2026-10-08 15:44:00,408 INFO o.a.j.t.JMeterThread: Thread is done: Agent search 2-22
2026-10-08 15:44:00,408 INFO o.a.j.t.JMeterThread: Thread finished: Agent search 2-22
2026-10-08 15:44:02,297 INFO o.a.j.t.JMeterThread: Thread started: Agent search 2-23
2026-10-08 15:44:02,311 INFO o.a.j.t.JMeterThread: Thread is done: Agent search 2-23
2026-10-08 15:44:02,311 INFO o.a.j.t.JMeterThread: Thread finished: Agent search 2-23
2026-10-08 15:44:25,484 INFO o.a.j.t.JMeterThread: Thread started: Agent search 2-24
2026-10-08 15:44:25,498 INFO o.a.j.t.JMeterThread: Thread is done: Agent search 2-24
2026-10-08 15:44:25,498 INFO o.a.j.t.JMeterThread: Thread finished: Agent search 2-24
2026-10-08 15:44:34,142 INFO o.a.j.t.JMeterThread: Thread started: Intake 1-15
2026-10-08 15:44:35,979 INFO o.a.j.r.Summariser: summary +      3 in 00:00:36 =    0.1/s Avg:   619 Min:    12 Max:  1834 Err:     0 (0.00%) Active: 1 Started: 43 Finished: 42
2026-10-08 15:44:35,979 INFO o.a.j.r.Summariser: summary =     43 in 00:06:08 =    0.1/s Avg:   465 Min:     9 Max:  3524 Err:     0 (0.00%)
2026-10-08 15:44:35,980 INFO o.a.j.t.JMeterThread: Thread is done: Intake 1-15
2026-10-08 15:44:35,980 INFO o.a.j.t.JMeterThread: Thread finished: Intake 1-15
2026-10-08 15:44:37,722 INFO o.a.j.t.JMeterThread: Thread started: Agent search 2-25
2026-10-08 15:44:37,742 INFO o.a.j.t.JMeterThread: Thread is done: Agent search 2-25
2026-10-08 15:44:37,742 INFO o.a.j.t.JMeterThread: Thread finished: Agent search 2-25
2026-10-08 15:44:42,094 INFO o.a.j.t.JMeterThread: Thread started: Intake 1-16
2026-10-08 15:44:42,618 INFO o.a.j.t.JMeterThread: Thread is done: Intake 1-16
2026-10-08 15:44:42,618 INFO o.a.j.t.JMeterThread: Thread finished: Intake 1-16
2026-10-08 15:44:57,220 INFO o.a.j.t.JMeterThread: Thread started: Dashboard 3-5
2026-10-08 15:44:57,232 INFO o.a.j.t.JMeterThread: Thread is done: Dashboard 3-5
2026-10-08 15:44:57,232 INFO o.a.j.t.JMeterThread: Thread finished: Dashboard 3-5
2026-10-08 15:45:05,730 INFO o.a.j.t.JMeterThread: Thread started: Agent search 2-26
2026-10-08 15:45:05,749 INFO o.a.j.r.Summariser: summary +      4 in 00:00:30 =    0.1/s Avg:   141 Min:    11 Max:   522 Err:     0 (0.00%) Active: 1 Started: 47 Finished: 46
2026-10-08 15:45:05,750 INFO o.a.j.r.Summariser: summary =     47 in 00:06:38 =    0.1/s Avg:   437 Min:     9 Max:  3524 Err:     0 (0.00%)
2026-10-08 15:45:05,750 INFO o.a.j.t.JMeterThread: Thread is done: Agent search 2-26
2026-10-08 15:45:05,750 INFO o.a.j.t.JMeterThread: Thread finished: Agent search 2-26
2026-10-08 15:45:11,542 INFO o.a.j.t.JMeterThread: Thread started: Dashboard 3-6
2026-10-08 15:45:11,553 INFO o.a.j.t.JMeterThread: Thread is done: Dashboard 3-6
2026-10-08 15:45:11,554 INFO o.a.j.t.JMeterThread: Thread finished: Dashboard 3-6
2026-10-08 15:45:29,021 INFO o.a.j.t.JMeterThread: Thread started: Agent search 2-27
2026-10-08 15:45:29,036 INFO o.a.j.t.JMeterThread: Thread is done: Agent search 2-27
2026-10-08 15:45:29,036 INFO o.a.j.t.JMeterThread: Thread finished: Agent search 2-27
2026-10-08 15:45:38,342 INFO o.a.j.t.JMeterThread: Thread started: Intake 1-17
2026-10-08 15:45:38,945 INFO o.a.j.t.JMeterThread: Thread is done: Intake 1-17
2026-10-08 15:45:38,945 INFO o.a.j.t.JMeterThread: Thread finished: Intake 1-17
2026-10-08 15:45:41,570 INFO o.a.j.t.JMeterThread: Thread started: Agent search 2-28
2026-10-08 15:45:41,585 INFO o.a.j.t.JMeterThread: Thread is done: Agent search 2-28
2026-10-08 15:45:41,586 INFO o.a.j.t.JMeterThread: Thread finished: Agent search 2-28
2026-10-08 15:45:45,143 INFO o.a.j.t.JMeterThread: Thread started: Agent search 2-29
2026-10-08 15:45:45,163 INFO o.a.j.t.JMeterThread: Thread is done: Agent search 2-29
2026-10-08 15:45:45,164 INFO o.a.j.t.JMeterThread: Thread finished: Agent search 2-29
2026-10-08 15:45:50,871 INFO o.a.j.t.JMeterThread: Thread started: Agent search 2-30
2026-10-08 15:45:50,883 INFO o.a.j.t.JMeterThread: Thread is done: Agent search 2-30
2026-10-08 15:45:50,883 INFO o.a.j.t.JMeterThread: Thread finished: Agent search 2-30
2026-10-08 15:45:51,263 INFO o.a.j.t.JMeterThread: Thread started: Intake 1-18
2026-10-08 15:45:52,450 INFO o.a.j.t.JMeterThread: Thread is done: Intake 1-18
2026-10-08 15:45:52,450 INFO o.a.j.t.JMeterThread: Thread finished: Intake 1-18
2026-10-08 15:46:00,942 INFO o.a.j.t.JMeterThread: Thread started: Intake 1-19
2026-10-08 15:46:02,469 INFO o.a.j.r.Summariser: summary +      8 in 00:00:57 =    0.1/s Avg:   421 Min:     9 Max:  1524 Err:     0 (0.00%) Active: 1 Started: 55 Finished: 54
2026-10-08 15:46:02,471 INFO o.a.j.r.Summariser: summary =     55 in 00:07:35 =    0.1/s Avg:   435 Min:     9 Max:  3524 Err:     0 (0.00%)
2026-10-08 15:46:02,472 INFO o.a.j.t.JMeterThread: Thread is done: Intake 1-19
2026-10-08 15:46:02,473 INFO o.a.j.t.JMeterThread: Thread finished: Intake 1-19
2026-10-08 15:46:15,064 INFO o.a.j.t.JMeterThread: Thread started: Intake 1-20
2026-10-08 15:46:15,917 INFO o.a.j.t.JMeterThread: Thread is done: Intake 1-20
2026-10-08 15:46:15,917 INFO o.a.j.t.JMeterThread: Thread finished: Intake 1-20
2026-10-08 15:46:56,445 INFO o.a.j.t.JMeterThread: Thread started: Dashboard 3-7
2026-10-08 15:46:56,459 INFO o.a.j.t.JMeterThread: Thread is done: Dashboard 3-7
2026-10-08 15:46:56,459 INFO o.a.j.t.JMeterThread: Thread finished: Dashboard 3-7
2026-10-08 15:47:01,920 INFO o.a.j.t.JMeterThread: Thread started: Agent search 2-31
2026-10-08 15:47:01,939 INFO o.a.j.r.Summariser: summary +      3 in 00:00:59 =    0.1/s Avg:   292 Min:    11 Max:   851 Err:     0 (0.00%) Active: 1 Started: 58 Finished: 57
2026-10-08 15:47:01,940 INFO o.a.j.r.Summariser: summary =     58 in 00:08:34 =    0.1/s Avg:   428 Min:     9 Max:  3524 Err:     0 (0.00%)
2026-10-08 15:47:01,940 INFO o.a.j.t.JMeterThread: Thread is done: Agent search 2-31
2026-10-08 15:47:01,940 INFO o.a.j.t.JMeterThread: Thread finished: Agent search 2-31
2026-10-08 15:47:12,279 INFO o.a.j.t.JMeterThread: Thread started: Agent search 2-32
2026-10-08 15:47:12,296 INFO o.a.j.t.JMeterThread: Thread is done: Agent search 2-32
2026-10-08 15:47:12,296 INFO o.a.j.t.JMeterThread: Thread finished: Agent search 2-32
2026-10-08 15:47:19,325 INFO o.a.j.t.JMeterThread: Thread started: Agent search 2-33
2026-10-08 15:47:19,342 INFO o.a.j.t.JMeterThread: Thread is done: Agent search 2-33
2026-10-08 15:47:19,342 INFO o.a.j.t.JMeterThread: Thread finished: Agent search 2-33
2026-10-08 15:47:41,813 INFO o.a.j.t.JMeterThread: Thread started: Agent search 2-34
2026-10-08 15:47:41,826 INFO o.a.j.t.JMeterThread: Thread is done: Agent search 2-34
2026-10-08 15:47:41,826 INFO o.a.j.t.JMeterThread: Thread finished: Agent search 2-34
2026-10-08 15:47:45,376 INFO o.a.j.t.JMeterThread: Thread started: Agent search 2-35
2026-10-08 15:47:45,393 INFO o.a.j.t.JMeterThread: Thread is done: Agent search 2-35
2026-10-08 15:47:45,394 INFO o.a.j.t.JMeterThread: Thread finished: Agent search 2-35
2026-10-08 15:47:56,006 INFO o.a.j.t.JMeterThread: Thread started: Agent search 2-36
2026-10-08 15:47:56,021 INFO o.a.j.t.JMeterThread: Thread is done: Agent search 2-36
2026-10-08 15:47:56,022 INFO o.a.j.t.JMeterThread: Thread finished: Agent search 2-36
2026-10-08 15:48:08,113 INFO o.a.j.t.JMeterThread: Thread started: Intake 1-21
2026-10-08 15:48:09,737 INFO o.a.j.t.JMeterThread: Thread is done: Intake 1-21
2026-10-08 15:48:09,737 INFO o.a.j.t.JMeterThread: Thread finished: Intake 1-21
2026-10-08 15:48:12,359 INFO o.a.j.t.JMeterThread: Thread started: Intake 1-22
2026-10-08 15:48:12,901 INFO o.a.j.t.JMeterThread: Thread is done: Intake 1-22
2026-10-08 15:48:12,901 INFO o.a.j.t.JMeterThread: Thread finished: Intake 1-22
2026-10-08 15:48:13,721 INFO o.a.j.t.JMeterThread: Thread started: Dashboard 3-8
2026-10-08 15:48:13,735 INFO o.a.j.t.JMeterThread: Thread is done: Dashboard 3-8
2026-10-08 15:48:13,735 INFO o.a.j.t.JMeterThread: Thread finished: Dashboard 3-8
2026-10-08 15:48:15,180 INFO o.a.j.t.JMeterThread: Thread started: Intake 1-23
2026-10-08 15:48:16,014 INFO o.a.j.t.JMeterThread: Thread is done: Intake 1-23
2026-10-08 15:48:16,014 INFO o.a.j.t.JMeterThread: Thread finished: Intake 1-23
2026-10-08 15:48:18,013 INFO o.a.j.t.JMeterThread: Thread started: Agent search 2-37
2026-10-08 15:48:18,024 INFO o.a.j.t.JMeterThread: Thread is done: Agent search 2-37
2026-10-08 15:48:18,025 INFO o.a.j.t.JMeterThread: Thread finished: Agent search 2-37
2026-10-08 15:48:23,544 INFO o.a.j.t.JMeterThread: Thread started: Agent search 2-38
2026-10-08 15:48:23,558 INFO o.a.j.t.JMeterThread: Thread is done: Agent search 2-38
2026-10-08 15:48:23,558 INFO o.a.j.t.JMeterThread: Thread finished: Agent search 2-38
2026-10-08 15:48:30,416 INFO o.a.j.t.JMeterThread: Thread started: Agent search 2-39
2026-10-08 15:48:30,432 INFO o.a.j.r.Summariser: summary +     12 in 00:01:28 =    0.1/s Avg:   258 Min:    10 Max:  1620 Err:     0 (0.00%) Active: 1 Started: 70 Finished: 69
2026-10-08 15:48:30,432 INFO o.a.j.r.Summariser: summary =     70 in 00:10:03 =    0.1/s Avg:   399 Min:     9 Max:  3524 Err:     0 (0.00%)
2026-10-08 15:48:30,433 INFO o.a.j.t.JMeterThread: Thread is done: Agent search 2-39
2026-10-08 15:48:30,433 INFO o.a.j.t.JMeterThread: Thread finished: Agent search 2-39
2026-10-08 15:48:46,110 INFO o.a.j.t.JMeterThread: Thread started: Agent search 2-40
2026-10-08 15:48:46,126 INFO o.a.j.t.JMeterThread: Thread is done: Agent search 2-40
2026-10-08 15:48:46,126 INFO o.a.j.t.JMeterThread: Thread finished: Agent search 2-40
2026-10-08 15:49:10,050 INFO o.a.j.t.JMeterThread: Thread started: Dashboard 3-9
2026-10-08 15:49:10,063 INFO o.a.j.t.JMeterThread: Thread is done: Dashboard 3-9
2026-10-08 15:49:10,064 INFO o.a.j.t.JMeterThread: Thread finished: Dashboard 3-9
2026-10-08 15:49:10,283 INFO o.a.j.t.JMeterThread: Thread started: Agent search 2-41
2026-10-08 15:49:10,298 INFO o.a.j.t.JMeterThread: Thread is done: Agent search 2-41
2026-10-08 15:49:10,298 INFO o.a.j.t.JMeterThread: Thread finished: Agent search 2-41
2026-10-08 15:49:17,011 INFO o.a.j.t.JMeterThread: Thread started: Agent search 2-42
2026-10-08 15:49:17,025 INFO o.a.j.t.JMeterThread: Thread is done: Agent search 2-42
2026-10-08 15:49:17,025 INFO o.a.j.t.JMeterThread: Thread finished: Agent search 2-42
2026-10-08 15:49:30,944 INFO o.a.j.t.JMeterThread: Thread started: Agent search 2-43
2026-10-08 15:49:30,957 INFO o.a.j.r.Summariser: summary +      5 in 00:01:01 =    0.1/s Avg:    11 Min:    10 Max:    13 Err:     0 (0.00%) Active: 1 Started: 75 Finished: 74
2026-10-08 15:49:30,958 INFO o.a.j.r.Summariser: summary =     75 in 00:11:03 =    0.1/s Avg:   373 Min:     9 Max:  3524 Err:     0 (0.00%)
2026-10-08 15:49:30,959 INFO o.a.j.t.JMeterThread: Thread is done: Agent search 2-43
2026-10-08 15:49:30,959 INFO o.a.j.t.JMeterThread: Thread finished: Agent search 2-43
2026-10-08 15:49:34,390 INFO o.a.j.t.JMeterThread: Thread started: Agent search 2-44
2026-10-08 15:49:34,404 INFO o.a.j.t.JMeterThread: Thread is done: Agent search 2-44
2026-10-08 15:49:34,404 INFO o.a.j.t.JMeterThread: Thread finished: Agent search 2-44
2026-10-08 15:49:35,592 INFO o.a.j.t.JMeterThread: Thread started: Dashboard 3-10
2026-10-08 15:49:35,606 INFO o.a.j.t.JMeterThread: Thread is done: Dashboard 3-10
2026-10-08 15:49:35,606 INFO o.a.j.t.JMeterThread: Thread finished: Dashboard 3-10
2026-10-08 15:49:51,149 INFO o.a.j.t.JMeterThread: Thread started: Agent search 2-45
2026-10-08 15:49:51,164 INFO o.a.j.t.JMeterThread: Thread is done: Agent search 2-45
2026-10-08 15:49:51,164 INFO o.a.j.t.JMeterThread: Thread finished: Agent search 2-45
2026-10-08 15:49:51,598 INFO o.a.j.t.JMeterThread: Thread started: Agent search 2-46
2026-10-08 15:49:51,612 INFO o.a.j.t.JMeterThread: Thread is done: Agent search 2-46
2026-10-08 15:49:51,612 INFO o.a.j.t.JMeterThread: Thread finished: Agent search 2-46
2026-10-08 15:49:53,299 INFO o.a.j.t.JMeterThread: Thread started: Intake 1-24
2026-10-08 15:49:55,252 INFO o.a.j.t.JMeterThread: Thread is done: Intake 1-24
2026-10-08 15:49:55,253 INFO o.a.j.t.JMeterThread: Thread finished: Intake 1-24
2026-10-08 15:49:57,463 INFO o.a.j.t.JMeterThread: Thread started: Dashboard 3-11
2026-10-08 15:49:57,475 INFO o.a.j.t.JMeterThread: Thread is done: Dashboard 3-11
2026-10-08 15:49:57,476 INFO o.a.j.t.JMeterThread: Thread finished: Dashboard 3-11
2026-10-08 15:50:17,256 INFO o.a.j.t.JMeterThread: Thread started: Dashboard 3-12
2026-10-08 15:50:17,266 INFO o.a.j.t.JMeterThread: Thread is done: Dashboard 3-12
2026-10-08 15:50:17,266 INFO o.a.j.t.JMeterThread: Thread finished: Dashboard 3-12
2026-10-08 15:50:24,121 INFO o.a.j.t.JMeterThread: Thread started: Agent search 2-47
2026-10-08 15:50:24,131 INFO o.a.j.t.JMeterThread: Thread is done: Agent search 2-47
2026-10-08 15:50:24,131 INFO o.a.j.t.JMeterThread: Thread finished: Agent search 2-47
2026-10-08 15:50:26,628 INFO o.a.j.t.JMeterThread: Thread started: Agent search 2-48
2026-10-08 15:50:26,644 INFO o.a.j.t.JMeterThread: Thread is done: Agent search 2-48
2026-10-08 15:50:26,644 INFO o.a.j.t.JMeterThread: Thread finished: Agent search 2-48
2026-10-08 15:50:32,374 INFO o.a.j.t.JMeterThread: Thread started: Agent search 2-49
2026-10-08 15:50:32,388 INFO o.a.j.r.Summariser: summary +     10 in 00:01:01 =    0.2/s Avg:   205 Min:     7 Max:  1951 Err:     0 (0.00%) Active: 1 Started: 85 Finished: 84
2026-10-08 15:50:32,389 INFO o.a.j.r.Summariser: summary =     85 in 00:12:05 =    0.1/s Avg:   353 Min:     7 Max:  3524 Err:     0 (0.00%)
2026-10-08 15:50:32,389 INFO o.a.j.t.JMeterThread: Thread is done: Agent search 2-49
2026-10-08 15:50:32,390 INFO o.a.j.t.JMeterThread: Thread finished: Agent search 2-49
2026-10-08 15:50:41,163 INFO o.a.j.t.JMeterThread: Thread started: Agent search 2-50
2026-10-08 15:50:41,181 INFO o.a.j.t.JMeterThread: Thread is done: Agent search 2-50
2026-10-08 15:50:41,182 INFO o.a.j.t.JMeterThread: Thread finished: Agent search 2-50
2026-10-08 15:50:55,938 INFO o.a.j.t.JMeterThread: Thread started: Agent search 2-51
2026-10-08 15:50:55,950 INFO o.a.j.t.JMeterThread: Thread is done: Agent search 2-51
2026-10-08 15:50:55,950 INFO o.a.j.t.JMeterThread: Thread finished: Agent search 2-51
2026-10-08 15:51:12,010 INFO o.a.j.t.JMeterThread: Thread started: Intake 1-25
2026-10-08 15:51:12,572 INFO o.a.j.t.JMeterThread: Thread is done: Intake 1-25
2026-10-08 15:51:12,572 INFO o.a.j.t.JMeterThread: Thread finished: Intake 1-25
2026-10-08 15:51:21,379 INFO o.a.j.t.JMeterThread: Thread started: Agent search 2-52
2026-10-08 15:51:21,396 INFO o.a.j.t.JMeterThread: Thread is done: Agent search 2-52
2026-10-08 15:51:21,396 INFO o.a.j.t.JMeterThread: Thread finished: Agent search 2-52
2026-10-08 15:51:36,900 INFO o.a.j.t.JMeterThread: Thread started: Agent search 2-53
2026-10-08 15:51:36,917 INFO o.a.j.t.JMeterThread: Thread is done: Agent search 2-53
2026-10-08 15:51:36,917 INFO o.a.j.t.JMeterThread: Thread finished: Agent search 2-53
2026-10-08 15:51:42,211 INFO o.a.j.t.JMeterThread: Thread started: Agent search 2-54
2026-10-08 15:51:42,227 INFO o.a.j.t.JMeterThread: Thread is done: Agent search 2-54
2026-10-08 15:51:42,227 INFO o.a.j.t.JMeterThread: Thread finished: Agent search 2-54
2026-10-08 15:51:43,809 INFO o.a.j.t.JMeterThread: Thread started: Agent search 2-55
2026-10-08 15:51:43,809 INFO o.a.j.t.JMeterThread: Thread started: Agent search 2-56
2026-10-08 15:51:43,822 INFO o.a.j.t.JMeterThread: Thread is done: Agent search 2-56
2026-10-08 15:51:43,822 INFO o.a.j.t.JMeterThread: Thread finished: Agent search 2-56
2026-10-08 15:51:43,824 INFO o.a.j.t.JMeterThread: Thread is done: Agent search 2-55
2026-10-08 15:51:43,824 INFO o.a.j.t.JMeterThread: Thread finished: Agent search 2-55
2026-10-08 15:52:09,682 INFO o.a.j.t.JMeterThread: Thread started: Dashboard 3-13
2026-10-08 15:52:09,693 INFO o.a.j.t.JMeterThread: Thread is done: Dashboard 3-13
2026-10-08 15:52:09,694 INFO o.a.j.t.JMeterThread: Thread finished: Dashboard 3-13
2026-10-08 15:52:29,875 INFO o.a.j.t.JMeterThread: Thread started: Agent search 2-57
2026-10-08 15:52:29,894 INFO o.a.j.t.JMeterThread: Thread is done: Agent search 2-57
2026-10-08 15:52:29,894 INFO o.a.j.t.JMeterThread: Thread finished: Agent search 2-57
2026-10-08 15:53:15,414 INFO o.a.j.t.JMeterThread: Thread started: Dashboard 3-14
2026-10-08 15:53:15,429 INFO o.a.j.t.JMeterThread: Thread is done: Dashboard 3-14
2026-10-08 15:53:15,429 INFO o.a.j.t.JMeterThread: Thread finished: Dashboard 3-14
2026-10-08 15:53:23,483 INFO o.a.j.t.JMeterThread: Thread started: Intake 1-26
2026-10-08 15:53:24,841 INFO o.a.j.t.JMeterThread: Thread is done: Intake 1-26
2026-10-08 15:53:24,841 INFO o.a.j.t.JMeterThread: Thread finished: Intake 1-26
2026-10-08 15:53:49,743 INFO o.a.j.t.JMeterThread: Thread started: Dashboard 3-15
2026-10-08 15:53:49,758 INFO o.a.j.t.JMeterThread: Thread is done: Dashboard 3-15
2026-10-08 15:53:49,758 INFO o.a.j.t.JMeterThread: Thread finished: Dashboard 3-15
2026-10-08 15:54:20,416 INFO o.a.j.t.JMeterThread: Thread started: Intake 1-27
2026-10-08 15:54:22,919 INFO o.a.j.t.JMeterThread: Thread is done: Intake 1-27
2026-10-08 15:54:22,919 INFO o.a.j.t.JMeterThread: Thread finished: Intake 1-27
2026-10-08 15:54:52,331 INFO o.a.j.t.JMeterThread: Thread started: Agent search 2-58
2026-10-08 15:54:52,343 INFO o.a.j.t.JMeterThread: Thread is done: Agent search 2-58
2026-10-08 15:54:52,343 INFO o.a.j.t.JMeterThread: Thread finished: Agent search 2-58
2026-10-08 15:54:57,629 INFO o.a.j.t.JMeterThread: Thread started: Intake 1-28
2026-10-08 15:54:58,145 INFO o.a.j.t.JMeterThread: Thread is done: Intake 1-28
2026-10-08 15:54:58,145 INFO o.a.j.t.JMeterThread: Thread finished: Intake 1-28
2026-10-08 15:55:18,689 INFO o.a.j.t.JMeterThread: Thread started: Agent search 2-59
2026-10-08 15:55:18,704 INFO o.a.j.t.JMeterThread: Thread is done: Agent search 2-59
2026-10-08 15:55:18,704 INFO o.a.j.t.JMeterThread: Thread finished: Agent search 2-59
2026-10-08 15:55:28,643 INFO o.a.j.t.JMeterThread: Thread started: Dashboard 3-16
2026-10-08 15:55:28,658 INFO o.a.j.t.JMeterThread: Thread is done: Dashboard 3-16
2026-10-08 15:55:28,658 INFO o.a.j.t.JMeterThread: Thread finished: Dashboard 3-16
2026-10-08 15:55:29,012 INFO o.a.j.t.JMeterThread: Thread started: Agent search 2-60
2026-10-08 15:55:29,027 INFO o.a.j.t.JMeterThread: Thread is done: Agent search 2-60
2026-10-08 15:55:29,027 INFO o.a.j.t.JMeterThread: Thread finished: Agent search 2-60
2026-10-08 15:55:31,198 INFO o.a.j.t.JMeterThread: Thread started: Dashboard 3-17
2026-10-08 15:55:31,209 INFO o.a.j.r.Summariser: summary +     20 in 00:04:59 =    0.1/s Avg:   256 Min:     7 Max:  2501 Err:     0 (0.00%) Active: 1 Started: 105 Finished: 104
2026-10-08 15:55:31,210 INFO o.a.j.r.Summariser: summary =    105 in 00:17:03 =    0.1/s Avg:   334 Min:     7 Max:  3524 Err:     0 (0.00%)
2026-10-08 15:55:31,211 INFO o.a.j.t.JMeterThread: Thread is done: Dashboard 3-17
2026-10-08 15:55:31,211 INFO o.a.j.t.JMeterThread: Thread finished: Dashboard 3-17
2026-10-08 15:55:38,945 INFO o.a.j.t.JMeterThread: Thread started: Intake 1-29
2026-10-08 15:55:40,228 INFO o.a.j.t.JMeterThread: Thread is done: Intake 1-29
2026-10-08 15:55:40,228 INFO o.a.j.t.JMeterThread: Thread finished: Intake 1-29
2026-10-08 15:55:53,466 INFO o.a.j.t.JMeterThread: Thread started: Agent search 2-61
2026-10-08 15:55:53,482 INFO o.a.j.t.JMeterThread: Thread is done: Agent search 2-61
2026-10-08 15:55:53,482 INFO o.a.j.t.JMeterThread: Thread finished: Agent search 2-61
2026-10-08 15:55:56,808 INFO o.a.j.t.JMeterThread: Thread started: Intake 1-30
2026-10-08 15:55:59,039 INFO o.a.j.t.JMeterThread: Thread is done: Intake 1-30
2026-10-08 15:55:59,039 INFO o.a.j.t.JMeterThread: Thread finished: Intake 1-30
2026-10-08 15:56:19,062 INFO o.a.j.t.JMeterThread: Thread started: Agent search 2-62
2026-10-08 15:56:19,075 INFO o.a.j.t.JMeterThread: Thread is done: Agent search 2-62
2026-10-08 15:56:19,075 INFO o.a.j.t.JMeterThread: Thread finished: Agent search 2-62
2026-10-08 15:56:23,532 INFO o.a.j.t.JMeterThread: Thread started: Intake 1-31
2026-10-08 15:56:24,172 INFO o.a.j.t.JMeterThread: Thread is done: Intake 1-31
2026-10-08 15:56:24,172 INFO o.a.j.t.JMeterThread: Thread finished: Intake 1-31
2026-10-08 15:56:42,009 INFO o.a.j.t.JMeterThread: Thread started: Agent search 2-63
2026-10-08 15:56:42,024 INFO o.a.j.t.JMeterThread: Thread is done: Agent search 2-63
2026-10-08 15:56:42,024 INFO o.a.j.t.JMeterThread: Thread finished: Agent search 2-63
2026-10-08 15:56:53,899 INFO o.a.j.t.JMeterThread: Thread started: Dashboard 3-18
2026-10-08 15:56:53,915 INFO o.a.j.t.JMeterThread: Thread is done: Dashboard 3-18
2026-10-08 15:56:53,916 INFO o.a.j.t.JMeterThread: Thread finished: Dashboard 3-18
2026-10-08 15:57:20,558 INFO o.a.j.t.JMeterThread: Thread started: Agent search 2-64
2026-10-08 15:57:20,572 INFO o.a.j.t.JMeterThread: Thread is done: Agent search 2-64
2026-10-08 15:57:20,573 INFO o.a.j.t.JMeterThread: Thread finished: Agent search 2-64
2026-10-08 15:57:22,093 INFO o.a.j.t.JMeterThread: Thread started: Agent search 2-65
2026-10-08 15:57:22,106 INFO o.a.j.t.JMeterThread: Thread is done: Agent search 2-65
2026-10-08 15:57:22,106 INFO o.a.j.t.JMeterThread: Thread finished: Agent search 2-65
2026-10-08 15:57:22,771 INFO o.a.j.t.JMeterThread: Thread started: Agent search 2-66
2026-10-08 15:57:22,790 INFO o.a.j.t.JMeterThread: Thread is done: Agent search 2-66
2026-10-08 15:57:22,790 INFO o.a.j.t.JMeterThread: Thread finished: Agent search 2-66
2026-10-08 15:57:25,249 INFO o.a.j.t.JMeterThread: Thread started: Dashboard 3-19
2026-10-08 15:57:25,259 INFO o.a.j.t.JMeterThread: Thread is done: Dashboard 3-19
2026-10-08 15:57:25,260 INFO o.a.j.t.JMeterThread: Thread finished: Dashboard 3-19
2026-10-08 15:57:31,947 INFO o.a.j.t.JMeterThread: Thread started: Intake 1-32
2026-10-08 15:57:32,425 INFO o.a.j.t.JMeterThread: Thread started: Agent search 2-67
2026-10-08 15:57:32,444 INFO o.a.j.r.Summariser: summary +     12 in 00:02:01 =    0.1/s Avg:   355 Min:     9 Max:  2228 Err:     0 (0.00%) Active: 2 Started: 118 Finished: 116
2026-10-08 15:57:32,445 INFO o.a.j.r.Summariser: summary =    117 in 00:19:05 =    0.1/s Avg:   337 Min:     7 Max:  3524 Err:     0 (0.00%)
2026-10-08 15:57:32,445 INFO o.a.j.t.JMeterThread: Thread is done: Agent search 2-67
2026-10-08 15:57:32,445 INFO o.a.j.t.JMeterThread: Thread finished: Agent search 2-67
2026-10-08 15:57:33,279 INFO o.a.j.t.JMeterThread: Thread is done: Intake 1-32
2026-10-08 15:57:33,279 INFO o.a.j.t.JMeterThread: Thread finished: Intake 1-32
2026-10-08 15:57:40,490 INFO o.a.j.t.JMeterThread: Thread started: Agent search 2-68
2026-10-08 15:57:40,504 INFO o.a.j.t.JMeterThread: Thread is done: Agent search 2-68
2026-10-08 15:57:40,504 INFO o.a.j.t.JMeterThread: Thread finished: Agent search 2-68
2026-10-08 15:57:49,931 INFO o.a.j.t.o.OpenModelThreadGroup: There will be no more events, so will wait for 37 sec till the end of the schedule
2026-10-08 15:57:49,931 INFO o.a.j.t.JMeterThread: Thread started: Dashboard 3-20
2026-10-08 15:57:49,940 INFO o.a.j.t.JMeterThread: Thread is done: Dashboard 3-20
2026-10-08 15:57:49,940 INFO o.a.j.t.JMeterThread: Thread finished: Dashboard 3-20
2026-10-08 15:57:59,123 INFO o.a.j.t.JMeterThread: Thread started: Agent search 2-69
2026-10-08 15:57:59,137 INFO o.a.j.t.JMeterThread: Thread is done: Agent search 2-69
2026-10-08 15:57:59,137 INFO o.a.j.t.JMeterThread: Thread finished: Agent search 2-69
2026-10-08 15:58:01,543 INFO o.a.j.t.JMeterThread: Thread started: Agent search 2-70
2026-10-08 15:58:01,556 INFO o.a.j.r.Summariser: summary +      5 in 00:00:29 =    0.2/s Avg:   274 Min:     7 Max:  1329 Err:     0 (0.00%) Active: 1 Started: 122 Finished: 121
2026-10-08 15:58:01,557 INFO o.a.j.r.Summariser: summary =    122 in 00:19:34 =    0.1/s Avg:   334 Min:     7 Max:  3524 Err:     0 (0.00%)
2026-10-08 15:58:01,558 INFO o.a.j.t.JMeterThread: Thread is done: Agent search 2-70
2026-10-08 15:58:01,558 INFO o.a.j.t.JMeterThread: Thread finished: Agent search 2-70
2026-10-08 15:58:17,758 INFO o.a.j.t.o.OpenModelThreadGroup: There will be no more events, so will wait for 9 sec till the end of the schedule
2026-10-08 15:58:17,759 INFO o.a.j.t.JMeterThread: Thread started: Agent search 2-71
2026-10-08 15:58:17,769 INFO o.a.j.t.JMeterThread: Thread is done: Agent search 2-71
2026-10-08 15:58:17,769 INFO o.a.j.t.JMeterThread: Thread finished: Agent search 2-71
2026-10-08 15:58:23,934 INFO o.a.j.t.o.OpenModelThreadGroup: There will be no more events, so will wait for 3 sec till the end of the schedule
2026-10-08 15:58:23,934 INFO o.a.j.t.JMeterThread: Thread started: Intake 1-33
2026-10-08 15:58:25,428 INFO o.a.j.t.JMeterThread: Thread is done: Intake 1-33
2026-10-08 15:58:25,428 INFO o.a.j.t.JMeterThread: Thread finished: Intake 1-33
2026-10-08 15:58:27,745 INFO o.a.j.t.o.OpenModelThreadGroup: There will be no more events, will shutdown the thread pool
2026-10-08 15:58:27,745 INFO o.a.j.t.o.OpenModelThreadGroup: Thread starting done
2026-10-08 15:58:27,746 INFO o.a.j.t.o.OpenModelThreadGroup: There will be no more events, will shutdown the thread pool
2026-10-08 15:58:27,746 INFO o.a.j.t.o.OpenModelThreadGroup: Thread starting done
2026-10-08 15:58:27,747 INFO o.a.j.t.o.OpenModelThreadGroup: There will be no more events, will shutdown the thread pool
2026-10-08 15:58:27,747 INFO o.a.j.t.o.OpenModelThreadGroup: Thread starting done
2026-10-08 15:58:27,749 INFO o.a.j.e.StandardJMeterEngine: Notifying test listeners of end of test
2026-10-08 15:58:27,749 INFO o.a.j.s.FileServer: Close: search_terms.csv
2026-10-08 15:58:27,749 INFO o.a.j.s.FileServer: Close: narratives.txt
2026-10-08 15:58:27,751 INFO o.a.j.r.Summariser: summary +      2 in 00:00:26 =    0.1/s Avg:   750 Min:     9 Max:  1491 Err:     0 (0.00%) Active: 0 Started: 124 Finished: 124
2026-10-08 15:58:27,752 INFO o.a.j.r.Summariser: summary =    124 in 00:20:00 =    0.1/s Avg:   341 Min:     7 Max:  3524 Err:     0 (0.00%)
